2026-04-03 12:21:48,978 | INFO | SFPreprocess | [Phase 1] Starting Data Preprocessing...
2026-04-03 12:21:48,979 | INFO | SFPreprocess | Loading raw data...
2026-04-03 12:21:48,979 | INFO | SFPreprocess | Data loader: paired h5ad
2026-04-03 12:22:27,923 | INFO | SFPreprocess | Aligned final cells: RNA=1949, ATAC=1949
2026-04-03 12:22:49,907 | INFO | SFPreprocess | Reduced shapes: RNA=(1949, 512), ATAC=(1949, 512)
2026-04-03 12:22:52,152 | INFO | SFPreprocess | Saving processed tensors...
2026-04-03 12:22:52,179 | INFO | SFPreprocess | Preprocessing complete: data/processed/e15_5_s1/tuning/k9_a0p9/processed_data.pt

========================================================================================
2026-04-03 12:22:58,237 | INFO | SFTrainer | [Phase 2] Starting Model Training...
2026-04-03 12:22:58,237 | INFO | SFTrainer | Loading processed data...
2026-04-03 12:22:58,258 | INFO | SFTrainer | Data ready: RNA=torch.Size([1949, 512]), ATAC=torch.Size([1949, 512]), edges=17541
2026-04-03 12:22:58,258 | INFO | SFTrainer | Initializing model...
2026-04-03 12:22:58,594 | INFO | SFTrainer | Training started.
2026-04-03 12:22:58,594 | INFO | SFTrainer | Training started: epochs=3000
2026-04-03 12:23:00,553 | INFO | SFTrainer | Epoch 010 | total 69.9873 | rec_rna 7.7059 | rec_atac 27.6805 | clip 7.5542 | clip_weight 0.5000 | lr 1.00e-03 | best 69.9873
2026-04-03 12:23:01,702 | INFO | SFTrainer | Epoch 020 | total 65.3631 | rec_rna 7.4885 | rec_atac 24.1954 | clip 7.4509 | clip_weight 0.5000 | lr 1.00e-03 | best 65.3631
2026-04-03 12:23:02,881 | INFO | SFTrainer | Epoch 030 | total 63.3189 | rec_rna 7.3859 | rec_atac 22.7765 | clip 7.2261 | clip_weight 0.5000 | lr 1.00e-03 | best 63.3189
2026-04-03 12:23:04,071 | INFO | SFTrainer | Epoch 040 | total 62.1436 | rec_rna 7.2665 | rec_atac 22.3216 | clip 6.9790 | clip_weight 0.5000 | lr 1.00e-03 | best 62.1436
2026-04-03 12:23:05,262 | INFO | SFTrainer | Epoch 050 | total 60.3570 | rec_rna 7.0984 | rec_atac 21.4657 | clip 6.7987 | clip_weight 0.5000 | lr 1.00e-03 | best 60.3570
2026-04-03 12:23:06,444 | INFO | SFTrainer | Epoch 060 | total 58.2348 | rec_rna 6.9512 | rec_atac 20.1416 | clip 6.6742 | clip_weight 0.5000 | lr 1.00e-03 | best 58.2348
2026-04-03 12:23:07,618 | INFO | SFTrainer | Epoch 070 | total 56.5040 | rec_rna 6.8089 | rec_atac 19.1714 | clip 6.5761 | clip_weight 0.5000 | lr 1.00e-03 | best 56.5040
2026-04-03 12:23:08,795 | INFO | SFTrainer | Epoch 080 | total 55.3415 | rec_rna 6.7132 | rec_atac 18.5176 | clip 6.5160 | clip_weight 0.5000 | lr 1.00e-03 | best 55.3415
2026-04-03 12:23:09,948 | INFO | SFTrainer | Epoch 090 | total 54.2820 | rec_rna 6.6135 | rec_atac 17.9899 | clip 6.4494 | clip_weight 0.5000 | lr 1.00e-03 | best 54.2820
2026-04-03 12:23:11,113 | INFO | SFTrainer | Epoch 100 | total 53.3095 | rec_rna 6.5195 | rec_atac 17.5182 | clip 6.3878 | clip_weight 0.5000 | lr 1.00e-03 | best 53.3095
2026-04-03 12:23:12,291 | INFO | SFTrainer | Epoch 110 | total 52.3594 | rec_rna 6.4176 | rec_atac 17.0968 | clip 6.3492 | clip_weight 0.5000 | lr 1.00e-03 | best 52.3594
2026-04-03 12:23:13,458 | INFO | SFTrainer | Epoch 120 | total 51.3503 | rec_rna 6.2990 | rec_atac 16.7091 | clip 6.2920 | clip_weight 0.5000 | lr 1.00e-03 | best 51.3503
2026-04-03 12:23:14,615 | INFO | SFTrainer | Epoch 130 | total 50.4062 | rec_rna 6.1804 | rec_atac 16.3729 | clip 6.2624 | clip_weight 0.5000 | lr 1.00e-03 | best 50.4062
2026-04-03 12:23:15,797 | INFO | SFTrainer | Epoch 140 | total 49.4200 | rec_rna 6.0488 | rec_atac 16.0577 | clip 6.2367 | clip_weight 0.5000 | lr 1.00e-03 | best 49.4200
2026-04-03 12:23:16,975 | INFO | SFTrainer | Epoch 150 | total 48.4816 | rec_rna 5.9205 | rec_atac 15.7818 | clip 6.1945 | clip_weight 0.5000 | lr 1.00e-03 | best 48.4816
2026-04-03 12:23:18,200 | INFO | SFTrainer | Epoch 160 | total 47.6433 | rec_rna 5.7987 | rec_atac 15.5708 | clip 6.1579 | clip_weight 0.5000 | lr 1.00e-03 | best 47.6433
2026-04-03 12:23:19,387 | INFO | SFTrainer | Epoch 170 | total 46.8290 | rec_rna 5.6809 | rec_atac 15.3565 | clip 6.1360 | clip_weight 0.5000 | lr 1.00e-03 | best 46.8290
2026-04-03 12:23:20,555 | INFO | SFTrainer | Epoch 180 | total 45.9897 | rec_rna 5.5651 | rec_atac 15.1021 | clip 6.1240 | clip_weight 0.5000 | lr 1.00e-03 | best 45.9897
2026-04-03 12:23:21,655 | INFO | SFTrainer | Epoch 190 | total 45.1792 | rec_rna 5.4483 | rec_atac 14.8958 | clip 6.0839 | clip_weight 0.5000 | lr 1.00e-03 | best 45.1792
2026-04-03 12:23:22,784 | INFO | SFTrainer | Epoch 200 | total 44.4354 | rec_rna 5.3422 | rec_atac 14.6970 | clip 6.0549 | clip_weight 0.5000 | lr 1.00e-03 | best 44.4354
2026-04-03 12:23:23,927 | INFO | SFTrainer | Epoch 210 | total 43.6778 | rec_rna 5.2388 | rec_atac 14.4731 | clip 6.0218 | clip_weight 0.5000 | lr 1.00e-03 | best 43.6778
2026-04-03 12:23:25,060 | INFO | SFTrainer | Epoch 220 | total 43.0507 | rec_rna 5.1503 | rec_atac 14.2933 | clip 6.0121 | clip_weight 0.5000 | lr 1.00e-03 | best 42.9953
2026-04-03 12:23:26,202 | INFO | SFTrainer | Epoch 230 | total 42.2218 | rec_rna 5.0372 | rec_atac 14.0457 | clip 5.9797 | clip_weight 0.5000 | lr 1.00e-03 | best 42.2218
2026-04-03 12:23:27,300 | INFO | SFTrainer | Epoch 240 | total 41.5540 | rec_rna 4.9493 | rec_atac 13.8260 | clip 5.9635 | clip_weight 0.5000 | lr 1.00e-03 | best 41.5540
2026-04-03 12:23:28,424 | INFO | SFTrainer | Epoch 250 | total 40.8745 | rec_rna 4.8598 | rec_atac 13.6096 | clip 5.9316 | clip_weight 0.5000 | lr 1.00e-03 | best 40.8745
2026-04-03 12:23:29,606 | INFO | SFTrainer | Epoch 260 | total 40.1824 | rec_rna 4.7660 | rec_atac 13.4037 | clip 5.8970 | clip_weight 0.5000 | lr 1.00e-03 | best 40.1824
2026-04-03 12:23:30,790 | INFO | SFTrainer | Epoch 270 | total 39.5479 | rec_rna 4.6840 | rec_atac 13.1819 | clip 5.8922 | clip_weight 0.5000 | lr 1.00e-03 | best 39.5479
2026-04-03 12:23:31,915 | INFO | SFTrainer | Epoch 280 | total 38.9650 | rec_rna 4.6114 | rec_atac 12.9849 | clip 5.8467 | clip_weight 0.5000 | lr 1.00e-03 | best 38.9650
2026-04-03 12:23:33,128 | INFO | SFTrainer | Epoch 290 | total 38.4195 | rec_rna 4.5426 | rec_atac 12.7926 | clip 5.8276 | clip_weight 0.5000 | lr 1.00e-03 | best 38.4195
2026-04-03 12:23:34,251 | INFO | SFTrainer | Epoch 300 | total 37.8180 | rec_rna 4.4715 | rec_atac 12.5504 | clip 5.8199 | clip_weight 0.5000 | lr 1.00e-03 | best 37.8180
2026-04-03 12:23:35,367 | INFO | SFTrainer | Epoch 310 | total 37.1955 | rec_rna 4.3915 | rec_atac 12.3496 | clip 5.7771 | clip_weight 0.5000 | lr 1.00e-03 | best 37.1955
2026-04-03 12:23:36,425 | INFO | SFTrainer | Epoch 320 | total 36.6746 | rec_rna 4.3268 | rec_atac 12.1543 | clip 5.7728 | clip_weight 0.5000 | lr 1.00e-03 | best 36.6746
2026-04-03 12:23:37,502 | INFO | SFTrainer | Epoch 330 | total 36.1671 | rec_rna 4.2696 | rec_atac 11.9602 | clip 5.7179 | clip_weight 0.5000 | lr 1.00e-03 | best 36.1671
2026-04-03 12:23:38,618 | INFO | SFTrainer | Epoch 340 | total 35.6803 | rec_rna 4.2155 | rec_atac 11.7490 | clip 5.7077 | clip_weight 0.5000 | lr 1.00e-03 | best 35.6803
2026-04-03 12:23:39,708 | INFO | SFTrainer | Epoch 350 | total 35.1313 | rec_rna 4.1475 | rec_atac 11.5666 | clip 5.6543 | clip_weight 0.5000 | lr 1.00e-03 | best 35.1313
2026-04-03 12:23:40,812 | INFO | SFTrainer | Epoch 360 | total 34.8257 | rec_rna 4.1170 | rec_atac 11.4178 | clip 5.6462 | clip_weight 0.5000 | lr 1.00e-03 | best 34.8164
2026-04-03 12:23:41,852 | INFO | SFTrainer | Epoch 370 | total 34.3024 | rec_rna 4.0533 | rec_atac 11.2242 | clip 5.6232 | clip_weight 0.5000 | lr 1.00e-03 | best 34.3024
2026-04-03 12:23:42,898 | INFO | SFTrainer | Epoch 380 | total 33.9084 | rec_rna 4.0098 | rec_atac 11.0633 | clip 5.5920 | clip_weight 0.5000 | lr 1.00e-03 | best 33.8552
2026-04-03 12:23:43,934 | INFO | SFTrainer | Epoch 390 | total 33.4961 | rec_rna 3.9663 | rec_atac 10.8745 | clip 5.5805 | clip_weight 0.5000 | lr 1.00e-03 | best 33.4961
2026-04-03 12:23:45,012 | INFO | SFTrainer | Epoch 400 | total 33.0898 | rec_rna 3.9202 | rec_atac 10.7092 | clip 5.5596 | clip_weight 0.5000 | lr 1.00e-03 | best 33.0898
2026-04-03 12:23:46,071 | INFO | SFTrainer | Epoch 410 | total 32.7481 | rec_rna 3.8825 | rec_atac 10.5684 | clip 5.5346 | clip_weight 0.5000 | lr 1.00e-03 | best 32.7481
2026-04-03 12:23:47,166 | INFO | SFTrainer | Epoch 420 | total 32.3728 | rec_rna 3.8339 | rec_atac 10.4511 | clip 5.5043 | clip_weight 0.5000 | lr 1.00e-03 | best 32.3728
2026-04-03 12:23:48,264 | INFO | SFTrainer | Epoch 430 | total 32.0388 | rec_rna 3.7991 | rec_atac 10.3069 | clip 5.4729 | clip_weight 0.5000 | lr 1.00e-03 | best 32.0388
2026-04-03 12:23:49,302 | INFO | SFTrainer | Epoch 440 | total 31.7135 | rec_rna 3.7635 | rec_atac 10.1632 | clip 5.4660 | clip_weight 0.5000 | lr 1.00e-03 | best 31.7135
2026-04-03 12:23:50,208 | INFO | SFTrainer | Epoch 450 | total 31.5509 | rec_rna 3.7511 | rec_atac 10.0691 | clip 5.4529 | clip_weight 0.5000 | lr 1.00e-03 | best 31.5227
2026-04-03 12:23:51,248 | INFO | SFTrainer | Epoch 460 | total 31.2632 | rec_rna 3.7210 | rec_atac 9.9523 | clip 5.4117 | clip_weight 0.5000 | lr 1.00e-03 | best 31.2632
2026-04-03 12:23:52,329 | INFO | SFTrainer | Epoch 470 | total 30.8826 | rec_rna 3.6753 | rec_atac 9.8154 | clip 5.3815 | clip_weight 0.5000 | lr 1.00e-03 | best 30.8826
2026-04-03 12:23:53,375 | INFO | SFTrainer | Epoch 480 | total 30.5935 | rec_rna 3.6419 | rec_atac 9.6960 | clip 5.3759 | clip_weight 0.5000 | lr 1.00e-03 | best 30.5935
2026-04-03 12:23:54,374 | INFO | SFTrainer | Epoch 490 | total 30.3542 | rec_rna 3.6208 | rec_atac 9.5880 | clip 5.3248 | clip_weight 0.5000 | lr 1.00e-03 | best 30.3410
2026-04-03 12:23:55,414 | INFO | SFTrainer | Epoch 500 | total 30.0807 | rec_rna 3.5857 | rec_atac 9.4968 | clip 5.3108 | clip_weight 0.5000 | lr 1.00e-03 | best 30.0807
2026-04-03 12:23:56,368 | INFO | SFTrainer | Epoch 510 | total 29.9201 | rec_rna 3.5737 | rec_atac 9.4087 | clip 5.2857 | clip_weight 0.5000 | lr 1.00e-03 | best 29.8331
2026-04-03 12:23:57,341 | INFO | SFTrainer | Epoch 520 | total 29.6061 | rec_rna 3.5388 | rec_atac 9.2765 | clip 5.2713 | clip_weight 0.5000 | lr 1.00e-03 | best 29.6061
2026-04-03 12:23:58,310 | INFO | SFTrainer | Epoch 530 | total 29.3670 | rec_rna 3.5141 | rec_atac 9.1799 | clip 5.2330 | clip_weight 0.5000 | lr 1.00e-03 | best 29.3592
2026-04-03 12:23:59,204 | INFO | SFTrainer | Epoch 540 | total 29.2028 | rec_rna 3.4963 | rec_atac 9.1248 | clip 5.1932 | clip_weight 0.5000 | lr 1.00e-03 | best 29.1615
2026-04-03 12:24:00,155 | INFO | SFTrainer | Epoch 550 | total 28.9550 | rec_rna 3.4704 | rec_atac 9.0158 | clip 5.1742 | clip_weight 0.5000 | lr 1.00e-03 | best 28.9550
2026-04-03 12:24:01,180 | INFO | SFTrainer | Epoch 560 | total 28.7464 | rec_rna 3.4538 | rec_atac 8.9190 | clip 5.1170 | clip_weight 0.5000 | lr 1.00e-03 | best 28.7342
2026-04-03 12:24:02,098 | INFO | SFTrainer | Epoch 570 | total 28.6202 | rec_rna 3.4372 | rec_atac 8.8761 | clip 5.1165 | clip_weight 0.5000 | lr 1.00e-03 | best 28.5277
2026-04-03 12:24:03,036 | INFO | SFTrainer | Epoch 580 | total 28.4184 | rec_rna 3.4173 | rec_atac 8.7916 | clip 5.0812 | clip_weight 0.5000 | lr 1.00e-03 | best 28.3079
2026-04-03 12:24:04,032 | INFO | SFTrainer | Epoch 590 | total 28.1099 | rec_rna 3.3785 | rec_atac 8.6985 | clip 5.0376 | clip_weight 0.5000 | lr 1.00e-03 | best 28.1099
2026-04-03 12:24:04,903 | INFO | SFTrainer | Epoch 600 | total 28.0583 | rec_rna 3.3797 | rec_atac 8.6406 | clip 5.0379 | clip_weight 0.5000 | lr 1.00e-03 | best 28.0473
2026-04-03 12:24:05,871 | INFO | SFTrainer | Epoch 610 | total 27.9333 | rec_rna 3.3681 | rec_atac 8.5943 | clip 4.9969 | clip_weight 0.5000 | lr 1.00e-03 | best 27.8599
2026-04-03 12:24:06,907 | INFO | SFTrainer | Epoch 620 | total 27.6693 | rec_rna 3.3342 | rec_atac 8.5162 | clip 4.9639 | clip_weight 0.5000 | lr 1.00e-03 | best 27.6693
2026-04-03 12:24:07,861 | INFO | SFTrainer | Epoch 630 | total 27.5795 | rec_rna 3.3294 | rec_atac 8.4662 | clip 4.9330 | clip_weight 0.5000 | lr 1.00e-03 | best 27.5547
2026-04-03 12:24:08,846 | INFO | SFTrainer | Epoch 640 | total 27.4603 | rec_rna 3.3192 | rec_atac 8.4043 | clip 4.9198 | clip_weight 0.5000 | lr 1.00e-03 | best 27.3465
2026-04-03 12:24:09,749 | INFO | SFTrainer | Epoch 650 | total 27.1831 | rec_rna 3.2849 | rec_atac 8.3155 | clip 4.8858 | clip_weight 0.5000 | lr 1.00e-03 | best 27.1831
2026-04-03 12:24:10,643 | INFO | SFTrainer | Epoch 660 | total 27.1442 | rec_rna 3.2836 | rec_atac 8.3020 | clip 4.8486 | clip_weight 0.5000 | lr 1.00e-03 | best 27.0891
2026-04-03 12:24:11,557 | INFO | SFTrainer | Epoch 670 | total 27.0112 | rec_rna 3.2665 | rec_atac 8.2465 | clip 4.8642 | clip_weight 0.5000 | lr 1.00e-03 | best 26.9655
2026-04-03 12:24:12,498 | INFO | SFTrainer | Epoch 680 | total 26.8348 | rec_rna 3.2441 | rec_atac 8.2254 | clip 4.7776 | clip_weight 0.5000 | lr 1.00e-03 | best 26.8348
2026-04-03 12:24:13,371 | INFO | SFTrainer | Epoch 690 | total 26.6832 | rec_rna 3.2330 | rec_atac 8.1313 | clip 4.7742 | clip_weight 0.5000 | lr 1.00e-03 | best 26.6590
2026-04-03 12:24:14,274 | INFO | SFTrainer | Epoch 700 | total 26.5427 | rec_rna 3.2121 | rec_atac 8.1165 | clip 4.7312 | clip_weight 0.5000 | lr 1.00e-03 | best 26.5427
2026-04-03 12:24:15,211 | INFO | SFTrainer | Epoch 710 | total 26.5745 | rec_rna 3.2300 | rec_atac 8.0651 | clip 4.7193 | clip_weight 0.5000 | lr 1.00e-03 | best 26.4313
2026-04-03 12:24:16,146 | INFO | SFTrainer | Epoch 720 | total 26.3836 | rec_rna 3.2034 | rec_atac 8.0168 | clip 4.6995 | clip_weight 0.5000 | lr 1.00e-03 | best 26.2839
2026-04-03 12:24:17,154 | INFO | SFTrainer | Epoch 730 | total 26.1381 | rec_rna 3.1700 | rec_atac 7.9511 | clip 4.6743 | clip_weight 0.5000 | lr 1.00e-03 | best 26.1381
2026-04-03 12:24:18,069 | INFO | SFTrainer | Epoch 740 | total 26.0902 | rec_rna 3.1696 | rec_atac 7.9286 | clip 4.6274 | clip_weight 0.5000 | lr 1.00e-03 | best 26.0755
2026-04-03 12:24:19,056 | INFO | SFTrainer | Epoch 750 | total 25.9708 | rec_rna 3.1566 | rec_atac 7.8822 | clip 4.6112 | clip_weight 0.5000 | lr 1.00e-03 | best 25.9686
2026-04-03 12:24:20,044 | INFO | SFTrainer | Epoch 760 | total 25.7955 | rec_rna 3.1378 | rec_atac 7.8351 | clip 4.5427 | clip_weight 0.5000 | lr 1.00e-03 | best 25.7955
2026-04-03 12:24:20,993 | INFO | SFTrainer | Epoch 770 | total 25.7448 | rec_rna 3.1345 | rec_atac 7.8093 | clip 4.5260 | clip_weight 0.5000 | lr 1.00e-03 | best 25.7448
2026-04-03 12:24:21,937 | INFO | SFTrainer | Epoch 780 | total 25.6676 | rec_rna 3.1289 | rec_atac 7.7738 | clip 4.4987 | clip_weight 0.5000 | lr 1.00e-03 | best 25.6376
2026-04-03 12:24:22,828 | INFO | SFTrainer | Epoch 790 | total 25.5808 | rec_rna 3.1221 | rec_atac 7.7170 | clip 4.5062 | clip_weight 0.5000 | lr 1.00e-03 | best 25.5354
2026-04-03 12:24:23,652 | INFO | SFTrainer | Epoch 800 | total 25.4500 | rec_rna 3.1043 | rec_atac 7.7058 | clip 4.4456 | clip_weight 0.5000 | lr 1.00e-03 | best 25.3976
2026-04-03 12:24:24,500 | INFO | SFTrainer | Epoch 810 | total 25.4430 | rec_rna 3.1083 | rec_atac 7.6976 | clip 4.4081 | clip_weight 0.5000 | lr 1.00e-03 | best 25.3826
2026-04-03 12:24:25,403 | INFO | SFTrainer | Epoch 820 | total 25.3569 | rec_rna 3.0998 | rec_atac 7.6598 | clip 4.3958 | clip_weight 0.5000 | lr 1.00e-03 | best 25.2593
2026-04-03 12:24:26,273 | INFO | SFTrainer | Epoch 830 | total 25.2584 | rec_rna 3.0909 | rec_atac 7.6325 | clip 4.3430 | clip_weight 0.5000 | lr 1.00e-03 | best 25.2154
2026-04-03 12:24:27,147 | INFO | SFTrainer | Epoch 840 | total 25.2075 | rec_rna 3.0835 | rec_atac 7.6184 | clip 4.3433 | clip_weight 0.5000 | lr 1.00e-03 | best 25.1369
2026-04-03 12:24:28,023 | INFO | SFTrainer | Epoch 850 | total 25.0071 | rec_rna 3.0648 | rec_atac 7.5320 | clip 4.3024 | clip_weight 0.5000 | lr 1.00e-03 | best 25.0071
2026-04-03 12:24:28,849 | INFO | SFTrainer | Epoch 860 | total 25.0437 | rec_rna 3.0671 | rec_atac 7.5576 | clip 4.3013 | clip_weight 0.5000 | lr 1.00e-03 | best 25.0071
2026-04-03 12:24:29,804 | INFO | SFTrainer | Epoch 870 | total 24.9359 | rec_rna 3.0557 | rec_atac 7.5299 | clip 4.2548 | clip_weight 0.5000 | lr 1.00e-03 | best 24.8751
2026-04-03 12:24:30,681 | INFO | SFTrainer | Epoch 880 | total 24.8545 | rec_rna 3.0484 | rec_atac 7.4985 | clip 4.2281 | clip_weight 0.5000 | lr 1.00e-03 | best 24.7477
2026-04-03 12:24:31,562 | INFO | SFTrainer | Epoch 890 | total 24.7452 | rec_rna 3.0387 | rec_atac 7.4638 | clip 4.1761 | clip_weight 0.5000 | lr 1.00e-03 | best 24.6687
2026-04-03 12:24:32,460 | INFO | SFTrainer | Epoch 900 | total 24.5611 | rec_rna 3.0208 | rec_atac 7.3895 | clip 4.1357 | clip_weight 0.5000 | lr 1.00e-03 | best 24.5611
2026-04-03 12:24:33,414 | INFO | SFTrainer | Epoch 910 | total 24.5499 | rec_rna 3.0244 | rec_atac 7.3790 | clip 4.0974 | clip_weight 0.5000 | lr 1.00e-03 | best 24.4540
2026-04-03 12:24:34,243 | INFO | SFTrainer | Epoch 920 | total 24.4642 | rec_rna 3.0085 | rec_atac 7.3924 | clip 4.0583 | clip_weight 0.5000 | lr 1.00e-03 | best 24.4084
2026-04-03 12:24:35,218 | INFO | SFTrainer | Epoch 930 | total 24.4715 | rec_rna 3.0128 | rec_atac 7.3899 | clip 4.0350 | clip_weight 0.5000 | lr 1.00e-03 | best 24.3081
2026-04-03 12:24:36,043 | INFO | SFTrainer | Epoch 940 | total 24.3630 | rec_rna 3.0055 | rec_atac 7.3279 | clip 4.0157 | clip_weight 0.5000 | lr 1.00e-03 | best 24.2841
2026-04-03 12:24:36,863 | INFO | SFTrainer | Epoch 950 | total 24.2623 | rec_rna 2.9920 | rec_atac 7.3211 | clip 3.9622 | clip_weight 0.5000 | lr 1.00e-03 | best 24.2190
2026-04-03 12:24:37,727 | INFO | SFTrainer | Epoch 960 | total 24.1783 | rec_rna 2.9870 | rec_atac 7.2763 | clip 3.9345 | clip_weight 0.5000 | lr 1.00e-03 | best 24.1769
2026-04-03 12:24:38,602 | INFO | SFTrainer | Epoch 970 | total 24.1015 | rec_rna 2.9809 | rec_atac 7.2428 | clip 3.9081 | clip_weight 0.5000 | lr 1.00e-03 | best 24.0290
2026-04-03 12:24:39,431 | INFO | SFTrainer | Epoch 980 | total 24.1011 | rec_rna 2.9829 | rec_atac 7.2428 | clip 3.8873 | clip_weight 0.5000 | lr 1.00e-03 | best 23.9754
2026-04-03 12:24:40,326 | INFO | SFTrainer | Epoch 990 | total 23.9485 | rec_rna 2.9679 | rec_atac 7.2000 | clip 3.8178 | clip_weight 0.5000 | lr 1.00e-03 | best 23.9485
2026-04-03 12:24:41,259 | INFO | SFTrainer | Epoch 1000 | total 23.8720 | rec_rna 2.9540 | rec_atac 7.1964 | clip 3.8109 | clip_weight 0.5000 | lr 1.00e-03 | best 23.8245
2026-04-03 12:24:42,156 | INFO | SFTrainer | Epoch 1010 | total 23.7823 | rec_rna 2.9502 | rec_atac 7.1370 | clip 3.7882 | clip_weight 0.5000 | lr 1.00e-03 | best 23.7823
2026-04-03 12:24:43,048 | INFO | SFTrainer | Epoch 1020 | total 23.7137 | rec_rna 2.9416 | rec_atac 7.1447 | clip 3.7221 | clip_weight 0.5000 | lr 1.00e-03 | best 23.6834
2026-04-03 12:24:43,965 | INFO | SFTrainer | Epoch 1030 | total 23.6053 | rec_rna 2.9306 | rec_atac 7.1052 | clip 3.6946 | clip_weight 0.5000 | lr 1.00e-03 | best 23.6053
2026-04-03 12:24:44,912 | INFO | SFTrainer | Epoch 1040 | total 23.6305 | rec_rna 2.9362 | rec_atac 7.1142 | clip 3.6703 | clip_weight 0.5000 | lr 1.00e-03 | best 23.5609
2026-04-03 12:24:45,904 | INFO | SFTrainer | Epoch 1050 | total 23.4911 | rec_rna 2.9213 | rec_atac 7.0750 | clip 3.6194 | clip_weight 0.5000 | lr 1.00e-03 | best 23.4911
2026-04-03 12:24:46,756 | INFO | SFTrainer | Epoch 1060 | total 23.5027 | rec_rna 2.9251 | rec_atac 7.0897 | clip 3.5747 | clip_weight 0.5000 | lr 1.00e-03 | best 23.4359
2026-04-03 12:24:47,682 | INFO | SFTrainer | Epoch 1070 | total 23.4556 | rec_rna 2.9249 | rec_atac 7.0584 | clip 3.5453 | clip_weight 0.5000 | lr 1.00e-03 | best 23.3404
2026-04-03 12:24:48,511 | INFO | SFTrainer | Epoch 1080 | total 23.2601 | rec_rna 2.8992 | rec_atac 7.0269 | clip 3.4749 | clip_weight 0.5000 | lr 1.00e-03 | best 23.2601
2026-04-03 12:24:49,349 | INFO | SFTrainer | Epoch 1090 | total 23.2846 | rec_rna 2.9047 | rec_atac 7.0388 | clip 3.4442 | clip_weight 0.5000 | lr 1.00e-03 | best 23.2334
2026-04-03 12:24:50,219 | INFO | SFTrainer | Epoch 1100 | total 23.2498 | rec_rna 2.8979 | rec_atac 7.0414 | clip 3.4382 | clip_weight 0.5000 | lr 1.00e-03 | best 23.1843
2026-04-03 12:24:51,119 | INFO | SFTrainer | Epoch 1110 | total 23.2616 | rec_rna 2.9103 | rec_atac 7.0308 | clip 3.3589 | clip_weight 0.5000 | lr 1.00e-03 | best 23.1422
2026-04-03 12:24:51,988 | INFO | SFTrainer | Epoch 1120 | total 23.1216 | rec_rna 2.8905 | rec_atac 7.0006 | clip 3.3366 | clip_weight 0.5000 | lr 1.00e-03 | best 23.0593
2026-04-03 12:24:52,848 | INFO | SFTrainer | Epoch 1130 | total 23.0191 | rec_rna 2.8810 | rec_atac 6.9595 | clip 3.3087 | clip_weight 0.5000 | lr 1.00e-03 | best 23.0068
2026-04-03 12:24:53,760 | INFO | SFTrainer | Epoch 1140 | total 23.0546 | rec_rna 2.8894 | rec_atac 6.9784 | clip 3.2588 | clip_weight 0.5000 | lr 1.00e-03 | best 22.9587
2026-04-03 12:24:54,659 | INFO | SFTrainer | Epoch 1150 | total 22.9229 | rec_rna 2.8770 | rec_atac 6.9146 | clip 3.2467 | clip_weight 0.5000 | lr 1.00e-03 | best 22.9229
2026-04-03 12:24:55,591 | INFO | SFTrainer | Epoch 1160 | total 22.8687 | rec_rna 2.8664 | rec_atac 6.9467 | clip 3.1800 | clip_weight 0.5000 | lr 1.00e-03 | best 22.8373
2026-04-03 12:24:56,528 | INFO | SFTrainer | Epoch 1170 | total 22.7731 | rec_rna 2.8591 | rec_atac 6.9052 | clip 3.1446 | clip_weight 0.5000 | lr 1.00e-03 | best 22.7731
2026-04-03 12:24:57,395 | INFO | SFTrainer | Epoch 1180 | total 22.7491 | rec_rna 2.8640 | rec_atac 6.8890 | clip 3.0807 | clip_weight 0.5000 | lr 1.00e-03 | best 22.7152
2026-04-03 12:24:58,291 | INFO | SFTrainer | Epoch 1190 | total 22.7763 | rec_rna 2.8637 | rec_atac 6.9273 | clip 3.0611 | clip_weight 0.5000 | lr 1.00e-03 | best 22.6046
2026-04-03 12:24:59,085 | INFO | SFTrainer | Epoch 1200 | total 22.7064 | rec_rna 2.8658 | rec_atac 6.8743 | clip 3.0058 | clip_weight 0.5000 | lr 1.00e-03 | best 22.6046
2026-04-03 12:24:59,999 | INFO | SFTrainer | Epoch 1210 | total 22.5910 | rec_rna 2.8539 | rec_atac 6.8434 | clip 2.9560 | clip_weight 0.5000 | lr 1.00e-03 | best 22.5267
2026-04-03 12:25:00,797 | INFO | SFTrainer | Epoch 1220 | total 22.5814 | rec_rna 2.8475 | rec_atac 6.8688 | clip 2.9503 | clip_weight 0.5000 | lr 1.00e-03 | best 22.5267
2026-04-03 12:25:01,638 | INFO | SFTrainer | Epoch 1230 | total 22.5005 | rec_rna 2.8466 | rec_atac 6.8332 | clip 2.8686 | clip_weight 0.5000 | lr 1.00e-03 | best 22.4785
2026-04-03 12:25:02,523 | INFO | SFTrainer | Epoch 1240 | total 22.4608 | rec_rna 2.8391 | rec_atac 6.8414 | clip 2.8478 | clip_weight 0.5000 | lr 1.00e-03 | best 22.4004
2026-04-03 12:25:03,353 | INFO | SFTrainer | Epoch 1250 | total 22.4177 | rec_rna 2.8360 | rec_atac 6.8508 | clip 2.7740 | clip_weight 0.5000 | lr 1.00e-03 | best 22.3478
2026-04-03 12:25:04,233 | INFO | SFTrainer | Epoch 1260 | total 22.3579 | rec_rna 2.8351 | rec_atac 6.7979 | clip 2.7687 | clip_weight 0.5000 | lr 1.00e-03 | best 22.2666
2026-04-03 12:25:05,157 | INFO | SFTrainer | Epoch 1270 | total 22.2535 | rec_rna 2.8257 | rec_atac 6.7750 | clip 2.6995 | clip_weight 0.5000 | lr 1.00e-03 | best 22.2476
2026-04-03 12:25:05,994 | INFO | SFTrainer | Epoch 1280 | total 22.2582 | rec_rna 2.8268 | rec_atac 6.7984 | clip 2.6516 | clip_weight 0.5000 | lr 1.00e-03 | best 22.2174
2026-04-03 12:25:06,870 | INFO | SFTrainer | Epoch 1290 | total 22.2159 | rec_rna 2.8265 | rec_atac 6.7728 | clip 2.6211 | clip_weight 0.5000 | lr 1.00e-03 | best 22.1790
2026-04-03 12:25:07,805 | INFO | SFTrainer | Epoch 1300 | total 22.1845 | rec_rna 2.8247 | rec_atac 6.7856 | clip 2.5513 | clip_weight 0.5000 | lr 1.00e-03 | best 22.1505
2026-04-03 12:25:08,850 | INFO | SFTrainer | Epoch 1310 | total 22.0847 | rec_rna 2.8107 | rec_atac 6.7645 | clip 2.5335 | clip_weight 0.5000 | lr 1.00e-03 | best 22.0497
2026-04-03 12:25:09,712 | INFO | SFTrainer | Epoch 1320 | total 22.0643 | rec_rna 2.8143 | rec_atac 6.7456 | clip 2.4947 | clip_weight 0.5000 | lr 1.00e-03 | best 21.9621
2026-04-03 12:25:10,506 | INFO | SFTrainer | Epoch 1330 | total 22.0466 | rec_rna 2.8176 | rec_atac 6.7095 | clip 2.4984 | clip_weight 0.5000 | lr 1.00e-03 | best 21.9621
2026-04-03 12:25:11,401 | INFO | SFTrainer | Epoch 1340 | total 22.0438 | rec_rna 2.8136 | rec_atac 6.7439 | clip 2.4642 | clip_weight 0.5000 | lr 1.00e-03 | best 21.8701
2026-04-03 12:25:12,188 | INFO | SFTrainer | Epoch 1350 | total 21.9398 | rec_rna 2.8057 | rec_atac 6.7273 | clip 2.3685 | clip_weight 0.5000 | lr 1.00e-03 | best 21.8701
2026-04-03 12:25:13,073 | INFO | SFTrainer | Epoch 1360 | total 21.8567 | rec_rna 2.7953 | rec_atac 6.7252 | clip 2.3105 | clip_weight 0.5000 | lr 1.00e-03 | best 21.8567
2026-04-03 12:25:13,965 | INFO | SFTrainer | Epoch 1370 | total 21.7692 | rec_rna 2.7869 | rec_atac 6.7035 | clip 2.2625 | clip_weight 0.5000 | lr 1.00e-03 | best 21.7692
2026-04-03 12:25:14,775 | INFO | SFTrainer | Epoch 1380 | total 21.7442 | rec_rna 2.7832 | rec_atac 6.7095 | clip 2.2380 | clip_weight 0.5000 | lr 1.00e-03 | best 21.7442
2026-04-03 12:25:15,640 | INFO | SFTrainer | Epoch 1390 | total 21.7166 | rec_rna 2.7851 | rec_atac 6.6886 | clip 2.2054 | clip_weight 0.5000 | lr 1.00e-03 | best 21.6464
2026-04-03 12:25:16,451 | INFO | SFTrainer | Epoch 1400 | total 21.6680 | rec_rna 2.7872 | rec_atac 6.6679 | clip 2.1286 | clip_weight 0.5000 | lr 1.00e-03 | best 21.6383
2026-04-03 12:25:17,290 | INFO | SFTrainer | Epoch 1410 | total 21.6673 | rec_rna 2.7835 | rec_atac 6.6852 | clip 2.1288 | clip_weight 0.5000 | lr 1.00e-03 | best 21.5514
2026-04-03 12:25:18,083 | INFO | SFTrainer | Epoch 1420 | total 21.6259 | rec_rna 2.7859 | rec_atac 6.6536 | clip 2.0854 | clip_weight 0.5000 | lr 1.00e-03 | best 21.5514
2026-04-03 12:25:18,950 | INFO | SFTrainer | Epoch 1430 | total 21.5148 | rec_rna 2.7769 | rec_atac 6.6094 | clip 2.0414 | clip_weight 0.5000 | lr 1.00e-03 | best 21.5148
2026-04-03 12:25:19,825 | INFO | SFTrainer | Epoch 1440 | total 21.5485 | rec_rna 2.7757 | rec_atac 6.6611 | clip 2.0181 | clip_weight 0.5000 | lr 1.00e-03 | best 21.3810
2026-04-03 12:25:20,606 | INFO | SFTrainer | Epoch 1450 | total 21.5294 | rec_rna 2.7885 | rec_atac 6.6130 | clip 1.9481 | clip_weight 0.5000 | lr 1.00e-03 | best 21.3810
2026-04-03 12:25:21,414 | INFO | SFTrainer | Epoch 1460 | total 21.4465 | rec_rna 2.7735 | rec_atac 6.6202 | clip 1.9180 | clip_weight 0.5000 | lr 1.00e-03 | best 21.3810
2026-04-03 12:25:22,292 | INFO | SFTrainer | Epoch 1470 | total 21.3310 | rec_rna 2.7624 | rec_atac 6.5790 | clip 1.8801 | clip_weight 0.5000 | lr 1.00e-03 | best 21.3310
2026-04-03 12:25:23,145 | INFO | SFTrainer | Epoch 1480 | total 21.2987 | rec_rna 2.7540 | rec_atac 6.6088 | clip 1.8403 | clip_weight 0.5000 | lr 1.00e-03 | best 21.2824
2026-04-03 12:25:24,006 | INFO | SFTrainer | Epoch 1490 | total 21.2677 | rec_rna 2.7538 | rec_atac 6.6010 | clip 1.7951 | clip_weight 0.5000 | lr 1.00e-03 | best 21.2063
2026-04-03 12:25:24,794 | INFO | SFTrainer | Epoch 1500 | total 21.3013 | rec_rna 2.7631 | rec_atac 6.6041 | clip 1.7630 | clip_weight 0.5000 | lr 1.00e-03 | best 21.2063
2026-04-03 12:25:25,721 | INFO | SFTrainer | Epoch 1510 | total 21.2071 | rec_rna 2.7526 | rec_atac 6.5624 | clip 1.7634 | clip_weight 0.5000 | lr 1.00e-03 | best 21.1559
2026-04-03 12:25:26,583 | INFO | SFTrainer | Epoch 1520 | total 21.1849 | rec_rna 2.7480 | rec_atac 6.5946 | clip 1.7006 | clip_weight 0.5000 | lr 1.00e-03 | best 21.0928
2026-04-03 12:25:27,461 | INFO | SFTrainer | Epoch 1530 | total 21.0592 | rec_rna 2.7377 | rec_atac 6.5299 | clip 1.6822 | clip_weight 0.5000 | lr 1.00e-03 | best 21.0592
2026-04-03 12:25:28,235 | INFO | SFTrainer | Epoch 1540 | total 21.1057 | rec_rna 2.7523 | rec_atac 6.5355 | clip 1.6172 | clip_weight 0.5000 | lr 1.00e-03 | best 21.0592
2026-04-03 12:25:29,171 | INFO | SFTrainer | Epoch 1550 | total 21.0181 | rec_rna 2.7376 | rec_atac 6.5314 | clip 1.5978 | clip_weight 0.5000 | lr 1.00e-03 | best 21.0181
2026-04-03 12:25:30,048 | INFO | SFTrainer | Epoch 1560 | total 21.0239 | rec_rna 2.7400 | rec_atac 6.5352 | clip 1.5774 | clip_weight 0.5000 | lr 1.00e-03 | best 20.9102
2026-04-03 12:25:30,832 | INFO | SFTrainer | Epoch 1570 | total 20.9198 | rec_rna 2.7308 | rec_atac 6.5156 | clip 1.5006 | clip_weight 0.5000 | lr 1.00e-03 | best 20.9102
2026-04-03 12:25:31,651 | INFO | SFTrainer | Epoch 1580 | total 20.9793 | rec_rna 2.7439 | rec_atac 6.5008 | clip 1.5178 | clip_weight 0.5000 | lr 1.00e-03 | best 20.8918
2026-04-03 12:25:32,511 | INFO | SFTrainer | Epoch 1590 | total 20.8483 | rec_rna 2.7194 | rec_atac 6.5177 | clip 1.4666 | clip_weight 0.5000 | lr 1.00e-03 | best 20.8483
2026-04-03 12:25:33,336 | INFO | SFTrainer | Epoch 1600 | total 20.9416 | rec_rna 2.7414 | rec_atac 6.5203 | clip 1.4288 | clip_weight 0.5000 | lr 1.00e-03 | best 20.8399
2026-04-03 12:25:34,272 | INFO | SFTrainer | Epoch 1610 | total 20.8046 | rec_rna 2.7204 | rec_atac 6.4979 | clip 1.4089 | clip_weight 0.5000 | lr 1.00e-03 | best 20.7134
2026-04-03 12:25:35,056 | INFO | SFTrainer | Epoch 1620 | total 20.7833 | rec_rna 2.7125 | rec_atac 6.5163 | clip 1.4087 | clip_weight 0.5000 | lr 1.00e-03 | best 20.7134
2026-04-03 12:25:35,844 | INFO | SFTrainer | Epoch 1630 | total 20.7238 | rec_rna 2.7168 | rec_atac 6.4706 | clip 1.3384 | clip_weight 0.5000 | lr 1.00e-03 | best 20.7134
2026-04-03 12:25:36,664 | INFO | SFTrainer | Epoch 1640 | total 20.7610 | rec_rna 2.7260 | rec_atac 6.4820 | clip 1.2976 | clip_weight 0.5000 | lr 1.00e-03 | best 20.6989
2026-04-03 12:25:37,573 | INFO | SFTrainer | Epoch 1650 | total 20.7107 | rec_rna 2.7171 | rec_atac 6.4781 | clip 1.2942 | clip_weight 0.5000 | lr 1.00e-03 | best 20.6317
2026-04-03 12:25:38,373 | INFO | SFTrainer | Epoch 1660 | total 20.6992 | rec_rna 2.7236 | rec_atac 6.4575 | clip 1.2476 | clip_weight 0.5000 | lr 1.00e-03 | best 20.6317
2026-04-03 12:25:39,195 | INFO | SFTrainer | Epoch 1670 | total 20.5744 | rec_rna 2.7063 | rec_atac 6.4415 | clip 1.2024 | clip_weight 0.5000 | lr 1.00e-03 | best 20.5619
2026-04-03 12:25:39,988 | INFO | SFTrainer | Epoch 1680 | total 20.6332 | rec_rna 2.7137 | rec_atac 6.4587 | clip 1.2120 | clip_weight 0.5000 | lr 1.00e-03 | best 20.5619
2026-04-03 12:25:40,821 | INFO | SFTrainer | Epoch 1690 | total 20.6259 | rec_rna 2.7151 | rec_atac 6.4595 | clip 1.1822 | clip_weight 0.5000 | lr 1.00e-03 | best 20.5323
2026-04-03 12:25:41,635 | INFO | SFTrainer | Epoch 1700 | total 20.5641 | rec_rna 2.7059 | rec_atac 6.4458 | clip 1.1781 | clip_weight 0.5000 | lr 1.00e-03 | best 20.5191
2026-04-03 12:25:42,544 | INFO | SFTrainer | Epoch 1710 | total 20.4940 | rec_rna 2.7027 | rec_atac 6.4214 | clip 1.1182 | clip_weight 0.5000 | lr 1.00e-03 | best 20.4393
2026-04-03 12:25:43,405 | INFO | SFTrainer | Epoch 1720 | total 20.5421 | rec_rna 2.7056 | rec_atac 6.4534 | clip 1.1217 | clip_weight 0.5000 | lr 1.00e-03 | best 20.4136
2026-04-03 12:25:44,188 | INFO | SFTrainer | Epoch 1730 | total 20.4816 | rec_rna 2.7011 | rec_atac 6.4260 | clip 1.0999 | clip_weight 0.5000 | lr 1.00e-03 | best 20.4136
2026-04-03 12:25:45,088 | INFO | SFTrainer | Epoch 1740 | total 20.3427 | rec_rna 2.6826 | rec_atac 6.4143 | clip 1.0305 | clip_weight 0.5000 | lr 1.00e-03 | best 20.3381
2026-04-03 12:25:45,900 | INFO | SFTrainer | Epoch 1750 | total 20.3919 | rec_rna 2.6928 | rec_atac 6.4214 | clip 1.0133 | clip_weight 0.5000 | lr 1.00e-03 | best 20.3040
2026-04-03 12:25:46,703 | INFO | SFTrainer | Epoch 1760 | total 20.3367 | rec_rna 2.6850 | rec_atac 6.3997 | clip 1.0237 | clip_weight 0.5000 | lr 1.00e-03 | best 20.3040
2026-04-03 12:25:47,476 | INFO | SFTrainer | Epoch 1770 | total 20.3217 | rec_rna 2.6855 | rec_atac 6.3924 | clip 1.0036 | clip_weight 0.5000 | lr 1.00e-03 | best 20.3040
2026-04-03 12:25:48,342 | INFO | SFTrainer | Epoch 1780 | total 20.3099 | rec_rna 2.6829 | rec_atac 6.4059 | clip 0.9786 | clip_weight 0.5000 | lr 1.00e-03 | best 20.2630
2026-04-03 12:25:49,204 | INFO | SFTrainer | Epoch 1790 | total 20.3083 | rec_rna 2.6925 | rec_atac 6.3834 | clip 0.9250 | clip_weight 0.5000 | lr 1.00e-03 | best 20.2215
2026-04-03 12:25:50,032 | INFO | SFTrainer | Epoch 1800 | total 20.2787 | rec_rna 2.6829 | rec_atac 6.3690 | clip 0.9906 | clip_weight 0.5000 | lr 1.00e-03 | best 20.1944
2026-04-03 12:25:50,848 | INFO | SFTrainer | Epoch 1810 | total 20.2157 | rec_rna 2.6759 | rec_atac 6.3751 | clip 0.9226 | clip_weight 0.5000 | lr 1.00e-03 | best 20.1944
2026-04-03 12:25:51,668 | INFO | SFTrainer | Epoch 1820 | total 20.2375 | rec_rna 2.6862 | rec_atac 6.3711 | clip 0.8710 | clip_weight 0.5000 | lr 1.00e-03 | best 20.1032
2026-04-03 12:25:52,438 | INFO | SFTrainer | Epoch 1830 | total 20.1553 | rec_rna 2.6655 | rec_atac 6.3792 | clip 0.8970 | clip_weight 0.5000 | lr 1.00e-03 | best 20.1032
2026-04-03 12:25:53,262 | INFO | SFTrainer | Epoch 1840 | total 20.1709 | rec_rna 2.6724 | rec_atac 6.3602 | clip 0.8979 | clip_weight 0.5000 | lr 1.00e-03 | best 20.0819
2026-04-03 12:25:54,031 | INFO | SFTrainer | Epoch 1850 | total 20.0883 | rec_rna 2.6704 | rec_atac 6.3191 | clip 0.8340 | clip_weight 0.5000 | lr 1.00e-03 | best 20.0819
2026-04-03 12:25:54,861 | INFO | SFTrainer | Epoch 1860 | total 20.1079 | rec_rna 2.6647 | rec_atac 6.3541 | clip 0.8606 | clip_weight 0.5000 | lr 1.00e-03 | best 20.0245
2026-04-03 12:25:55,658 | INFO | SFTrainer | Epoch 1870 | total 20.1831 | rec_rna 2.6820 | rec_atac 6.3554 | clip 0.8355 | clip_weight 0.5000 | lr 1.00e-03 | best 20.0245
2026-04-03 12:25:56,599 | INFO | SFTrainer | Epoch 1880 | total 19.9903 | rec_rna 2.6562 | rec_atac 6.3023 | clip 0.8144 | clip_weight 0.5000 | lr 1.00e-03 | best 19.9903
2026-04-03 12:25:57,412 | INFO | SFTrainer | Epoch 1890 | total 19.9879 | rec_rna 2.6471 | rec_atac 6.3475 | clip 0.8099 | clip_weight 0.5000 | lr 1.00e-03 | best 19.9879
2026-04-03 12:25:58,299 | INFO | SFTrainer | Epoch 1900 | total 20.0885 | rec_rna 2.6768 | rec_atac 6.3092 | clip 0.7907 | clip_weight 0.5000 | lr 1.00e-03 | best 19.9616
2026-04-03 12:25:59,163 | INFO | SFTrainer | Epoch 1910 | total 19.9920 | rec_rna 2.6594 | rec_atac 6.2999 | clip 0.7904 | clip_weight 0.5000 | lr 1.00e-03 | best 19.9535
2026-04-03 12:25:59,987 | INFO | SFTrainer | Epoch 1920 | total 19.9897 | rec_rna 2.6567 | rec_atac 6.3339 | clip 0.7444 | clip_weight 0.5000 | lr 1.00e-03 | best 19.9513
2026-04-03 12:26:00,813 | INFO | SFTrainer | Epoch 1930 | total 20.0861 | rec_rna 2.6735 | rec_atac 6.3288 | clip 0.7796 | clip_weight 0.5000 | lr 1.00e-03 | best 19.9151
2026-04-03 12:26:01,640 | INFO | SFTrainer | Epoch 1940 | total 19.9895 | rec_rna 2.6516 | rec_atac 6.3632 | clip 0.7364 | clip_weight 0.5000 | lr 1.00e-03 | best 19.8551
2026-04-03 12:26:02,430 | INFO | SFTrainer | Epoch 1950 | total 19.9369 | rec_rna 2.6529 | rec_atac 6.3209 | clip 0.7031 | clip_weight 0.5000 | lr 1.00e-03 | best 19.8551
2026-04-03 12:26:03,274 | INFO | SFTrainer | Epoch 1960 | total 19.9581 | rec_rna 2.6529 | rec_atac 6.3314 | clip 0.7247 | clip_weight 0.5000 | lr 1.00e-03 | best 19.8136
2026-04-03 12:26:04,056 | INFO | SFTrainer | Epoch 1970 | total 19.9929 | rec_rna 2.6718 | rec_atac 6.2665 | clip 0.7344 | clip_weight 0.5000 | lr 1.00e-03 | best 19.8136
2026-04-03 12:26:04,845 | INFO | SFTrainer | Epoch 1980 | total 19.9222 | rec_rna 2.6513 | rec_atac 6.3065 | clip 0.7182 | clip_weight 0.5000 | lr 1.00e-03 | best 19.8136
2026-04-03 12:26:05,671 | INFO | SFTrainer | Epoch 1990 | total 19.9191 | rec_rna 2.6460 | rec_atac 6.3303 | clip 0.7173 | clip_weight 0.5000 | lr 1.00e-03 | best 19.8125
2026-04-03 12:26:06,542 | INFO | SFTrainer | Epoch 2000 | total 19.8400 | rec_rna 2.6467 | rec_atac 6.2775 | clip 0.6582 | clip_weight 0.5000 | lr 1.00e-04 | best 19.7560
2026-04-03 12:26:07,457 | INFO | SFTrainer | Epoch 2010 | total 19.7025 | rec_rna 2.6301 | rec_atac 6.2270 | clip 0.6509 | clip_weight 0.4995 | lr 1.00e-04 | best 19.7025
2026-04-03 12:26:08,390 | INFO | SFTrainer | Epoch 2020 | total 19.5960 | rec_rna 2.6185 | rec_atac 6.1840 | clip 0.6411 | clip_weight 0.4980 | lr 1.00e-04 | best 19.5960
2026-04-03 12:26:09,327 | INFO | SFTrainer | Epoch 2030 | total 19.5616 | rec_rna 2.6120 | rec_atac 6.1711 | clip 0.6669 | clip_weight 0.4956 | lr 1.00e-04 | best 19.5419
2026-04-03 12:26:10,144 | INFO | SFTrainer | Epoch 2040 | total 19.5892 | rec_rna 2.6165 | rec_atac 6.1939 | clip 0.6358 | clip_weight 0.4921 | lr 1.00e-04 | best 19.5250
2026-04-03 12:26:11,084 | INFO | SFTrainer | Epoch 2050 | total 19.5481 | rec_rna 2.6122 | rec_atac 6.1657 | clip 0.6591 | clip_weight 0.4878 | lr 1.00e-04 | best 19.4110
2026-04-03 12:26:11,902 | INFO | SFTrainer | Epoch 2060 | total 19.5436 | rec_rna 2.6027 | rec_atac 6.2180 | clip 0.6468 | clip_weight 0.4824 | lr 1.00e-04 | best 19.4110
2026-04-03 12:26:12,771 | INFO | SFTrainer | Epoch 2070 | total 19.4415 | rec_rna 2.5979 | rec_atac 6.1449 | clip 0.6449 | clip_weight 0.4762 | lr 1.00e-04 | best 19.3873
2026-04-03 12:26:13,591 | INFO | SFTrainer | Epoch 2080 | total 19.5335 | rec_rna 2.6061 | rec_atac 6.1975 | clip 0.6509 | clip_weight 0.4691 | lr 1.00e-04 | best 19.3422
2026-04-03 12:26:14,384 | INFO | SFTrainer | Epoch 2090 | total 19.5219 | rec_rna 2.6119 | rec_atac 6.1609 | clip 0.6545 | clip_weight 0.4611 | lr 1.00e-04 | best 19.3422
2026-04-03 12:26:15,311 | INFO | SFTrainer | Epoch 2100 | total 19.3912 | rec_rna 2.5914 | rec_atac 6.1393 | clip 0.6525 | clip_weight 0.4523 | lr 1.00e-04 | best 19.2818
2026-04-03 12:26:16,169 | INFO | SFTrainer | Epoch 2110 | total 19.3418 | rec_rna 2.5915 | rec_atac 6.1151 | clip 0.6086 | clip_weight 0.4426 | lr 1.00e-04 | best 19.2647
2026-04-03 12:26:16,959 | INFO | SFTrainer | Epoch 2120 | total 19.3728 | rec_rna 2.5926 | rec_atac 6.1243 | clip 0.6603 | clip_weight 0.4322 | lr 1.00e-04 | best 19.2647
2026-04-03 12:26:17,745 | INFO | SFTrainer | Epoch 2130 | total 19.3650 | rec_rna 2.5936 | rec_atac 6.1389 | clip 0.6128 | clip_weight 0.4211 | lr 1.00e-04 | best 19.2647
2026-04-03 12:26:18,520 | INFO | SFTrainer | Epoch 2140 | total 19.3546 | rec_rna 2.5873 | rec_atac 6.1502 | clip 0.6539 | clip_weight 0.4094 | lr 1.00e-04 | best 19.2647
2026-04-03 12:26:19,291 | INFO | SFTrainer | Epoch 2150 | total 19.3450 | rec_rna 2.5881 | rec_atac 6.1653 | clip 0.6025 | clip_weight 0.3969 | lr 1.00e-04 | best 19.2647
2026-04-03 12:26:20,174 | INFO | SFTrainer | Epoch 2160 | total 19.3227 | rec_rna 2.5872 | rec_atac 6.1420 | clip 0.6371 | clip_weight 0.3840 | lr 1.00e-04 | best 19.2305
2026-04-03 12:26:20,976 | INFO | SFTrainer | Epoch 2170 | total 19.3298 | rec_rna 2.5895 | rec_atac 6.1532 | clip 0.6183 | clip_weight 0.3704 | lr 1.00e-04 | best 19.2305
2026-04-03 12:26:21,799 | INFO | SFTrainer | Epoch 2180 | total 19.2838 | rec_rna 2.5887 | rec_atac 6.1204 | clip 0.6164 | clip_weight 0.3564 | lr 1.00e-04 | best 19.2145
2026-04-03 12:26:22,600 | INFO | SFTrainer | Epoch 2190 | total 19.2891 | rec_rna 2.5822 | rec_atac 6.1548 | clip 0.6534 | clip_weight 0.3420 | lr 1.00e-04 | best 19.2145
2026-04-03 12:26:23,393 | INFO | SFTrainer | Epoch 2200 | total 19.3313 | rec_rna 2.5920 | rec_atac 6.1613 | clip 0.6423 | clip_weight 0.3273 | lr 1.00e-04 | best 19.2145
2026-04-03 12:26:24,250 | INFO | SFTrainer | Epoch 2210 | total 19.2121 | rec_rna 2.5837 | rec_atac 6.1008 | clip 0.6173 | clip_weight 0.3122 | lr 1.00e-04 | best 19.1878
2026-04-03 12:26:25,033 | INFO | SFTrainer | Epoch 2220 | total 19.1919 | rec_rna 2.5781 | rec_atac 6.1144 | clip 0.6305 | clip_weight 0.2968 | lr 1.00e-04 | best 19.1878
2026-04-03 12:26:25,893 | INFO | SFTrainer | Epoch 2230 | total 19.1831 | rec_rna 2.5725 | rec_atac 6.1423 | clip 0.6332 | clip_weight 0.2813 | lr 1.00e-04 | best 19.1532
2026-04-03 12:26:26,713 | INFO | SFTrainer | Epoch 2240 | total 19.2873 | rec_rna 2.5949 | rec_atac 6.1428 | clip 0.6407 | clip_weight 0.2657 | lr 1.00e-04 | best 19.1391
2026-04-03 12:26:27,488 | INFO | SFTrainer | Epoch 2250 | total 19.1741 | rec_rna 2.5779 | rec_atac 6.1280 | clip 0.6258 | clip_weight 0.2500 | lr 1.00e-04 | best 19.1391
2026-04-03 12:26:28,337 | INFO | SFTrainer | Epoch 2260 | total 19.2001 | rec_rna 2.5887 | rec_atac 6.1135 | clip 0.6106 | clip_weight 0.2343 | lr 1.00e-04 | best 19.1308
2026-04-03 12:26:29,245 | INFO | SFTrainer | Epoch 2270 | total 19.1401 | rec_rna 2.5756 | rec_atac 6.1275 | clip 0.6166 | clip_weight 0.2187 | lr 1.00e-04 | best 19.1157
2026-04-03 12:26:30,154 | INFO | SFTrainer | Epoch 2280 | total 19.1377 | rec_rna 2.5787 | rec_atac 6.1120 | clip 0.6505 | clip_weight 0.2032 | lr 1.00e-04 | best 19.0580
2026-04-03 12:26:31,003 | INFO | SFTrainer | Epoch 2290 | total 19.1634 | rec_rna 2.5744 | rec_atac 6.1736 | clip 0.6270 | clip_weight 0.1878 | lr 1.00e-04 | best 19.0580
2026-04-03 12:26:31,797 | INFO | SFTrainer | Epoch 2300 | total 19.1182 | rec_rna 2.5801 | rec_atac 6.1134 | clip 0.6022 | clip_weight 0.1727 | lr 1.00e-04 | best 19.0580
2026-04-03 12:26:32,604 | INFO | SFTrainer | Epoch 2310 | total 19.1635 | rec_rna 2.5841 | rec_atac 6.1383 | clip 0.6618 | clip_weight 0.1580 | lr 1.00e-04 | best 19.0580
2026-04-03 12:26:33,466 | INFO | SFTrainer | Epoch 2320 | total 19.1298 | rec_rna 2.5802 | rec_atac 6.1347 | clip 0.6551 | clip_weight 0.1436 | lr 1.00e-04 | best 19.0467
2026-04-03 12:26:34,252 | INFO | SFTrainer | Epoch 2330 | total 19.1079 | rec_rna 2.5838 | rec_atac 6.1086 | clip 0.6180 | clip_weight 0.1296 | lr 1.00e-04 | best 19.0467
2026-04-03 12:26:35,043 | INFO | SFTrainer | Epoch 2340 | total 19.1060 | rec_rna 2.5927 | rec_atac 6.0705 | clip 0.6189 | clip_weight 0.1160 | lr 1.00e-04 | best 19.0467
2026-04-03 12:26:35,892 | INFO | SFTrainer | Epoch 2350 | total 19.0870 | rec_rna 2.5812 | rec_atac 6.1137 | clip 0.6518 | clip_weight 0.1031 | lr 1.00e-04 | best 18.9608
2026-04-03 12:26:36,702 | INFO | SFTrainer | Epoch 2360 | total 19.0910 | rec_rna 2.5809 | rec_atac 6.1238 | clip 0.6920 | clip_weight 0.0906 | lr 1.00e-04 | best 18.9608
2026-04-03 12:26:37,496 | INFO | SFTrainer | Epoch 2370 | total 19.0424 | rec_rna 2.5687 | rec_atac 6.1465 | clip 0.6645 | clip_weight 0.0789 | lr 1.00e-04 | best 18.9608
2026-04-03 12:26:38,328 | INFO | SFTrainer | Epoch 2380 | total 19.0717 | rec_rna 2.5805 | rec_atac 6.1255 | clip 0.6470 | clip_weight 0.0678 | lr 1.00e-04 | best 18.9474
2026-04-03 12:26:39,163 | INFO | SFTrainer | Epoch 2390 | total 19.0715 | rec_rna 2.5823 | rec_atac 6.1234 | clip 0.6406 | clip_weight 0.0574 | lr 1.00e-04 | best 18.9319
2026-04-03 12:26:39,962 | INFO | SFTrainer | Epoch 2400 | total 18.9693 | rec_rna 2.5665 | rec_atac 6.1050 | clip 0.6606 | clip_weight 0.0477 | lr 1.00e-04 | best 18.9319
2026-04-03 12:26:40,778 | INFO | SFTrainer | Epoch 2410 | total 19.0483 | rec_rna 2.5796 | rec_atac 6.1238 | clip 0.6789 | clip_weight 0.0389 | lr 1.00e-04 | best 18.9319
2026-04-03 12:26:41,618 | INFO | SFTrainer | Epoch 2420 | total 18.9686 | rec_rna 2.5756 | rec_atac 6.0700 | clip 0.6712 | clip_weight 0.0309 | lr 1.00e-04 | best 18.8803
2026-04-03 12:26:42,475 | INFO | SFTrainer | Epoch 2430 | total 18.9292 | rec_rna 2.5609 | rec_atac 6.1083 | clip 0.6832 | clip_weight 0.0238 | lr 1.00e-04 | best 18.8777
2026-04-03 12:26:43,270 | INFO | SFTrainer | Epoch 2440 | total 18.9719 | rec_rna 2.5679 | rec_atac 6.1206 | clip 0.6723 | clip_weight 0.0176 | lr 1.00e-04 | best 18.8777
2026-04-03 12:26:44,091 | INFO | SFTrainer | Epoch 2450 | total 18.9447 | rec_rna 2.5655 | rec_atac 6.1088 | clip 0.6689 | clip_weight 0.0122 | lr 1.00e-04 | best 18.8777
2026-04-03 12:26:44,947 | INFO | SFTrainer | Epoch 2460 | total 18.9269 | rec_rna 2.5653 | rec_atac 6.0952 | clip 0.6920 | clip_weight 0.0079 | lr 1.00e-04 | best 18.8669
2026-04-03 12:26:45,738 | INFO | SFTrainer | Epoch 2470 | total 18.9514 | rec_rna 2.5729 | rec_atac 6.0836 | clip 0.7035 | clip_weight 0.0044 | lr 1.00e-04 | best 18.8669
2026-04-03 12:26:46,546 | INFO | SFTrainer | Epoch 2480 | total 18.9764 | rec_rna 2.5731 | rec_atac 6.1095 | clip 0.6901 | clip_weight 0.0020 | lr 1.00e-04 | best 18.8669
2026-04-03 12:26:47,339 | INFO | SFTrainer | Epoch 2490 | total 18.9851 | rec_rna 2.5739 | rec_atac 6.1153 | clip 0.7101 | clip_weight 0.0005 | lr 1.00e-04 | best 18.8669
2026-04-03 12:26:48,122 | INFO | SFTrainer | Epoch 2500 | total 18.9789 | rec_rna 2.5696 | rec_atac 6.1307 | clip 0.0000 | clip_weight 0.0000 | lr 1.00e-04 | best 18.8669
2026-04-03 12:26:48,951 | INFO | SFTrainer | Epoch 2510 | total 18.9386 | rec_rna 2.5702 | rec_atac 6.0876 | clip 0.0000 | clip_weight 0.0000 | lr 1.00e-04 | best 18.8436
2026-04-03 12:26:49,705 | INFO | SFTrainer | Epoch 2520 | total 19.0246 | rec_rna 2.5751 | rec_atac 6.1490 | clip 0.0000 | clip_weight 0.0000 | lr 1.00e-04 | best 18.8436
2026-04-03 12:26:50,503 | INFO | SFTrainer | Epoch 2530 | total 18.8331 | rec_rna 2.5488 | rec_atac 6.0889 | clip 0.0000 | clip_weight 0.0000 | lr 1.00e-04 | best 18.8331
2026-04-03 12:26:51,275 | INFO | SFTrainer | Epoch 2540 | total 18.8346 | rec_rna 2.5483 | rec_atac 6.0933 | clip 0.0000 | clip_weight 0.0000 | lr 1.00e-04 | best 18.8331
2026-04-03 12:26:52,062 | INFO | SFTrainer | Epoch 2550 | total 18.9482 | rec_rna 2.5710 | rec_atac 6.0930 | clip 0.0000 | clip_weight 0.0000 | lr 1.00e-04 | best 18.8290
2026-04-03 12:26:52,832 | INFO | SFTrainer | Epoch 2560 | total 18.9118 | rec_rna 2.5616 | rec_atac 6.1039 | clip 0.0000 | clip_weight 0.0000 | lr 1.00e-04 | best 18.8290
2026-04-03 12:26:53,588 | INFO | SFTrainer | Epoch 2570 | total 18.8990 | rec_rna 2.5609 | rec_atac 6.0946 | clip 0.0000 | clip_weight 0.0000 | lr 1.00e-04 | best 18.8290
2026-04-03 12:26:54,348 | INFO | SFTrainer | Epoch 2580 | total 18.9832 | rec_rna 2.5755 | rec_atac 6.1055 | clip 0.0000 | clip_weight 0.0000 | lr 1.00e-04 | best 18.8290
2026-04-03 12:26:55,105 | INFO | SFTrainer | Epoch 2590 | total 18.8922 | rec_rna 2.5593 | rec_atac 6.0959 | clip 0.0000 | clip_weight 0.0000 | lr 1.00e-04 | best 18.8290
2026-04-03 12:26:55,865 | INFO | SFTrainer | Epoch 2600 | total 18.9376 | rec_rna 2.5576 | rec_atac 6.1495 | clip 0.0000 | clip_weight 0.0000 | lr 1.00e-04 | best 18.8290
2026-04-03 12:26:56,652 | INFO | SFTrainer | Epoch 2610 | total 18.9077 | rec_rna 2.5640 | rec_atac 6.0879 | clip 0.0000 | clip_weight 0.0000 | lr 1.00e-04 | best 18.8290
2026-04-03 12:26:57,438 | INFO | SFTrainer | Epoch 2620 | total 18.9736 | rec_rna 2.5673 | rec_atac 6.1373 | clip 0.0000 | clip_weight 0.0000 | lr 1.00e-04 | best 18.8290
2026-04-03 12:26:58,196 | INFO | SFTrainer | Epoch 2630 | total 18.8899 | rec_rna 2.5619 | rec_atac 6.0802 | clip 0.0000 | clip_weight 0.0000 | lr 1.00e-04 | best 18.8290
2026-04-03 12:26:58,979 | INFO | SFTrainer | Epoch 2640 | total 18.9076 | rec_rna 2.5699 | rec_atac 6.0579 | clip 0.0000 | clip_weight 0.0000 | lr 1.00e-04 | best 18.8290
2026-04-03 12:26:59,789 | INFO | SFTrainer | Epoch 2650 | total 18.9050 | rec_rna 2.5652 | rec_atac 6.0788 | clip 0.0000 | clip_weight 0.0000 | lr 1.00e-04 | best 18.8290
2026-04-03 12:27:00,657 | INFO | SFTrainer | Epoch 2660 | total 18.8717 | rec_rna 2.5609 | rec_atac 6.0670 | clip 0.0000 | clip_weight 0.0000 | lr 1.00e-04 | best 18.8290
2026-04-03 12:27:01,491 | INFO | SFTrainer | Epoch 2670 | total 18.9693 | rec_rna 2.5717 | rec_atac 6.1108 | clip 0.0000 | clip_weight 0.0000 | lr 1.00e-04 | best 18.8290
2026-04-03 12:27:02,298 | INFO | SFTrainer | Epoch 2680 | total 18.8587 | rec_rna 2.5573 | rec_atac 6.0722 | clip 0.0000 | clip_weight 0.0000 | lr 1.00e-04 | best 18.8290
2026-04-03 12:27:03,127 | INFO | SFTrainer | Epoch 2690 | total 18.8161 | rec_rna 2.5498 | rec_atac 6.0669 | clip 0.0000 | clip_weight 0.0000 | lr 1.00e-04 | best 18.8088
2026-04-03 12:27:03,918 | INFO | SFTrainer | Epoch 2700 | total 18.8573 | rec_rna 2.5589 | rec_atac 6.0626 | clip 0.0000 | clip_weight 0.0000 | lr 1.00e-04 | best 18.8088
2026-04-03 12:27:04,812 | INFO | SFTrainer | Epoch 2710 | total 18.9110 | rec_rna 2.5654 | rec_atac 6.0840 | clip 0.0000 | clip_weight 0.0000 | lr 1.00e-04 | best 18.7816
2026-04-03 12:27:05,624 | INFO | SFTrainer | Epoch 2720 | total 18.8293 | rec_rna 2.5528 | rec_atac 6.0653 | clip 0.0000 | clip_weight 0.0000 | lr 1.00e-04 | best 18.7816
2026-04-03 12:27:06,475 | INFO | SFTrainer | Epoch 2730 | total 18.8758 | rec_rna 2.5563 | rec_atac 6.0945 | clip 0.0000 | clip_weight 0.0000 | lr 1.00e-04 | best 18.7816
2026-04-03 12:27:07,286 | INFO | SFTrainer | Epoch 2740 | total 18.8621 | rec_rna 2.5548 | rec_atac 6.0880 | clip 0.0000 | clip_weight 0.0000 | lr 1.00e-04 | best 18.7816
2026-04-03 12:27:08,097 | INFO | SFTrainer | Epoch 2750 | total 18.9508 | rec_rna 2.5774 | rec_atac 6.0637 | clip 0.0000 | clip_weight 0.0000 | lr 1.00e-04 | best 18.7816
2026-04-03 12:27:08,972 | INFO | SFTrainer | Epoch 2760 | total 18.9072 | rec_rna 2.5677 | rec_atac 6.0685 | clip 0.0000 | clip_weight 0.0000 | lr 1.00e-04 | best 18.7816
2026-04-03 12:27:09,753 | INFO | SFTrainer | Epoch 2770 | total 18.8431 | rec_rna 2.5552 | rec_atac 6.0673 | clip 0.0000 | clip_weight 0.0000 | lr 1.00e-04 | best 18.7816
2026-04-03 12:27:10,510 | INFO | SFTrainer | Epoch 2780 | total 18.8726 | rec_rna 2.5583 | rec_atac 6.0812 | clip 0.0000 | clip_weight 0.0000 | lr 1.00e-04 | best 18.7816
2026-04-03 12:27:11,312 | INFO | SFTrainer | Epoch 2790 | total 18.8935 | rec_rna 2.5642 | rec_atac 6.0726 | clip 0.0000 | clip_weight 0.0000 | lr 1.00e-04 | best 18.7816
2026-04-03 12:27:12,125 | INFO | SFTrainer | Epoch 2800 | total 18.7814 | rec_rna 2.5480 | rec_atac 6.0416 | clip 0.0000 | clip_weight 0.0000 | lr 1.00e-04 | best 18.7814
2026-04-03 12:27:12,912 | INFO | SFTrainer | Epoch 2810 | total 18.8932 | rec_rna 2.5578 | rec_atac 6.1042 | clip 0.0000 | clip_weight 0.0000 | lr 1.00e-04 | best 18.7814
2026-04-03 12:27:13,759 | INFO | SFTrainer | Epoch 2820 | total 18.8173 | rec_rna 2.5532 | rec_atac 6.0515 | clip 0.0000 | clip_weight 0.0000 | lr 1.00e-04 | best 18.7805
2026-04-03 12:27:14,536 | INFO | SFTrainer | Epoch 2830 | total 18.8950 | rec_rna 2.5644 | rec_atac 6.0730 | clip 0.0000 | clip_weight 0.0000 | lr 1.00e-04 | best 18.7805
2026-04-03 12:27:15,298 | INFO | SFTrainer | Epoch 2840 | total 18.9112 | rec_rna 2.5641 | rec_atac 6.0909 | clip 0.0000 | clip_weight 0.0000 | lr 1.00e-04 | best 18.7805
2026-04-03 12:27:16,135 | INFO | SFTrainer | Epoch 2850 | total 18.8157 | rec_rna 2.5488 | rec_atac 6.0716 | clip 0.0000 | clip_weight 0.0000 | lr 1.00e-04 | best 18.7740
2026-04-03 12:27:16,962 | INFO | SFTrainer | Epoch 2860 | total 18.8185 | rec_rna 2.5504 | rec_atac 6.0663 | clip 0.0000 | clip_weight 0.0000 | lr 1.00e-04 | best 18.7740
2026-04-03 12:27:17,744 | INFO | SFTrainer | Epoch 2870 | total 18.8430 | rec_rna 2.5513 | rec_atac 6.0867 | clip 0.0000 | clip_weight 0.0000 | lr 1.00e-04 | best 18.7740
2026-04-03 12:27:18,497 | INFO | SFTrainer | Epoch 2880 | total 18.8167 | rec_rna 2.5504 | rec_atac 6.0648 | clip 0.0000 | clip_weight 0.0000 | lr 1.00e-04 | best 18.7740
2026-04-03 12:27:19,292 | INFO | SFTrainer | Epoch 2890 | total 18.8447 | rec_rna 2.5603 | rec_atac 6.0431 | clip 0.0000 | clip_weight 0.0000 | lr 1.00e-04 | best 18.7209
2026-04-03 12:27:20,056 | INFO | SFTrainer | Epoch 2900 | total 18.7831 | rec_rna 2.5490 | rec_atac 6.0383 | clip 0.0000 | clip_weight 0.0000 | lr 1.00e-04 | best 18.7209
2026-04-03 12:27:20,899 | INFO | SFTrainer | Epoch 2910 | total 18.9180 | rec_rna 2.5661 | rec_atac 6.0874 | clip 0.0000 | clip_weight 0.0000 | lr 1.00e-04 | best 18.7209
2026-04-03 12:27:21,698 | INFO | SFTrainer | Epoch 2920 | total 18.7941 | rec_rna 2.5431 | rec_atac 6.0786 | clip 0.0000 | clip_weight 0.0000 | lr 1.00e-04 | best 18.7209
2026-04-03 12:27:22,462 | INFO | SFTrainer | Epoch 2930 | total 18.8647 | rec_rna 2.5579 | rec_atac 6.0751 | clip 0.0000 | clip_weight 0.0000 | lr 1.00e-04 | best 18.7209
2026-04-03 12:27:23,266 | INFO | SFTrainer | Epoch 2940 | total 18.7131 | rec_rna 2.5399 | rec_atac 6.0134 | clip 0.0000 | clip_weight 0.0000 | lr 1.00e-04 | best 18.7131
2026-04-03 12:27:24,057 | INFO | SFTrainer | Epoch 2950 | total 18.8200 | rec_rna 2.5502 | rec_atac 6.0689 | clip 0.0000 | clip_weight 0.0000 | lr 1.00e-04 | best 18.6777
2026-04-03 12:27:24,828 | INFO | SFTrainer | Epoch 2960 | total 18.7963 | rec_rna 2.5514 | rec_atac 6.0393 | clip 0.0000 | clip_weight 0.0000 | lr 1.00e-04 | best 18.6777
2026-04-03 12:27:25,583 | INFO | SFTrainer | Epoch 2970 | total 18.8374 | rec_rna 2.5580 | rec_atac 6.0474 | clip 0.0000 | clip_weight 0.0000 | lr 1.00e-04 | best 18.6777
2026-04-03 12:27:26,378 | INFO | SFTrainer | Epoch 2980 | total 18.7839 | rec_rna 2.5472 | rec_atac 6.0479 | clip 0.0000 | clip_weight 0.0000 | lr 1.00e-04 | best 18.6777
2026-04-03 12:27:27,127 | INFO | SFTrainer | Epoch 2990 | total 18.8608 | rec_rna 2.5590 | rec_atac 6.0659 | clip 0.0000 | clip_weight 0.0000 | lr 1.00e-04 | best 18.6777
2026-04-03 12:27:27,906 | INFO | SFTrainer | Epoch 3000 | total 18.8247 | rec_rna 2.5534 | rec_atac 6.0577 | clip 0.0000 | clip_weight 0.0000 | lr 1.00e-04 | best 18.6777
2026-04-03 12:27:27,926 | INFO | SFTrainer | Training finished. Best loss=18.6777
2026-04-03 12:27:27,927 | INFO | SFTrainer | Training run complete.

========================================================================================
2026-04-03 12:27:40,047 | INFO | SFEvaluate | [Phase 3] Evaluation started.
2026-04-03 12:27:40,047 | INFO | SFEvaluate | Loading processed data...
2026-04-03 12:27:40,307 | INFO | SFEvaluate | Initializing model...
2026-04-03 12:27:40,408 | INFO | SFEvaluate | Loading checkpoint: ckpt_best.pth
2026-04-03 12:27:40,456 | INFO | SFEvaluate | Inference running...
2026-04-03 12:27:41,026 | INFO | SFEvaluate | Latent shape: torch.Size([1949, 128])
2026-04-03 12:28:03,101 | INFO | SFEvaluate | Artifacts: ./results/e15_5_s1/tuning/k9_a0p9/figures/spatial_analysis.pdf | ./results/e15_5_s1/tuning/k9_a0p9/predictions/embedding_joint.h5ad
2026-04-03 12:28:03,101 | INFO | SFEvaluate | Eval metrics | checkpoint=ckpt_best.pth | epoch=BEST (Epoch 3000) | latent_moran=0.4345 | cluster_moran=0.6620
2026-04-03 12:28:03,101 | INFO | SFEvaluate | GT metrics | checkpoint=ckpt_best.pth | epoch=BEST (Epoch 3000) | ARI=0.4522 | NMI=0.6197 | AMI=0.6131 | HOM=0.6677 | n_valid=1949
2026-04-03 12:28:03,102 | INFO | SFEvaluate | Evaluation complete.

========================================================================================
2026-04-03 12:28:15,537 | INFO | SFEvaluateRange | [Range Evaluate] Started. epochs=[1500, 1600, 1700, 1800, 1900, 2000, 2100, 2200, 2300, 2400, 2500, 2600, 2700, 2800, 2900, 3000]
2026-04-03 12:28:15,538 | INFO | SFEvaluateRange | Loading processed data...
2026-04-03 12:28:15,788 | INFO | SFEvaluateRange | Initializing model...
2026-04-03 12:28:15,888 | INFO | SFEvaluateRange | Evaluating epoch 1500 with ckpt_1500.pth
2026-04-03 12:28:38,611 | INFO | SFEvaluateRange | Eval metrics (epoch_1500) | checkpoint=ckpt_1500.pth | epoch=Epoch 1500 | latent_moran=0.4239 | cluster_moran=0.6462
2026-04-03 12:28:38,611 | INFO | SFEvaluateRange | GT metrics (epoch_1500) | checkpoint=ckpt_1500.pth | epoch=Epoch 1500 | ARI=0.4459 | NMI=0.6054 | AMI=0.5988 | HOM=0.6628 | n_valid=1949
2026-04-03 12:28:38,612 | INFO | SFEvaluateRange | Artifacts (epoch_1500): ./results/e15_5_s1/tuning/k9_a0p9/figures/spatial_analysis_epoch_1500.pdf | ./results/e15_5_s1/tuning/k9_a0p9/predictions/embedding_joint_epoch_1500.h5ad
2026-04-03 12:28:38,612 | INFO | SFEvaluateRange | Evaluating epoch 1600 with ckpt_1600.pth
2026-04-03 12:28:51,159 | INFO | SFEvaluateRange | Eval metrics (epoch_1600) | checkpoint=ckpt_1600.pth | epoch=Epoch 1600 | latent_moran=0.4246 | cluster_moran=0.6582
2026-04-03 12:28:51,159 | INFO | SFEvaluateRange | GT metrics (epoch_1600) | checkpoint=ckpt_1600.pth | epoch=Epoch 1600 | ARI=0.4699 | NMI=0.6273 | AMI=0.6209 | HOM=0.6784 | n_valid=1949
2026-04-03 12:28:51,159 | INFO | SFEvaluateRange | Artifacts (epoch_1600): ./results/e15_5_s1/tuning/k9_a0p9/figures/spatial_analysis_epoch_1600.pdf | ./results/e15_5_s1/tuning/k9_a0p9/predictions/embedding_joint_epoch_1600.h5ad
2026-04-03 12:28:51,160 | INFO | SFEvaluateRange | Evaluating epoch 1700 with ckpt_1700.pth
2026-04-03 12:29:04,599 | INFO | SFEvaluateRange | Eval metrics (epoch_1700) | checkpoint=ckpt_1700.pth | epoch=Epoch 1700 | latent_moran=0.4253 | cluster_moran=0.6379
2026-04-03 12:29:04,599 | INFO | SFEvaluateRange | GT metrics (epoch_1700) | checkpoint=ckpt_1700.pth | epoch=Epoch 1700 | ARI=0.4565 | NMI=0.6105 | AMI=0.6040 | HOM=0.6688 | n_valid=1949
2026-04-03 12:29:04,600 | INFO | SFEvaluateRange | Artifacts (epoch_1700): ./results/e15_5_s1/tuning/k9_a0p9/figures/spatial_analysis_epoch_1700.pdf | ./results/e15_5_s1/tuning/k9_a0p9/predictions/embedding_joint_epoch_1700.h5ad
2026-04-03 12:29:04,600 | INFO | SFEvaluateRange | Evaluating epoch 1800 with ckpt_1800.pth
2026-04-03 12:29:18,590 | INFO | SFEvaluateRange | Eval metrics (epoch_1800) | checkpoint=ckpt_1800.pth | epoch=Epoch 1800 | latent_moran=0.4254 | cluster_moran=0.6570
2026-04-03 12:29:18,591 | INFO | SFEvaluateRange | GT metrics (epoch_1800) | checkpoint=ckpt_1800.pth | epoch=Epoch 1800 | ARI=0.4410 | NMI=0.6071 | AMI=0.6004 | HOM=0.6601 | n_valid=1949
2026-04-03 12:29:18,591 | INFO | SFEvaluateRange | Artifacts (epoch_1800): ./results/e15_5_s1/tuning/k9_a0p9/figures/spatial_analysis_epoch_1800.pdf | ./results/e15_5_s1/tuning/k9_a0p9/predictions/embedding_joint_epoch_1800.h5ad
2026-04-03 12:29:18,591 | INFO | SFEvaluateRange | Evaluating epoch 1900 with ckpt_1900.pth
2026-04-03 12:29:31,261 | INFO | SFEvaluateRange | Eval metrics (epoch_1900) | checkpoint=ckpt_1900.pth | epoch=Epoch 1900 | latent_moran=0.4257 | cluster_moran=0.6695
2026-04-03 12:29:31,261 | INFO | SFEvaluateRange | GT metrics (epoch_1900) | checkpoint=ckpt_1900.pth | epoch=Epoch 1900 | ARI=0.4593 | NMI=0.6167 | AMI=0.6102 | HOM=0.6691 | n_valid=1949
2026-04-03 12:29:31,262 | INFO | SFEvaluateRange | Artifacts (epoch_1900): ./results/e15_5_s1/tuning/k9_a0p9/figures/spatial_analysis_epoch_1900.pdf | ./results/e15_5_s1/tuning/k9_a0p9/predictions/embedding_joint_epoch_1900.h5ad
2026-04-03 12:29:31,262 | INFO | SFEvaluateRange | Evaluating epoch 2000 with ckpt_best.pth
2026-04-03 12:29:43,694 | INFO | SFEvaluateRange | Eval metrics (epoch_2000_best) | checkpoint=ckpt_best.pth | epoch=Epoch 2000 (BEST) | latent_moran=0.4345 | cluster_moran=0.6620
2026-04-03 12:29:43,695 | INFO | SFEvaluateRange | GT metrics (epoch_2000_best) | checkpoint=ckpt_best.pth | epoch=Epoch 2000 (BEST) | ARI=0.4522 | NMI=0.6197 | AMI=0.6131 | HOM=0.6677 | n_valid=1949
2026-04-03 12:29:43,695 | INFO | SFEvaluateRange | Artifacts (epoch_2000_best): ./results/e15_5_s1/tuning/k9_a0p9/figures/spatial_analysis_epoch_2000_best.pdf | ./results/e15_5_s1/tuning/k9_a0p9/predictions/embedding_joint_epoch_2000_best.h5ad
2026-04-03 12:29:43,695 | INFO | SFEvaluateRange | Evaluating epoch 2100 with ckpt_2100.pth
2026-04-03 12:29:56,199 | INFO | SFEvaluateRange | Eval metrics (epoch_2100) | checkpoint=ckpt_2100.pth | epoch=Epoch 2100 | latent_moran=0.4281 | cluster_moran=0.6532
2026-04-03 12:29:56,199 | INFO | SFEvaluateRange | GT metrics (epoch_2100) | checkpoint=ckpt_2100.pth | epoch=Epoch 2100 | ARI=0.4443 | NMI=0.6100 | AMI=0.6034 | HOM=0.6675 | n_valid=1949
2026-04-03 12:29:56,199 | INFO | SFEvaluateRange | Artifacts (epoch_2100): ./results/e15_5_s1/tuning/k9_a0p9/figures/spatial_analysis_epoch_2100.pdf | ./results/e15_5_s1/tuning/k9_a0p9/predictions/embedding_joint_epoch_2100.h5ad
2026-04-03 12:29:56,200 | INFO | SFEvaluateRange | Evaluating epoch 2200 with ckpt_2200.pth
2026-04-03 12:30:08,762 | INFO | SFEvaluateRange | Eval metrics (epoch_2200) | checkpoint=ckpt_2200.pth | epoch=Epoch 2200 | latent_moran=0.4292 | cluster_moran=0.6693
2026-04-03 12:30:08,762 | INFO | SFEvaluateRange | GT metrics (epoch_2200) | checkpoint=ckpt_2200.pth | epoch=Epoch 2200 | ARI=0.3773 | NMI=0.6035 | AMI=0.5969 | HOM=0.6678 | n_valid=1949
2026-04-03 12:30:08,763 | INFO | SFEvaluateRange | Artifacts (epoch_2200): ./results/e15_5_s1/tuning/k9_a0p9/figures/spatial_analysis_epoch_2200.pdf | ./results/e15_5_s1/tuning/k9_a0p9/predictions/embedding_joint_epoch_2200.h5ad
2026-04-03 12:30:08,763 | INFO | SFEvaluateRange | Evaluating epoch 2300 with ckpt_2300.pth
2026-04-03 12:30:20,754 | INFO | SFEvaluateRange | Eval metrics (epoch_2300) | checkpoint=ckpt_2300.pth | epoch=Epoch 2300 | latent_moran=0.4304 | cluster_moran=0.6730
2026-04-03 12:30:20,754 | INFO | SFEvaluateRange | GT metrics (epoch_2300) | checkpoint=ckpt_2300.pth | epoch=Epoch 2300 | ARI=0.4681 | NMI=0.6260 | AMI=0.6197 | HOM=0.6904 | n_valid=1949
2026-04-03 12:30:20,754 | INFO | SFEvaluateRange | Artifacts (epoch_2300): ./results/e15_5_s1/tuning/k9_a0p9/figures/spatial_analysis_epoch_2300.pdf | ./results/e15_5_s1/tuning/k9_a0p9/predictions/embedding_joint_epoch_2300.h5ad
2026-04-03 12:30:20,754 | INFO | SFEvaluateRange | Evaluating epoch 2400 with ckpt_2400.pth
2026-04-03 12:30:32,698 | INFO | SFEvaluateRange | Eval metrics (epoch_2400) | checkpoint=ckpt_2400.pth | epoch=Epoch 2400 | latent_moran=0.4311 | cluster_moran=0.6599
2026-04-03 12:30:32,698 | INFO | SFEvaluateRange | GT metrics (epoch_2400) | checkpoint=ckpt_2400.pth | epoch=Epoch 2400 | ARI=0.4417 | NMI=0.6081 | AMI=0.6016 | HOM=0.6690 | n_valid=1949
2026-04-03 12:30:32,699 | INFO | SFEvaluateRange | Artifacts (epoch_2400): ./results/e15_5_s1/tuning/k9_a0p9/figures/spatial_analysis_epoch_2400.pdf | ./results/e15_5_s1/tuning/k9_a0p9/predictions/embedding_joint_epoch_2400.h5ad
2026-04-03 12:30:32,699 | INFO | SFEvaluateRange | Evaluating epoch 2500 with ckpt_2500.pth
2026-04-03 12:30:44,576 | INFO | SFEvaluateRange | Eval metrics (epoch_2500) | checkpoint=ckpt_2500.pth | epoch=Epoch 2500 | latent_moran=0.4320 | cluster_moran=0.6852
2026-04-03 12:30:44,576 | INFO | SFEvaluateRange | GT metrics (epoch_2500) | checkpoint=ckpt_2500.pth | epoch=Epoch 2500 | ARI=0.4544 | NMI=0.6215 | AMI=0.6150 | HOM=0.6716 | n_valid=1949
2026-04-03 12:30:44,576 | INFO | SFEvaluateRange | Artifacts (epoch_2500): ./results/e15_5_s1/tuning/k9_a0p9/figures/spatial_analysis_epoch_2500.pdf | ./results/e15_5_s1/tuning/k9_a0p9/predictions/embedding_joint_epoch_2500.h5ad
2026-04-03 12:30:44,577 | INFO | SFEvaluateRange | Evaluating epoch 2600 with ckpt_2600.pth
2026-04-03 12:30:58,001 | INFO | SFEvaluateRange | Eval metrics (epoch_2600) | checkpoint=ckpt_2600.pth | epoch=Epoch 2600 | latent_moran=0.4324 | cluster_moran=0.6669
2026-04-03 12:30:58,001 | INFO | SFEvaluateRange | GT metrics (epoch_2600) | checkpoint=ckpt_2600.pth | epoch=Epoch 2600 | ARI=0.4789 | NMI=0.6282 | AMI=0.6219 | HOM=0.6859 | n_valid=1949
2026-04-03 12:30:58,002 | INFO | SFEvaluateRange | Artifacts (epoch_2600): ./results/e15_5_s1/tuning/k9_a0p9/figures/spatial_analysis_epoch_2600.pdf | ./results/e15_5_s1/tuning/k9_a0p9/predictions/embedding_joint_epoch_2600.h5ad
2026-04-03 12:30:58,002 | INFO | SFEvaluateRange | Evaluating epoch 2700 with ckpt_2700.pth
2026-04-03 12:31:10,710 | INFO | SFEvaluateRange | Eval metrics (epoch_2700) | checkpoint=ckpt_2700.pth | epoch=Epoch 2700 | latent_moran=0.4332 | cluster_moran=0.6608
2026-04-03 12:31:10,710 | INFO | SFEvaluateRange | GT metrics (epoch_2700) | checkpoint=ckpt_2700.pth | epoch=Epoch 2700 | ARI=0.4543 | NMI=0.6152 | AMI=0.6087 | HOM=0.6727 | n_valid=1949
2026-04-03 12:31:10,710 | INFO | SFEvaluateRange | Artifacts (epoch_2700): ./results/e15_5_s1/tuning/k9_a0p9/figures/spatial_analysis_epoch_2700.pdf | ./results/e15_5_s1/tuning/k9_a0p9/predictions/embedding_joint_epoch_2700.h5ad
2026-04-03 12:31:10,710 | INFO | SFEvaluateRange | Evaluating epoch 2800 with ckpt_2800.pth
2026-04-03 12:31:25,470 | INFO | SFEvaluateRange | Eval metrics (epoch_2800) | checkpoint=ckpt_2800.pth | epoch=Epoch 2800 | latent_moran=0.4336 | cluster_moran=0.6761
2026-04-03 12:31:25,470 | INFO | SFEvaluateRange | GT metrics (epoch_2800) | checkpoint=ckpt_2800.pth | epoch=Epoch 2800 | ARI=0.3574 | NMI=0.6032 | AMI=0.5967 | HOM=0.6725 | n_valid=1949
2026-04-03 12:31:25,471 | INFO | SFEvaluateRange | Artifacts (epoch_2800): ./results/e15_5_s1/tuning/k9_a0p9/figures/spatial_analysis_epoch_2800.pdf | ./results/e15_5_s1/tuning/k9_a0p9/predictions/embedding_joint_epoch_2800.h5ad
2026-04-03 12:31:25,471 | INFO | SFEvaluateRange | Evaluating epoch 2900 with ckpt_2900.pth
2026-04-03 12:31:37,990 | INFO | SFEvaluateRange | Eval metrics (epoch_2900) | checkpoint=ckpt_2900.pth | epoch=Epoch 2900 | latent_moran=0.4341 | cluster_moran=0.6661
2026-04-03 12:31:37,990 | INFO | SFEvaluateRange | GT metrics (epoch_2900) | checkpoint=ckpt_2900.pth | epoch=Epoch 2900 | ARI=0.4451 | NMI=0.6155 | AMI=0.6089 | HOM=0.6638 | n_valid=1949
2026-04-03 12:31:37,991 | INFO | SFEvaluateRange | Artifacts (epoch_2900): ./results/e15_5_s1/tuning/k9_a0p9/figures/spatial_analysis_epoch_2900.pdf | ./results/e15_5_s1/tuning/k9_a0p9/predictions/embedding_joint_epoch_2900.h5ad
2026-04-03 12:31:37,991 | INFO | SFEvaluateRange | Evaluating epoch 3000 with ckpt_3000.pth
2026-04-03 12:31:50,411 | INFO | SFEvaluateRange | Eval metrics (epoch_3000) | checkpoint=ckpt_3000.pth | epoch=Epoch 3000 | latent_moran=0.4349 | cluster_moran=0.6810
2026-04-03 12:31:50,411 | INFO | SFEvaluateRange | GT metrics (epoch_3000) | checkpoint=ckpt_3000.pth | epoch=Epoch 3000 | ARI=0.4042 | NMI=0.6132 | AMI=0.6067 | HOM=0.6770 | n_valid=1949
2026-04-03 12:31:50,412 | INFO | SFEvaluateRange | Artifacts (epoch_3000): ./results/e15_5_s1/tuning/k9_a0p9/figures/spatial_analysis_epoch_3000.pdf | ./results/e15_5_s1/tuning/k9_a0p9/predictions/embedding_joint_epoch_3000.h5ad
2026-04-03 12:31:50,412 | INFO | SFEvaluateRange | Range evaluation complete. Success=16 | Failed/Skipped=0

========================================================================================
