2026-04-03 08:58:29,805 | INFO | SFPreprocess | [Phase 1] Starting Data Preprocessing...
2026-04-03 08:58:29,805 | INFO | SFPreprocess | Loading raw data...
2026-04-03 08:58:29,805 | INFO | SFPreprocess | Data loader: paired h5ad
2026-04-03 08:59:07,034 | INFO | SFPreprocess | Aligned final cells: RNA=2129, ATAC=2129
2026-04-03 08:59:27,993 | INFO | SFPreprocess | Reduced shapes: RNA=(2129, 512), ATAC=(2129, 512)
2026-04-03 08:59:30,822 | INFO | SFPreprocess | Saving processed tensors...
2026-04-03 08:59:30,853 | INFO | SFPreprocess | Preprocessing complete: data/processed/tuning/e8/processed_data.pt

========================================================================================
2026-04-03 08:59:37,421 | INFO | SFTrainer | [Phase 2] Starting Model Training...
2026-04-03 08:59:37,421 | INFO | SFTrainer | Loading processed data...
2026-04-03 08:59:37,456 | INFO | SFTrainer | Data ready: RNA=torch.Size([2129, 512]), ATAC=torch.Size([2129, 512]), edges=17032
2026-04-03 08:59:37,456 | INFO | SFTrainer | Initializing model...
2026-04-03 08:59:37,887 | INFO | SFTrainer | Training started.
2026-04-03 08:59:37,887 | INFO | SFTrainer | Training started: epochs=3000
2026-04-03 08:59:40,261 | INFO | SFTrainer | Epoch 010 | total 71.7204 | rec_rna 8.7146 | rec_atac 24.3213 | clip 7.6526 | clip_weight 0.5000 | lr 1.00e-03 | best 71.7204
2026-04-03 08:59:41,385 | INFO | SFTrainer | Epoch 020 | total 67.2738 | rec_rna 8.4453 | rec_atac 21.2436 | clip 7.6072 | clip_weight 0.5000 | lr 1.00e-03 | best 67.2738
2026-04-03 08:59:42,524 | INFO | SFTrainer | Epoch 030 | total 65.7924 | rec_rna 8.3661 | rec_atac 20.2213 | clip 7.4808 | clip_weight 0.5000 | lr 1.00e-03 | best 65.7924
2026-04-03 08:59:43,658 | INFO | SFTrainer | Epoch 040 | total 65.1755 | rec_rna 8.2969 | rec_atac 20.0501 | clip 7.2821 | clip_weight 0.5000 | lr 1.00e-03 | best 65.1755
2026-04-03 08:59:44,908 | INFO | SFTrainer | Epoch 050 | total 64.3824 | rec_rna 8.2123 | rec_atac 19.7693 | clip 7.1031 | clip_weight 0.5000 | lr 1.00e-03 | best 64.3824
2026-04-03 08:59:46,082 | INFO | SFTrainer | Epoch 060 | total 62.6925 | rec_rna 8.0812 | rec_atac 18.8190 | clip 6.9350 | clip_weight 0.5000 | lr 1.00e-03 | best 62.6925
2026-04-03 08:59:47,197 | INFO | SFTrainer | Epoch 070 | total 61.4551 | rec_rna 7.9907 | rec_atac 18.0931 | clip 6.8175 | clip_weight 0.5000 | lr 1.00e-03 | best 61.4551
2026-04-03 08:59:48,313 | INFO | SFTrainer | Epoch 080 | total 60.4329 | rec_rna 7.9014 | rec_atac 17.5715 | clip 6.7093 | clip_weight 0.5000 | lr 1.00e-03 | best 60.4329
2026-04-03 08:59:49,472 | INFO | SFTrainer | Epoch 090 | total 59.3760 | rec_rna 7.8121 | rec_atac 17.0026 | clip 6.6262 | clip_weight 0.5000 | lr 1.00e-03 | best 59.3760
2026-04-03 08:59:50,652 | INFO | SFTrainer | Epoch 100 | total 58.4871 | rec_rna 7.7213 | rec_atac 16.6009 | clip 6.5590 | clip_weight 0.5000 | lr 1.00e-03 | best 58.4871
2026-04-03 08:59:51,777 | INFO | SFTrainer | Epoch 110 | total 57.5612 | rec_rna 7.6029 | rec_atac 16.2975 | clip 6.4988 | clip_weight 0.5000 | lr 1.00e-03 | best 57.5612
2026-04-03 08:59:52,904 | INFO | SFTrainer | Epoch 120 | total 56.7231 | rec_rna 7.4844 | rec_atac 16.0763 | clip 6.4502 | clip_weight 0.5000 | lr 1.00e-03 | best 56.7231
2026-04-03 08:59:54,097 | INFO | SFTrainer | Epoch 130 | total 55.7926 | rec_rna 7.3512 | rec_atac 15.8298 | clip 6.4134 | clip_weight 0.5000 | lr 1.00e-03 | best 55.7926
2026-04-03 08:59:55,217 | INFO | SFTrainer | Epoch 140 | total 54.9828 | rec_rna 7.2223 | rec_atac 15.6864 | clip 6.3695 | clip_weight 0.5000 | lr 1.00e-03 | best 54.9828
2026-04-03 08:59:56,305 | INFO | SFTrainer | Epoch 150 | total 54.1085 | rec_rna 7.0849 | rec_atac 15.5181 | clip 6.3321 | clip_weight 0.5000 | lr 1.00e-03 | best 54.1085
2026-04-03 08:59:57,468 | INFO | SFTrainer | Epoch 160 | total 53.2223 | rec_rna 6.9467 | rec_atac 15.3401 | clip 6.2972 | clip_weight 0.5000 | lr 1.00e-03 | best 53.2223
2026-04-03 08:59:58,747 | INFO | SFTrainer | Epoch 170 | total 52.4151 | rec_rna 6.8211 | rec_atac 15.1705 | clip 6.2783 | clip_weight 0.5000 | lr 1.00e-03 | best 52.4151
2026-04-03 08:59:59,885 | INFO | SFTrainer | Epoch 180 | total 51.5994 | rec_rna 6.6889 | rec_atac 15.0221 | clip 6.2659 | clip_weight 0.5000 | lr 1.00e-03 | best 51.5994
2026-04-03 09:00:01,035 | INFO | SFTrainer | Epoch 190 | total 50.8184 | rec_rna 6.5688 | rec_atac 14.8540 | clip 6.2402 | clip_weight 0.5000 | lr 1.00e-03 | best 50.8184
2026-04-03 09:00:02,176 | INFO | SFTrainer | Epoch 200 | total 50.0103 | rec_rna 6.4425 | rec_atac 14.6918 | clip 6.2119 | clip_weight 0.5000 | lr 1.00e-03 | best 50.0103
2026-04-03 09:00:03,359 | INFO | SFTrainer | Epoch 210 | total 49.2082 | rec_rna 6.3213 | rec_atac 14.5134 | clip 6.1764 | clip_weight 0.5000 | lr 1.00e-03 | best 49.2082
2026-04-03 09:00:04,479 | INFO | SFTrainer | Epoch 220 | total 48.4986 | rec_rna 6.2108 | rec_atac 14.3623 | clip 6.1647 | clip_weight 0.5000 | lr 1.00e-03 | best 48.4986
2026-04-03 09:00:05,609 | INFO | SFTrainer | Epoch 230 | total 47.7414 | rec_rna 6.0915 | rec_atac 14.2161 | clip 6.1358 | clip_weight 0.5000 | lr 1.00e-03 | best 47.7414
2026-04-03 09:00:06,728 | INFO | SFTrainer | Epoch 240 | total 47.0686 | rec_rna 5.9967 | rec_atac 14.0299 | clip 6.1100 | clip_weight 0.5000 | lr 1.00e-03 | best 47.0686
2026-04-03 09:00:07,868 | INFO | SFTrainer | Epoch 250 | total 46.3763 | rec_rna 5.8951 | rec_atac 13.8644 | clip 6.0728 | clip_weight 0.5000 | lr 1.00e-03 | best 46.3763
2026-04-03 09:00:09,017 | INFO | SFTrainer | Epoch 260 | total 45.6871 | rec_rna 5.7941 | rec_atac 13.6932 | clip 6.0467 | clip_weight 0.5000 | lr 1.00e-03 | best 45.6871
2026-04-03 09:00:10,094 | INFO | SFTrainer | Epoch 270 | total 44.9727 | rec_rna 5.6888 | rec_atac 13.5122 | clip 6.0326 | clip_weight 0.5000 | lr 1.00e-03 | best 44.9727
2026-04-03 09:00:11,163 | INFO | SFTrainer | Epoch 280 | total 44.3851 | rec_rna 5.6050 | rec_atac 13.3421 | clip 6.0364 | clip_weight 0.5000 | lr 1.00e-03 | best 44.3834
2026-04-03 09:00:12,225 | INFO | SFTrainer | Epoch 290 | total 43.7586 | rec_rna 5.5195 | rec_atac 13.1685 | clip 5.9855 | clip_weight 0.5000 | lr 1.00e-03 | best 43.7331
2026-04-03 09:00:13,442 | INFO | SFTrainer | Epoch 300 | total 43.1252 | rec_rna 5.4273 | rec_atac 13.0049 | clip 5.9674 | clip_weight 0.5000 | lr 1.00e-03 | best 43.1252
2026-04-03 09:00:14,703 | INFO | SFTrainer | Epoch 310 | total 42.5465 | rec_rna 5.3532 | rec_atac 12.8063 | clip 5.9489 | clip_weight 0.5000 | lr 1.00e-03 | best 42.5465
2026-04-03 09:00:15,771 | INFO | SFTrainer | Epoch 320 | total 41.8516 | rec_rna 5.2564 | rec_atac 12.6065 | clip 5.9258 | clip_weight 0.5000 | lr 1.00e-03 | best 41.8516
2026-04-03 09:00:16,819 | INFO | SFTrainer | Epoch 330 | total 41.3855 | rec_rna 5.1998 | rec_atac 12.4411 | clip 5.8907 | clip_weight 0.5000 | lr 1.00e-03 | best 41.3855
2026-04-03 09:00:17,882 | INFO | SFTrainer | Epoch 340 | total 40.8570 | rec_rna 5.1323 | rec_atac 12.2561 | clip 5.8785 | clip_weight 0.5000 | lr 1.00e-03 | best 40.8570
2026-04-03 09:00:18,926 | INFO | SFTrainer | Epoch 350 | total 40.2094 | rec_rna 5.0480 | rec_atac 12.0497 | clip 5.8391 | clip_weight 0.5000 | lr 1.00e-03 | best 40.2094
2026-04-03 09:00:20,081 | INFO | SFTrainer | Epoch 360 | total 39.6440 | rec_rna 4.9766 | rec_atac 11.8518 | clip 5.8188 | clip_weight 0.5000 | lr 1.00e-03 | best 39.6440
2026-04-03 09:00:21,132 | INFO | SFTrainer | Epoch 370 | total 39.2095 | rec_rna 4.9256 | rec_atac 11.6769 | clip 5.8092 | clip_weight 0.5000 | lr 1.00e-03 | best 39.2095
2026-04-03 09:00:22,201 | INFO | SFTrainer | Epoch 380 | total 38.8548 | rec_rna 4.8835 | rec_atac 11.5445 | clip 5.7854 | clip_weight 0.5000 | lr 1.00e-03 | best 38.8402
2026-04-03 09:00:23,322 | INFO | SFTrainer | Epoch 390 | total 38.3059 | rec_rna 4.8161 | rec_atac 11.3467 | clip 5.7570 | clip_weight 0.5000 | lr 1.00e-03 | best 38.3059
2026-04-03 09:00:24,358 | INFO | SFTrainer | Epoch 400 | total 37.9370 | rec_rna 4.7654 | rec_atac 11.2284 | clip 5.7628 | clip_weight 0.5000 | lr 1.00e-03 | best 37.9370
2026-04-03 09:00:25,454 | INFO | SFTrainer | Epoch 410 | total 37.4700 | rec_rna 4.7172 | rec_atac 11.0300 | clip 5.7083 | clip_weight 0.5000 | lr 1.00e-03 | best 37.4700
2026-04-03 09:00:26,548 | INFO | SFTrainer | Epoch 420 | total 37.0622 | rec_rna 4.6659 | rec_atac 10.8869 | clip 5.6918 | clip_weight 0.5000 | lr 1.00e-03 | best 37.0622
2026-04-03 09:00:27,618 | INFO | SFTrainer | Epoch 430 | total 36.7252 | rec_rna 4.6325 | rec_atac 10.7253 | clip 5.6744 | clip_weight 0.5000 | lr 1.00e-03 | best 36.6465
2026-04-03 09:00:28,587 | INFO | SFTrainer | Epoch 440 | total 36.3124 | rec_rna 4.5802 | rec_atac 10.5945 | clip 5.6339 | clip_weight 0.5000 | lr 1.00e-03 | best 36.3030
2026-04-03 09:00:29,594 | INFO | SFTrainer | Epoch 450 | total 35.9338 | rec_rna 4.5309 | rec_atac 10.4717 | clip 5.6157 | clip_weight 0.5000 | lr 1.00e-03 | best 35.9338
2026-04-03 09:00:30,566 | INFO | SFTrainer | Epoch 460 | total 35.6062 | rec_rna 4.4947 | rec_atac 10.3243 | clip 5.6174 | clip_weight 0.5000 | lr 1.00e-03 | best 35.5982
2026-04-03 09:00:31,552 | INFO | SFTrainer | Epoch 470 | total 35.2209 | rec_rna 4.4493 | rec_atac 10.1832 | clip 5.5819 | clip_weight 0.5000 | lr 1.00e-03 | best 35.2209
2026-04-03 09:00:32,596 | INFO | SFTrainer | Epoch 480 | total 34.9235 | rec_rna 4.4106 | rec_atac 10.0901 | clip 5.5605 | clip_weight 0.5000 | lr 1.00e-03 | best 34.9235
2026-04-03 09:00:33,546 | INFO | SFTrainer | Epoch 490 | total 34.7441 | rec_rna 4.3984 | rec_atac 9.9849 | clip 5.5344 | clip_weight 0.5000 | lr 1.00e-03 | best 34.6876
2026-04-03 09:00:34,666 | INFO | SFTrainer | Epoch 500 | total 34.3213 | rec_rna 4.3456 | rec_atac 9.8414 | clip 5.5041 | clip_weight 0.5000 | lr 1.00e-03 | best 34.3213
2026-04-03 09:00:35,726 | INFO | SFTrainer | Epoch 510 | total 34.1116 | rec_rna 4.3271 | rec_atac 9.7293 | clip 5.4937 | clip_weight 0.5000 | lr 1.00e-03 | best 34.1116
2026-04-03 09:00:36,696 | INFO | SFTrainer | Epoch 520 | total 33.8203 | rec_rna 4.2896 | rec_atac 9.6505 | clip 5.4439 | clip_weight 0.5000 | lr 1.00e-03 | best 33.8203
2026-04-03 09:00:37,731 | INFO | SFTrainer | Epoch 530 | total 33.5006 | rec_rna 4.2573 | rec_atac 9.4987 | clip 5.4308 | clip_weight 0.5000 | lr 1.00e-03 | best 33.5006
2026-04-03 09:00:38,702 | INFO | SFTrainer | Epoch 540 | total 33.2688 | rec_rna 4.2308 | rec_atac 9.4109 | clip 5.4075 | clip_weight 0.5000 | lr 1.00e-03 | best 33.2688
2026-04-03 09:00:39,766 | INFO | SFTrainer | Epoch 550 | total 33.0316 | rec_rna 4.2028 | rec_atac 9.3276 | clip 5.3803 | clip_weight 0.5000 | lr 1.00e-03 | best 33.0316
2026-04-03 09:00:40,777 | INFO | SFTrainer | Epoch 560 | total 32.9173 | rec_rna 4.1957 | rec_atac 9.2481 | clip 5.3816 | clip_weight 0.5000 | lr 1.00e-03 | best 32.8227
2026-04-03 09:00:41,708 | INFO | SFTrainer | Epoch 570 | total 32.6393 | rec_rna 4.1631 | rec_atac 9.1572 | clip 5.3328 | clip_weight 0.5000 | lr 1.00e-03 | best 32.6105
2026-04-03 09:00:42,585 | INFO | SFTrainer | Epoch 580 | total 32.5112 | rec_rna 4.1507 | rec_atac 9.1073 | clip 5.3006 | clip_weight 0.5000 | lr 1.00e-03 | best 32.4558
2026-04-03 09:00:43,551 | INFO | SFTrainer | Epoch 590 | total 32.2000 | rec_rna 4.1091 | rec_atac 9.0093 | clip 5.2908 | clip_weight 0.5000 | lr 1.00e-03 | best 32.1908
2026-04-03 09:00:44,426 | INFO | SFTrainer | Epoch 600 | total 32.1109 | rec_rna 4.1010 | rec_atac 8.9727 | clip 5.2668 | clip_weight 0.5000 | lr 1.00e-03 | best 32.0591
2026-04-03 09:00:45,374 | INFO | SFTrainer | Epoch 610 | total 31.9477 | rec_rna 4.0808 | rec_atac 8.9093 | clip 5.2688 | clip_weight 0.5000 | lr 1.00e-03 | best 31.9029
2026-04-03 09:00:46,374 | INFO | SFTrainer | Epoch 620 | total 31.6948 | rec_rna 4.0573 | rec_atac 8.7977 | clip 5.2215 | clip_weight 0.5000 | lr 1.00e-03 | best 31.6948
2026-04-03 09:00:47,371 | INFO | SFTrainer | Epoch 630 | total 31.5741 | rec_rna 4.0406 | rec_atac 8.7658 | clip 5.2109 | clip_weight 0.5000 | lr 1.00e-03 | best 31.4836
2026-04-03 09:00:48,362 | INFO | SFTrainer | Epoch 640 | total 31.2268 | rec_rna 4.0003 | rec_atac 8.6506 | clip 5.1491 | clip_weight 0.5000 | lr 1.00e-03 | best 31.2268
2026-04-03 09:00:49,247 | INFO | SFTrainer | Epoch 650 | total 31.2167 | rec_rna 4.0098 | rec_atac 8.6066 | clip 5.1223 | clip_weight 0.5000 | lr 1.00e-03 | best 31.1603
2026-04-03 09:00:50,195 | INFO | SFTrainer | Epoch 660 | total 31.0717 | rec_rna 3.9912 | rec_atac 8.5633 | clip 5.1046 | clip_weight 0.5000 | lr 1.00e-03 | best 31.0237
2026-04-03 09:00:51,100 | INFO | SFTrainer | Epoch 670 | total 30.8418 | rec_rna 3.9611 | rec_atac 8.5011 | clip 5.0709 | clip_weight 0.5000 | lr 1.00e-03 | best 30.8240
2026-04-03 09:00:52,022 | INFO | SFTrainer | Epoch 680 | total 30.7520 | rec_rna 3.9451 | rec_atac 8.4867 | clip 5.0796 | clip_weight 0.5000 | lr 1.00e-03 | best 30.6605
2026-04-03 09:00:53,000 | INFO | SFTrainer | Epoch 690 | total 30.6115 | rec_rna 3.9316 | rec_atac 8.4375 | clip 5.0319 | clip_weight 0.5000 | lr 1.00e-03 | best 30.6115
2026-04-03 09:00:53,964 | INFO | SFTrainer | Epoch 700 | total 30.5240 | rec_rna 3.9305 | rec_atac 8.3663 | clip 5.0106 | clip_weight 0.5000 | lr 1.00e-03 | best 30.4389
2026-04-03 09:00:54,962 | INFO | SFTrainer | Epoch 710 | total 30.2333 | rec_rna 3.8901 | rec_atac 8.3023 | clip 4.9609 | clip_weight 0.5000 | lr 1.00e-03 | best 30.2333
2026-04-03 09:00:55,879 | INFO | SFTrainer | Epoch 720 | total 30.0988 | rec_rna 3.8731 | rec_atac 8.2522 | clip 4.9624 | clip_weight 0.5000 | lr 1.00e-03 | best 30.0988
2026-04-03 09:00:56,795 | INFO | SFTrainer | Epoch 730 | total 29.9382 | rec_rna 3.8615 | rec_atac 8.1790 | clip 4.9031 | clip_weight 0.5000 | lr 1.00e-03 | best 29.9382
2026-04-03 09:00:57,687 | INFO | SFTrainer | Epoch 740 | total 29.9431 | rec_rna 3.8577 | rec_atac 8.2095 | clip 4.8900 | clip_weight 0.5000 | lr 1.00e-03 | best 29.8927
2026-04-03 09:00:58,572 | INFO | SFTrainer | Epoch 750 | total 29.7688 | rec_rna 3.8428 | rec_atac 8.1229 | clip 4.8641 | clip_weight 0.5000 | lr 1.00e-03 | best 29.7055
2026-04-03 09:00:59,443 | INFO | SFTrainer | Epoch 760 | total 29.7871 | rec_rna 3.8522 | rec_atac 8.0981 | clip 4.8558 | clip_weight 0.5000 | lr 1.00e-03 | best 29.6176
2026-04-03 09:01:00,298 | INFO | SFTrainer | Epoch 770 | total 29.5319 | rec_rna 3.8175 | rec_atac 8.0486 | clip 4.7918 | clip_weight 0.5000 | lr 1.00e-03 | best 29.4517
2026-04-03 09:01:01,148 | INFO | SFTrainer | Epoch 780 | total 29.3932 | rec_rna 3.8009 | rec_atac 7.9906 | clip 4.7964 | clip_weight 0.5000 | lr 1.00e-03 | best 29.3932
2026-04-03 09:01:02,021 | INFO | SFTrainer | Epoch 790 | total 29.3586 | rec_rna 3.8003 | rec_atac 7.9902 | clip 4.7340 | clip_weight 0.5000 | lr 1.00e-03 | best 29.2847
2026-04-03 09:01:02,956 | INFO | SFTrainer | Epoch 800 | total 29.1262 | rec_rna 3.7692 | rec_atac 7.9253 | clip 4.7100 | clip_weight 0.5000 | lr 1.00e-03 | best 29.1262
2026-04-03 09:01:03,813 | INFO | SFTrainer | Epoch 810 | total 29.1370 | rec_rna 3.7741 | rec_atac 7.9067 | clip 4.7200 | clip_weight 0.5000 | lr 1.00e-03 | best 29.0501
2026-04-03 09:01:04,695 | INFO | SFTrainer | Epoch 820 | total 29.0526 | rec_rna 3.7664 | rec_atac 7.8758 | clip 4.6896 | clip_weight 0.5000 | lr 1.00e-03 | best 28.9480
2026-04-03 09:01:05,546 | INFO | SFTrainer | Epoch 830 | total 28.9016 | rec_rna 3.7482 | rec_atac 7.8382 | clip 4.6447 | clip_weight 0.5000 | lr 1.00e-03 | best 28.8700
2026-04-03 09:01:06,445 | INFO | SFTrainer | Epoch 840 | total 28.7121 | rec_rna 3.7203 | rec_atac 7.8033 | clip 4.6143 | clip_weight 0.5000 | lr 1.00e-03 | best 28.7121
2026-04-03 09:01:07,325 | INFO | SFTrainer | Epoch 850 | total 28.6460 | rec_rna 3.7176 | rec_atac 7.7634 | clip 4.5892 | clip_weight 0.5000 | lr 1.00e-03 | best 28.6460
2026-04-03 09:01:08,271 | INFO | SFTrainer | Epoch 860 | total 28.5133 | rec_rna 3.6973 | rec_atac 7.7483 | clip 4.5566 | clip_weight 0.5000 | lr 1.00e-03 | best 28.5133
2026-04-03 09:01:09,101 | INFO | SFTrainer | Epoch 870 | total 28.5371 | rec_rna 3.7120 | rec_atac 7.7050 | clip 4.5443 | clip_weight 0.5000 | lr 1.00e-03 | best 28.4786
2026-04-03 09:01:09,975 | INFO | SFTrainer | Epoch 880 | total 28.4447 | rec_rna 3.6999 | rec_atac 7.7036 | clip 4.4829 | clip_weight 0.5000 | lr 1.00e-03 | best 28.4244
2026-04-03 09:01:10,843 | INFO | SFTrainer | Epoch 890 | total 28.3892 | rec_rna 3.6946 | rec_atac 7.6834 | clip 4.4655 | clip_weight 0.5000 | lr 1.00e-03 | best 28.3340
2026-04-03 09:01:11,782 | INFO | SFTrainer | Epoch 900 | total 28.2995 | rec_rna 3.6895 | rec_atac 7.6286 | clip 4.4466 | clip_weight 0.5000 | lr 1.00e-03 | best 28.2691
2026-04-03 09:01:12,776 | INFO | SFTrainer | Epoch 910 | total 28.1248 | rec_rna 3.6585 | rec_atac 7.6299 | clip 4.4052 | clip_weight 0.5000 | lr 1.00e-03 | best 28.1248
2026-04-03 09:01:13,591 | INFO | SFTrainer | Epoch 920 | total 28.1578 | rec_rna 3.6690 | rec_atac 7.6176 | clip 4.3903 | clip_weight 0.5000 | lr 1.00e-03 | best 28.1033
2026-04-03 09:01:14,473 | INFO | SFTrainer | Epoch 930 | total 28.0827 | rec_rna 3.6640 | rec_atac 7.5792 | clip 4.3674 | clip_weight 0.5000 | lr 1.00e-03 | best 27.9685
2026-04-03 09:01:15,380 | INFO | SFTrainer | Epoch 940 | total 27.8412 | rec_rna 3.6282 | rec_atac 7.5394 | clip 4.3214 | clip_weight 0.5000 | lr 1.00e-03 | best 27.8412
2026-04-03 09:01:16,275 | INFO | SFTrainer | Epoch 950 | total 27.8009 | rec_rna 3.6337 | rec_atac 7.4879 | clip 4.2887 | clip_weight 0.5000 | lr 1.00e-03 | best 27.7949
2026-04-03 09:01:17,135 | INFO | SFTrainer | Epoch 960 | total 27.7917 | rec_rna 3.6282 | rec_atac 7.5055 | clip 4.2902 | clip_weight 0.5000 | lr 1.00e-03 | best 27.6924
2026-04-03 09:01:17,960 | INFO | SFTrainer | Epoch 970 | total 27.6822 | rec_rna 3.6177 | rec_atac 7.4725 | clip 4.2424 | clip_weight 0.5000 | lr 1.00e-03 | best 27.6495
2026-04-03 09:01:18,810 | INFO | SFTrainer | Epoch 980 | total 27.7164 | rec_rna 3.6267 | rec_atac 7.4765 | clip 4.2132 | clip_weight 0.5000 | lr 1.00e-03 | best 27.5501
2026-04-03 09:01:19,664 | INFO | SFTrainer | Epoch 990 | total 27.5170 | rec_rna 3.6074 | rec_atac 7.4018 | clip 4.1565 | clip_weight 0.5000 | lr 1.00e-03 | best 27.5170
2026-04-03 09:01:20,573 | INFO | SFTrainer | Epoch 1000 | total 27.5405 | rec_rna 3.6111 | rec_atac 7.4054 | clip 4.1595 | clip_weight 0.5000 | lr 1.00e-03 | best 27.3809
2026-04-03 09:01:21,428 | INFO | SFTrainer | Epoch 1010 | total 27.3960 | rec_rna 3.5966 | rec_atac 7.3639 | clip 4.0982 | clip_weight 0.5000 | lr 1.00e-03 | best 27.3300
2026-04-03 09:01:22,252 | INFO | SFTrainer | Epoch 1020 | total 27.3145 | rec_rna 3.5859 | rec_atac 7.3357 | clip 4.0988 | clip_weight 0.5000 | lr 1.00e-03 | best 27.2727
2026-04-03 09:01:23,092 | INFO | SFTrainer | Epoch 1030 | total 27.3071 | rec_rna 3.5787 | rec_atac 7.3784 | clip 4.0707 | clip_weight 0.5000 | lr 1.00e-03 | best 27.2649
2026-04-03 09:01:24,157 | INFO | SFTrainer | Epoch 1040 | total 27.2024 | rec_rna 3.5640 | rec_atac 7.3618 | clip 4.0407 | clip_weight 0.5000 | lr 1.00e-03 | best 27.2024
2026-04-03 09:01:25,222 | INFO | SFTrainer | Epoch 1050 | total 27.0410 | rec_rna 3.5473 | rec_atac 7.3028 | clip 4.0032 | clip_weight 0.5000 | lr 1.00e-03 | best 27.0410
2026-04-03 09:01:26,116 | INFO | SFTrainer | Epoch 1060 | total 27.0685 | rec_rna 3.5579 | rec_atac 7.2822 | clip 3.9933 | clip_weight 0.5000 | lr 1.00e-03 | best 27.0245
2026-04-03 09:01:26,953 | INFO | SFTrainer | Epoch 1070 | total 26.9806 | rec_rna 3.5477 | rec_atac 7.2835 | clip 3.9174 | clip_weight 0.5000 | lr 1.00e-03 | best 26.9791
2026-04-03 09:01:27,800 | INFO | SFTrainer | Epoch 1080 | total 26.8370 | rec_rna 3.5293 | rec_atac 7.2462 | clip 3.8883 | clip_weight 0.5000 | lr 1.00e-03 | best 26.8370
2026-04-03 09:01:28,631 | INFO | SFTrainer | Epoch 1090 | total 26.8947 | rec_rna 3.5429 | rec_atac 7.2399 | clip 3.8809 | clip_weight 0.5000 | lr 1.00e-03 | best 26.8223
2026-04-03 09:01:29,459 | INFO | SFTrainer | Epoch 1100 | total 26.8878 | rec_rna 3.5414 | rec_atac 7.2477 | clip 3.8662 | clip_weight 0.5000 | lr 1.00e-03 | best 26.8210
2026-04-03 09:01:30,336 | INFO | SFTrainer | Epoch 1110 | total 26.7294 | rec_rna 3.5211 | rec_atac 7.2086 | clip 3.8311 | clip_weight 0.5000 | lr 1.00e-03 | best 26.6586
2026-04-03 09:01:31,121 | INFO | SFTrainer | Epoch 1120 | total 26.7092 | rec_rna 3.5258 | rec_atac 7.1701 | clip 3.8202 | clip_weight 0.5000 | lr 1.00e-03 | best 26.6586
2026-04-03 09:01:31,963 | INFO | SFTrainer | Epoch 1130 | total 26.5815 | rec_rna 3.5081 | rec_atac 7.1534 | clip 3.7752 | clip_weight 0.5000 | lr 1.00e-03 | best 26.5815
2026-04-03 09:01:32,782 | INFO | SFTrainer | Epoch 1140 | total 26.5606 | rec_rna 3.5054 | rec_atac 7.1559 | clip 3.7555 | clip_weight 0.5000 | lr 1.00e-03 | best 26.5446
2026-04-03 09:01:33,610 | INFO | SFTrainer | Epoch 1150 | total 26.4931 | rec_rna 3.4974 | rec_atac 7.1483 | clip 3.7161 | clip_weight 0.5000 | lr 1.00e-03 | best 26.4580
2026-04-03 09:01:34,465 | INFO | SFTrainer | Epoch 1160 | total 26.4689 | rec_rna 3.4976 | rec_atac 7.1429 | clip 3.6760 | clip_weight 0.5000 | lr 1.00e-03 | best 26.4416
2026-04-03 09:01:35,328 | INFO | SFTrainer | Epoch 1170 | total 26.4427 | rec_rna 3.4951 | rec_atac 7.1199 | clip 3.6946 | clip_weight 0.5000 | lr 1.00e-03 | best 26.3921
2026-04-03 09:01:36,245 | INFO | SFTrainer | Epoch 1180 | total 26.3660 | rec_rna 3.4842 | rec_atac 7.1262 | clip 3.6380 | clip_weight 0.5000 | lr 1.00e-03 | best 26.3660
2026-04-03 09:01:37,197 | INFO | SFTrainer | Epoch 1190 | total 26.2971 | rec_rna 3.4754 | rec_atac 7.1117 | clip 3.6169 | clip_weight 0.5000 | lr 1.00e-03 | best 26.2704
2026-04-03 09:01:38,180 | INFO | SFTrainer | Epoch 1200 | total 26.1777 | rec_rna 3.4619 | rec_atac 7.0767 | clip 3.5829 | clip_weight 0.5000 | lr 1.00e-03 | best 26.1777
2026-04-03 09:01:39,116 | INFO | SFTrainer | Epoch 1210 | total 26.2872 | rec_rna 3.4880 | rec_atac 7.0744 | clip 3.5453 | clip_weight 0.5000 | lr 1.00e-03 | best 26.1678
2026-04-03 09:01:40,044 | INFO | SFTrainer | Epoch 1220 | total 26.1457 | rec_rna 3.4747 | rec_atac 7.0295 | clip 3.4856 | clip_weight 0.5000 | lr 1.00e-03 | best 26.1072
2026-04-03 09:01:40,939 | INFO | SFTrainer | Epoch 1230 | total 26.1262 | rec_rna 3.4666 | rec_atac 7.0546 | clip 3.4771 | clip_weight 0.5000 | lr 1.00e-03 | best 26.0354
2026-04-03 09:01:41,781 | INFO | SFTrainer | Epoch 1240 | total 26.0830 | rec_rna 3.4642 | rec_atac 7.0335 | clip 3.4574 | clip_weight 0.5000 | lr 1.00e-03 | best 26.0354
2026-04-03 09:01:42,697 | INFO | SFTrainer | Epoch 1250 | total 26.0232 | rec_rna 3.4578 | rec_atac 7.0207 | clip 3.4271 | clip_weight 0.5000 | lr 1.00e-03 | best 25.9447
2026-04-03 09:01:43,548 | INFO | SFTrainer | Epoch 1260 | total 25.9418 | rec_rna 3.4478 | rec_atac 7.0080 | clip 3.3899 | clip_weight 0.5000 | lr 1.00e-03 | best 25.8749
2026-04-03 09:01:44,372 | INFO | SFTrainer | Epoch 1270 | total 25.9807 | rec_rna 3.4563 | rec_atac 7.0271 | clip 3.3440 | clip_weight 0.5000 | lr 1.00e-03 | best 25.8749
2026-04-03 09:01:45,221 | INFO | SFTrainer | Epoch 1280 | total 25.8951 | rec_rna 3.4515 | rec_atac 6.9810 | clip 3.3129 | clip_weight 0.5000 | lr 1.00e-03 | best 25.7258
2026-04-03 09:01:46,025 | INFO | SFTrainer | Epoch 1290 | total 25.8354 | rec_rna 3.4426 | rec_atac 6.9872 | clip 3.2708 | clip_weight 0.5000 | lr 1.00e-03 | best 25.7258
2026-04-03 09:01:46,830 | INFO | SFTrainer | Epoch 1300 | total 25.7900 | rec_rna 3.4384 | rec_atac 6.9611 | clip 3.2740 | clip_weight 0.5000 | lr 1.00e-03 | best 25.7258
2026-04-03 09:01:47,729 | INFO | SFTrainer | Epoch 1310 | total 25.7176 | rec_rna 3.4281 | rec_atac 6.9598 | clip 3.2351 | clip_weight 0.5000 | lr 1.00e-03 | best 25.7176
2026-04-03 09:01:48,602 | INFO | SFTrainer | Epoch 1320 | total 25.6258 | rec_rna 3.4220 | rec_atac 6.9338 | clip 3.1640 | clip_weight 0.5000 | lr 1.00e-03 | best 25.6258
2026-04-03 09:01:49,505 | INFO | SFTrainer | Epoch 1330 | total 25.6410 | rec_rna 3.4280 | rec_atac 6.9235 | clip 3.1547 | clip_weight 0.5000 | lr 1.00e-03 | best 25.5457
2026-04-03 09:01:50,360 | INFO | SFTrainer | Epoch 1340 | total 25.5416 | rec_rna 3.4094 | rec_atac 6.9312 | clip 3.1272 | clip_weight 0.5000 | lr 1.00e-03 | best 25.4906
2026-04-03 09:01:51,222 | INFO | SFTrainer | Epoch 1350 | total 25.5448 | rec_rna 3.4161 | rec_atac 6.9198 | clip 3.0885 | clip_weight 0.5000 | lr 1.00e-03 | best 25.4235
2026-04-03 09:01:52,081 | INFO | SFTrainer | Epoch 1360 | total 25.5684 | rec_rna 3.4222 | rec_atac 6.9134 | clip 3.0879 | clip_weight 0.5000 | lr 1.00e-03 | best 25.4016
2026-04-03 09:01:52,905 | INFO | SFTrainer | Epoch 1370 | total 25.4472 | rec_rna 3.4041 | rec_atac 6.8954 | clip 3.0622 | clip_weight 0.5000 | lr 1.00e-03 | best 25.4016
2026-04-03 09:01:53,834 | INFO | SFTrainer | Epoch 1380 | total 25.4583 | rec_rna 3.4086 | rec_atac 6.8979 | clip 3.0352 | clip_weight 0.5000 | lr 1.00e-03 | best 25.2813
2026-04-03 09:01:54,639 | INFO | SFTrainer | Epoch 1390 | total 25.4084 | rec_rna 3.4110 | rec_atac 6.8609 | clip 2.9850 | clip_weight 0.5000 | lr 1.00e-03 | best 25.2813
2026-04-03 09:01:55,488 | INFO | SFTrainer | Epoch 1400 | total 25.3320 | rec_rna 3.4016 | rec_atac 6.8506 | clip 2.9465 | clip_weight 0.5000 | lr 1.00e-03 | best 25.2214
2026-04-03 09:01:56,418 | INFO | SFTrainer | Epoch 1410 | total 25.3582 | rec_rna 3.4076 | rec_atac 6.8703 | clip 2.9002 | clip_weight 0.5000 | lr 1.00e-03 | best 25.1937
2026-04-03 09:01:57,325 | INFO | SFTrainer | Epoch 1420 | total 25.2514 | rec_rna 3.3943 | rec_atac 6.8427 | clip 2.8748 | clip_weight 0.5000 | lr 1.00e-03 | best 25.1585
2026-04-03 09:01:58,203 | INFO | SFTrainer | Epoch 1430 | total 25.1911 | rec_rna 3.3888 | rec_atac 6.8360 | clip 2.8218 | clip_weight 0.5000 | lr 1.00e-03 | best 25.1251
2026-04-03 09:01:59,113 | INFO | SFTrainer | Epoch 1440 | total 25.2086 | rec_rna 3.3897 | rec_atac 6.8492 | clip 2.8215 | clip_weight 0.5000 | lr 1.00e-03 | best 25.1148
2026-04-03 09:01:59,955 | INFO | SFTrainer | Epoch 1450 | total 25.1114 | rec_rna 3.3768 | rec_atac 6.8156 | clip 2.8235 | clip_weight 0.5000 | lr 1.00e-03 | best 25.0383
2026-04-03 09:02:00,879 | INFO | SFTrainer | Epoch 1460 | total 25.0501 | rec_rna 3.3783 | rec_atac 6.8055 | clip 2.7066 | clip_weight 0.5000 | lr 1.00e-03 | best 25.0321
2026-04-03 09:02:01,756 | INFO | SFTrainer | Epoch 1470 | total 25.0147 | rec_rna 3.3699 | rec_atac 6.8014 | clip 2.7279 | clip_weight 0.5000 | lr 1.00e-03 | best 25.0147
2026-04-03 09:02:02,709 | INFO | SFTrainer | Epoch 1480 | total 24.9423 | rec_rna 3.3639 | rec_atac 6.7773 | clip 2.6909 | clip_weight 0.5000 | lr 1.00e-03 | best 24.9423
2026-04-03 09:02:03,641 | INFO | SFTrainer | Epoch 1490 | total 24.8225 | rec_rna 3.3412 | rec_atac 6.7863 | clip 2.6604 | clip_weight 0.5000 | lr 1.00e-03 | best 24.8225
2026-04-03 09:02:04,472 | INFO | SFTrainer | Epoch 1500 | total 24.9257 | rec_rna 3.3665 | rec_atac 6.7666 | clip 2.6533 | clip_weight 0.5000 | lr 1.00e-03 | best 24.8225
2026-04-03 09:02:05,350 | INFO | SFTrainer | Epoch 1510 | total 24.8974 | rec_rna 3.3651 | rec_atac 6.7658 | clip 2.6121 | clip_weight 0.5000 | lr 1.00e-03 | best 24.7541
2026-04-03 09:02:06,182 | INFO | SFTrainer | Epoch 1520 | total 24.8277 | rec_rna 3.3527 | rec_atac 6.7777 | clip 2.5733 | clip_weight 0.5000 | lr 1.00e-03 | best 24.7541
2026-04-03 09:02:07,060 | INFO | SFTrainer | Epoch 1530 | total 24.8613 | rec_rna 3.3724 | rec_atac 6.7363 | clip 2.5261 | clip_weight 0.5000 | lr 1.00e-03 | best 24.7052
2026-04-03 09:02:07,880 | INFO | SFTrainer | Epoch 1540 | total 24.8748 | rec_rna 3.3687 | rec_atac 6.7779 | clip 2.5065 | clip_weight 0.5000 | lr 1.00e-03 | best 24.7052
2026-04-03 09:02:08,811 | INFO | SFTrainer | Epoch 1550 | total 24.6685 | rec_rna 3.3440 | rec_atac 6.7268 | clip 2.4428 | clip_weight 0.5000 | lr 1.00e-03 | best 24.6674
2026-04-03 09:02:09,670 | INFO | SFTrainer | Epoch 1560 | total 24.6555 | rec_rna 3.3442 | rec_atac 6.7119 | clip 2.4447 | clip_weight 0.5000 | lr 1.00e-03 | best 24.6465
2026-04-03 09:02:10,604 | INFO | SFTrainer | Epoch 1570 | total 24.6919 | rec_rna 3.3456 | rec_atac 6.7434 | clip 2.4415 | clip_weight 0.5000 | lr 1.00e-03 | best 24.5616
2026-04-03 09:02:11,455 | INFO | SFTrainer | Epoch 1580 | total 24.6368 | rec_rna 3.3420 | rec_atac 6.7547 | clip 2.3441 | clip_weight 0.5000 | lr 1.00e-03 | best 24.5247
2026-04-03 09:02:12,316 | INFO | SFTrainer | Epoch 1590 | total 24.5146 | rec_rna 3.3266 | rec_atac 6.7107 | clip 2.3414 | clip_weight 0.5000 | lr 1.00e-03 | best 24.5146
2026-04-03 09:02:13,145 | INFO | SFTrainer | Epoch 1600 | total 24.5584 | rec_rna 3.3378 | rec_atac 6.7117 | clip 2.3152 | clip_weight 0.5000 | lr 1.00e-03 | best 24.5006
2026-04-03 09:02:14,054 | INFO | SFTrainer | Epoch 1610 | total 24.5103 | rec_rna 3.3299 | rec_atac 6.7097 | clip 2.3020 | clip_weight 0.5000 | lr 1.00e-03 | best 24.4586
2026-04-03 09:02:14,928 | INFO | SFTrainer | Epoch 1620 | total 24.3693 | rec_rna 3.3120 | rec_atac 6.6957 | clip 2.2272 | clip_weight 0.5000 | lr 1.00e-03 | best 24.3693
2026-04-03 09:02:15,732 | INFO | SFTrainer | Epoch 1630 | total 24.4650 | rec_rna 3.3306 | rec_atac 6.6793 | clip 2.2657 | clip_weight 0.5000 | lr 1.00e-03 | best 24.3693
2026-04-03 09:02:16,604 | INFO | SFTrainer | Epoch 1640 | total 24.3834 | rec_rna 3.3201 | rec_atac 6.6790 | clip 2.2075 | clip_weight 0.5000 | lr 1.00e-03 | best 24.3340
2026-04-03 09:02:17,476 | INFO | SFTrainer | Epoch 1650 | total 24.3192 | rec_rna 3.3221 | rec_atac 6.6229 | clip 2.1714 | clip_weight 0.5000 | lr 1.00e-03 | best 24.2956
2026-04-03 09:02:18,326 | INFO | SFTrainer | Epoch 1660 | total 24.3108 | rec_rna 3.3231 | rec_atac 6.6333 | clip 2.1237 | clip_weight 0.5000 | lr 1.00e-03 | best 24.2820
2026-04-03 09:02:19,227 | INFO | SFTrainer | Epoch 1670 | total 24.2873 | rec_rna 3.3112 | rec_atac 6.6743 | clip 2.1138 | clip_weight 0.5000 | lr 1.00e-03 | best 24.2735
2026-04-03 09:02:20,092 | INFO | SFTrainer | Epoch 1680 | total 24.3425 | rec_rna 3.3264 | rec_atac 6.6605 | clip 2.0998 | clip_weight 0.5000 | lr 1.00e-03 | best 24.1985
2026-04-03 09:02:20,937 | INFO | SFTrainer | Epoch 1690 | total 24.2334 | rec_rna 3.3173 | rec_atac 6.6533 | clip 1.9877 | clip_weight 0.5000 | lr 1.00e-03 | best 24.1442
2026-04-03 09:02:21,813 | INFO | SFTrainer | Epoch 1700 | total 24.2518 | rec_rna 3.3187 | rec_atac 6.6545 | clip 2.0070 | clip_weight 0.5000 | lr 1.00e-03 | best 24.1075
2026-04-03 09:02:22,695 | INFO | SFTrainer | Epoch 1710 | total 24.1704 | rec_rna 3.3025 | rec_atac 6.6461 | clip 2.0231 | clip_weight 0.5000 | lr 1.00e-03 | best 24.1037
2026-04-03 09:02:23,651 | INFO | SFTrainer | Epoch 1720 | total 24.0624 | rec_rna 3.2993 | rec_atac 6.6001 | clip 1.9315 | clip_weight 0.5000 | lr 1.00e-03 | best 24.0624
2026-04-03 09:02:24,518 | INFO | SFTrainer | Epoch 1730 | total 24.0131 | rec_rna 3.2911 | rec_atac 6.6215 | clip 1.8724 | clip_weight 0.5000 | lr 1.00e-03 | best 24.0131
2026-04-03 09:02:25,360 | INFO | SFTrainer | Epoch 1740 | total 24.0613 | rec_rna 3.2944 | rec_atac 6.6341 | clip 1.9102 | clip_weight 0.5000 | lr 1.00e-03 | best 24.0006
2026-04-03 09:02:26,212 | INFO | SFTrainer | Epoch 1750 | total 24.0802 | rec_rna 3.3041 | rec_atac 6.6275 | clip 1.8640 | clip_weight 0.5000 | lr 1.00e-03 | best 23.9880
2026-04-03 09:02:27,135 | INFO | SFTrainer | Epoch 1760 | total 24.0600 | rec_rna 3.3020 | rec_atac 6.6323 | clip 1.8357 | clip_weight 0.5000 | lr 1.00e-03 | best 23.9375
2026-04-03 09:02:28,006 | INFO | SFTrainer | Epoch 1770 | total 23.9470 | rec_rna 3.2910 | rec_atac 6.6090 | clip 1.7664 | clip_weight 0.5000 | lr 1.00e-03 | best 23.9291
2026-04-03 09:02:28,860 | INFO | SFTrainer | Epoch 1780 | total 23.9922 | rec_rna 3.3016 | rec_atac 6.5964 | clip 1.7758 | clip_weight 0.5000 | lr 1.00e-03 | best 23.9291
2026-04-03 09:02:29,694 | INFO | SFTrainer | Epoch 1790 | total 23.8557 | rec_rna 3.2786 | rec_atac 6.5814 | clip 1.7629 | clip_weight 0.5000 | lr 1.00e-03 | best 23.8262
2026-04-03 09:02:30,491 | INFO | SFTrainer | Epoch 1800 | total 23.8703 | rec_rna 3.2772 | rec_atac 6.6115 | clip 1.7455 | clip_weight 0.5000 | lr 1.00e-03 | best 23.8262
2026-04-03 09:02:31,359 | INFO | SFTrainer | Epoch 1810 | total 23.8371 | rec_rna 3.2820 | rec_atac 6.5736 | clip 1.7067 | clip_weight 0.5000 | lr 1.00e-03 | best 23.8167
2026-04-03 09:02:32,271 | INFO | SFTrainer | Epoch 1820 | total 23.8111 | rec_rna 3.2821 | rec_atac 6.5624 | clip 1.6767 | clip_weight 0.5000 | lr 1.00e-03 | best 23.7564
2026-04-03 09:02:33,093 | INFO | SFTrainer | Epoch 1830 | total 23.7965 | rec_rna 3.2842 | rec_atac 6.5437 | clip 1.6639 | clip_weight 0.5000 | lr 1.00e-03 | best 23.7564
2026-04-03 09:02:33,905 | INFO | SFTrainer | Epoch 1840 | total 23.7875 | rec_rna 3.2789 | rec_atac 6.5636 | clip 1.6584 | clip_weight 0.5000 | lr 1.00e-03 | best 23.7564
2026-04-03 09:02:34,779 | INFO | SFTrainer | Epoch 1850 | total 23.6686 | rec_rna 3.2742 | rec_atac 6.5251 | clip 1.5449 | clip_weight 0.5000 | lr 1.00e-03 | best 23.6430
2026-04-03 09:02:35,594 | INFO | SFTrainer | Epoch 1860 | total 23.7074 | rec_rna 3.2711 | rec_atac 6.5525 | clip 1.5989 | clip_weight 0.5000 | lr 1.00e-03 | best 23.6430
2026-04-03 09:02:36,387 | INFO | SFTrainer | Epoch 1870 | total 23.6788 | rec_rna 3.2750 | rec_atac 6.5473 | clip 1.5131 | clip_weight 0.5000 | lr 1.00e-03 | best 23.6430
2026-04-03 09:02:37,271 | INFO | SFTrainer | Epoch 1880 | total 23.5985 | rec_rna 3.2695 | rec_atac 6.5302 | clip 1.4414 | clip_weight 0.5000 | lr 1.00e-03 | best 23.5756
2026-04-03 09:02:38,109 | INFO | SFTrainer | Epoch 1890 | total 23.5535 | rec_rna 3.2585 | rec_atac 6.5191 | clip 1.4841 | clip_weight 0.5000 | lr 1.00e-03 | best 23.5535
2026-04-03 09:02:38,946 | INFO | SFTrainer | Epoch 1900 | total 23.6285 | rec_rna 3.2733 | rec_atac 6.5358 | clip 1.4522 | clip_weight 0.5000 | lr 1.00e-03 | best 23.5535
2026-04-03 09:02:39,827 | INFO | SFTrainer | Epoch 1910 | total 23.5845 | rec_rna 3.2591 | rec_atac 6.5579 | clip 1.4620 | clip_weight 0.5000 | lr 1.00e-03 | best 23.4904
2026-04-03 09:02:40,658 | INFO | SFTrainer | Epoch 1920 | total 23.5322 | rec_rna 3.2637 | rec_atac 6.5200 | clip 1.3872 | clip_weight 0.5000 | lr 1.00e-03 | best 23.4700
2026-04-03 09:02:41,470 | INFO | SFTrainer | Epoch 1930 | total 23.5136 | rec_rna 3.2613 | rec_atac 6.5229 | clip 1.3684 | clip_weight 0.5000 | lr 1.00e-03 | best 23.4700
2026-04-03 09:02:42,306 | INFO | SFTrainer | Epoch 1940 | total 23.6017 | rec_rna 3.2691 | rec_atac 6.5261 | clip 1.4604 | clip_weight 0.5000 | lr 1.00e-03 | best 23.4665
2026-04-03 09:02:43,184 | INFO | SFTrainer | Epoch 1950 | total 23.4712 | rec_rna 3.2601 | rec_atac 6.4848 | clip 1.3717 | clip_weight 0.5000 | lr 1.00e-03 | best 23.3692
2026-04-03 09:02:44,032 | INFO | SFTrainer | Epoch 1960 | total 23.4316 | rec_rna 3.2421 | rec_atac 6.5354 | clip 1.3712 | clip_weight 0.5000 | lr 1.00e-03 | best 23.3692
2026-04-03 09:02:44,844 | INFO | SFTrainer | Epoch 1970 | total 23.3874 | rec_rna 3.2495 | rec_atac 6.4903 | clip 1.2992 | clip_weight 0.5000 | lr 1.00e-03 | best 23.3692
2026-04-03 09:02:45,702 | INFO | SFTrainer | Epoch 1980 | total 23.4446 | rec_rna 3.2538 | rec_atac 6.5148 | clip 1.3217 | clip_weight 0.5000 | lr 1.00e-03 | best 23.3518
2026-04-03 09:02:46,588 | INFO | SFTrainer | Epoch 1990 | total 23.3446 | rec_rna 3.2359 | rec_atac 6.5251 | clip 1.2802 | clip_weight 0.5000 | lr 1.00e-03 | best 23.2771
2026-04-03 09:02:47,427 | INFO | SFTrainer | Epoch 2000 | total 23.3911 | rec_rna 3.2481 | rec_atac 6.5049 | clip 1.2912 | clip_weight 0.5000 | lr 1.00e-04 | best 23.2543
2026-04-03 09:02:48,264 | INFO | SFTrainer | Epoch 2010 | total 23.3286 | rec_rna 3.2391 | rec_atac 6.4770 | clip 1.3138 | clip_weight 0.4995 | lr 1.00e-04 | best 23.2543
2026-04-03 09:02:49,232 | INFO | SFTrainer | Epoch 2020 | total 23.1098 | rec_rna 3.2178 | rec_atac 6.4101 | clip 1.2259 | clip_weight 0.4980 | lr 1.00e-04 | best 23.1098
2026-04-03 09:02:50,188 | INFO | SFTrainer | Epoch 2030 | total 23.1298 | rec_rna 3.2160 | rec_atac 6.4495 | clip 1.2114 | clip_weight 0.4956 | lr 1.00e-04 | best 23.0105
2026-04-03 09:02:51,029 | INFO | SFTrainer | Epoch 2040 | total 23.0027 | rec_rna 3.2022 | rec_atac 6.4006 | clip 1.2013 | clip_weight 0.4921 | lr 1.00e-04 | best 22.9937
2026-04-03 09:02:51,864 | INFO | SFTrainer | Epoch 2050 | total 22.9927 | rec_rna 3.2006 | rec_atac 6.4034 | clip 1.2022 | clip_weight 0.4878 | lr 1.00e-04 | best 22.9597
2026-04-03 09:02:52,812 | INFO | SFTrainer | Epoch 2060 | total 22.8933 | rec_rna 3.1879 | rec_atac 6.3802 | clip 1.1889 | clip_weight 0.4824 | lr 1.00e-04 | best 22.8933
2026-04-03 09:02:53,663 | INFO | SFTrainer | Epoch 2070 | total 22.9637 | rec_rna 3.1971 | rec_atac 6.3839 | clip 1.2479 | clip_weight 0.4762 | lr 1.00e-04 | best 22.8799
2026-04-03 09:02:54,470 | INFO | SFTrainer | Epoch 2080 | total 22.8947 | rec_rna 3.1853 | rec_atac 6.3915 | clip 1.2295 | clip_weight 0.4691 | lr 1.00e-04 | best 22.8799
2026-04-03 09:02:55,414 | INFO | SFTrainer | Epoch 2090 | total 22.9157 | rec_rna 3.1948 | rec_atac 6.3916 | clip 1.1934 | clip_weight 0.4611 | lr 1.00e-04 | best 22.8124
2026-04-03 09:02:56,287 | INFO | SFTrainer | Epoch 2100 | total 22.7854 | rec_rna 3.1885 | rec_atac 6.3204 | clip 1.1557 | clip_weight 0.4523 | lr 1.00e-04 | best 22.7834
2026-04-03 09:02:57,108 | INFO | SFTrainer | Epoch 2110 | total 22.8381 | rec_rna 3.1840 | rec_atac 6.3835 | clip 1.2084 | clip_weight 0.4426 | lr 1.00e-04 | best 22.7834
2026-04-03 09:02:58,009 | INFO | SFTrainer | Epoch 2120 | total 22.8285 | rec_rna 3.1868 | rec_atac 6.3689 | clip 1.2158 | clip_weight 0.4322 | lr 1.00e-04 | best 22.7070
2026-04-03 09:02:58,854 | INFO | SFTrainer | Epoch 2130 | total 22.7739 | rec_rna 3.1818 | rec_atac 6.3571 | clip 1.2063 | clip_weight 0.4211 | lr 1.00e-04 | best 22.6977
2026-04-03 09:02:59,675 | INFO | SFTrainer | Epoch 2140 | total 22.8148 | rec_rna 3.1973 | rec_atac 6.3562 | clip 1.1540 | clip_weight 0.4094 | lr 1.00e-04 | best 22.6977
2026-04-03 09:03:00,517 | INFO | SFTrainer | Epoch 2150 | total 22.7651 | rec_rna 3.1785 | rec_atac 6.3966 | clip 1.1990 | clip_weight 0.3969 | lr 1.00e-04 | best 22.6849
2026-04-03 09:03:01,416 | INFO | SFTrainer | Epoch 2160 | total 22.7481 | rec_rna 3.1813 | rec_atac 6.3716 | clip 1.2249 | clip_weight 0.3840 | lr 1.00e-04 | best 22.6091
2026-04-03 09:03:02,223 | INFO | SFTrainer | Epoch 2170 | total 22.6289 | rec_rna 3.1676 | rec_atac 6.3450 | clip 1.2040 | clip_weight 0.3704 | lr 1.00e-04 | best 22.6091
2026-04-03 09:03:03,035 | INFO | SFTrainer | Epoch 2180 | total 22.6505 | rec_rna 3.1820 | rec_atac 6.3356 | clip 1.1360 | clip_weight 0.3564 | lr 1.00e-04 | best 22.6091
2026-04-03 09:03:03,882 | INFO | SFTrainer | Epoch 2190 | total 22.5213 | rec_rna 3.1605 | rec_atac 6.3090 | clip 1.1975 | clip_weight 0.3420 | lr 1.00e-04 | best 22.5213
2026-04-03 09:03:04,729 | INFO | SFTrainer | Epoch 2200 | total 22.6564 | rec_rna 3.1788 | rec_atac 6.3627 | clip 1.2216 | clip_weight 0.3273 | lr 1.00e-04 | best 22.5213
2026-04-03 09:03:05,574 | INFO | SFTrainer | Epoch 2210 | total 22.6219 | rec_rna 3.1793 | rec_atac 6.3562 | clip 1.1827 | clip_weight 0.3122 | lr 1.00e-04 | best 22.5213
2026-04-03 09:03:06,413 | INFO | SFTrainer | Epoch 2220 | total 22.5633 | rec_rna 3.1778 | rec_atac 6.3259 | clip 1.1739 | clip_weight 0.2968 | lr 1.00e-04 | best 22.4886
2026-04-03 09:03:07,209 | INFO | SFTrainer | Epoch 2230 | total 22.5157 | rec_rna 3.1624 | rec_atac 6.3624 | clip 1.2126 | clip_weight 0.2813 | lr 1.00e-04 | best 22.4886
2026-04-03 09:03:07,987 | INFO | SFTrainer | Epoch 2240 | total 22.5702 | rec_rna 3.1825 | rec_atac 6.3450 | clip 1.1768 | clip_weight 0.2657 | lr 1.00e-04 | best 22.4886
2026-04-03 09:03:08,926 | INFO | SFTrainer | Epoch 2250 | total 22.5696 | rec_rna 3.1844 | rec_atac 6.3546 | clip 1.1729 | clip_weight 0.2500 | lr 1.00e-04 | best 22.4206
2026-04-03 09:03:09,758 | INFO | SFTrainer | Epoch 2260 | total 22.5534 | rec_rna 3.1854 | rec_atac 6.3375 | clip 1.2334 | clip_weight 0.2343 | lr 1.00e-04 | best 22.4206
2026-04-03 09:03:10,579 | INFO | SFTrainer | Epoch 2270 | total 22.5367 | rec_rna 3.1847 | rec_atac 6.3514 | clip 1.1962 | clip_weight 0.2187 | lr 1.00e-04 | best 22.4206
2026-04-03 09:03:11,423 | INFO | SFTrainer | Epoch 2280 | total 22.4308 | rec_rna 3.1691 | rec_atac 6.3379 | clip 1.2193 | clip_weight 0.2032 | lr 1.00e-04 | best 22.3758
2026-04-03 09:03:12,273 | INFO | SFTrainer | Epoch 2290 | total 22.4725 | rec_rna 3.1812 | rec_atac 6.3412 | clip 1.1989 | clip_weight 0.1878 | lr 1.00e-04 | best 22.3363
2026-04-03 09:03:13,112 | INFO | SFTrainer | Epoch 2300 | total 22.3625 | rec_rna 3.1654 | rec_atac 6.3309 | clip 1.1847 | clip_weight 0.1727 | lr 1.00e-04 | best 22.3321
2026-04-03 09:03:13,978 | INFO | SFTrainer | Epoch 2310 | total 22.4112 | rec_rna 3.1697 | rec_atac 6.3654 | clip 1.2501 | clip_weight 0.1580 | lr 1.00e-04 | best 22.3201
2026-04-03 09:03:14,784 | INFO | SFTrainer | Epoch 2320 | total 22.3875 | rec_rna 3.1734 | rec_atac 6.3434 | clip 1.2348 | clip_weight 0.1436 | lr 1.00e-04 | best 22.3201
2026-04-03 09:03:15,684 | INFO | SFTrainer | Epoch 2330 | total 22.3359 | rec_rna 3.1690 | rec_atac 6.3335 | clip 1.2139 | clip_weight 0.1296 | lr 1.00e-04 | best 22.3071
2026-04-03 09:03:16,519 | INFO | SFTrainer | Epoch 2340 | total 22.3416 | rec_rna 3.1695 | rec_atac 6.3485 | clip 1.2560 | clip_weight 0.1160 | lr 1.00e-04 | best 22.3061
2026-04-03 09:03:17,424 | INFO | SFTrainer | Epoch 2350 | total 22.3076 | rec_rna 3.1717 | rec_atac 6.3244 | clip 1.2100 | clip_weight 0.1031 | lr 1.00e-04 | best 22.2359
2026-04-03 09:03:18,240 | INFO | SFTrainer | Epoch 2360 | total 22.3357 | rec_rna 3.1755 | rec_atac 6.3407 | clip 1.2966 | clip_weight 0.0906 | lr 1.00e-04 | best 22.2359
2026-04-03 09:03:19,141 | INFO | SFTrainer | Epoch 2370 | total 22.2840 | rec_rna 3.1737 | rec_atac 6.3179 | clip 1.2353 | clip_weight 0.0789 | lr 1.00e-04 | best 22.1656
2026-04-03 09:03:19,965 | INFO | SFTrainer | Epoch 2380 | total 22.1960 | rec_rna 3.1583 | rec_atac 6.3230 | clip 1.2012 | clip_weight 0.0678 | lr 1.00e-04 | best 22.1656
2026-04-03 09:03:20,768 | INFO | SFTrainer | Epoch 2390 | total 22.2933 | rec_rna 3.1798 | rec_atac 6.3207 | clip 1.2847 | clip_weight 0.0574 | lr 1.00e-04 | best 22.1656
2026-04-03 09:03:21,642 | INFO | SFTrainer | Epoch 2400 | total 22.1899 | rec_rna 3.1602 | rec_atac 6.3268 | clip 1.2971 | clip_weight 0.0477 | lr 1.00e-04 | best 22.1277
2026-04-03 09:03:22,480 | INFO | SFTrainer | Epoch 2410 | total 22.1312 | rec_rna 3.1505 | rec_atac 6.3311 | clip 1.2291 | clip_weight 0.0389 | lr 1.00e-04 | best 22.1277
2026-04-03 09:03:23,300 | INFO | SFTrainer | Epoch 2420 | total 22.1804 | rec_rna 3.1616 | rec_atac 6.3331 | clip 1.2637 | clip_weight 0.0309 | lr 1.00e-04 | best 22.1198
2026-04-03 09:03:24,124 | INFO | SFTrainer | Epoch 2430 | total 22.0800 | rec_rna 3.1463 | rec_atac 6.3193 | clip 1.2330 | clip_weight 0.0238 | lr 1.00e-04 | best 22.0800
2026-04-03 09:03:24,923 | INFO | SFTrainer | Epoch 2440 | total 22.1934 | rec_rna 3.1590 | rec_atac 6.3763 | clip 1.2495 | clip_weight 0.0176 | lr 1.00e-04 | best 22.0800
2026-04-03 09:03:25,744 | INFO | SFTrainer | Epoch 2450 | total 22.1908 | rec_rna 3.1689 | rec_atac 6.3307 | clip 1.2537 | clip_weight 0.0122 | lr 1.00e-04 | best 22.0800
2026-04-03 09:03:26,579 | INFO | SFTrainer | Epoch 2460 | total 22.1633 | rec_rna 3.1704 | rec_atac 6.3011 | clip 1.3087 | clip_weight 0.0079 | lr 1.00e-04 | best 22.0800
2026-04-03 09:03:27,430 | INFO | SFTrainer | Epoch 2470 | total 22.0744 | rec_rna 3.1530 | rec_atac 6.3035 | clip 1.2790 | clip_weight 0.0044 | lr 1.00e-04 | best 22.0723
2026-04-03 09:03:28,255 | INFO | SFTrainer | Epoch 2480 | total 22.2130 | rec_rna 3.1754 | rec_atac 6.3335 | clip 1.3235 | clip_weight 0.0020 | lr 1.00e-04 | best 22.0646
2026-04-03 09:03:29,079 | INFO | SFTrainer | Epoch 2490 | total 22.1216 | rec_rna 3.1615 | rec_atac 6.3136 | clip 1.3189 | clip_weight 0.0005 | lr 1.00e-04 | best 22.0614
2026-04-03 09:03:29,940 | INFO | SFTrainer | Epoch 2500 | total 22.1409 | rec_rna 3.1715 | rec_atac 6.2832 | clip 0.0000 | clip_weight 0.0000 | lr 1.00e-04 | best 22.0586
2026-04-03 09:03:30,828 | INFO | SFTrainer | Epoch 2510 | total 22.1018 | rec_rna 3.1603 | rec_atac 6.3001 | clip 0.0000 | clip_weight 0.0000 | lr 1.00e-04 | best 22.0427
2026-04-03 09:03:31,703 | INFO | SFTrainer | Epoch 2520 | total 22.1217 | rec_rna 3.1601 | rec_atac 6.3212 | clip 0.0000 | clip_weight 0.0000 | lr 1.00e-04 | best 22.0250
2026-04-03 09:03:32,493 | INFO | SFTrainer | Epoch 2530 | total 22.1045 | rec_rna 3.1613 | rec_atac 6.2981 | clip 0.0000 | clip_weight 0.0000 | lr 1.00e-04 | best 22.0250
2026-04-03 09:03:33,292 | INFO | SFTrainer | Epoch 2540 | total 22.0381 | rec_rna 3.1491 | rec_atac 6.2925 | clip 0.0000 | clip_weight 0.0000 | lr 1.00e-04 | best 22.0250
2026-04-03 09:03:34,138 | INFO | SFTrainer | Epoch 2550 | total 22.1139 | rec_rna 3.1581 | rec_atac 6.3233 | clip 0.0000 | clip_weight 0.0000 | lr 1.00e-04 | best 21.9885
2026-04-03 09:03:34,992 | INFO | SFTrainer | Epoch 2560 | total 22.1344 | rec_rna 3.1621 | rec_atac 6.3240 | clip 0.0000 | clip_weight 0.0000 | lr 1.00e-04 | best 21.9885
2026-04-03 09:03:35,817 | INFO | SFTrainer | Epoch 2570 | total 22.0493 | rec_rna 3.1544 | rec_atac 6.2771 | clip 0.0000 | clip_weight 0.0000 | lr 1.00e-04 | best 21.9885
2026-04-03 09:03:36,607 | INFO | SFTrainer | Epoch 2580 | total 22.1372 | rec_rna 3.1614 | rec_atac 6.3305 | clip 0.0000 | clip_weight 0.0000 | lr 1.00e-04 | best 21.9885
2026-04-03 09:03:37,432 | INFO | SFTrainer | Epoch 2590 | total 22.1379 | rec_rna 3.1662 | rec_atac 6.3071 | clip 0.0000 | clip_weight 0.0000 | lr 1.00e-04 | best 21.9885
2026-04-03 09:03:38,222 | INFO | SFTrainer | Epoch 2600 | total 22.0565 | rec_rna 3.1555 | rec_atac 6.2790 | clip 0.0000 | clip_weight 0.0000 | lr 1.00e-04 | best 21.9885
2026-04-03 09:03:39,083 | INFO | SFTrainer | Epoch 2610 | total 22.1501 | rec_rna 3.1696 | rec_atac 6.3022 | clip 0.0000 | clip_weight 0.0000 | lr 1.00e-04 | best 21.9782
2026-04-03 09:03:39,862 | INFO | SFTrainer | Epoch 2620 | total 22.0487 | rec_rna 3.1486 | rec_atac 6.3059 | clip 0.0000 | clip_weight 0.0000 | lr 1.00e-04 | best 21.9782
2026-04-03 09:03:40,674 | INFO | SFTrainer | Epoch 2630 | total 22.0724 | rec_rna 3.1567 | rec_atac 6.2888 | clip 0.0000 | clip_weight 0.0000 | lr 1.00e-04 | best 21.9782
2026-04-03 09:03:41,498 | INFO | SFTrainer | Epoch 2640 | total 21.9687 | rec_rna 3.1380 | rec_atac 6.2787 | clip 0.0000 | clip_weight 0.0000 | lr 1.00e-04 | best 21.9687
2026-04-03 09:03:42,316 | INFO | SFTrainer | Epoch 2650 | total 22.0609 | rec_rna 3.1496 | rec_atac 6.3130 | clip 0.0000 | clip_weight 0.0000 | lr 1.00e-04 | best 21.9687
2026-04-03 09:03:43,124 | INFO | SFTrainer | Epoch 2660 | total 22.0465 | rec_rna 3.1467 | rec_atac 6.3131 | clip 0.0000 | clip_weight 0.0000 | lr 1.00e-04 | best 21.9687
2026-04-03 09:03:43,878 | INFO | SFTrainer | Epoch 2670 | total 22.0809 | rec_rna 3.1563 | rec_atac 6.2995 | clip 0.0000 | clip_weight 0.0000 | lr 1.00e-04 | best 21.9687
2026-04-03 09:03:44,670 | INFO | SFTrainer | Epoch 2680 | total 22.0853 | rec_rna 3.1540 | rec_atac 6.3154 | clip 0.0000 | clip_weight 0.0000 | lr 1.00e-04 | best 21.9687
2026-04-03 09:03:45,433 | INFO | SFTrainer | Epoch 2690 | total 22.0532 | rec_rna 3.1577 | rec_atac 6.2646 | clip 0.0000 | clip_weight 0.0000 | lr 1.00e-04 | best 21.9687
2026-04-03 09:03:46,264 | INFO | SFTrainer | Epoch 2700 | total 22.0595 | rec_rna 3.1514 | rec_atac 6.3026 | clip 0.0000 | clip_weight 0.0000 | lr 1.00e-04 | best 21.9357
2026-04-03 09:03:47,095 | INFO | SFTrainer | Epoch 2710 | total 22.0617 | rec_rna 3.1555 | rec_atac 6.2842 | clip 0.0000 | clip_weight 0.0000 | lr 1.00e-04 | best 21.9357
2026-04-03 09:03:47,937 | INFO | SFTrainer | Epoch 2720 | total 22.0048 | rec_rna 3.1405 | rec_atac 6.3023 | clip 0.0000 | clip_weight 0.0000 | lr 1.00e-04 | best 21.9326
2026-04-03 09:03:48,783 | INFO | SFTrainer | Epoch 2730 | total 22.0081 | rec_rna 3.1470 | rec_atac 6.2733 | clip 0.0000 | clip_weight 0.0000 | lr 1.00e-04 | best 21.9326
2026-04-03 09:03:49,565 | INFO | SFTrainer | Epoch 2740 | total 22.0717 | rec_rna 3.1558 | rec_atac 6.2928 | clip 0.0000 | clip_weight 0.0000 | lr 1.00e-04 | best 21.9326
2026-04-03 09:03:50,382 | INFO | SFTrainer | Epoch 2750 | total 21.9787 | rec_rna 3.1427 | rec_atac 6.2650 | clip 0.0000 | clip_weight 0.0000 | lr 1.00e-04 | best 21.9326
2026-04-03 09:03:51,190 | INFO | SFTrainer | Epoch 2760 | total 22.0481 | rec_rna 3.1533 | rec_atac 6.2817 | clip 0.0000 | clip_weight 0.0000 | lr 1.00e-04 | best 21.9326
2026-04-03 09:03:51,990 | INFO | SFTrainer | Epoch 2770 | total 21.9624 | rec_rna 3.1380 | rec_atac 6.2724 | clip 0.0000 | clip_weight 0.0000 | lr 1.00e-04 | best 21.9326
2026-04-03 09:03:52,756 | INFO | SFTrainer | Epoch 2780 | total 22.0836 | rec_rna 3.1607 | rec_atac 6.2804 | clip 0.0000 | clip_weight 0.0000 | lr 1.00e-04 | best 21.9326
2026-04-03 09:03:53,593 | INFO | SFTrainer | Epoch 2790 | total 22.0198 | rec_rna 3.1524 | rec_atac 6.2579 | clip 0.0000 | clip_weight 0.0000 | lr 1.00e-04 | best 21.9326
2026-04-03 09:03:54,385 | INFO | SFTrainer | Epoch 2800 | total 22.0247 | rec_rna 3.1459 | rec_atac 6.2951 | clip 0.0000 | clip_weight 0.0000 | lr 1.00e-04 | best 21.9326
2026-04-03 09:03:55,235 | INFO | SFTrainer | Epoch 2810 | total 21.9617 | rec_rna 3.1374 | rec_atac 6.2745 | clip 0.0000 | clip_weight 0.0000 | lr 1.00e-04 | best 21.9312
2026-04-03 09:03:55,998 | INFO | SFTrainer | Epoch 2820 | total 21.9757 | rec_rna 3.1416 | rec_atac 6.2677 | clip 0.0000 | clip_weight 0.0000 | lr 1.00e-04 | best 21.9312
2026-04-03 09:03:56,835 | INFO | SFTrainer | Epoch 2830 | total 21.9839 | rec_rna 3.1435 | rec_atac 6.2666 | clip 0.0000 | clip_weight 0.0000 | lr 1.00e-04 | best 21.9026
2026-04-03 09:03:57,599 | INFO | SFTrainer | Epoch 2840 | total 21.9882 | rec_rna 3.1439 | rec_atac 6.2686 | clip 0.0000 | clip_weight 0.0000 | lr 1.00e-04 | best 21.9026
2026-04-03 09:03:58,351 | INFO | SFTrainer | Epoch 2850 | total 22.0522 | rec_rna 3.1502 | rec_atac 6.3015 | clip 0.0000 | clip_weight 0.0000 | lr 1.00e-04 | best 21.9026
2026-04-03 09:03:59,128 | INFO | SFTrainer | Epoch 2860 | total 22.0277 | rec_rna 3.1499 | rec_atac 6.2780 | clip 0.0000 | clip_weight 0.0000 | lr 1.00e-04 | best 21.9026
2026-04-03 09:03:59,925 | INFO | SFTrainer | Epoch 2870 | total 22.0062 | rec_rna 3.1430 | rec_atac 6.2914 | clip 0.0000 | clip_weight 0.0000 | lr 1.00e-04 | best 21.8600
2026-04-03 09:04:00,680 | INFO | SFTrainer | Epoch 2880 | total 21.9517 | rec_rna 3.1352 | rec_atac 6.2756 | clip 0.0000 | clip_weight 0.0000 | lr 1.00e-04 | best 21.8600
2026-04-03 09:04:01,435 | INFO | SFTrainer | Epoch 2890 | total 22.0030 | rec_rna 3.1430 | rec_atac 6.2881 | clip 0.0000 | clip_weight 0.0000 | lr 1.00e-04 | best 21.8600
2026-04-03 09:04:02,197 | INFO | SFTrainer | Epoch 2900 | total 21.9690 | rec_rna 3.1375 | rec_atac 6.2814 | clip 0.0000 | clip_weight 0.0000 | lr 1.00e-04 | best 21.8600
2026-04-03 09:04:02,965 | INFO | SFTrainer | Epoch 2910 | total 21.9291 | rec_rna 3.1259 | rec_atac 6.2994 | clip 0.0000 | clip_weight 0.0000 | lr 1.00e-04 | best 21.8600
2026-04-03 09:04:03,712 | INFO | SFTrainer | Epoch 2920 | total 21.9606 | rec_rna 3.1376 | rec_atac 6.2726 | clip 0.0000 | clip_weight 0.0000 | lr 1.00e-04 | best 21.8600
2026-04-03 09:04:04,522 | INFO | SFTrainer | Epoch 2930 | total 22.0842 | rec_rna 3.1544 | rec_atac 6.3119 | clip 0.0000 | clip_weight 0.0000 | lr 1.00e-04 | best 21.8397
2026-04-03 09:04:05,276 | INFO | SFTrainer | Epoch 2940 | total 21.8907 | rec_rna 3.1264 | rec_atac 6.2586 | clip 0.0000 | clip_weight 0.0000 | lr 1.00e-04 | best 21.8397
2026-04-03 09:04:06,027 | INFO | SFTrainer | Epoch 2950 | total 21.9925 | rec_rna 3.1396 | rec_atac 6.2947 | clip 0.0000 | clip_weight 0.0000 | lr 1.00e-04 | best 21.8397
2026-04-03 09:04:06,809 | INFO | SFTrainer | Epoch 2960 | total 21.9226 | rec_rna 3.1355 | rec_atac 6.2449 | clip 0.0000 | clip_weight 0.0000 | lr 1.00e-04 | best 21.8397
2026-04-03 09:04:07,571 | INFO | SFTrainer | Epoch 2970 | total 21.9497 | rec_rna 3.1381 | rec_atac 6.2594 | clip 0.0000 | clip_weight 0.0000 | lr 1.00e-04 | best 21.8397
2026-04-03 09:04:08,335 | INFO | SFTrainer | Epoch 2980 | total 21.9899 | rec_rna 3.1440 | rec_atac 6.2701 | clip 0.0000 | clip_weight 0.0000 | lr 1.00e-04 | best 21.8397
2026-04-03 09:04:09,111 | INFO | SFTrainer | Epoch 2990 | total 22.0369 | rec_rna 3.1541 | rec_atac 6.2666 | clip 0.0000 | clip_weight 0.0000 | lr 1.00e-04 | best 21.8397
2026-04-03 09:04:09,882 | INFO | SFTrainer | Epoch 3000 | total 22.0203 | rec_rna 3.1452 | rec_atac 6.2945 | clip 0.0000 | clip_weight 0.0000 | lr 1.00e-04 | best 21.8397
2026-04-03 09:04:09,905 | INFO | SFTrainer | Training finished. Best loss=21.8397
2026-04-03 09:04:09,906 | INFO | SFTrainer | Training run complete.

========================================================================================
2026-04-03 09:04:22,773 | INFO | SFEvaluate | [Phase 3] Evaluation started.
2026-04-03 09:04:22,774 | INFO | SFEvaluate | Loading processed data...
2026-04-03 09:04:23,049 | INFO | SFEvaluate | Initializing model...
2026-04-03 09:04:23,152 | INFO | SFEvaluate | Loading checkpoint: ckpt_best.pth
2026-04-03 09:04:23,199 | INFO | SFEvaluate | Inference running...
2026-04-03 09:04:23,805 | INFO | SFEvaluate | Latent shape: torch.Size([2129, 128])
2026-04-03 09:04:48,052 | INFO | SFEvaluate | Artifacts: ./results/tuning/e8/figures/spatial_analysis.pdf | ./results/tuning/e8/predictions/embedding_joint.h5ad
2026-04-03 09:04:48,052 | INFO | SFEvaluate | Eval metrics | checkpoint=ckpt_best.pth | epoch=BEST (Epoch 3000) | latent_moran=0.3886 | cluster_moran=0.6378
2026-04-03 09:04:48,052 | INFO | SFEvaluate | GT metrics | checkpoint=ckpt_best.pth | epoch=BEST (Epoch 3000) | ARI=0.3339 | NMI=0.5666 | AMI=0.5589 | HOM=0.6208 | n_valid=2129
2026-04-03 09:04:48,053 | INFO | SFEvaluate | Evaluation complete.

========================================================================================
2026-04-03 09:05:01,323 | INFO | SFEvaluateRange | [Range Evaluate] Started. epochs=[1500, 1600, 1700, 1800, 1900, 2000, 2100, 2200, 2300, 2400, 2500, 2600, 2700, 2800, 2900, 3000]
2026-04-03 09:05:01,324 | INFO | SFEvaluateRange | Loading processed data...
2026-04-03 09:05:01,597 | INFO | SFEvaluateRange | Initializing model...
2026-04-03 09:05:01,698 | INFO | SFEvaluateRange | Evaluating epoch 1500 with ckpt_1500.pth
2026-04-03 09:05:26,878 | INFO | SFEvaluateRange | Eval metrics (epoch_1500) | checkpoint=ckpt_1500.pth | epoch=Epoch 1500 | latent_moran=0.3804 | cluster_moran=0.6569
2026-04-03 09:05:26,878 | INFO | SFEvaluateRange | GT metrics (epoch_1500) | checkpoint=ckpt_1500.pth | epoch=Epoch 1500 | ARI=0.3814 | NMI=0.5901 | AMI=0.5827 | HOM=0.6423 | n_valid=2129
2026-04-03 09:05:26,879 | INFO | SFEvaluateRange | Artifacts (epoch_1500): ./results/tuning/e8/figures/spatial_analysis_epoch_1500.pdf | ./results/tuning/e8/predictions/embedding_joint_epoch_1500.h5ad
2026-04-03 09:05:26,879 | INFO | SFEvaluateRange | Evaluating epoch 1600 with ckpt_1600.pth
2026-04-03 09:05:40,651 | INFO | SFEvaluateRange | Eval metrics (epoch_1600) | checkpoint=ckpt_1600.pth | epoch=Epoch 1600 | latent_moran=0.3798 | cluster_moran=0.6405
2026-04-03 09:05:40,651 | INFO | SFEvaluateRange | GT metrics (epoch_1600) | checkpoint=ckpt_1600.pth | epoch=Epoch 1600 | ARI=0.3600 | NMI=0.5775 | AMI=0.5700 | HOM=0.6321 | n_valid=2129
2026-04-03 09:05:40,652 | INFO | SFEvaluateRange | Artifacts (epoch_1600): ./results/tuning/e8/figures/spatial_analysis_epoch_1600.pdf | ./results/tuning/e8/predictions/embedding_joint_epoch_1600.h5ad
2026-04-03 09:05:40,652 | INFO | SFEvaluateRange | Evaluating epoch 1700 with ckpt_1700.pth
2026-04-03 09:05:54,752 | INFO | SFEvaluateRange | Eval metrics (epoch_1700) | checkpoint=ckpt_1700.pth | epoch=Epoch 1700 | latent_moran=0.3796 | cluster_moran=0.6542
2026-04-03 09:05:54,752 | INFO | SFEvaluateRange | GT metrics (epoch_1700) | checkpoint=ckpt_1700.pth | epoch=Epoch 1700 | ARI=0.3844 | NMI=0.5876 | AMI=0.5802 | HOM=0.6388 | n_valid=2129
2026-04-03 09:05:54,753 | INFO | SFEvaluateRange | Artifacts (epoch_1700): ./results/tuning/e8/figures/spatial_analysis_epoch_1700.pdf | ./results/tuning/e8/predictions/embedding_joint_epoch_1700.h5ad
2026-04-03 09:05:54,753 | INFO | SFEvaluateRange | Evaluating epoch 1800 with ckpt_1800.pth
2026-04-03 09:06:09,762 | INFO | SFEvaluateRange | Eval metrics (epoch_1800) | checkpoint=ckpt_1800.pth | epoch=Epoch 1800 | latent_moran=0.3817 | cluster_moran=0.6512
2026-04-03 09:06:09,762 | INFO | SFEvaluateRange | GT metrics (epoch_1800) | checkpoint=ckpt_1800.pth | epoch=Epoch 1800 | ARI=0.3857 | NMI=0.5991 | AMI=0.5919 | HOM=0.6531 | n_valid=2129
2026-04-03 09:06:09,763 | INFO | SFEvaluateRange | Artifacts (epoch_1800): ./results/tuning/e8/figures/spatial_analysis_epoch_1800.pdf | ./results/tuning/e8/predictions/embedding_joint_epoch_1800.h5ad
2026-04-03 09:06:09,763 | INFO | SFEvaluateRange | Evaluating epoch 1900 with ckpt_1900.pth
2026-04-03 09:06:24,189 | INFO | SFEvaluateRange | Eval metrics (epoch_1900) | checkpoint=ckpt_1900.pth | epoch=Epoch 1900 | latent_moran=0.3810 | cluster_moran=0.6482
2026-04-03 09:06:24,189 | INFO | SFEvaluateRange | GT metrics (epoch_1900) | checkpoint=ckpt_1900.pth | epoch=Epoch 1900 | ARI=0.3652 | NMI=0.5773 | AMI=0.5697 | HOM=0.6264 | n_valid=2129
2026-04-03 09:06:24,189 | INFO | SFEvaluateRange | Artifacts (epoch_1900): ./results/tuning/e8/figures/spatial_analysis_epoch_1900.pdf | ./results/tuning/e8/predictions/embedding_joint_epoch_1900.h5ad
2026-04-03 09:06:24,189 | INFO | SFEvaluateRange | Evaluating epoch 2000 with ckpt_best.pth
2026-04-03 09:06:38,241 | INFO | SFEvaluateRange | Eval metrics (epoch_2000_best) | checkpoint=ckpt_best.pth | epoch=Epoch 2000 (BEST) | latent_moran=0.3886 | cluster_moran=0.6378
2026-04-03 09:06:38,241 | INFO | SFEvaluateRange | GT metrics (epoch_2000_best) | checkpoint=ckpt_best.pth | epoch=Epoch 2000 (BEST) | ARI=0.3339 | NMI=0.5666 | AMI=0.5589 | HOM=0.6208 | n_valid=2129
2026-04-03 09:06:38,241 | INFO | SFEvaluateRange | Artifacts (epoch_2000_best): ./results/tuning/e8/figures/spatial_analysis_epoch_2000_best.pdf | ./results/tuning/e8/predictions/embedding_joint_epoch_2000_best.h5ad
2026-04-03 09:06:38,242 | INFO | SFEvaluateRange | Evaluating epoch 2100 with ckpt_2100.pth
2026-04-03 09:06:52,171 | INFO | SFEvaluateRange | Eval metrics (epoch_2100) | checkpoint=ckpt_2100.pth | epoch=Epoch 2100 | latent_moran=0.3830 | cluster_moran=0.6600
2026-04-03 09:06:52,171 | INFO | SFEvaluateRange | GT metrics (epoch_2100) | checkpoint=ckpt_2100.pth | epoch=Epoch 2100 | ARI=0.3801 | NMI=0.5879 | AMI=0.5806 | HOM=0.6406 | n_valid=2129
2026-04-03 09:06:52,171 | INFO | SFEvaluateRange | Artifacts (epoch_2100): ./results/tuning/e8/figures/spatial_analysis_epoch_2100.pdf | ./results/tuning/e8/predictions/embedding_joint_epoch_2100.h5ad
2026-04-03 09:06:52,172 | INFO | SFEvaluateRange | Evaluating epoch 2200 with ckpt_2200.pth
2026-04-03 09:07:07,922 | INFO | SFEvaluateRange | Eval metrics (epoch_2200) | checkpoint=ckpt_2200.pth | epoch=Epoch 2200 | latent_moran=0.3838 | cluster_moran=0.6484
2026-04-03 09:07:07,922 | INFO | SFEvaluateRange | GT metrics (epoch_2200) | checkpoint=ckpt_2200.pth | epoch=Epoch 2200 | ARI=0.3357 | NMI=0.5781 | AMI=0.5706 | HOM=0.6367 | n_valid=2129
2026-04-03 09:07:07,923 | INFO | SFEvaluateRange | Artifacts (epoch_2200): ./results/tuning/e8/figures/spatial_analysis_epoch_2200.pdf | ./results/tuning/e8/predictions/embedding_joint_epoch_2200.h5ad
2026-04-03 09:07:07,923 | INFO | SFEvaluateRange | Evaluating epoch 2300 with ckpt_2300.pth
2026-04-03 09:07:22,580 | INFO | SFEvaluateRange | Eval metrics (epoch_2300) | checkpoint=ckpt_2300.pth | epoch=Epoch 2300 | latent_moran=0.3854 | cluster_moran=0.6442
2026-04-03 09:07:22,581 | INFO | SFEvaluateRange | GT metrics (epoch_2300) | checkpoint=ckpt_2300.pth | epoch=Epoch 2300 | ARI=0.3869 | NMI=0.5837 | AMI=0.5763 | HOM=0.6387 | n_valid=2129
2026-04-03 09:07:22,581 | INFO | SFEvaluateRange | Artifacts (epoch_2300): ./results/tuning/e8/figures/spatial_analysis_epoch_2300.pdf | ./results/tuning/e8/predictions/embedding_joint_epoch_2300.h5ad
2026-04-03 09:07:22,581 | INFO | SFEvaluateRange | Evaluating epoch 2400 with ckpt_2400.pth
2026-04-03 09:07:38,063 | INFO | SFEvaluateRange | Eval metrics (epoch_2400) | checkpoint=ckpt_2400.pth | epoch=Epoch 2400 | latent_moran=0.3860 | cluster_moran=0.6495
2026-04-03 09:07:38,063 | INFO | SFEvaluateRange | GT metrics (epoch_2400) | checkpoint=ckpt_2400.pth | epoch=Epoch 2400 | ARI=0.3351 | NMI=0.5780 | AMI=0.5705 | HOM=0.6369 | n_valid=2129
2026-04-03 09:07:38,064 | INFO | SFEvaluateRange | Artifacts (epoch_2400): ./results/tuning/e8/figures/spatial_analysis_epoch_2400.pdf | ./results/tuning/e8/predictions/embedding_joint_epoch_2400.h5ad
2026-04-03 09:07:38,064 | INFO | SFEvaluateRange | Evaluating epoch 2500 with ckpt_2500.pth
2026-04-03 09:07:51,449 | INFO | SFEvaluateRange | Eval metrics (epoch_2500) | checkpoint=ckpt_2500.pth | epoch=Epoch 2500 | latent_moran=0.3863 | cluster_moran=0.6497
2026-04-03 09:07:51,449 | INFO | SFEvaluateRange | GT metrics (epoch_2500) | checkpoint=ckpt_2500.pth | epoch=Epoch 2500 | ARI=0.3879 | NMI=0.5984 | AMI=0.5912 | HOM=0.6510 | n_valid=2129
2026-04-03 09:07:51,450 | INFO | SFEvaluateRange | Artifacts (epoch_2500): ./results/tuning/e8/figures/spatial_analysis_epoch_2500.pdf | ./results/tuning/e8/predictions/embedding_joint_epoch_2500.h5ad
2026-04-03 09:07:51,450 | INFO | SFEvaluateRange | Evaluating epoch 2600 with ckpt_2600.pth
2026-04-03 09:08:05,649 | INFO | SFEvaluateRange | Eval metrics (epoch_2600) | checkpoint=ckpt_2600.pth | epoch=Epoch 2600 | latent_moran=0.3875 | cluster_moran=0.6663
2026-04-03 09:08:05,650 | INFO | SFEvaluateRange | GT metrics (epoch_2600) | checkpoint=ckpt_2600.pth | epoch=Epoch 2600 | ARI=0.3155 | NMI=0.5775 | AMI=0.5699 | HOM=0.6315 | n_valid=2129
2026-04-03 09:08:05,650 | INFO | SFEvaluateRange | Artifacts (epoch_2600): ./results/tuning/e8/figures/spatial_analysis_epoch_2600.pdf | ./results/tuning/e8/predictions/embedding_joint_epoch_2600.h5ad
2026-04-03 09:08:05,650 | INFO | SFEvaluateRange | Evaluating epoch 2700 with ckpt_2700.pth
2026-04-03 09:08:20,106 | INFO | SFEvaluateRange | Eval metrics (epoch_2700) | checkpoint=ckpt_2700.pth | epoch=Epoch 2700 | latent_moran=0.3876 | cluster_moran=0.6595
2026-04-03 09:08:20,106 | INFO | SFEvaluateRange | GT metrics (epoch_2700) | checkpoint=ckpt_2700.pth | epoch=Epoch 2700 | ARI=0.3798 | NMI=0.5911 | AMI=0.5838 | HOM=0.6469 | n_valid=2129
2026-04-03 09:08:20,107 | INFO | SFEvaluateRange | Artifacts (epoch_2700): ./results/tuning/e8/figures/spatial_analysis_epoch_2700.pdf | ./results/tuning/e8/predictions/embedding_joint_epoch_2700.h5ad
2026-04-03 09:08:20,107 | INFO | SFEvaluateRange | Evaluating epoch 2800 with ckpt_2800.pth
2026-04-03 09:08:35,623 | INFO | SFEvaluateRange | Eval metrics (epoch_2800) | checkpoint=ckpt_2800.pth | epoch=Epoch 2800 | latent_moran=0.3880 | cluster_moran=0.6504
2026-04-03 09:08:35,623 | INFO | SFEvaluateRange | GT metrics (epoch_2800) | checkpoint=ckpt_2800.pth | epoch=Epoch 2800 | ARI=0.3394 | NMI=0.5798 | AMI=0.5724 | HOM=0.6385 | n_valid=2129
2026-04-03 09:08:35,623 | INFO | SFEvaluateRange | Artifacts (epoch_2800): ./results/tuning/e8/figures/spatial_analysis_epoch_2800.pdf | ./results/tuning/e8/predictions/embedding_joint_epoch_2800.h5ad
2026-04-03 09:08:35,624 | INFO | SFEvaluateRange | Evaluating epoch 2900 with ckpt_2900.pth
2026-04-03 09:08:51,321 | INFO | SFEvaluateRange | Eval metrics (epoch_2900) | checkpoint=ckpt_2900.pth | epoch=Epoch 2900 | latent_moran=0.3891 | cluster_moran=0.6504
2026-04-03 09:08:51,322 | INFO | SFEvaluateRange | GT metrics (epoch_2900) | checkpoint=ckpt_2900.pth | epoch=Epoch 2900 | ARI=0.3392 | NMI=0.5642 | AMI=0.5563 | HOM=0.6124 | n_valid=2129
2026-04-03 09:08:51,322 | INFO | SFEvaluateRange | Artifacts (epoch_2900): ./results/tuning/e8/figures/spatial_analysis_epoch_2900.pdf | ./results/tuning/e8/predictions/embedding_joint_epoch_2900.h5ad
2026-04-03 09:08:51,322 | INFO | SFEvaluateRange | Evaluating epoch 3000 with ckpt_3000.pth
2026-04-03 09:09:04,499 | INFO | SFEvaluateRange | Eval metrics (epoch_3000) | checkpoint=ckpt_3000.pth | epoch=Epoch 3000 | latent_moran=0.3892 | cluster_moran=0.6377
2026-04-03 09:09:04,499 | INFO | SFEvaluateRange | GT metrics (epoch_3000) | checkpoint=ckpt_3000.pth | epoch=Epoch 3000 | ARI=0.3468 | NMI=0.5785 | AMI=0.5711 | HOM=0.6368 | n_valid=2129
2026-04-03 09:09:04,500 | INFO | SFEvaluateRange | Artifacts (epoch_3000): ./results/tuning/e8/figures/spatial_analysis_epoch_3000.pdf | ./results/tuning/e8/predictions/embedding_joint_epoch_3000.h5ad
2026-04-03 09:09:04,500 | INFO | SFEvaluateRange | Range evaluation complete. Success=16 | Failed/Skipped=0

========================================================================================
