2026-04-03 12:11:37,333 | INFO | SFPreprocess | [Phase 1] Starting Data Preprocessing...
2026-04-03 12:11:37,334 | INFO | SFPreprocess | Loading raw data...
2026-04-03 12:11:37,334 | INFO | SFPreprocess | Data loader: paired h5ad
2026-04-03 12:12:15,635 | INFO | SFPreprocess | Aligned final cells: RNA=1949, ATAC=1949
2026-04-03 12:12:37,638 | INFO | SFPreprocess | Reduced shapes: RNA=(1949, 512), ATAC=(1949, 512)
2026-04-03 12:12:39,899 | INFO | SFPreprocess | Saving processed tensors...
2026-04-03 12:12:39,926 | INFO | SFPreprocess | Preprocessing complete: data/processed/e15_5_s1/tuning/k9_a0p8/processed_data.pt

========================================================================================
2026-04-03 12:12:46,086 | INFO | SFTrainer | [Phase 2] Starting Model Training...
2026-04-03 12:12:46,086 | INFO | SFTrainer | Loading processed data...
2026-04-03 12:12:46,107 | INFO | SFTrainer | Data ready: RNA=torch.Size([1949, 512]), ATAC=torch.Size([1949, 512]), edges=17541
2026-04-03 12:12:46,107 | INFO | SFTrainer | Initializing model...
2026-04-03 12:12:46,451 | INFO | SFTrainer | Training started.
2026-04-03 12:12:46,451 | INFO | SFTrainer | Training started: epochs=3000
2026-04-03 12:12:48,326 | INFO | SFTrainer | Epoch 010 | total 69.8418 | rec_rna 7.6915 | rec_atac 27.6073 | clip 7.5538 | clip_weight 0.5000 | lr 1.00e-03 | best 69.8418
2026-04-03 12:12:49,450 | INFO | SFTrainer | Epoch 020 | total 65.3876 | rec_rna 7.4935 | rec_atac 24.1965 | clip 7.4469 | clip_weight 0.5000 | lr 1.00e-03 | best 65.3876
2026-04-03 12:12:50,574 | INFO | SFTrainer | Epoch 030 | total 63.3576 | rec_rna 7.3956 | rec_atac 22.7710 | clip 7.2172 | clip_weight 0.5000 | lr 1.00e-03 | best 63.3576
2026-04-03 12:12:51,727 | INFO | SFTrainer | Epoch 040 | total 62.0011 | rec_rna 7.2535 | rec_atac 22.2479 | clip 6.9719 | clip_weight 0.5000 | lr 1.00e-03 | best 62.0011
2026-04-03 12:12:52,917 | INFO | SFTrainer | Epoch 050 | total 60.0912 | rec_rna 7.0866 | rec_atac 21.2631 | clip 6.7905 | clip_weight 0.5000 | lr 1.00e-03 | best 60.0912
2026-04-03 12:12:54,074 | INFO | SFTrainer | Epoch 060 | total 57.8679 | rec_rna 6.9298 | rec_atac 19.8841 | clip 6.6695 | clip_weight 0.5000 | lr 1.00e-03 | best 57.8679
2026-04-03 12:12:55,208 | INFO | SFTrainer | Epoch 070 | total 56.3007 | rec_rna 6.8022 | rec_atac 19.0042 | clip 6.5713 | clip_weight 0.5000 | lr 1.00e-03 | best 56.3007
2026-04-03 12:12:56,334 | INFO | SFTrainer | Epoch 080 | total 55.2002 | rec_rna 6.7077 | rec_atac 18.4067 | clip 6.5103 | clip_weight 0.5000 | lr 1.00e-03 | best 55.2002
2026-04-03 12:12:57,454 | INFO | SFTrainer | Epoch 090 | total 54.1580 | rec_rna 6.6139 | rec_atac 17.8689 | clip 6.4395 | clip_weight 0.5000 | lr 1.00e-03 | best 54.1580
2026-04-03 12:12:58,583 | INFO | SFTrainer | Epoch 100 | total 53.1738 | rec_rna 6.5196 | rec_atac 17.3904 | clip 6.3711 | clip_weight 0.5000 | lr 1.00e-03 | best 53.1738
2026-04-03 12:12:59,721 | INFO | SFTrainer | Epoch 110 | total 52.2288 | rec_rna 6.4188 | rec_atac 16.9689 | clip 6.3315 | clip_weight 0.5000 | lr 1.00e-03 | best 52.2288
2026-04-03 12:13:00,809 | INFO | SFTrainer | Epoch 120 | total 51.2753 | rec_rna 6.3058 | rec_atac 16.6067 | clip 6.2788 | clip_weight 0.5000 | lr 1.00e-03 | best 51.2753
2026-04-03 12:13:01,963 | INFO | SFTrainer | Epoch 130 | total 50.3371 | rec_rna 6.1867 | rec_atac 16.2781 | clip 6.2515 | clip_weight 0.5000 | lr 1.00e-03 | best 50.3371
2026-04-03 12:13:03,078 | INFO | SFTrainer | Epoch 140 | total 49.3776 | rec_rna 6.0534 | rec_atac 15.9969 | clip 6.2271 | clip_weight 0.5000 | lr 1.00e-03 | best 49.3776
2026-04-03 12:13:04,205 | INFO | SFTrainer | Epoch 150 | total 48.4626 | rec_rna 5.9261 | rec_atac 15.7432 | clip 6.1778 | clip_weight 0.5000 | lr 1.00e-03 | best 48.4626
2026-04-03 12:13:05,354 | INFO | SFTrainer | Epoch 160 | total 47.5771 | rec_rna 5.7953 | rec_atac 15.5220 | clip 6.1570 | clip_weight 0.5000 | lr 1.00e-03 | best 47.5771
2026-04-03 12:13:06,479 | INFO | SFTrainer | Epoch 170 | total 46.7767 | rec_rna 5.6796 | rec_atac 15.3143 | clip 6.1289 | clip_weight 0.5000 | lr 1.00e-03 | best 46.7767
2026-04-03 12:13:07,592 | INFO | SFTrainer | Epoch 180 | total 45.9818 | rec_rna 5.5665 | rec_atac 15.0972 | clip 6.1047 | clip_weight 0.5000 | lr 1.00e-03 | best 45.9818
2026-04-03 12:13:08,673 | INFO | SFTrainer | Epoch 190 | total 45.1866 | rec_rna 5.4525 | rec_atac 14.8859 | clip 6.0766 | clip_weight 0.5000 | lr 1.00e-03 | best 45.1866
2026-04-03 12:13:09,786 | INFO | SFTrainer | Epoch 200 | total 44.4029 | rec_rna 5.3371 | rec_atac 14.6978 | clip 6.0397 | clip_weight 0.5000 | lr 1.00e-03 | best 44.4029
2026-04-03 12:13:10,934 | INFO | SFTrainer | Epoch 210 | total 43.6803 | rec_rna 5.2381 | rec_atac 14.4818 | clip 6.0163 | clip_weight 0.5000 | lr 1.00e-03 | best 43.6803
2026-04-03 12:13:12,057 | INFO | SFTrainer | Epoch 220 | total 42.8808 | rec_rna 5.1236 | rec_atac 14.2601 | clip 6.0052 | clip_weight 0.5000 | lr 1.00e-03 | best 42.8808
2026-04-03 12:13:13,149 | INFO | SFTrainer | Epoch 230 | total 42.1561 | rec_rna 5.0282 | rec_atac 14.0274 | clip 5.9752 | clip_weight 0.5000 | lr 1.00e-03 | best 42.1561
2026-04-03 12:13:14,256 | INFO | SFTrainer | Epoch 240 | total 41.4801 | rec_rna 4.9379 | rec_atac 13.8221 | clip 5.9375 | clip_weight 0.5000 | lr 1.00e-03 | best 41.4801
2026-04-03 12:13:15,365 | INFO | SFTrainer | Epoch 250 | total 40.8542 | rec_rna 4.8554 | rec_atac 13.6152 | clip 5.9237 | clip_weight 0.5000 | lr 1.00e-03 | best 40.8542
2026-04-03 12:13:16,442 | INFO | SFTrainer | Epoch 260 | total 40.1698 | rec_rna 4.7649 | rec_atac 13.3923 | clip 5.9061 | clip_weight 0.5000 | lr 1.00e-03 | best 40.1698
2026-04-03 12:13:17,508 | INFO | SFTrainer | Epoch 270 | total 39.5210 | rec_rna 4.6771 | rec_atac 13.1869 | clip 5.8975 | clip_weight 0.5000 | lr 1.00e-03 | best 39.5210
2026-04-03 12:13:18,475 | INFO | SFTrainer | Epoch 280 | total 38.9008 | rec_rna 4.6019 | rec_atac 12.9632 | clip 5.8565 | clip_weight 0.5000 | lr 1.00e-03 | best 38.9008
2026-04-03 12:13:19,578 | INFO | SFTrainer | Epoch 290 | total 38.3576 | rec_rna 4.5357 | rec_atac 12.7637 | clip 5.8305 | clip_weight 0.5000 | lr 1.00e-03 | best 38.3576
2026-04-03 12:13:20,622 | INFO | SFTrainer | Epoch 300 | total 37.7866 | rec_rna 4.4610 | rec_atac 12.5677 | clip 5.8273 | clip_weight 0.5000 | lr 1.00e-03 | best 37.7866
2026-04-03 12:13:21,721 | INFO | SFTrainer | Epoch 310 | total 37.2168 | rec_rna 4.3956 | rec_atac 12.3502 | clip 5.7773 | clip_weight 0.5000 | lr 1.00e-03 | best 37.2168
2026-04-03 12:13:22,756 | INFO | SFTrainer | Epoch 320 | total 36.7215 | rec_rna 4.3341 | rec_atac 12.1643 | clip 5.7737 | clip_weight 0.5000 | lr 1.00e-03 | best 36.7215
2026-04-03 12:13:23,730 | INFO | SFTrainer | Epoch 330 | total 36.1604 | rec_rna 4.2707 | rec_atac 11.9366 | clip 5.7408 | clip_weight 0.5000 | lr 1.00e-03 | best 36.1604
2026-04-03 12:13:24,790 | INFO | SFTrainer | Epoch 340 | total 35.6615 | rec_rna 4.2111 | rec_atac 11.7469 | clip 5.7178 | clip_weight 0.5000 | lr 1.00e-03 | best 35.6615
2026-04-03 12:13:25,881 | INFO | SFTrainer | Epoch 350 | total 35.1385 | rec_rna 4.1442 | rec_atac 11.5732 | clip 5.6891 | clip_weight 0.5000 | lr 1.00e-03 | best 35.1385
2026-04-03 12:13:26,970 | INFO | SFTrainer | Epoch 360 | total 34.7209 | rec_rna 4.0994 | rec_atac 11.3835 | clip 5.6810 | clip_weight 0.5000 | lr 1.00e-03 | best 34.7209
2026-04-03 12:13:28,086 | INFO | SFTrainer | Epoch 370 | total 34.2947 | rec_rna 4.0490 | rec_atac 11.2178 | clip 5.6642 | clip_weight 0.5000 | lr 1.00e-03 | best 34.2947
2026-04-03 12:13:29,131 | INFO | SFTrainer | Epoch 380 | total 33.9324 | rec_rna 4.0141 | rec_atac 11.0457 | clip 5.6325 | clip_weight 0.5000 | lr 1.00e-03 | best 33.8610
2026-04-03 12:13:30,180 | INFO | SFTrainer | Epoch 390 | total 33.4887 | rec_rna 3.9677 | rec_atac 10.8448 | clip 5.6111 | clip_weight 0.5000 | lr 1.00e-03 | best 33.4887
2026-04-03 12:13:31,143 | INFO | SFTrainer | Epoch 400 | total 33.1473 | rec_rna 3.9278 | rec_atac 10.7228 | clip 5.5712 | clip_weight 0.5000 | lr 1.00e-03 | best 33.0847
2026-04-03 12:13:32,156 | INFO | SFTrainer | Epoch 410 | total 32.7254 | rec_rna 3.8804 | rec_atac 10.5490 | clip 5.5486 | clip_weight 0.5000 | lr 1.00e-03 | best 32.7254
2026-04-03 12:13:33,206 | INFO | SFTrainer | Epoch 420 | total 32.2956 | rec_rna 3.8285 | rec_atac 10.3959 | clip 5.5141 | clip_weight 0.5000 | lr 1.00e-03 | best 32.2956
2026-04-03 12:13:34,183 | INFO | SFTrainer | Epoch 430 | total 32.0995 | rec_rna 3.8080 | rec_atac 10.3060 | clip 5.5065 | clip_weight 0.5000 | lr 1.00e-03 | best 32.0781
2026-04-03 12:13:35,143 | INFO | SFTrainer | Epoch 440 | total 31.6999 | rec_rna 3.7638 | rec_atac 10.1366 | clip 5.4888 | clip_weight 0.5000 | lr 1.00e-03 | best 31.6999
2026-04-03 12:13:36,146 | INFO | SFTrainer | Epoch 450 | total 31.3240 | rec_rna 3.7256 | rec_atac 9.9786 | clip 5.4353 | clip_weight 0.5000 | lr 1.00e-03 | best 31.3240
2026-04-03 12:13:37,114 | INFO | SFTrainer | Epoch 460 | total 31.1064 | rec_rna 3.7021 | rec_atac 9.8937 | clip 5.4042 | clip_weight 0.5000 | lr 1.00e-03 | best 31.1064
2026-04-03 12:13:38,086 | INFO | SFTrainer | Epoch 470 | total 30.8446 | rec_rna 3.6675 | rec_atac 9.8039 | clip 5.4061 | clip_weight 0.5000 | lr 1.00e-03 | best 30.8446
2026-04-03 12:13:39,051 | INFO | SFTrainer | Epoch 480 | total 30.5969 | rec_rna 3.6486 | rec_atac 9.6691 | clip 5.3693 | clip_weight 0.5000 | lr 1.00e-03 | best 30.5805
2026-04-03 12:13:40,131 | INFO | SFTrainer | Epoch 490 | total 30.2927 | rec_rna 3.6170 | rec_atac 9.5362 | clip 5.3426 | clip_weight 0.5000 | lr 1.00e-03 | best 30.2927
2026-04-03 12:13:41,035 | INFO | SFTrainer | Epoch 500 | total 30.0836 | rec_rna 3.5943 | rec_atac 9.4437 | clip 5.3364 | clip_weight 0.5000 | lr 1.00e-03 | best 30.0561
2026-04-03 12:13:42,017 | INFO | SFTrainer | Epoch 510 | total 29.8727 | rec_rna 3.5752 | rec_atac 9.3552 | clip 5.2830 | clip_weight 0.5000 | lr 1.00e-03 | best 29.8009
2026-04-03 12:13:43,007 | INFO | SFTrainer | Epoch 520 | total 29.5957 | rec_rna 3.5420 | rec_atac 9.2507 | clip 5.2703 | clip_weight 0.5000 | lr 1.00e-03 | best 29.5957
2026-04-03 12:13:43,926 | INFO | SFTrainer | Epoch 530 | total 29.4171 | rec_rna 3.5248 | rec_atac 9.1744 | clip 5.2378 | clip_weight 0.5000 | lr 1.00e-03 | best 29.3479
2026-04-03 12:13:44,809 | INFO | SFTrainer | Epoch 540 | total 29.1610 | rec_rna 3.4928 | rec_atac 9.0880 | clip 5.2177 | clip_weight 0.5000 | lr 1.00e-03 | best 29.1610
2026-04-03 12:13:45,702 | INFO | SFTrainer | Epoch 550 | total 28.9964 | rec_rna 3.4786 | rec_atac 9.0037 | clip 5.1999 | clip_weight 0.5000 | lr 1.00e-03 | best 28.9178
2026-04-03 12:13:46,697 | INFO | SFTrainer | Epoch 560 | total 28.7298 | rec_rna 3.4485 | rec_atac 8.9108 | clip 5.1534 | clip_weight 0.5000 | lr 1.00e-03 | best 28.7298
2026-04-03 12:13:47,576 | INFO | SFTrainer | Epoch 570 | total 28.5719 | rec_rna 3.4307 | rec_atac 8.8529 | clip 5.1311 | clip_weight 0.5000 | lr 1.00e-03 | best 28.5621
2026-04-03 12:13:48,630 | INFO | SFTrainer | Epoch 580 | total 28.3366 | rec_rna 3.4070 | rec_atac 8.7409 | clip 5.1212 | clip_weight 0.5000 | lr 1.00e-03 | best 28.2755
2026-04-03 12:13:49,569 | INFO | SFTrainer | Epoch 590 | total 28.1464 | rec_rna 3.3873 | rec_atac 8.6793 | clip 5.0615 | clip_weight 0.5000 | lr 1.00e-03 | best 28.1464
2026-04-03 12:13:50,555 | INFO | SFTrainer | Epoch 600 | total 27.9730 | rec_rna 3.3628 | rec_atac 8.6306 | clip 5.0566 | clip_weight 0.5000 | lr 1.00e-03 | best 27.9730
2026-04-03 12:13:51,461 | INFO | SFTrainer | Epoch 610 | total 27.8576 | rec_rna 3.3546 | rec_atac 8.5691 | clip 5.0313 | clip_weight 0.5000 | lr 1.00e-03 | best 27.8089
2026-04-03 12:13:52,366 | INFO | SFTrainer | Epoch 620 | total 27.7265 | rec_rna 3.3473 | rec_atac 8.5068 | clip 4.9661 | clip_weight 0.5000 | lr 1.00e-03 | best 27.7265
2026-04-03 12:13:53,328 | INFO | SFTrainer | Epoch 630 | total 27.5785 | rec_rna 3.3314 | rec_atac 8.4397 | clip 4.9635 | clip_weight 0.5000 | lr 1.00e-03 | best 27.5355
2026-04-03 12:13:54,202 | INFO | SFTrainer | Epoch 640 | total 27.4793 | rec_rna 3.3154 | rec_atac 8.4337 | clip 4.9373 | clip_weight 0.5000 | lr 1.00e-03 | best 27.4049
2026-04-03 12:13:55,182 | INFO | SFTrainer | Epoch 650 | total 27.2123 | rec_rna 3.2834 | rec_atac 8.3414 | clip 4.9078 | clip_weight 0.5000 | lr 1.00e-03 | best 27.2123
2026-04-03 12:13:56,106 | INFO | SFTrainer | Epoch 660 | total 27.1734 | rec_rna 3.2798 | rec_atac 8.3305 | clip 4.8876 | clip_weight 0.5000 | lr 1.00e-03 | best 27.0756
2026-04-03 12:13:57,027 | INFO | SFTrainer | Epoch 670 | total 26.9657 | rec_rna 3.2569 | rec_atac 8.2514 | clip 4.8591 | clip_weight 0.5000 | lr 1.00e-03 | best 26.9645
2026-04-03 12:13:57,963 | INFO | SFTrainer | Epoch 680 | total 26.8528 | rec_rna 3.2498 | rec_atac 8.1949 | clip 4.8176 | clip_weight 0.5000 | lr 1.00e-03 | best 26.8107
2026-04-03 12:13:58,854 | INFO | SFTrainer | Epoch 690 | total 26.7359 | rec_rna 3.2435 | rec_atac 8.1264 | clip 4.7844 | clip_weight 0.5000 | lr 1.00e-03 | best 26.7008
2026-04-03 12:13:59,702 | INFO | SFTrainer | Epoch 700 | total 26.6038 | rec_rna 3.2227 | rec_atac 8.1176 | clip 4.7459 | clip_weight 0.5000 | lr 1.00e-03 | best 26.5701
2026-04-03 12:14:00,731 | INFO | SFTrainer | Epoch 710 | total 26.4669 | rec_rna 3.2123 | rec_atac 8.0390 | clip 4.7331 | clip_weight 0.5000 | lr 1.00e-03 | best 26.4398
2026-04-03 12:14:01,734 | INFO | SFTrainer | Epoch 720 | total 26.2922 | rec_rna 3.1860 | rec_atac 8.0145 | clip 4.6952 | clip_weight 0.5000 | lr 1.00e-03 | best 26.2922
2026-04-03 12:14:02,698 | INFO | SFTrainer | Epoch 730 | total 26.1963 | rec_rna 3.1835 | rec_atac 7.9489 | clip 4.6597 | clip_weight 0.5000 | lr 1.00e-03 | best 26.1963
2026-04-03 12:14:03,654 | INFO | SFTrainer | Epoch 740 | total 26.1009 | rec_rna 3.1695 | rec_atac 7.9304 | clip 4.6463 | clip_weight 0.5000 | lr 1.00e-03 | best 26.0764
2026-04-03 12:14:04,550 | INFO | SFTrainer | Epoch 750 | total 26.0284 | rec_rna 3.1644 | rec_atac 7.8963 | clip 4.6203 | clip_weight 0.5000 | lr 1.00e-03 | best 25.9401
2026-04-03 12:14:05,499 | INFO | SFTrainer | Epoch 760 | total 25.8378 | rec_rna 3.1405 | rec_atac 7.8531 | clip 4.5644 | clip_weight 0.5000 | lr 1.00e-03 | best 25.8283
2026-04-03 12:14:06,381 | INFO | SFTrainer | Epoch 770 | total 25.7280 | rec_rna 3.1325 | rec_atac 7.7973 | clip 4.5369 | clip_weight 0.5000 | lr 1.00e-03 | best 25.7245
2026-04-03 12:14:07,231 | INFO | SFTrainer | Epoch 780 | total 25.6586 | rec_rna 3.1271 | rec_atac 7.7662 | clip 4.5134 | clip_weight 0.5000 | lr 1.00e-03 | best 25.6425
2026-04-03 12:14:08,091 | INFO | SFTrainer | Epoch 790 | total 25.5937 | rec_rna 3.1170 | rec_atac 7.7593 | clip 4.4988 | clip_weight 0.5000 | lr 1.00e-03 | best 25.5322
2026-04-03 12:14:08,972 | INFO | SFTrainer | Epoch 800 | total 25.4709 | rec_rna 3.1054 | rec_atac 7.7031 | clip 4.4815 | clip_weight 0.5000 | lr 1.00e-03 | best 25.4608
2026-04-03 12:14:09,867 | INFO | SFTrainer | Epoch 810 | total 25.3859 | rec_rna 3.1030 | rec_atac 7.6551 | clip 4.4319 | clip_weight 0.5000 | lr 1.00e-03 | best 25.3767
2026-04-03 12:14:10,750 | INFO | SFTrainer | Epoch 820 | total 25.3082 | rec_rna 3.0895 | rec_atac 7.6540 | clip 4.4137 | clip_weight 0.5000 | lr 1.00e-03 | best 25.2397
2026-04-03 12:14:11,645 | INFO | SFTrainer | Epoch 830 | total 25.1685 | rec_rna 3.0776 | rec_atac 7.5958 | clip 4.3694 | clip_weight 0.5000 | lr 1.00e-03 | best 25.1685
2026-04-03 12:14:12,600 | INFO | SFTrainer | Epoch 840 | total 25.1192 | rec_rna 3.0732 | rec_atac 7.5876 | clip 4.3311 | clip_weight 0.5000 | lr 1.00e-03 | best 25.1021
2026-04-03 12:14:13,487 | INFO | SFTrainer | Epoch 850 | total 24.9600 | rec_rna 3.0513 | rec_atac 7.5508 | clip 4.3050 | clip_weight 0.5000 | lr 1.00e-03 | best 24.9600
2026-04-03 12:14:14,359 | INFO | SFTrainer | Epoch 860 | total 24.9451 | rec_rna 3.0521 | rec_atac 7.5435 | clip 4.2825 | clip_weight 0.5000 | lr 1.00e-03 | best 24.9451
2026-04-03 12:14:15,214 | INFO | SFTrainer | Epoch 870 | total 24.8718 | rec_rna 3.0473 | rec_atac 7.5070 | clip 4.2568 | clip_weight 0.5000 | lr 1.00e-03 | best 24.8296
2026-04-03 12:14:16,091 | INFO | SFTrainer | Epoch 880 | total 24.7235 | rec_rna 3.0316 | rec_atac 7.4541 | clip 4.2227 | clip_weight 0.5000 | lr 1.00e-03 | best 24.6559
2026-04-03 12:14:16,908 | INFO | SFTrainer | Epoch 890 | total 24.6116 | rec_rna 3.0156 | rec_atac 7.4505 | clip 4.1664 | clip_weight 0.5000 | lr 1.00e-03 | best 24.6116
2026-04-03 12:14:17,747 | INFO | SFTrainer | Epoch 900 | total 24.5643 | rec_rna 3.0151 | rec_atac 7.4023 | clip 4.1727 | clip_weight 0.5000 | lr 1.00e-03 | best 24.5643
2026-04-03 12:14:18,626 | INFO | SFTrainer | Epoch 910 | total 24.6184 | rec_rna 3.0270 | rec_atac 7.4214 | clip 4.1242 | clip_weight 0.5000 | lr 1.00e-03 | best 24.4828
2026-04-03 12:14:19,598 | INFO | SFTrainer | Epoch 920 | total 24.3801 | rec_rna 2.9938 | rec_atac 7.3601 | clip 4.1023 | clip_weight 0.5000 | lr 1.00e-03 | best 24.3801
2026-04-03 12:14:20,453 | INFO | SFTrainer | Epoch 930 | total 24.4371 | rec_rna 3.0075 | rec_atac 7.3700 | clip 4.0594 | clip_weight 0.5000 | lr 1.00e-03 | best 24.3762
2026-04-03 12:14:21,324 | INFO | SFTrainer | Epoch 940 | total 24.2733 | rec_rna 2.9892 | rec_atac 7.3131 | clip 4.0288 | clip_weight 0.5000 | lr 1.00e-03 | best 24.2143
2026-04-03 12:14:22,144 | INFO | SFTrainer | Epoch 950 | total 24.2145 | rec_rna 2.9875 | rec_atac 7.2879 | clip 3.9784 | clip_weight 0.5000 | lr 1.00e-03 | best 24.2068
2026-04-03 12:14:23,049 | INFO | SFTrainer | Epoch 960 | total 24.1520 | rec_rna 2.9791 | rec_atac 7.2798 | clip 3.9534 | clip_weight 0.5000 | lr 1.00e-03 | best 24.0928
2026-04-03 12:14:23,952 | INFO | SFTrainer | Epoch 970 | total 24.0735 | rec_rna 2.9670 | rec_atac 7.2667 | clip 3.9439 | clip_weight 0.5000 | lr 1.00e-03 | best 24.0545
2026-04-03 12:14:24,810 | INFO | SFTrainer | Epoch 980 | total 23.9825 | rec_rna 2.9638 | rec_atac 7.2049 | clip 3.9173 | clip_weight 0.5000 | lr 1.00e-03 | best 23.9815
2026-04-03 12:14:25,710 | INFO | SFTrainer | Epoch 990 | total 23.9953 | rec_rna 2.9642 | rec_atac 7.2284 | clip 3.8921 | clip_weight 0.5000 | lr 1.00e-03 | best 23.8984
2026-04-03 12:14:26,531 | INFO | SFTrainer | Epoch 1000 | total 23.9067 | rec_rna 2.9611 | rec_atac 7.1836 | clip 3.8346 | clip_weight 0.5000 | lr 1.00e-03 | best 23.8544
2026-04-03 12:14:27,386 | INFO | SFTrainer | Epoch 1010 | total 23.7866 | rec_rna 2.9447 | rec_atac 7.1629 | clip 3.7999 | clip_weight 0.5000 | lr 1.00e-03 | best 23.7539
2026-04-03 12:14:28,214 | INFO | SFTrainer | Epoch 1020 | total 23.7041 | rec_rna 2.9306 | rec_atac 7.1760 | clip 3.7498 | clip_weight 0.5000 | lr 1.00e-03 | best 23.7041
2026-04-03 12:14:29,098 | INFO | SFTrainer | Epoch 1030 | total 23.6698 | rec_rna 2.9323 | rec_atac 7.1531 | clip 3.7103 | clip_weight 0.5000 | lr 1.00e-03 | best 23.6698
2026-04-03 12:14:29,982 | INFO | SFTrainer | Epoch 1040 | total 23.7153 | rec_rna 2.9400 | rec_atac 7.1748 | clip 3.6809 | clip_weight 0.5000 | lr 1.00e-03 | best 23.5772
2026-04-03 12:14:30,850 | INFO | SFTrainer | Epoch 1050 | total 23.5804 | rec_rna 2.9216 | rec_atac 7.1404 | clip 3.6642 | clip_weight 0.5000 | lr 1.00e-03 | best 23.5645
2026-04-03 12:14:31,857 | INFO | SFTrainer | Epoch 1060 | total 23.4808 | rec_rna 2.9197 | rec_atac 7.0762 | clip 3.6120 | clip_weight 0.5000 | lr 1.00e-03 | best 23.4761
2026-04-03 12:14:32,730 | INFO | SFTrainer | Epoch 1070 | total 23.4068 | rec_rna 2.9140 | rec_atac 7.0592 | clip 3.5549 | clip_weight 0.5000 | lr 1.00e-03 | best 23.3933
2026-04-03 12:14:33,605 | INFO | SFTrainer | Epoch 1080 | total 23.3982 | rec_rna 2.9156 | rec_atac 7.0583 | clip 3.5241 | clip_weight 0.5000 | lr 1.00e-03 | best 23.3427
2026-04-03 12:14:34,501 | INFO | SFTrainer | Epoch 1090 | total 23.2892 | rec_rna 2.9022 | rec_atac 7.0346 | clip 3.4872 | clip_weight 0.5000 | lr 1.00e-03 | best 23.2247
2026-04-03 12:14:35,426 | INFO | SFTrainer | Epoch 1100 | total 23.2560 | rec_rna 2.8993 | rec_atac 7.0215 | clip 3.4756 | clip_weight 0.5000 | lr 1.00e-03 | best 23.1975
2026-04-03 12:14:36,341 | INFO | SFTrainer | Epoch 1110 | total 23.2374 | rec_rna 2.9003 | rec_atac 7.0186 | clip 3.4345 | clip_weight 0.5000 | lr 1.00e-03 | best 23.1319
2026-04-03 12:14:37,240 | INFO | SFTrainer | Epoch 1120 | total 23.1944 | rec_rna 2.9000 | rec_atac 6.9995 | clip 3.3899 | clip_weight 0.5000 | lr 1.00e-03 | best 23.0406
2026-04-03 12:14:38,095 | INFO | SFTrainer | Epoch 1130 | total 23.1337 | rec_rna 2.8952 | rec_atac 6.9886 | clip 3.3385 | clip_weight 0.5000 | lr 1.00e-03 | best 23.0016
2026-04-03 12:14:38,992 | INFO | SFTrainer | Epoch 1140 | total 22.9613 | rec_rna 2.8716 | rec_atac 6.9487 | clip 3.3098 | clip_weight 0.5000 | lr 1.00e-03 | best 22.9296
2026-04-03 12:14:39,797 | INFO | SFTrainer | Epoch 1150 | total 23.0271 | rec_rna 2.8799 | rec_atac 6.9786 | clip 3.2981 | clip_weight 0.5000 | lr 1.00e-03 | best 22.9296
2026-04-03 12:14:40,704 | INFO | SFTrainer | Epoch 1160 | total 22.8499 | rec_rna 2.8601 | rec_atac 6.9383 | clip 3.2225 | clip_weight 0.5000 | lr 1.00e-03 | best 22.8499
2026-04-03 12:14:41,615 | INFO | SFTrainer | Epoch 1170 | total 22.8512 | rec_rna 2.8639 | rec_atac 6.9361 | clip 3.1910 | clip_weight 0.5000 | lr 1.00e-03 | best 22.7836
2026-04-03 12:14:42,480 | INFO | SFTrainer | Epoch 1180 | total 22.8443 | rec_rna 2.8722 | rec_atac 6.9218 | clip 3.1229 | clip_weight 0.5000 | lr 1.00e-03 | best 22.7498
2026-04-03 12:14:43,367 | INFO | SFTrainer | Epoch 1190 | total 22.7867 | rec_rna 2.8608 | rec_atac 6.9226 | clip 3.1202 | clip_weight 0.5000 | lr 1.00e-03 | best 22.6432
2026-04-03 12:14:44,170 | INFO | SFTrainer | Epoch 1200 | total 22.6844 | rec_rna 2.8601 | rec_atac 6.8500 | clip 3.0682 | clip_weight 0.5000 | lr 1.00e-03 | best 22.6432
2026-04-03 12:14:45,086 | INFO | SFTrainer | Epoch 1210 | total 22.7312 | rec_rna 2.8701 | rec_atac 6.8687 | clip 3.0236 | clip_weight 0.5000 | lr 1.00e-03 | best 22.6147
2026-04-03 12:14:45,957 | INFO | SFTrainer | Epoch 1220 | total 22.5400 | rec_rna 2.8471 | rec_atac 6.8119 | clip 2.9847 | clip_weight 0.5000 | lr 1.00e-03 | best 22.5400
2026-04-03 12:14:46,822 | INFO | SFTrainer | Epoch 1230 | total 22.4535 | rec_rna 2.8315 | rec_atac 6.8229 | clip 2.9461 | clip_weight 0.5000 | lr 1.00e-03 | best 22.4492
2026-04-03 12:14:47,652 | INFO | SFTrainer | Epoch 1240 | total 22.4640 | rec_rna 2.8381 | rec_atac 6.8130 | clip 2.9207 | clip_weight 0.5000 | lr 1.00e-03 | best 22.3957
2026-04-03 12:14:48,482 | INFO | SFTrainer | Epoch 1250 | total 22.4677 | rec_rna 2.8395 | rec_atac 6.8304 | clip 2.8795 | clip_weight 0.5000 | lr 1.00e-03 | best 22.3797
2026-04-03 12:14:49,388 | INFO | SFTrainer | Epoch 1260 | total 22.3910 | rec_rna 2.8317 | rec_atac 6.8102 | clip 2.8449 | clip_weight 0.5000 | lr 1.00e-03 | best 22.3253
2026-04-03 12:14:50,227 | INFO | SFTrainer | Epoch 1270 | total 22.3283 | rec_rna 2.8230 | rec_atac 6.8089 | clip 2.8088 | clip_weight 0.5000 | lr 1.00e-03 | best 22.2962
2026-04-03 12:14:51,126 | INFO | SFTrainer | Epoch 1280 | total 22.2307 | rec_rna 2.8156 | rec_atac 6.7743 | clip 2.7573 | clip_weight 0.5000 | lr 1.00e-03 | best 22.2307
2026-04-03 12:14:51,983 | INFO | SFTrainer | Epoch 1290 | total 22.2753 | rec_rna 2.8232 | rec_atac 6.8014 | clip 2.7152 | clip_weight 0.5000 | lr 1.00e-03 | best 22.1648
2026-04-03 12:14:52,916 | INFO | SFTrainer | Epoch 1300 | total 22.1871 | rec_rna 2.8191 | rec_atac 6.7473 | clip 2.6887 | clip_weight 0.5000 | lr 1.00e-03 | best 22.1043
2026-04-03 12:14:53,756 | INFO | SFTrainer | Epoch 1310 | total 22.1090 | rec_rna 2.8069 | rec_atac 6.7542 | clip 2.6409 | clip_weight 0.5000 | lr 1.00e-03 | best 22.0786
2026-04-03 12:14:54,617 | INFO | SFTrainer | Epoch 1320 | total 22.0553 | rec_rna 2.8094 | rec_atac 6.7037 | clip 2.6092 | clip_weight 0.5000 | lr 1.00e-03 | best 22.0553
2026-04-03 12:14:55,460 | INFO | SFTrainer | Epoch 1330 | total 22.0111 | rec_rna 2.7970 | rec_atac 6.7333 | clip 2.5856 | clip_weight 0.5000 | lr 1.00e-03 | best 22.0100
2026-04-03 12:14:56,321 | INFO | SFTrainer | Epoch 1340 | total 21.9563 | rec_rna 2.7923 | rec_atac 6.7358 | clip 2.5175 | clip_weight 0.5000 | lr 1.00e-03 | best 21.9217
2026-04-03 12:14:57,230 | INFO | SFTrainer | Epoch 1350 | total 21.9290 | rec_rna 2.7985 | rec_atac 6.6946 | clip 2.4842 | clip_weight 0.5000 | lr 1.00e-03 | best 21.8419
2026-04-03 12:14:58,062 | INFO | SFTrainer | Epoch 1360 | total 21.9466 | rec_rna 2.8022 | rec_atac 6.7276 | clip 2.4156 | clip_weight 0.5000 | lr 1.00e-03 | best 21.8419
2026-04-03 12:14:58,917 | INFO | SFTrainer | Epoch 1370 | total 21.8354 | rec_rna 2.7914 | rec_atac 6.6798 | clip 2.3975 | clip_weight 0.5000 | lr 1.00e-03 | best 21.7904
2026-04-03 12:14:59,855 | INFO | SFTrainer | Epoch 1380 | total 21.7725 | rec_rna 2.7792 | rec_atac 6.7001 | clip 2.3527 | clip_weight 0.5000 | lr 1.00e-03 | best 21.7725
2026-04-03 12:15:00,746 | INFO | SFTrainer | Epoch 1390 | total 21.7431 | rec_rna 2.7854 | rec_atac 6.6601 | clip 2.3118 | clip_weight 0.5000 | lr 1.00e-03 | best 21.7153
2026-04-03 12:15:01,602 | INFO | SFTrainer | Epoch 1400 | total 21.6296 | rec_rna 2.7743 | rec_atac 6.6356 | clip 2.2449 | clip_weight 0.5000 | lr 1.00e-03 | best 21.6296
2026-04-03 12:15:02,447 | INFO | SFTrainer | Epoch 1410 | total 21.6916 | rec_rna 2.7798 | rec_atac 6.6626 | clip 2.2597 | clip_weight 0.5000 | lr 1.00e-03 | best 21.6275
2026-04-03 12:15:03,362 | INFO | SFTrainer | Epoch 1420 | total 21.7504 | rec_rna 2.7954 | rec_atac 6.6586 | clip 2.2294 | clip_weight 0.5000 | lr 1.00e-03 | best 21.5751
2026-04-03 12:15:04,220 | INFO | SFTrainer | Epoch 1430 | total 21.6447 | rec_rna 2.7824 | rec_atac 6.6429 | clip 2.1792 | clip_weight 0.5000 | lr 1.00e-03 | best 21.5450
2026-04-03 12:15:05,105 | INFO | SFTrainer | Epoch 1440 | total 21.5493 | rec_rna 2.7632 | rec_atac 6.6737 | clip 2.1197 | clip_weight 0.5000 | lr 1.00e-03 | best 21.4670
2026-04-03 12:15:05,911 | INFO | SFTrainer | Epoch 1450 | total 21.5801 | rec_rna 2.7773 | rec_atac 6.6398 | clip 2.1078 | clip_weight 0.5000 | lr 1.00e-03 | best 21.4670
2026-04-03 12:15:06,755 | INFO | SFTrainer | Epoch 1460 | total 21.4540 | rec_rna 2.7628 | rec_atac 6.6140 | clip 2.0518 | clip_weight 0.5000 | lr 1.00e-03 | best 21.3982
2026-04-03 12:15:07,539 | INFO | SFTrainer | Epoch 1470 | total 21.4051 | rec_rna 2.7598 | rec_atac 6.6060 | clip 2.0001 | clip_weight 0.5000 | lr 1.00e-03 | best 21.3982
2026-04-03 12:15:08,494 | INFO | SFTrainer | Epoch 1480 | total 21.4061 | rec_rna 2.7598 | rec_atac 6.6237 | clip 1.9665 | clip_weight 0.5000 | lr 1.00e-03 | best 21.3093
2026-04-03 12:15:09,418 | INFO | SFTrainer | Epoch 1490 | total 21.2797 | rec_rna 2.7486 | rec_atac 6.5786 | clip 1.9168 | clip_weight 0.5000 | lr 1.00e-03 | best 21.2797
2026-04-03 12:15:10,256 | INFO | SFTrainer | Epoch 1500 | total 21.2500 | rec_rna 2.7469 | rec_atac 6.5741 | clip 1.8832 | clip_weight 0.5000 | lr 1.00e-03 | best 21.2213
2026-04-03 12:15:11,107 | INFO | SFTrainer | Epoch 1510 | total 21.3243 | rec_rna 2.7589 | rec_atac 6.6011 | clip 1.8578 | clip_weight 0.5000 | lr 1.00e-03 | best 21.2154
2026-04-03 12:15:11,933 | INFO | SFTrainer | Epoch 1520 | total 21.2041 | rec_rna 2.7489 | rec_atac 6.5592 | clip 1.8005 | clip_weight 0.5000 | lr 1.00e-03 | best 21.1694
2026-04-03 12:15:12,814 | INFO | SFTrainer | Epoch 1530 | total 21.1986 | rec_rna 2.7519 | rec_atac 6.5493 | clip 1.7795 | clip_weight 0.5000 | lr 1.00e-03 | best 21.0841
2026-04-03 12:15:13,647 | INFO | SFTrainer | Epoch 1540 | total 21.1637 | rec_rna 2.7410 | rec_atac 6.5668 | clip 1.7840 | clip_weight 0.5000 | lr 1.00e-03 | best 21.0841
2026-04-03 12:15:14,503 | INFO | SFTrainer | Epoch 1550 | total 21.0201 | rec_rna 2.7244 | rec_atac 6.5533 | clip 1.6897 | clip_weight 0.5000 | lr 1.00e-03 | best 21.0201
2026-04-03 12:15:15,403 | INFO | SFTrainer | Epoch 1560 | total 21.0155 | rec_rna 2.7339 | rec_atac 6.5028 | clip 1.6869 | clip_weight 0.5000 | lr 1.00e-03 | best 21.0155
2026-04-03 12:15:16,202 | INFO | SFTrainer | Epoch 1570 | total 21.0225 | rec_rna 2.7347 | rec_atac 6.5330 | clip 1.6320 | clip_weight 0.5000 | lr 1.00e-03 | best 21.0155
2026-04-03 12:15:17,087 | INFO | SFTrainer | Epoch 1580 | total 20.9500 | rec_rna 2.7214 | rec_atac 6.5492 | clip 1.5878 | clip_weight 0.5000 | lr 1.00e-03 | best 20.9112
2026-04-03 12:15:17,913 | INFO | SFTrainer | Epoch 1590 | total 20.9021 | rec_rna 2.7156 | rec_atac 6.5444 | clip 1.5591 | clip_weight 0.5000 | lr 1.00e-03 | best 20.9021
2026-04-03 12:15:18,804 | INFO | SFTrainer | Epoch 1600 | total 20.9087 | rec_rna 2.7248 | rec_atac 6.5167 | clip 1.5357 | clip_weight 0.5000 | lr 1.00e-03 | best 20.8360
2026-04-03 12:15:19,711 | INFO | SFTrainer | Epoch 1610 | total 20.8484 | rec_rna 2.7211 | rec_atac 6.4915 | clip 1.5032 | clip_weight 0.5000 | lr 1.00e-03 | best 20.7591
2026-04-03 12:15:20,598 | INFO | SFTrainer | Epoch 1620 | total 20.7983 | rec_rna 2.7129 | rec_atac 6.5092 | clip 1.4490 | clip_weight 0.5000 | lr 1.00e-03 | best 20.7177
2026-04-03 12:15:21,456 | INFO | SFTrainer | Epoch 1630 | total 20.8603 | rec_rna 2.7270 | rec_atac 6.4981 | clip 1.4545 | clip_weight 0.5000 | lr 1.00e-03 | best 20.7177
2026-04-03 12:15:22,249 | INFO | SFTrainer | Epoch 1640 | total 20.7535 | rec_rna 2.7119 | rec_atac 6.4825 | clip 1.4228 | clip_weight 0.5000 | lr 1.00e-03 | best 20.7177
2026-04-03 12:15:23,149 | INFO | SFTrainer | Epoch 1650 | total 20.8662 | rec_rna 2.7221 | rec_atac 6.5313 | clip 1.4490 | clip_weight 0.5000 | lr 1.00e-03 | best 20.6319
2026-04-03 12:15:23,996 | INFO | SFTrainer | Epoch 1660 | total 20.6894 | rec_rna 2.7179 | rec_atac 6.4391 | clip 1.3212 | clip_weight 0.5000 | lr 1.00e-03 | best 20.6201
2026-04-03 12:15:24,837 | INFO | SFTrainer | Epoch 1670 | total 20.6866 | rec_rna 2.7154 | rec_atac 6.4599 | clip 1.2996 | clip_weight 0.5000 | lr 1.00e-03 | best 20.6126
2026-04-03 12:15:25,693 | INFO | SFTrainer | Epoch 1680 | total 20.6354 | rec_rna 2.7090 | rec_atac 6.4480 | clip 1.2848 | clip_weight 0.5000 | lr 1.00e-03 | best 20.5820
2026-04-03 12:15:26,579 | INFO | SFTrainer | Epoch 1690 | total 20.5349 | rec_rna 2.6936 | rec_atac 6.4330 | clip 1.2679 | clip_weight 0.5000 | lr 1.00e-03 | best 20.5349
2026-04-03 12:15:27,418 | INFO | SFTrainer | Epoch 1700 | total 20.5737 | rec_rna 2.7060 | rec_atac 6.4288 | clip 1.2302 | clip_weight 0.5000 | lr 1.00e-03 | best 20.4611
2026-04-03 12:15:28,217 | INFO | SFTrainer | Epoch 1710 | total 20.5649 | rec_rna 2.7099 | rec_atac 6.4006 | clip 1.2295 | clip_weight 0.5000 | lr 1.00e-03 | best 20.4611
2026-04-03 12:15:28,988 | INFO | SFTrainer | Epoch 1720 | total 20.5221 | rec_rna 2.6962 | rec_atac 6.4486 | clip 1.1849 | clip_weight 0.5000 | lr 1.00e-03 | best 20.4611
2026-04-03 12:15:29,798 | INFO | SFTrainer | Epoch 1730 | total 20.4341 | rec_rna 2.6902 | rec_atac 6.4042 | clip 1.1580 | clip_weight 0.5000 | lr 1.00e-03 | best 20.4341
2026-04-03 12:15:30,615 | INFO | SFTrainer | Epoch 1740 | total 20.4574 | rec_rna 2.6914 | rec_atac 6.4277 | clip 1.1453 | clip_weight 0.5000 | lr 1.00e-03 | best 20.4057
2026-04-03 12:15:31,425 | INFO | SFTrainer | Epoch 1750 | total 20.4712 | rec_rna 2.6978 | rec_atac 6.4235 | clip 1.1172 | clip_weight 0.5000 | lr 1.00e-03 | best 20.4022
2026-04-03 12:15:32,293 | INFO | SFTrainer | Epoch 1760 | total 20.3285 | rec_rna 2.6839 | rec_atac 6.3691 | clip 1.0799 | clip_weight 0.5000 | lr 1.00e-03 | best 20.3285
2026-04-03 12:15:33,117 | INFO | SFTrainer | Epoch 1770 | total 20.3840 | rec_rna 2.6888 | rec_atac 6.4237 | clip 1.0326 | clip_weight 0.5000 | lr 1.00e-03 | best 20.3150
2026-04-03 12:15:33,951 | INFO | SFTrainer | Epoch 1780 | total 20.3799 | rec_rna 2.6873 | rec_atac 6.4051 | clip 1.0762 | clip_weight 0.5000 | lr 1.00e-03 | best 20.2911
2026-04-03 12:15:34,742 | INFO | SFTrainer | Epoch 1790 | total 20.3306 | rec_rna 2.6905 | rec_atac 6.3615 | clip 1.0334 | clip_weight 0.5000 | lr 1.00e-03 | best 20.2911
2026-04-03 12:15:35,633 | INFO | SFTrainer | Epoch 1800 | total 20.3239 | rec_rna 2.6820 | rec_atac 6.3953 | clip 1.0371 | clip_weight 0.5000 | lr 1.00e-03 | best 20.2163
2026-04-03 12:15:36,434 | INFO | SFTrainer | Epoch 1810 | total 20.2594 | rec_rna 2.6797 | rec_atac 6.3436 | clip 1.0342 | clip_weight 0.5000 | lr 1.00e-03 | best 20.2163
2026-04-03 12:15:37,284 | INFO | SFTrainer | Epoch 1820 | total 20.2697 | rec_rna 2.6843 | rec_atac 6.3360 | clip 1.0247 | clip_weight 0.5000 | lr 1.00e-03 | best 20.2103
2026-04-03 12:15:38,163 | INFO | SFTrainer | Epoch 1830 | total 20.2303 | rec_rna 2.6777 | rec_atac 6.3591 | clip 0.9660 | clip_weight 0.5000 | lr 1.00e-03 | best 20.1349
2026-04-03 12:15:38,990 | INFO | SFTrainer | Epoch 1840 | total 20.2152 | rec_rna 2.6745 | rec_atac 6.3575 | clip 0.9706 | clip_weight 0.5000 | lr 1.00e-03 | best 20.1210
2026-04-03 12:15:39,828 | INFO | SFTrainer | Epoch 1850 | total 20.1297 | rec_rna 2.6684 | rec_atac 6.3383 | clip 0.8987 | clip_weight 0.5000 | lr 1.00e-03 | best 20.0859
2026-04-03 12:15:40,640 | INFO | SFTrainer | Epoch 1860 | total 20.1730 | rec_rna 2.6725 | rec_atac 6.3476 | clip 0.9255 | clip_weight 0.5000 | lr 1.00e-03 | best 20.0859
2026-04-03 12:15:41,450 | INFO | SFTrainer | Epoch 1870 | total 20.1421 | rec_rna 2.6657 | rec_atac 6.3465 | clip 0.9337 | clip_weight 0.5000 | lr 1.00e-03 | best 20.0859
2026-04-03 12:15:42,279 | INFO | SFTrainer | Epoch 1880 | total 20.1173 | rec_rna 2.6662 | rec_atac 6.3493 | clip 0.8743 | clip_weight 0.5000 | lr 1.00e-03 | best 20.0220
2026-04-03 12:15:43,074 | INFO | SFTrainer | Epoch 1890 | total 20.1397 | rec_rna 2.6718 | rec_atac 6.3347 | clip 0.8923 | clip_weight 0.5000 | lr 1.00e-03 | best 20.0220
2026-04-03 12:15:43,911 | INFO | SFTrainer | Epoch 1900 | total 20.0689 | rec_rna 2.6687 | rec_atac 6.3024 | clip 0.8460 | clip_weight 0.5000 | lr 1.00e-03 | best 19.9940
2026-04-03 12:15:44,785 | INFO | SFTrainer | Epoch 1910 | total 20.0477 | rec_rna 2.6559 | rec_atac 6.3232 | clip 0.8898 | clip_weight 0.5000 | lr 1.00e-03 | best 19.9289
2026-04-03 12:15:45,575 | INFO | SFTrainer | Epoch 1920 | total 19.9494 | rec_rna 2.6464 | rec_atac 6.3175 | clip 0.7999 | clip_weight 0.5000 | lr 1.00e-03 | best 19.9289
2026-04-03 12:15:46,360 | INFO | SFTrainer | Epoch 1930 | total 20.0375 | rec_rna 2.6639 | rec_atac 6.3141 | clip 0.8077 | clip_weight 0.5000 | lr 1.00e-03 | best 19.9289
2026-04-03 12:15:47,172 | INFO | SFTrainer | Epoch 1940 | total 19.9809 | rec_rna 2.6589 | rec_atac 6.3018 | clip 0.7696 | clip_weight 0.5000 | lr 1.00e-03 | best 19.9219
2026-04-03 12:15:47,990 | INFO | SFTrainer | Epoch 1950 | total 19.9477 | rec_rna 2.6520 | rec_atac 6.2899 | clip 0.7959 | clip_weight 0.5000 | lr 1.00e-03 | best 19.9198
2026-04-03 12:15:48,858 | INFO | SFTrainer | Epoch 1960 | total 19.9371 | rec_rna 2.6517 | rec_atac 6.2948 | clip 0.7677 | clip_weight 0.5000 | lr 1.00e-03 | best 19.8876
2026-04-03 12:15:49,679 | INFO | SFTrainer | Epoch 1970 | total 19.9983 | rec_rna 2.6607 | rec_atac 6.2962 | clip 0.7975 | clip_weight 0.5000 | lr 1.00e-03 | best 19.8513
2026-04-03 12:15:50,504 | INFO | SFTrainer | Epoch 1980 | total 19.9379 | rec_rna 2.6492 | rec_atac 6.3046 | clip 0.7750 | clip_weight 0.5000 | lr 1.00e-03 | best 19.8383
2026-04-03 12:15:51,311 | INFO | SFTrainer | Epoch 1990 | total 19.8887 | rec_rna 2.6485 | rec_atac 6.2841 | clip 0.7245 | clip_weight 0.5000 | lr 1.00e-03 | best 19.8383
2026-04-03 12:15:52,192 | INFO | SFTrainer | Epoch 2000 | total 19.7944 | rec_rna 2.6324 | rec_atac 6.2811 | clip 0.7024 | clip_weight 0.5000 | lr 1.00e-04 | best 19.7862
2026-04-03 12:15:53,077 | INFO | SFTrainer | Epoch 2010 | total 19.7976 | rec_rna 2.6413 | rec_atac 6.2418 | clip 0.6992 | clip_weight 0.4995 | lr 1.00e-04 | best 19.7394
2026-04-03 12:15:54,088 | INFO | SFTrainer | Epoch 2020 | total 19.6046 | rec_rna 2.6127 | rec_atac 6.1971 | clip 0.6906 | clip_weight 0.4980 | lr 1.00e-04 | best 19.6046
2026-04-03 12:15:54,922 | INFO | SFTrainer | Epoch 2030 | total 19.6502 | rec_rna 2.6154 | rec_atac 6.2145 | clip 0.7239 | clip_weight 0.4956 | lr 1.00e-04 | best 19.5360
2026-04-03 12:15:55,786 | INFO | SFTrainer | Epoch 2040 | total 19.5298 | rec_rna 2.6032 | rec_atac 6.1762 | clip 0.6860 | clip_weight 0.4921 | lr 1.00e-04 | best 19.5047
2026-04-03 12:15:56,716 | INFO | SFTrainer | Epoch 2050 | total 19.5604 | rec_rna 2.6068 | rec_atac 6.2012 | clip 0.6669 | clip_weight 0.4878 | lr 1.00e-04 | best 19.3529
2026-04-03 12:15:57,525 | INFO | SFTrainer | Epoch 2060 | total 19.4973 | rec_rna 2.5926 | rec_atac 6.2039 | clip 0.6849 | clip_weight 0.4824 | lr 1.00e-04 | best 19.3529
2026-04-03 12:15:58,314 | INFO | SFTrainer | Epoch 2070 | total 19.5395 | rec_rna 2.6027 | rec_atac 6.1878 | clip 0.7101 | clip_weight 0.4762 | lr 1.00e-04 | best 19.3529
2026-04-03 12:15:59,132 | INFO | SFTrainer | Epoch 2080 | total 19.4636 | rec_rna 2.5951 | rec_atac 6.1652 | clip 0.6887 | clip_weight 0.4691 | lr 1.00e-04 | best 19.3529
2026-04-03 12:15:59,921 | INFO | SFTrainer | Epoch 2090 | total 19.5522 | rec_rna 2.6099 | rec_atac 6.1714 | clip 0.7189 | clip_weight 0.4611 | lr 1.00e-04 | best 19.3529
2026-04-03 12:16:00,702 | INFO | SFTrainer | Epoch 2100 | total 19.5192 | rec_rna 2.6061 | rec_atac 6.1726 | clip 0.6995 | clip_weight 0.4523 | lr 1.00e-04 | best 19.3529
2026-04-03 12:16:01,505 | INFO | SFTrainer | Epoch 2110 | total 19.4058 | rec_rna 2.5928 | rec_atac 6.1345 | clip 0.6947 | clip_weight 0.4426 | lr 1.00e-04 | best 19.3529
2026-04-03 12:16:02,284 | INFO | SFTrainer | Epoch 2120 | total 19.4179 | rec_rna 2.5858 | rec_atac 6.1947 | clip 0.6809 | clip_weight 0.4322 | lr 1.00e-04 | best 19.3529
2026-04-03 12:16:03,096 | INFO | SFTrainer | Epoch 2130 | total 19.3468 | rec_rna 2.5893 | rec_atac 6.1181 | clip 0.6708 | clip_weight 0.4211 | lr 1.00e-04 | best 19.3468
2026-04-03 12:16:03,921 | INFO | SFTrainer | Epoch 2140 | total 19.3462 | rec_rna 2.5810 | rec_atac 6.1488 | clip 0.7144 | clip_weight 0.4094 | lr 1.00e-04 | best 19.3337
2026-04-03 12:16:04,727 | INFO | SFTrainer | Epoch 2150 | total 19.3880 | rec_rna 2.5930 | rec_atac 6.1399 | clip 0.7134 | clip_weight 0.3969 | lr 1.00e-04 | best 19.3259
2026-04-03 12:16:05,569 | INFO | SFTrainer | Epoch 2160 | total 19.3544 | rec_rna 2.5852 | rec_atac 6.1577 | clip 0.7048 | clip_weight 0.3840 | lr 1.00e-04 | best 19.2697
2026-04-03 12:16:06,354 | INFO | SFTrainer | Epoch 2170 | total 19.3437 | rec_rna 2.5900 | rec_atac 6.1581 | clip 0.6355 | clip_weight 0.3704 | lr 1.00e-04 | best 19.2697
2026-04-03 12:16:07,162 | INFO | SFTrainer | Epoch 2180 | total 19.4105 | rec_rna 2.5994 | rec_atac 6.1657 | clip 0.6950 | clip_weight 0.3564 | lr 1.00e-04 | best 19.2661
2026-04-03 12:16:07,978 | INFO | SFTrainer | Epoch 2190 | total 19.2562 | rec_rna 2.5793 | rec_atac 6.1336 | clip 0.6608 | clip_weight 0.3420 | lr 1.00e-04 | best 19.2437
2026-04-03 12:16:08,749 | INFO | SFTrainer | Epoch 2200 | total 19.2832 | rec_rna 2.5872 | rec_atac 6.1206 | clip 0.6925 | clip_weight 0.3273 | lr 1.00e-04 | best 19.2437
2026-04-03 12:16:09,586 | INFO | SFTrainer | Epoch 2210 | total 19.2157 | rec_rna 2.5794 | rec_atac 6.1125 | clip 0.6600 | clip_weight 0.3122 | lr 1.00e-04 | best 19.2113
2026-04-03 12:16:10,366 | INFO | SFTrainer | Epoch 2220 | total 19.2554 | rec_rna 2.5836 | rec_atac 6.1381 | clip 0.6708 | clip_weight 0.2968 | lr 1.00e-04 | best 19.2113
2026-04-03 12:16:11,239 | INFO | SFTrainer | Epoch 2230 | total 19.1836 | rec_rna 2.5806 | rec_atac 6.0957 | clip 0.6569 | clip_weight 0.2813 | lr 1.00e-04 | best 19.0882
2026-04-03 12:16:12,019 | INFO | SFTrainer | Epoch 2240 | total 19.2423 | rec_rna 2.5828 | rec_atac 6.1444 | clip 0.6917 | clip_weight 0.2657 | lr 1.00e-04 | best 19.0882
2026-04-03 12:16:12,834 | INFO | SFTrainer | Epoch 2250 | total 19.2000 | rec_rna 2.5729 | rec_atac 6.1624 | clip 0.6926 | clip_weight 0.2500 | lr 1.00e-04 | best 19.0882
2026-04-03 12:16:13,670 | INFO | SFTrainer | Epoch 2260 | total 19.1577 | rec_rna 2.5746 | rec_atac 6.1166 | clip 0.7169 | clip_weight 0.2343 | lr 1.00e-04 | best 19.0882
2026-04-03 12:16:14,467 | INFO | SFTrainer | Epoch 2270 | total 19.1242 | rec_rna 2.5724 | rec_atac 6.1168 | clip 0.6660 | clip_weight 0.2187 | lr 1.00e-04 | best 19.0882
2026-04-03 12:16:15,271 | INFO | SFTrainer | Epoch 2280 | total 19.1355 | rec_rna 2.5769 | rec_atac 6.1170 | clip 0.6610 | clip_weight 0.2032 | lr 1.00e-04 | best 19.0882
2026-04-03 12:16:16,172 | INFO | SFTrainer | Epoch 2290 | total 19.2046 | rec_rna 2.5895 | rec_atac 6.1325 | clip 0.6642 | clip_weight 0.1878 | lr 1.00e-04 | best 19.0610
2026-04-03 12:16:16,973 | INFO | SFTrainer | Epoch 2300 | total 19.1476 | rec_rna 2.5769 | rec_atac 6.1433 | clip 0.6946 | clip_weight 0.1727 | lr 1.00e-04 | best 19.0610
2026-04-03 12:16:17,822 | INFO | SFTrainer | Epoch 2310 | total 19.1071 | rec_rna 2.5793 | rec_atac 6.1037 | clip 0.6783 | clip_weight 0.1580 | lr 1.00e-04 | best 19.0577
2026-04-03 12:16:18,636 | INFO | SFTrainer | Epoch 2320 | total 19.0494 | rec_rna 2.5670 | rec_atac 6.1138 | clip 0.7000 | clip_weight 0.1436 | lr 1.00e-04 | best 19.0383
2026-04-03 12:16:19,441 | INFO | SFTrainer | Epoch 2330 | total 19.0602 | rec_rna 2.5734 | rec_atac 6.1026 | clip 0.7008 | clip_weight 0.1296 | lr 1.00e-04 | best 19.0383
2026-04-03 12:16:20,285 | INFO | SFTrainer | Epoch 2340 | total 19.1094 | rec_rna 2.5826 | rec_atac 6.1132 | clip 0.7151 | clip_weight 0.1160 | lr 1.00e-04 | best 19.0375
2026-04-03 12:16:21,143 | INFO | SFTrainer | Epoch 2350 | total 19.0506 | rec_rna 2.5729 | rec_atac 6.1139 | clip 0.6995 | clip_weight 0.1031 | lr 1.00e-04 | best 19.0260
2026-04-03 12:16:22,003 | INFO | SFTrainer | Epoch 2360 | total 19.0502 | rec_rna 2.5742 | rec_atac 6.1142 | clip 0.7158 | clip_weight 0.0906 | lr 1.00e-04 | best 19.0241
2026-04-03 12:16:22,813 | INFO | SFTrainer | Epoch 2370 | total 19.0898 | rec_rna 2.5766 | rec_atac 6.1521 | clip 0.6939 | clip_weight 0.0789 | lr 1.00e-04 | best 18.9727
2026-04-03 12:16:23,591 | INFO | SFTrainer | Epoch 2380 | total 19.0336 | rec_rna 2.5759 | rec_atac 6.1059 | clip 0.7119 | clip_weight 0.0678 | lr 1.00e-04 | best 18.9727
2026-04-03 12:16:24,418 | INFO | SFTrainer | Epoch 2390 | total 19.0031 | rec_rna 2.5727 | rec_atac 6.1000 | clip 0.6936 | clip_weight 0.0574 | lr 1.00e-04 | best 18.9268
2026-04-03 12:16:25,198 | INFO | SFTrainer | Epoch 2400 | total 19.0133 | rec_rna 2.5717 | rec_atac 6.1196 | clip 0.7332 | clip_weight 0.0477 | lr 1.00e-04 | best 18.9268
2026-04-03 12:16:26,001 | INFO | SFTrainer | Epoch 2410 | total 19.0081 | rec_rna 2.5720 | rec_atac 6.1202 | clip 0.7221 | clip_weight 0.0389 | lr 1.00e-04 | best 18.9268
2026-04-03 12:16:26,775 | INFO | SFTrainer | Epoch 2420 | total 18.9489 | rec_rna 2.5700 | rec_atac 6.0776 | clip 0.6877 | clip_weight 0.0309 | lr 1.00e-04 | best 18.9268
2026-04-03 12:16:27,597 | INFO | SFTrainer | Epoch 2430 | total 18.9804 | rec_rna 2.5707 | rec_atac 6.1103 | clip 0.7024 | clip_weight 0.0238 | lr 1.00e-04 | best 18.9183
2026-04-03 12:16:28,462 | INFO | SFTrainer | Epoch 2440 | total 18.9567 | rec_rna 2.5667 | rec_atac 6.1097 | clip 0.7722 | clip_weight 0.0176 | lr 1.00e-04 | best 18.9037
2026-04-03 12:16:29,269 | INFO | SFTrainer | Epoch 2450 | total 18.9573 | rec_rna 2.5702 | rec_atac 6.0974 | clip 0.7393 | clip_weight 0.0122 | lr 1.00e-04 | best 18.8849
2026-04-03 12:16:30,118 | INFO | SFTrainer | Epoch 2460 | total 18.8800 | rec_rna 2.5570 | rec_atac 6.0891 | clip 0.7388 | clip_weight 0.0079 | lr 1.00e-04 | best 18.8800
2026-04-03 12:16:30,948 | INFO | SFTrainer | Epoch 2470 | total 18.9840 | rec_rna 2.5696 | rec_atac 6.1326 | clip 0.7678 | clip_weight 0.0044 | lr 1.00e-04 | best 18.8800
2026-04-03 12:16:31,733 | INFO | SFTrainer | Epoch 2480 | total 18.9290 | rec_rna 2.5681 | rec_atac 6.0868 | clip 0.7280 | clip_weight 0.0020 | lr 1.00e-04 | best 18.8800
2026-04-03 12:16:32,527 | INFO | SFTrainer | Epoch 2490 | total 18.9833 | rec_rna 2.5781 | rec_atac 6.0924 | clip 0.7432 | clip_weight 0.0005 | lr 1.00e-04 | best 18.8800
2026-04-03 12:16:33,351 | INFO | SFTrainer | Epoch 2500 | total 18.9598 | rec_rna 2.5667 | rec_atac 6.1264 | clip 0.0000 | clip_weight 0.0000 | lr 1.00e-04 | best 18.8445
2026-04-03 12:16:34,133 | INFO | SFTrainer | Epoch 2510 | total 18.9355 | rec_rna 2.5659 | rec_atac 6.1061 | clip 0.0000 | clip_weight 0.0000 | lr 1.00e-04 | best 18.8445
2026-04-03 12:16:34,899 | INFO | SFTrainer | Epoch 2520 | total 18.9803 | rec_rna 2.5779 | rec_atac 6.0911 | clip 0.0000 | clip_weight 0.0000 | lr 1.00e-04 | best 18.8445
2026-04-03 12:16:35,655 | INFO | SFTrainer | Epoch 2530 | total 18.8754 | rec_rna 2.5664 | rec_atac 6.0435 | clip 0.0000 | clip_weight 0.0000 | lr 1.00e-04 | best 18.8445
2026-04-03 12:16:36,399 | INFO | SFTrainer | Epoch 2540 | total 18.9202 | rec_rna 2.5622 | rec_atac 6.1090 | clip 0.0000 | clip_weight 0.0000 | lr 1.00e-04 | best 18.8445
2026-04-03 12:16:37,158 | INFO | SFTrainer | Epoch 2550 | total 18.9609 | rec_rna 2.5727 | rec_atac 6.0975 | clip 0.0000 | clip_weight 0.0000 | lr 1.00e-04 | best 18.8445
2026-04-03 12:16:37,936 | INFO | SFTrainer | Epoch 2560 | total 18.9319 | rec_rna 2.5681 | rec_atac 6.0915 | clip 0.0000 | clip_weight 0.0000 | lr 1.00e-04 | best 18.8445
2026-04-03 12:16:38,720 | INFO | SFTrainer | Epoch 2570 | total 18.8862 | rec_rna 2.5618 | rec_atac 6.0774 | clip 0.0000 | clip_weight 0.0000 | lr 1.00e-04 | best 18.8423
2026-04-03 12:16:39,484 | INFO | SFTrainer | Epoch 2580 | total 18.8891 | rec_rna 2.5575 | rec_atac 6.1015 | clip 0.0000 | clip_weight 0.0000 | lr 1.00e-04 | best 18.8423
2026-04-03 12:16:40,265 | INFO | SFTrainer | Epoch 2590 | total 18.9345 | rec_rna 2.5669 | rec_atac 6.0998 | clip 0.0000 | clip_weight 0.0000 | lr 1.00e-04 | best 18.8419
2026-04-03 12:16:41,009 | INFO | SFTrainer | Epoch 2600 | total 18.8930 | rec_rna 2.5624 | rec_atac 6.0808 | clip 0.0000 | clip_weight 0.0000 | lr 1.00e-04 | best 18.8419
2026-04-03 12:16:41,834 | INFO | SFTrainer | Epoch 2610 | total 18.9431 | rec_rna 2.5664 | rec_atac 6.1113 | clip 0.0000 | clip_weight 0.0000 | lr 1.00e-04 | best 18.8331
2026-04-03 12:16:42,574 | INFO | SFTrainer | Epoch 2620 | total 18.8970 | rec_rna 2.5604 | rec_atac 6.0952 | clip 0.0000 | clip_weight 0.0000 | lr 1.00e-04 | best 18.8331
2026-04-03 12:16:43,316 | INFO | SFTrainer | Epoch 2630 | total 18.8760 | rec_rna 2.5580 | rec_atac 6.0860 | clip 0.0000 | clip_weight 0.0000 | lr 1.00e-04 | best 18.8331
2026-04-03 12:16:44,103 | INFO | SFTrainer | Epoch 2640 | total 18.8532 | rec_rna 2.5551 | rec_atac 6.0775 | clip 0.0000 | clip_weight 0.0000 | lr 1.00e-04 | best 18.8309
2026-04-03 12:16:44,847 | INFO | SFTrainer | Epoch 2650 | total 18.9111 | rec_rna 2.5590 | rec_atac 6.1163 | clip 0.0000 | clip_weight 0.0000 | lr 1.00e-04 | best 18.8309
2026-04-03 12:16:45,623 | INFO | SFTrainer | Epoch 2660 | total 18.8874 | rec_rna 2.5663 | rec_atac 6.0561 | clip 0.0000 | clip_weight 0.0000 | lr 1.00e-04 | best 18.8309
2026-04-03 12:16:46,379 | INFO | SFTrainer | Epoch 2670 | total 18.9141 | rec_rna 2.5601 | rec_atac 6.1135 | clip 0.0000 | clip_weight 0.0000 | lr 1.00e-04 | best 18.8309
2026-04-03 12:16:47,179 | INFO | SFTrainer | Epoch 2680 | total 18.9533 | rec_rna 2.5630 | rec_atac 6.1382 | clip 0.0000 | clip_weight 0.0000 | lr 1.00e-04 | best 18.7909
2026-04-03 12:16:47,935 | INFO | SFTrainer | Epoch 2690 | total 18.8403 | rec_rna 2.5516 | rec_atac 6.0825 | clip 0.0000 | clip_weight 0.0000 | lr 1.00e-04 | best 18.7909
2026-04-03 12:16:48,736 | INFO | SFTrainer | Epoch 2700 | total 18.9007 | rec_rna 2.5608 | rec_atac 6.0966 | clip 0.0000 | clip_weight 0.0000 | lr 1.00e-04 | best 18.7909
2026-04-03 12:16:49,523 | INFO | SFTrainer | Epoch 2710 | total 18.8179 | rec_rna 2.5506 | rec_atac 6.0650 | clip 0.0000 | clip_weight 0.0000 | lr 1.00e-04 | best 18.7909
2026-04-03 12:16:50,304 | INFO | SFTrainer | Epoch 2720 | total 18.9637 | rec_rna 2.5646 | rec_atac 6.1405 | clip 0.0000 | clip_weight 0.0000 | lr 1.00e-04 | best 18.7909
2026-04-03 12:16:51,070 | INFO | SFTrainer | Epoch 2730 | total 18.8385 | rec_rna 2.5575 | rec_atac 6.0512 | clip 0.0000 | clip_weight 0.0000 | lr 1.00e-04 | best 18.7909
2026-04-03 12:16:51,831 | INFO | SFTrainer | Epoch 2740 | total 18.8456 | rec_rna 2.5486 | rec_atac 6.1024 | clip 0.0000 | clip_weight 0.0000 | lr 1.00e-04 | best 18.7909
2026-04-03 12:16:52,605 | INFO | SFTrainer | Epoch 2750 | total 18.8202 | rec_rna 2.5465 | rec_atac 6.0876 | clip 0.0000 | clip_weight 0.0000 | lr 1.00e-04 | best 18.7909
2026-04-03 12:16:53,458 | INFO | SFTrainer | Epoch 2760 | total 18.7904 | rec_rna 2.5502 | rec_atac 6.0393 | clip 0.0000 | clip_weight 0.0000 | lr 1.00e-04 | best 18.7904
2026-04-03 12:16:54,210 | INFO | SFTrainer | Epoch 2770 | total 18.8652 | rec_rna 2.5630 | rec_atac 6.0502 | clip 0.0000 | clip_weight 0.0000 | lr 1.00e-04 | best 18.7904
2026-04-03 12:16:54,986 | INFO | SFTrainer | Epoch 2780 | total 18.9031 | rec_rna 2.5610 | rec_atac 6.0979 | clip 0.0000 | clip_weight 0.0000 | lr 1.00e-04 | best 18.7904
2026-04-03 12:16:55,817 | INFO | SFTrainer | Epoch 2790 | total 18.8993 | rec_rna 2.5622 | rec_atac 6.0883 | clip 0.0000 | clip_weight 0.0000 | lr 1.00e-04 | best 18.7895
2026-04-03 12:16:56,572 | INFO | SFTrainer | Epoch 2800 | total 18.8417 | rec_rna 2.5532 | rec_atac 6.0755 | clip 0.0000 | clip_weight 0.0000 | lr 1.00e-04 | best 18.7895
2026-04-03 12:16:57,453 | INFO | SFTrainer | Epoch 2810 | total 18.8205 | rec_rna 2.5495 | rec_atac 6.0732 | clip 0.0000 | clip_weight 0.0000 | lr 1.00e-04 | best 18.7787
2026-04-03 12:16:58,224 | INFO | SFTrainer | Epoch 2820 | total 18.9069 | rec_rna 2.5618 | rec_atac 6.0979 | clip 0.0000 | clip_weight 0.0000 | lr 1.00e-04 | best 18.7787
2026-04-03 12:16:59,063 | INFO | SFTrainer | Epoch 2830 | total 18.9047 | rec_rna 2.5665 | rec_atac 6.0724 | clip 0.0000 | clip_weight 0.0000 | lr 1.00e-04 | best 18.7354
2026-04-03 12:16:59,823 | INFO | SFTrainer | Epoch 2840 | total 18.8520 | rec_rna 2.5607 | rec_atac 6.0485 | clip 0.0000 | clip_weight 0.0000 | lr 1.00e-04 | best 18.7354
2026-04-03 12:17:00,590 | INFO | SFTrainer | Epoch 2850 | total 18.8652 | rec_rna 2.5589 | rec_atac 6.0707 | clip 0.0000 | clip_weight 0.0000 | lr 1.00e-04 | best 18.7354
2026-04-03 12:17:01,377 | INFO | SFTrainer | Epoch 2860 | total 18.8386 | rec_rna 2.5585 | rec_atac 6.0461 | clip 0.0000 | clip_weight 0.0000 | lr 1.00e-04 | best 18.7354
2026-04-03 12:17:02,170 | INFO | SFTrainer | Epoch 2870 | total 18.7898 | rec_rna 2.5418 | rec_atac 6.0809 | clip 0.0000 | clip_weight 0.0000 | lr 1.00e-04 | best 18.7354
2026-04-03 12:17:02,918 | INFO | SFTrainer | Epoch 2880 | total 18.8648 | rec_rna 2.5584 | rec_atac 6.0727 | clip 0.0000 | clip_weight 0.0000 | lr 1.00e-04 | best 18.7354
2026-04-03 12:17:03,705 | INFO | SFTrainer | Epoch 2890 | total 18.8288 | rec_rna 2.5477 | rec_atac 6.0904 | clip 0.0000 | clip_weight 0.0000 | lr 1.00e-04 | best 18.7354
2026-04-03 12:17:04,477 | INFO | SFTrainer | Epoch 2900 | total 18.8080 | rec_rna 2.5471 | rec_atac 6.0726 | clip 0.0000 | clip_weight 0.0000 | lr 1.00e-04 | best 18.7354
2026-04-03 12:17:05,264 | INFO | SFTrainer | Epoch 2910 | total 18.8135 | rec_rna 2.5514 | rec_atac 6.0567 | clip 0.0000 | clip_weight 0.0000 | lr 1.00e-04 | best 18.7354
2026-04-03 12:17:06,039 | INFO | SFTrainer | Epoch 2920 | total 18.7514 | rec_rna 2.5426 | rec_atac 6.0383 | clip 0.0000 | clip_weight 0.0000 | lr 1.00e-04 | best 18.7354
2026-04-03 12:17:06,787 | INFO | SFTrainer | Epoch 2930 | total 18.7656 | rec_rna 2.5329 | rec_atac 6.1009 | clip 0.0000 | clip_weight 0.0000 | lr 1.00e-04 | best 18.7354
2026-04-03 12:17:07,542 | INFO | SFTrainer | Epoch 2940 | total 18.8480 | rec_rna 2.5552 | rec_atac 6.0722 | clip 0.0000 | clip_weight 0.0000 | lr 1.00e-04 | best 18.7354
2026-04-03 12:17:08,311 | INFO | SFTrainer | Epoch 2950 | total 18.8559 | rec_rna 2.5620 | rec_atac 6.0457 | clip 0.0000 | clip_weight 0.0000 | lr 1.00e-04 | best 18.7354
2026-04-03 12:17:09,093 | INFO | SFTrainer | Epoch 2960 | total 18.8326 | rec_rna 2.5557 | rec_atac 6.0542 | clip 0.0000 | clip_weight 0.0000 | lr 1.00e-04 | best 18.7354
2026-04-03 12:17:09,842 | INFO | SFTrainer | Epoch 2970 | total 18.7538 | rec_rna 2.5459 | rec_atac 6.0245 | clip 0.0000 | clip_weight 0.0000 | lr 1.00e-04 | best 18.7354
2026-04-03 12:17:10,637 | INFO | SFTrainer | Epoch 2980 | total 18.6930 | rec_rna 2.5341 | rec_atac 6.0224 | clip 0.0000 | clip_weight 0.0000 | lr 1.00e-04 | best 18.6930
2026-04-03 12:17:11,397 | INFO | SFTrainer | Epoch 2990 | total 18.8511 | rec_rna 2.5591 | rec_atac 6.0558 | clip 0.0000 | clip_weight 0.0000 | lr 1.00e-04 | best 18.6930
2026-04-03 12:17:12,157 | INFO | SFTrainer | Epoch 3000 | total 18.7583 | rec_rna 2.5411 | rec_atac 6.0531 | clip 0.0000 | clip_weight 0.0000 | lr 1.00e-04 | best 18.6930
2026-04-03 12:17:12,177 | INFO | SFTrainer | Training finished. Best loss=18.6930
2026-04-03 12:17:12,179 | INFO | SFTrainer | Training run complete.

========================================================================================
2026-04-03 12:17:24,319 | INFO | SFEvaluate | [Phase 3] Evaluation started.
2026-04-03 12:17:24,320 | INFO | SFEvaluate | Loading processed data...
2026-04-03 12:17:24,576 | INFO | SFEvaluate | Initializing model...
2026-04-03 12:17:24,686 | INFO | SFEvaluate | Loading checkpoint: ckpt_best.pth
2026-04-03 12:17:24,733 | INFO | SFEvaluate | Inference running...
2026-04-03 12:17:25,303 | INFO | SFEvaluate | Latent shape: torch.Size([1949, 128])
2026-04-03 12:17:48,221 | INFO | SFEvaluate | Artifacts: ./results/e15_5_s1/tuning/k9_a0p8/figures/spatial_analysis.pdf | ./results/e15_5_s1/tuning/k9_a0p8/predictions/embedding_joint.h5ad
2026-04-03 12:17:48,221 | INFO | SFEvaluate | Eval metrics | checkpoint=ckpt_best.pth | epoch=BEST (Epoch 3000) | latent_moran=0.4400 | cluster_moran=0.6950
2026-04-03 12:17:48,221 | INFO | SFEvaluate | GT metrics | checkpoint=ckpt_best.pth | epoch=BEST (Epoch 3000) | ARI=0.4876 | NMI=0.6174 | AMI=0.6110 | HOM=0.6765 | n_valid=1949
2026-04-03 12:17:48,221 | INFO | SFEvaluate | Evaluation complete.

========================================================================================
2026-04-03 12:18:01,079 | INFO | SFEvaluateRange | [Range Evaluate] Started. epochs=[1500, 1600, 1700, 1800, 1900, 2000, 2100, 2200, 2300, 2400, 2500, 2600, 2700, 2800, 2900, 3000]
2026-04-03 12:18:01,080 | INFO | SFEvaluateRange | Loading processed data...
2026-04-03 12:18:01,320 | INFO | SFEvaluateRange | Initializing model...
2026-04-03 12:18:01,424 | INFO | SFEvaluateRange | Evaluating epoch 1500 with ckpt_1500.pth
2026-04-03 12:18:24,099 | INFO | SFEvaluateRange | Eval metrics (epoch_1500) | checkpoint=ckpt_1500.pth | epoch=Epoch 1500 | latent_moran=0.4321 | cluster_moran=0.6778
2026-04-03 12:18:24,099 | INFO | SFEvaluateRange | GT metrics (epoch_1500) | checkpoint=ckpt_1500.pth | epoch=Epoch 1500 | ARI=0.4822 | NMI=0.6120 | AMI=0.6054 | HOM=0.6674 | n_valid=1949
2026-04-03 12:18:24,101 | INFO | SFEvaluateRange | Artifacts (epoch_1500): ./results/e15_5_s1/tuning/k9_a0p8/figures/spatial_analysis_epoch_1500.pdf | ./results/e15_5_s1/tuning/k9_a0p8/predictions/embedding_joint_epoch_1500.h5ad
2026-04-03 12:18:24,101 | INFO | SFEvaluateRange | Evaluating epoch 1600 with ckpt_1600.pth
2026-04-03 12:18:37,937 | INFO | SFEvaluateRange | Eval metrics (epoch_1600) | checkpoint=ckpt_1600.pth | epoch=Epoch 1600 | latent_moran=0.4330 | cluster_moran=0.6781
2026-04-03 12:18:37,937 | INFO | SFEvaluateRange | GT metrics (epoch_1600) | checkpoint=ckpt_1600.pth | epoch=Epoch 1600 | ARI=0.4807 | NMI=0.6094 | AMI=0.6028 | HOM=0.6657 | n_valid=1949
2026-04-03 12:18:37,938 | INFO | SFEvaluateRange | Artifacts (epoch_1600): ./results/e15_5_s1/tuning/k9_a0p8/figures/spatial_analysis_epoch_1600.pdf | ./results/e15_5_s1/tuning/k9_a0p8/predictions/embedding_joint_epoch_1600.h5ad
2026-04-03 12:18:37,938 | INFO | SFEvaluateRange | Evaluating epoch 1700 with ckpt_1700.pth
2026-04-03 12:18:50,482 | INFO | SFEvaluateRange | Eval metrics (epoch_1700) | checkpoint=ckpt_1700.pth | epoch=Epoch 1700 | latent_moran=0.4321 | cluster_moran=0.7024
2026-04-03 12:18:50,482 | INFO | SFEvaluateRange | GT metrics (epoch_1700) | checkpoint=ckpt_1700.pth | epoch=Epoch 1700 | ARI=0.4824 | NMI=0.6156 | AMI=0.6090 | HOM=0.6688 | n_valid=1949
2026-04-03 12:18:50,483 | INFO | SFEvaluateRange | Artifacts (epoch_1700): ./results/e15_5_s1/tuning/k9_a0p8/figures/spatial_analysis_epoch_1700.pdf | ./results/e15_5_s1/tuning/k9_a0p8/predictions/embedding_joint_epoch_1700.h5ad
2026-04-03 12:18:50,483 | INFO | SFEvaluateRange | Evaluating epoch 1800 with ckpt_1800.pth
2026-04-03 12:19:04,021 | INFO | SFEvaluateRange | Eval metrics (epoch_1800) | checkpoint=ckpt_1800.pth | epoch=Epoch 1800 | latent_moran=0.4324 | cluster_moran=0.6947
2026-04-03 12:19:04,021 | INFO | SFEvaluateRange | GT metrics (epoch_1800) | checkpoint=ckpt_1800.pth | epoch=Epoch 1800 | ARI=0.4861 | NMI=0.6254 | AMI=0.6189 | HOM=0.6738 | n_valid=1949
2026-04-03 12:19:04,022 | INFO | SFEvaluateRange | Artifacts (epoch_1800): ./results/e15_5_s1/tuning/k9_a0p8/figures/spatial_analysis_epoch_1800.pdf | ./results/e15_5_s1/tuning/k9_a0p8/predictions/embedding_joint_epoch_1800.h5ad
2026-04-03 12:19:04,022 | INFO | SFEvaluateRange | Evaluating epoch 1900 with ckpt_1900.pth
2026-04-03 12:19:17,039 | INFO | SFEvaluateRange | Eval metrics (epoch_1900) | checkpoint=ckpt_1900.pth | epoch=Epoch 1900 | latent_moran=0.4339 | cluster_moran=0.6954
2026-04-03 12:19:17,039 | INFO | SFEvaluateRange | GT metrics (epoch_1900) | checkpoint=ckpt_1900.pth | epoch=Epoch 1900 | ARI=0.4875 | NMI=0.6142 | AMI=0.6077 | HOM=0.6736 | n_valid=1949
2026-04-03 12:19:17,039 | INFO | SFEvaluateRange | Artifacts (epoch_1900): ./results/e15_5_s1/tuning/k9_a0p8/figures/spatial_analysis_epoch_1900.pdf | ./results/e15_5_s1/tuning/k9_a0p8/predictions/embedding_joint_epoch_1900.h5ad
2026-04-03 12:19:17,040 | INFO | SFEvaluateRange | Evaluating epoch 2000 with ckpt_best.pth
2026-04-03 12:19:30,141 | INFO | SFEvaluateRange | Eval metrics (epoch_2000_best) | checkpoint=ckpt_best.pth | epoch=Epoch 2000 (BEST) | latent_moran=0.4400 | cluster_moran=0.6950
2026-04-03 12:19:30,142 | INFO | SFEvaluateRange | GT metrics (epoch_2000_best) | checkpoint=ckpt_best.pth | epoch=Epoch 2000 (BEST) | ARI=0.4876 | NMI=0.6174 | AMI=0.6110 | HOM=0.6765 | n_valid=1949
2026-04-03 12:19:30,142 | INFO | SFEvaluateRange | Artifacts (epoch_2000_best): ./results/e15_5_s1/tuning/k9_a0p8/figures/spatial_analysis_epoch_2000_best.pdf | ./results/e15_5_s1/tuning/k9_a0p8/predictions/embedding_joint_epoch_2000_best.h5ad
2026-04-03 12:19:30,143 | INFO | SFEvaluateRange | Evaluating epoch 2100 with ckpt_2100.pth
2026-04-03 12:19:42,836 | INFO | SFEvaluateRange | Eval metrics (epoch_2100) | checkpoint=ckpt_2100.pth | epoch=Epoch 2100 | latent_moran=0.4344 | cluster_moran=0.6751
2026-04-03 12:19:42,836 | INFO | SFEvaluateRange | GT metrics (epoch_2100) | checkpoint=ckpt_2100.pth | epoch=Epoch 2100 | ARI=0.4955 | NMI=0.6220 | AMI=0.6156 | HOM=0.6822 | n_valid=1949
2026-04-03 12:19:42,837 | INFO | SFEvaluateRange | Artifacts (epoch_2100): ./results/e15_5_s1/tuning/k9_a0p8/figures/spatial_analysis_epoch_2100.pdf | ./results/e15_5_s1/tuning/k9_a0p8/predictions/embedding_joint_epoch_2100.h5ad
2026-04-03 12:19:42,837 | INFO | SFEvaluateRange | Evaluating epoch 2200 with ckpt_2200.pth
2026-04-03 12:19:56,371 | INFO | SFEvaluateRange | Eval metrics (epoch_2200) | checkpoint=ckpt_2200.pth | epoch=Epoch 2200 | latent_moran=0.4353 | cluster_moran=0.6953
2026-04-03 12:19:56,371 | INFO | SFEvaluateRange | GT metrics (epoch_2200) | checkpoint=ckpt_2200.pth | epoch=Epoch 2200 | ARI=0.4391 | NMI=0.6008 | AMI=0.5941 | HOM=0.6584 | n_valid=1949
2026-04-03 12:19:56,372 | INFO | SFEvaluateRange | Artifacts (epoch_2200): ./results/e15_5_s1/tuning/k9_a0p8/figures/spatial_analysis_epoch_2200.pdf | ./results/e15_5_s1/tuning/k9_a0p8/predictions/embedding_joint_epoch_2200.h5ad
2026-04-03 12:19:56,372 | INFO | SFEvaluateRange | Evaluating epoch 2300 with ckpt_2300.pth
2026-04-03 12:20:09,368 | INFO | SFEvaluateRange | Eval metrics (epoch_2300) | checkpoint=ckpt_2300.pth | epoch=Epoch 2300 | latent_moran=0.4367 | cluster_moran=0.6729
2026-04-03 12:20:09,368 | INFO | SFEvaluateRange | GT metrics (epoch_2300) | checkpoint=ckpt_2300.pth | epoch=Epoch 2300 | ARI=0.4940 | NMI=0.6203 | AMI=0.6139 | HOM=0.6805 | n_valid=1949
2026-04-03 12:20:09,369 | INFO | SFEvaluateRange | Artifacts (epoch_2300): ./results/e15_5_s1/tuning/k9_a0p8/figures/spatial_analysis_epoch_2300.pdf | ./results/e15_5_s1/tuning/k9_a0p8/predictions/embedding_joint_epoch_2300.h5ad
2026-04-03 12:20:09,369 | INFO | SFEvaluateRange | Evaluating epoch 2400 with ckpt_2400.pth
2026-04-03 12:20:23,439 | INFO | SFEvaluateRange | Eval metrics (epoch_2400) | checkpoint=ckpt_2400.pth | epoch=Epoch 2400 | latent_moran=0.4373 | cluster_moran=0.7048
2026-04-03 12:20:23,440 | INFO | SFEvaluateRange | GT metrics (epoch_2400) | checkpoint=ckpt_2400.pth | epoch=Epoch 2400 | ARI=0.4790 | NMI=0.6138 | AMI=0.6073 | HOM=0.6703 | n_valid=1949
2026-04-03 12:20:23,440 | INFO | SFEvaluateRange | Artifacts (epoch_2400): ./results/e15_5_s1/tuning/k9_a0p8/figures/spatial_analysis_epoch_2400.pdf | ./results/e15_5_s1/tuning/k9_a0p8/predictions/embedding_joint_epoch_2400.h5ad
2026-04-03 12:20:23,440 | INFO | SFEvaluateRange | Evaluating epoch 2500 with ckpt_2500.pth
2026-04-03 12:20:36,136 | INFO | SFEvaluateRange | Eval metrics (epoch_2500) | checkpoint=ckpt_2500.pth | epoch=Epoch 2500 | latent_moran=0.4383 | cluster_moran=0.6967
2026-04-03 12:20:36,136 | INFO | SFEvaluateRange | GT metrics (epoch_2500) | checkpoint=ckpt_2500.pth | epoch=Epoch 2500 | ARI=0.4388 | NMI=0.5990 | AMI=0.5923 | HOM=0.6585 | n_valid=1949
2026-04-03 12:20:36,137 | INFO | SFEvaluateRange | Artifacts (epoch_2500): ./results/e15_5_s1/tuning/k9_a0p8/figures/spatial_analysis_epoch_2500.pdf | ./results/e15_5_s1/tuning/k9_a0p8/predictions/embedding_joint_epoch_2500.h5ad
2026-04-03 12:20:36,137 | INFO | SFEvaluateRange | Evaluating epoch 2600 with ckpt_2600.pth
2026-04-03 12:20:49,144 | INFO | SFEvaluateRange | Eval metrics (epoch_2600) | checkpoint=ckpt_2600.pth | epoch=Epoch 2600 | latent_moran=0.4380 | cluster_moran=0.6971
2026-04-03 12:20:49,145 | INFO | SFEvaluateRange | GT metrics (epoch_2600) | checkpoint=ckpt_2600.pth | epoch=Epoch 2600 | ARI=0.4260 | NMI=0.6092 | AMI=0.6026 | HOM=0.6665 | n_valid=1949
2026-04-03 12:20:49,145 | INFO | SFEvaluateRange | Artifacts (epoch_2600): ./results/e15_5_s1/tuning/k9_a0p8/figures/spatial_analysis_epoch_2600.pdf | ./results/e15_5_s1/tuning/k9_a0p8/predictions/embedding_joint_epoch_2600.h5ad
2026-04-03 12:20:49,145 | INFO | SFEvaluateRange | Evaluating epoch 2700 with ckpt_2700.pth
2026-04-03 12:21:03,958 | INFO | SFEvaluateRange | Eval metrics (epoch_2700) | checkpoint=ckpt_2700.pth | epoch=Epoch 2700 | latent_moran=0.4390 | cluster_moran=0.7024
2026-04-03 12:21:03,958 | INFO | SFEvaluateRange | GT metrics (epoch_2700) | checkpoint=ckpt_2700.pth | epoch=Epoch 2700 | ARI=0.4815 | NMI=0.6148 | AMI=0.6083 | HOM=0.6731 | n_valid=1949
2026-04-03 12:21:03,959 | INFO | SFEvaluateRange | Artifacts (epoch_2700): ./results/e15_5_s1/tuning/k9_a0p8/figures/spatial_analysis_epoch_2700.pdf | ./results/e15_5_s1/tuning/k9_a0p8/predictions/embedding_joint_epoch_2700.h5ad
2026-04-03 12:21:03,959 | INFO | SFEvaluateRange | Evaluating epoch 2800 with ckpt_2800.pth
2026-04-03 12:21:16,505 | INFO | SFEvaluateRange | Eval metrics (epoch_2800) | checkpoint=ckpt_2800.pth | epoch=Epoch 2800 | latent_moran=0.4392 | cluster_moran=0.6979
2026-04-03 12:21:16,505 | INFO | SFEvaluateRange | GT metrics (epoch_2800) | checkpoint=ckpt_2800.pth | epoch=Epoch 2800 | ARI=0.4470 | NMI=0.6074 | AMI=0.6009 | HOM=0.6731 | n_valid=1949
2026-04-03 12:21:16,506 | INFO | SFEvaluateRange | Artifacts (epoch_2800): ./results/e15_5_s1/tuning/k9_a0p8/figures/spatial_analysis_epoch_2800.pdf | ./results/e15_5_s1/tuning/k9_a0p8/predictions/embedding_joint_epoch_2800.h5ad
2026-04-03 12:21:16,506 | INFO | SFEvaluateRange | Evaluating epoch 2900 with ckpt_2900.pth
2026-04-03 12:21:29,817 | INFO | SFEvaluateRange | Eval metrics (epoch_2900) | checkpoint=ckpt_2900.pth | epoch=Epoch 2900 | latent_moran=0.4402 | cluster_moran=0.6916
2026-04-03 12:21:29,817 | INFO | SFEvaluateRange | GT metrics (epoch_2900) | checkpoint=ckpt_2900.pth | epoch=Epoch 2900 | ARI=0.4916 | NMI=0.6169 | AMI=0.6104 | HOM=0.6752 | n_valid=1949
2026-04-03 12:21:29,818 | INFO | SFEvaluateRange | Artifacts (epoch_2900): ./results/e15_5_s1/tuning/k9_a0p8/figures/spatial_analysis_epoch_2900.pdf | ./results/e15_5_s1/tuning/k9_a0p8/predictions/embedding_joint_epoch_2900.h5ad
2026-04-03 12:21:29,818 | INFO | SFEvaluateRange | Evaluating epoch 3000 with ckpt_3000.pth
2026-04-03 12:21:42,887 | INFO | SFEvaluateRange | Eval metrics (epoch_3000) | checkpoint=ckpt_3000.pth | epoch=Epoch 3000 | latent_moran=0.4401 | cluster_moran=0.6939
2026-04-03 12:21:42,887 | INFO | SFEvaluateRange | GT metrics (epoch_3000) | checkpoint=ckpt_3000.pth | epoch=Epoch 3000 | ARI=0.4870 | NMI=0.6166 | AMI=0.6102 | HOM=0.6759 | n_valid=1949
2026-04-03 12:21:42,887 | INFO | SFEvaluateRange | Artifacts (epoch_3000): ./results/e15_5_s1/tuning/k9_a0p8/figures/spatial_analysis_epoch_3000.pdf | ./results/e15_5_s1/tuning/k9_a0p8/predictions/embedding_joint_epoch_3000.h5ad
2026-04-03 12:21:42,887 | INFO | SFEvaluateRange | Range evaluation complete. Success=16 | Failed/Skipped=0

========================================================================================
