2026-04-03 09:20:36,033 | INFO | SFPreprocess | [Phase 1] Starting Data Preprocessing...
2026-04-03 09:20:36,033 | INFO | SFPreprocess | Loading raw data...
2026-04-03 09:20:36,033 | INFO | SFPreprocess | Data loader: paired h5ad
2026-04-03 09:21:12,110 | INFO | SFPreprocess | Aligned final cells: RNA=2129, ATAC=2129
2026-04-03 09:21:33,085 | INFO | SFPreprocess | Reduced shapes: RNA=(2129, 512), ATAC=(2129, 512)
2026-04-03 09:21:36,038 | INFO | SFPreprocess | Saving processed tensors...
2026-04-03 09:21:36,073 | INFO | SFPreprocess | Preprocessing complete: data/processed/tuning/e10/processed_data.pt

========================================================================================
2026-04-03 09:21:42,180 | INFO | SFTrainer | [Phase 2] Starting Model Training...
2026-04-03 09:21:42,180 | INFO | SFTrainer | Loading processed data...
2026-04-03 09:21:42,205 | INFO | SFTrainer | Data ready: RNA=torch.Size([2129, 512]), ATAC=torch.Size([2129, 512]), edges=17032
2026-04-03 09:21:42,205 | INFO | SFTrainer | Initializing model...
2026-04-03 09:21:42,549 | INFO | SFTrainer | Training started.
2026-04-03 09:21:42,550 | INFO | SFTrainer | Training started: epochs=3000
2026-04-03 09:21:44,442 | INFO | SFTrainer | Epoch 010 | total 71.6093 | rec_rna 8.7040 | rec_atac 24.2631 | clip 7.6520 | clip_weight 0.5000 | lr 1.00e-03 | best 71.6093
2026-04-03 09:21:45,539 | INFO | SFTrainer | Epoch 020 | total 67.2396 | rec_rna 8.4410 | rec_atac 21.2331 | clip 7.6032 | clip_weight 0.5000 | lr 1.00e-03 | best 67.2396
2026-04-03 09:21:46,621 | INFO | SFTrainer | Epoch 030 | total 65.7279 | rec_rna 8.3571 | rec_atac 20.2073 | clip 7.4702 | clip_weight 0.5000 | lr 1.00e-03 | best 65.7279
2026-04-03 09:21:47,709 | INFO | SFTrainer | Epoch 040 | total 65.0332 | rec_rna 8.2785 | rec_atac 20.0083 | clip 7.2646 | clip_weight 0.5000 | lr 1.00e-03 | best 65.0332
2026-04-03 09:21:48,855 | INFO | SFTrainer | Epoch 050 | total 63.9518 | rec_rna 8.1782 | rec_atac 19.5188 | clip 7.0844 | clip_weight 0.5000 | lr 1.00e-03 | best 63.9518
2026-04-03 09:21:50,001 | INFO | SFTrainer | Epoch 060 | total 62.3740 | rec_rna 8.0777 | rec_atac 18.5259 | clip 6.9193 | clip_weight 0.5000 | lr 1.00e-03 | best 62.3740
2026-04-03 09:21:51,128 | INFO | SFTrainer | Epoch 070 | total 61.1668 | rec_rna 7.9711 | rec_atac 17.9096 | clip 6.8029 | clip_weight 0.5000 | lr 1.00e-03 | best 61.1668
2026-04-03 09:21:52,277 | INFO | SFTrainer | Epoch 080 | total 60.1342 | rec_rna 7.8872 | rec_atac 17.3479 | clip 6.7007 | clip_weight 0.5000 | lr 1.00e-03 | best 60.1342
2026-04-03 09:21:53,478 | INFO | SFTrainer | Epoch 090 | total 59.1322 | rec_rna 7.7952 | rec_atac 16.8481 | clip 6.6160 | clip_weight 0.5000 | lr 1.00e-03 | best 59.1322
2026-04-03 09:21:54,594 | INFO | SFTrainer | Epoch 100 | total 58.2696 | rec_rna 7.7011 | rec_atac 16.4907 | clip 6.5464 | clip_weight 0.5000 | lr 1.00e-03 | best 58.2696
2026-04-03 09:21:55,726 | INFO | SFTrainer | Epoch 110 | total 57.3698 | rec_rna 7.5842 | rec_atac 16.2042 | clip 6.4897 | clip_weight 0.5000 | lr 1.00e-03 | best 57.3698
2026-04-03 09:21:56,848 | INFO | SFTrainer | Epoch 120 | total 56.5804 | rec_rna 7.4679 | rec_atac 16.0191 | clip 6.4434 | clip_weight 0.5000 | lr 1.00e-03 | best 56.5804
2026-04-03 09:21:57,945 | INFO | SFTrainer | Epoch 130 | total 55.6630 | rec_rna 7.3351 | rec_atac 15.7833 | clip 6.4083 | clip_weight 0.5000 | lr 1.00e-03 | best 55.6630
2026-04-03 09:21:59,093 | INFO | SFTrainer | Epoch 140 | total 54.8256 | rec_rna 7.2015 | rec_atac 15.6351 | clip 6.3657 | clip_weight 0.5000 | lr 1.00e-03 | best 54.8256
2026-04-03 09:22:00,249 | INFO | SFTrainer | Epoch 150 | total 53.9330 | rec_rna 7.0597 | rec_atac 15.4652 | clip 6.3390 | clip_weight 0.5000 | lr 1.00e-03 | best 53.9330
2026-04-03 09:22:01,387 | INFO | SFTrainer | Epoch 160 | total 53.0823 | rec_rna 6.9246 | rec_atac 15.3088 | clip 6.3009 | clip_weight 0.5000 | lr 1.00e-03 | best 53.0823
2026-04-03 09:22:02,506 | INFO | SFTrainer | Epoch 170 | total 52.2765 | rec_rna 6.7977 | rec_atac 15.1456 | clip 6.2848 | clip_weight 0.5000 | lr 1.00e-03 | best 52.2765
2026-04-03 09:22:03,667 | INFO | SFTrainer | Epoch 180 | total 51.4564 | rec_rna 6.6697 | rec_atac 14.9767 | clip 6.2621 | clip_weight 0.5000 | lr 1.00e-03 | best 51.4564
2026-04-03 09:22:04,801 | INFO | SFTrainer | Epoch 190 | total 50.6565 | rec_rna 6.5445 | rec_atac 14.8179 | clip 6.2326 | clip_weight 0.5000 | lr 1.00e-03 | best 50.6565
2026-04-03 09:22:05,957 | INFO | SFTrainer | Epoch 200 | total 49.8794 | rec_rna 6.4218 | rec_atac 14.6649 | clip 6.2109 | clip_weight 0.5000 | lr 1.00e-03 | best 49.8794
2026-04-03 09:22:07,053 | INFO | SFTrainer | Epoch 210 | total 49.1030 | rec_rna 6.3043 | rec_atac 14.4950 | clip 6.1731 | clip_weight 0.5000 | lr 1.00e-03 | best 49.1030
2026-04-03 09:22:08,114 | INFO | SFTrainer | Epoch 220 | total 48.4072 | rec_rna 6.1963 | rec_atac 14.3451 | clip 6.1606 | clip_weight 0.5000 | lr 1.00e-03 | best 48.4072
2026-04-03 09:22:09,211 | INFO | SFTrainer | Epoch 230 | total 47.6421 | rec_rna 6.0781 | rec_atac 14.1878 | clip 6.1272 | clip_weight 0.5000 | lr 1.00e-03 | best 47.6421
2026-04-03 09:22:10,350 | INFO | SFTrainer | Epoch 240 | total 46.9968 | rec_rna 5.9832 | rec_atac 14.0278 | clip 6.1059 | clip_weight 0.5000 | lr 1.00e-03 | best 46.9968
2026-04-03 09:22:11,430 | INFO | SFTrainer | Epoch 250 | total 46.3067 | rec_rna 5.8830 | rec_atac 13.8586 | clip 6.0660 | clip_weight 0.5000 | lr 1.00e-03 | best 46.3067
2026-04-03 09:22:12,522 | INFO | SFTrainer | Epoch 260 | total 45.6271 | rec_rna 5.7815 | rec_atac 13.6907 | clip 6.0579 | clip_weight 0.5000 | lr 1.00e-03 | best 45.6271
2026-04-03 09:22:13,623 | INFO | SFTrainer | Epoch 270 | total 44.9096 | rec_rna 5.6810 | rec_atac 13.4922 | clip 6.0246 | clip_weight 0.5000 | lr 1.00e-03 | best 44.9096
2026-04-03 09:22:14,660 | INFO | SFTrainer | Epoch 280 | total 44.3610 | rec_rna 5.5982 | rec_atac 13.3518 | clip 6.0364 | clip_weight 0.5000 | lr 1.00e-03 | best 44.3243
2026-04-03 09:22:15,693 | INFO | SFTrainer | Epoch 290 | total 43.6873 | rec_rna 5.5047 | rec_atac 13.1740 | clip 5.9793 | clip_weight 0.5000 | lr 1.00e-03 | best 43.6707
2026-04-03 09:22:16,756 | INFO | SFTrainer | Epoch 300 | total 43.0067 | rec_rna 5.4119 | rec_atac 12.9698 | clip 5.9552 | clip_weight 0.5000 | lr 1.00e-03 | best 43.0067
2026-04-03 09:22:17,843 | INFO | SFTrainer | Epoch 310 | total 42.4983 | rec_rna 5.3428 | rec_atac 12.8080 | clip 5.9532 | clip_weight 0.5000 | lr 1.00e-03 | best 42.4983
2026-04-03 09:22:18,876 | INFO | SFTrainer | Epoch 320 | total 41.8252 | rec_rna 5.2510 | rec_atac 12.6105 | clip 5.9190 | clip_weight 0.5000 | lr 1.00e-03 | best 41.8252
2026-04-03 09:22:19,909 | INFO | SFTrainer | Epoch 330 | total 41.3095 | rec_rna 5.1847 | rec_atac 12.4353 | clip 5.9019 | clip_weight 0.5000 | lr 1.00e-03 | best 41.3095
2026-04-03 09:22:20,927 | INFO | SFTrainer | Epoch 340 | total 40.8268 | rec_rna 5.1253 | rec_atac 12.2615 | clip 5.8774 | clip_weight 0.5000 | lr 1.00e-03 | best 40.8268
2026-04-03 09:22:22,052 | INFO | SFTrainer | Epoch 350 | total 40.1539 | rec_rna 5.0398 | rec_atac 12.0364 | clip 5.8371 | clip_weight 0.5000 | lr 1.00e-03 | best 40.1539
2026-04-03 09:22:23,134 | INFO | SFTrainer | Epoch 360 | total 39.7007 | rec_rna 4.9844 | rec_atac 11.8656 | clip 5.8264 | clip_weight 0.5000 | lr 1.00e-03 | best 39.7007
2026-04-03 09:22:24,211 | INFO | SFTrainer | Epoch 370 | total 39.2249 | rec_rna 4.9276 | rec_atac 11.6863 | clip 5.8014 | clip_weight 0.5000 | lr 1.00e-03 | best 39.2249
2026-04-03 09:22:25,280 | INFO | SFTrainer | Epoch 380 | total 38.7918 | rec_rna 4.8746 | rec_atac 11.5213 | clip 5.7950 | clip_weight 0.5000 | lr 1.00e-03 | best 38.7918
2026-04-03 09:22:26,281 | INFO | SFTrainer | Epoch 390 | total 38.3418 | rec_rna 4.8224 | rec_atac 11.3494 | clip 5.7613 | clip_weight 0.5000 | lr 1.00e-03 | best 38.3418
2026-04-03 09:22:27,303 | INFO | SFTrainer | Epoch 400 | total 37.9715 | rec_rna 4.7771 | rec_atac 11.2037 | clip 5.7650 | clip_weight 0.5000 | lr 1.00e-03 | best 37.9433
2026-04-03 09:22:28,297 | INFO | SFTrainer | Epoch 410 | total 37.5334 | rec_rna 4.7254 | rec_atac 11.0504 | clip 5.7123 | clip_weight 0.5000 | lr 1.00e-03 | best 37.4569
2026-04-03 09:22:29,294 | INFO | SFTrainer | Epoch 420 | total 37.1032 | rec_rna 4.6764 | rec_atac 10.8776 | clip 5.6877 | clip_weight 0.5000 | lr 1.00e-03 | best 37.1032
2026-04-03 09:22:30,352 | INFO | SFTrainer | Epoch 430 | total 36.6710 | rec_rna 4.6245 | rec_atac 10.7129 | clip 5.6709 | clip_weight 0.5000 | lr 1.00e-03 | best 36.6522
2026-04-03 09:22:31,338 | INFO | SFTrainer | Epoch 440 | total 36.3130 | rec_rna 4.5777 | rec_atac 10.5950 | clip 5.6593 | clip_weight 0.5000 | lr 1.00e-03 | best 36.3130
2026-04-03 09:22:32,395 | INFO | SFTrainer | Epoch 450 | total 35.9748 | rec_rna 4.5445 | rec_atac 10.4416 | clip 5.6214 | clip_weight 0.5000 | lr 1.00e-03 | best 35.9748
2026-04-03 09:22:33,359 | INFO | SFTrainer | Epoch 460 | total 35.6523 | rec_rna 4.5068 | rec_atac 10.3082 | clip 5.6205 | clip_weight 0.5000 | lr 1.00e-03 | best 35.6523
2026-04-03 09:22:34,328 | INFO | SFTrainer | Epoch 470 | total 35.2691 | rec_rna 4.4618 | rec_atac 10.1729 | clip 5.5746 | clip_weight 0.5000 | lr 1.00e-03 | best 35.2691
2026-04-03 09:22:35,317 | INFO | SFTrainer | Epoch 480 | total 34.9358 | rec_rna 4.4188 | rec_atac 10.0574 | clip 5.5685 | clip_weight 0.5000 | lr 1.00e-03 | best 34.9358
2026-04-03 09:22:36,245 | INFO | SFTrainer | Epoch 490 | total 34.7029 | rec_rna 4.3974 | rec_atac 9.9479 | clip 5.5365 | clip_weight 0.5000 | lr 1.00e-03 | best 34.6627
2026-04-03 09:22:37,216 | INFO | SFTrainer | Epoch 500 | total 34.3241 | rec_rna 4.3540 | rec_atac 9.8026 | clip 5.5029 | clip_weight 0.5000 | lr 1.00e-03 | best 34.3241
2026-04-03 09:22:38,161 | INFO | SFTrainer | Epoch 510 | total 34.1529 | rec_rna 4.3319 | rec_atac 9.7436 | clip 5.4995 | clip_weight 0.5000 | lr 1.00e-03 | best 34.1049
2026-04-03 09:22:39,093 | INFO | SFTrainer | Epoch 520 | total 33.8232 | rec_rna 4.2954 | rec_atac 9.6166 | clip 5.4593 | clip_weight 0.5000 | lr 1.00e-03 | best 33.8232
2026-04-03 09:22:40,064 | INFO | SFTrainer | Epoch 530 | total 33.4655 | rec_rna 4.2500 | rec_atac 9.4893 | clip 5.4521 | clip_weight 0.5000 | lr 1.00e-03 | best 33.4655
2026-04-03 09:22:40,941 | INFO | SFTrainer | Epoch 540 | total 33.2744 | rec_rna 4.2364 | rec_atac 9.3857 | clip 5.4133 | clip_weight 0.5000 | lr 1.00e-03 | best 33.2744
2026-04-03 09:22:41,908 | INFO | SFTrainer | Epoch 550 | total 33.0829 | rec_rna 4.2080 | rec_atac 9.3373 | clip 5.4108 | clip_weight 0.5000 | lr 1.00e-03 | best 33.0829
2026-04-03 09:22:42,877 | INFO | SFTrainer | Epoch 560 | total 32.8985 | rec_rna 4.1920 | rec_atac 9.2463 | clip 5.3842 | clip_weight 0.5000 | lr 1.00e-03 | best 32.8942
2026-04-03 09:22:43,814 | INFO | SFTrainer | Epoch 570 | total 32.6386 | rec_rna 4.1648 | rec_atac 9.1464 | clip 5.3366 | clip_weight 0.5000 | lr 1.00e-03 | best 32.5989
2026-04-03 09:22:44,734 | INFO | SFTrainer | Epoch 580 | total 32.4686 | rec_rna 4.1428 | rec_atac 9.0952 | clip 5.3191 | clip_weight 0.5000 | lr 1.00e-03 | best 32.4538
2026-04-03 09:22:45,710 | INFO | SFTrainer | Epoch 590 | total 32.2012 | rec_rna 4.1139 | rec_atac 8.9755 | clip 5.3128 | clip_weight 0.5000 | lr 1.00e-03 | best 32.1668
2026-04-03 09:22:46,546 | INFO | SFTrainer | Epoch 600 | total 32.0461 | rec_rna 4.0952 | rec_atac 8.9333 | clip 5.2735 | clip_weight 0.5000 | lr 1.00e-03 | best 32.0105
2026-04-03 09:22:47,459 | INFO | SFTrainer | Epoch 610 | total 31.8771 | rec_rna 4.0765 | rec_atac 8.8683 | clip 5.2527 | clip_weight 0.5000 | lr 1.00e-03 | best 31.8244
2026-04-03 09:22:48,357 | INFO | SFTrainer | Epoch 620 | total 31.6781 | rec_rna 4.0566 | rec_atac 8.7656 | clip 5.2590 | clip_weight 0.5000 | lr 1.00e-03 | best 31.6781
2026-04-03 09:22:49,276 | INFO | SFTrainer | Epoch 630 | total 31.4848 | rec_rna 4.0308 | rec_atac 8.7224 | clip 5.2171 | clip_weight 0.5000 | lr 1.00e-03 | best 31.4648
2026-04-03 09:22:50,254 | INFO | SFTrainer | Epoch 640 | total 31.2516 | rec_rna 4.0023 | rec_atac 8.6483 | clip 5.1832 | clip_weight 0.5000 | lr 1.00e-03 | best 31.2516
2026-04-03 09:22:51,127 | INFO | SFTrainer | Epoch 650 | total 31.2662 | rec_rna 4.0177 | rec_atac 8.6018 | clip 5.1515 | clip_weight 0.5000 | lr 1.00e-03 | best 31.1677
2026-04-03 09:22:52,122 | INFO | SFTrainer | Epoch 660 | total 31.0178 | rec_rna 3.9812 | rec_atac 8.5373 | clip 5.1489 | clip_weight 0.5000 | lr 1.00e-03 | best 30.9858
2026-04-03 09:22:53,090 | INFO | SFTrainer | Epoch 670 | total 30.8231 | rec_rna 3.9584 | rec_atac 8.4863 | clip 5.0897 | clip_weight 0.5000 | lr 1.00e-03 | best 30.8231
2026-04-03 09:22:54,046 | INFO | SFTrainer | Epoch 680 | total 30.7438 | rec_rna 3.9498 | rec_atac 8.4480 | clip 5.0937 | clip_weight 0.5000 | lr 1.00e-03 | best 30.6717
2026-04-03 09:22:54,930 | INFO | SFTrainer | Epoch 690 | total 30.5669 | rec_rna 3.9265 | rec_atac 8.4084 | clip 5.0522 | clip_weight 0.5000 | lr 1.00e-03 | best 30.5511
2026-04-03 09:22:55,868 | INFO | SFTrainer | Epoch 700 | total 30.5664 | rec_rna 3.9306 | rec_atac 8.3889 | clip 5.0492 | clip_weight 0.5000 | lr 1.00e-03 | best 30.4248
2026-04-03 09:22:56,865 | INFO | SFTrainer | Epoch 710 | total 30.3308 | rec_rna 3.9037 | rec_atac 8.3097 | clip 5.0053 | clip_weight 0.5000 | lr 1.00e-03 | best 30.2518
2026-04-03 09:22:57,723 | INFO | SFTrainer | Epoch 720 | total 30.1616 | rec_rna 3.8905 | rec_atac 8.2250 | clip 4.9682 | clip_weight 0.5000 | lr 1.00e-03 | best 30.1493
2026-04-03 09:22:58,667 | INFO | SFTrainer | Epoch 730 | total 29.8778 | rec_rna 3.8514 | rec_atac 8.1535 | clip 4.9348 | clip_weight 0.5000 | lr 1.00e-03 | best 29.8778
2026-04-03 09:22:59,433 | INFO | SFTrainer | Epoch 740 | total 29.8933 | rec_rna 3.8563 | rec_atac 8.1576 | clip 4.9087 | clip_weight 0.5000 | lr 1.00e-03 | best 29.8778
2026-04-03 09:23:00,375 | INFO | SFTrainer | Epoch 750 | total 29.7598 | rec_rna 3.8421 | rec_atac 8.1011 | clip 4.8962 | clip_weight 0.5000 | lr 1.00e-03 | best 29.7598
2026-04-03 09:23:01,282 | INFO | SFTrainer | Epoch 760 | total 29.7091 | rec_rna 3.8378 | rec_atac 8.0810 | clip 4.8784 | clip_weight 0.5000 | lr 1.00e-03 | best 29.6428
2026-04-03 09:23:02,183 | INFO | SFTrainer | Epoch 770 | total 29.5566 | rec_rna 3.8206 | rec_atac 8.0300 | clip 4.8474 | clip_weight 0.5000 | lr 1.00e-03 | best 29.5022
2026-04-03 09:23:03,075 | INFO | SFTrainer | Epoch 780 | total 29.4245 | rec_rna 3.8014 | rec_atac 7.9968 | clip 4.8410 | clip_weight 0.5000 | lr 1.00e-03 | best 29.4245
2026-04-03 09:23:04,010 | INFO | SFTrainer | Epoch 790 | total 29.2098 | rec_rna 3.7782 | rec_atac 7.9133 | clip 4.8114 | clip_weight 0.5000 | lr 1.00e-03 | best 29.2098
2026-04-03 09:23:04,862 | INFO | SFTrainer | Epoch 800 | total 29.0835 | rec_rna 3.7642 | rec_atac 7.8877 | clip 4.7492 | clip_weight 0.5000 | lr 1.00e-03 | best 29.0835
2026-04-03 09:23:05,685 | INFO | SFTrainer | Epoch 810 | total 29.1034 | rec_rna 3.7659 | rec_atac 7.8946 | clip 4.7584 | clip_weight 0.5000 | lr 1.00e-03 | best 29.0725
2026-04-03 09:23:06,577 | INFO | SFTrainer | Epoch 820 | total 29.0845 | rec_rna 3.7691 | rec_atac 7.8709 | clip 4.7361 | clip_weight 0.5000 | lr 1.00e-03 | best 28.9876
2026-04-03 09:23:07,470 | INFO | SFTrainer | Epoch 830 | total 28.9240 | rec_rna 3.7455 | rec_atac 7.8394 | clip 4.7146 | clip_weight 0.5000 | lr 1.00e-03 | best 28.8235
2026-04-03 09:23:08,283 | INFO | SFTrainer | Epoch 840 | total 28.7850 | rec_rna 3.7335 | rec_atac 7.7845 | clip 4.6666 | clip_weight 0.5000 | lr 1.00e-03 | best 28.7429
2026-04-03 09:23:09,102 | INFO | SFTrainer | Epoch 850 | total 28.6868 | rec_rna 3.7221 | rec_atac 7.7479 | clip 4.6564 | clip_weight 0.5000 | lr 1.00e-03 | best 28.6790
2026-04-03 09:23:10,080 | INFO | SFTrainer | Epoch 860 | total 28.5937 | rec_rna 3.7093 | rec_atac 7.7364 | clip 4.6211 | clip_weight 0.5000 | lr 1.00e-03 | best 28.5937
2026-04-03 09:23:10,882 | INFO | SFTrainer | Epoch 870 | total 28.5047 | rec_rna 3.7032 | rec_atac 7.6794 | clip 4.6188 | clip_weight 0.5000 | lr 1.00e-03 | best 28.4619
2026-04-03 09:23:11,756 | INFO | SFTrainer | Epoch 880 | total 28.3965 | rec_rna 3.6874 | rec_atac 7.6695 | clip 4.5797 | clip_weight 0.5000 | lr 1.00e-03 | best 28.3965
2026-04-03 09:23:12,609 | INFO | SFTrainer | Epoch 890 | total 28.2818 | rec_rna 3.6786 | rec_atac 7.6307 | clip 4.5162 | clip_weight 0.5000 | lr 1.00e-03 | best 28.2818
2026-04-03 09:23:13,454 | INFO | SFTrainer | Epoch 900 | total 28.2703 | rec_rna 3.6773 | rec_atac 7.6286 | clip 4.5107 | clip_weight 0.5000 | lr 1.00e-03 | best 28.1688
2026-04-03 09:23:14,303 | INFO | SFTrainer | Epoch 910 | total 28.1985 | rec_rna 3.6701 | rec_atac 7.5923 | clip 4.5117 | clip_weight 0.5000 | lr 1.00e-03 | best 28.1195
2026-04-03 09:23:15,200 | INFO | SFTrainer | Epoch 920 | total 28.0735 | rec_rna 3.6517 | rec_atac 7.5811 | clip 4.4684 | clip_weight 0.5000 | lr 1.00e-03 | best 28.0676
2026-04-03 09:23:16,110 | INFO | SFTrainer | Epoch 930 | total 28.1359 | rec_rna 3.6676 | rec_atac 7.5704 | clip 4.4556 | clip_weight 0.5000 | lr 1.00e-03 | best 27.9980
2026-04-03 09:23:16,951 | INFO | SFTrainer | Epoch 940 | total 27.9140 | rec_rna 3.6352 | rec_atac 7.5401 | clip 4.3955 | clip_weight 0.5000 | lr 1.00e-03 | best 27.8913
2026-04-03 09:23:17,773 | INFO | SFTrainer | Epoch 950 | total 27.8542 | rec_rna 3.6270 | rec_atac 7.5189 | clip 4.4001 | clip_weight 0.5000 | lr 1.00e-03 | best 27.8501
2026-04-03 09:23:18,618 | INFO | SFTrainer | Epoch 960 | total 27.7554 | rec_rna 3.6224 | rec_atac 7.4636 | clip 4.3599 | clip_weight 0.5000 | lr 1.00e-03 | best 27.6637
2026-04-03 09:23:19,429 | INFO | SFTrainer | Epoch 970 | total 27.6434 | rec_rna 3.6117 | rec_atac 7.4286 | clip 4.3125 | clip_weight 0.5000 | lr 1.00e-03 | best 27.6434
2026-04-03 09:23:20,286 | INFO | SFTrainer | Epoch 980 | total 27.5868 | rec_rna 3.6065 | rec_atac 7.4024 | clip 4.3039 | clip_weight 0.5000 | lr 1.00e-03 | best 27.5673
2026-04-03 09:23:21,116 | INFO | SFTrainer | Epoch 990 | total 27.5757 | rec_rna 3.6072 | rec_atac 7.4044 | clip 4.2711 | clip_weight 0.5000 | lr 1.00e-03 | best 27.5153
2026-04-03 09:23:21,938 | INFO | SFTrainer | Epoch 1000 | total 27.5070 | rec_rna 3.5973 | rec_atac 7.3892 | clip 4.2621 | clip_weight 0.5000 | lr 1.00e-03 | best 27.4704
2026-04-03 09:23:22,821 | INFO | SFTrainer | Epoch 1010 | total 27.4303 | rec_rna 3.5928 | rec_atac 7.3436 | clip 4.2452 | clip_weight 0.5000 | lr 1.00e-03 | best 27.4072
2026-04-03 09:23:23,721 | INFO | SFTrainer | Epoch 1020 | total 27.3373 | rec_rna 3.5720 | rec_atac 7.3676 | clip 4.2194 | clip_weight 0.5000 | lr 1.00e-03 | best 27.3357
2026-04-03 09:23:24,511 | INFO | SFTrainer | Epoch 1030 | total 27.2986 | rec_rna 3.5755 | rec_atac 7.3371 | clip 4.1683 | clip_weight 0.5000 | lr 1.00e-03 | best 27.2859
2026-04-03 09:23:25,375 | INFO | SFTrainer | Epoch 1040 | total 27.2299 | rec_rna 3.5624 | rec_atac 7.3384 | clip 4.1594 | clip_weight 0.5000 | lr 1.00e-03 | best 27.2299
2026-04-03 09:23:26,277 | INFO | SFTrainer | Epoch 1050 | total 27.0281 | rec_rna 3.5402 | rec_atac 7.2706 | clip 4.1129 | clip_weight 0.5000 | lr 1.00e-03 | best 27.0281
2026-04-03 09:23:27,055 | INFO | SFTrainer | Epoch 1060 | total 27.1085 | rec_rna 3.5555 | rec_atac 7.2825 | clip 4.0972 | clip_weight 0.5000 | lr 1.00e-03 | best 27.0281
2026-04-03 09:23:27,893 | INFO | SFTrainer | Epoch 1070 | total 27.0059 | rec_rna 3.5447 | rec_atac 7.2518 | clip 4.0613 | clip_weight 0.5000 | lr 1.00e-03 | best 26.9631
2026-04-03 09:23:28,713 | INFO | SFTrainer | Epoch 1080 | total 26.8702 | rec_rna 3.5268 | rec_atac 7.2192 | clip 4.0346 | clip_weight 0.5000 | lr 1.00e-03 | best 26.8702
2026-04-03 09:23:29,501 | INFO | SFTrainer | Epoch 1090 | total 26.8811 | rec_rna 3.5329 | rec_atac 7.2179 | clip 3.9969 | clip_weight 0.5000 | lr 1.00e-03 | best 26.8563
2026-04-03 09:23:30,427 | INFO | SFTrainer | Epoch 1100 | total 26.8862 | rec_rna 3.5332 | rec_atac 7.2287 | clip 3.9827 | clip_weight 0.5000 | lr 1.00e-03 | best 26.8424
2026-04-03 09:23:31,348 | INFO | SFTrainer | Epoch 1110 | total 26.7720 | rec_rna 3.5162 | rec_atac 7.2140 | clip 3.9536 | clip_weight 0.5000 | lr 1.00e-03 | best 26.6840
2026-04-03 09:23:32,147 | INFO | SFTrainer | Epoch 1120 | total 26.6769 | rec_rna 3.5122 | rec_atac 7.1511 | clip 3.9299 | clip_weight 0.5000 | lr 1.00e-03 | best 26.6575
2026-04-03 09:23:32,990 | INFO | SFTrainer | Epoch 1130 | total 26.6335 | rec_rna 3.5122 | rec_atac 7.1228 | clip 3.8991 | clip_weight 0.5000 | lr 1.00e-03 | best 26.5970
2026-04-03 09:23:33,753 | INFO | SFTrainer | Epoch 1140 | total 26.6035 | rec_rna 3.5060 | rec_atac 7.1309 | clip 3.8856 | clip_weight 0.5000 | lr 1.00e-03 | best 26.5970
2026-04-03 09:23:34,584 | INFO | SFTrainer | Epoch 1150 | total 26.5233 | rec_rna 3.4900 | rec_atac 7.1537 | clip 3.8391 | clip_weight 0.5000 | lr 1.00e-03 | best 26.4848
2026-04-03 09:23:35,396 | INFO | SFTrainer | Epoch 1160 | total 26.5065 | rec_rna 3.4968 | rec_atac 7.1158 | clip 3.8139 | clip_weight 0.5000 | lr 1.00e-03 | best 26.4761
2026-04-03 09:23:36,233 | INFO | SFTrainer | Epoch 1170 | total 26.4497 | rec_rna 3.4900 | rec_atac 7.0833 | clip 3.8325 | clip_weight 0.5000 | lr 1.00e-03 | best 26.3797
2026-04-03 09:23:37,029 | INFO | SFTrainer | Epoch 1180 | total 26.4229 | rec_rna 3.4907 | rec_atac 7.0816 | clip 3.7758 | clip_weight 0.5000 | lr 1.00e-03 | best 26.3556
2026-04-03 09:23:37,905 | INFO | SFTrainer | Epoch 1190 | total 26.3259 | rec_rna 3.4698 | rec_atac 7.0993 | clip 3.7552 | clip_weight 0.5000 | lr 1.00e-03 | best 26.3259
2026-04-03 09:23:38,730 | INFO | SFTrainer | Epoch 1200 | total 26.2786 | rec_rna 3.4690 | rec_atac 7.0829 | clip 3.7014 | clip_weight 0.5000 | lr 1.00e-03 | best 26.1963
2026-04-03 09:23:39,517 | INFO | SFTrainer | Epoch 1210 | total 26.2925 | rec_rna 3.4819 | rec_atac 7.0420 | clip 3.6814 | clip_weight 0.5000 | lr 1.00e-03 | best 26.1963
2026-04-03 09:23:40,318 | INFO | SFTrainer | Epoch 1220 | total 26.2198 | rec_rna 3.4709 | rec_atac 7.0453 | clip 3.6403 | clip_weight 0.5000 | lr 1.00e-03 | best 26.1353
2026-04-03 09:23:41,155 | INFO | SFTrainer | Epoch 1230 | total 26.2058 | rec_rna 3.4627 | rec_atac 7.0566 | clip 3.6717 | clip_weight 0.5000 | lr 1.00e-03 | best 26.0944
2026-04-03 09:23:42,008 | INFO | SFTrainer | Epoch 1240 | total 26.1495 | rec_rna 3.4676 | rec_atac 7.0163 | clip 3.5907 | clip_weight 0.5000 | lr 1.00e-03 | best 26.0529
2026-04-03 09:23:42,842 | INFO | SFTrainer | Epoch 1250 | total 26.1307 | rec_rna 3.4679 | rec_atac 7.0045 | clip 3.5731 | clip_weight 0.5000 | lr 1.00e-03 | best 25.9537
2026-04-03 09:23:43,691 | INFO | SFTrainer | Epoch 1260 | total 25.9195 | rec_rna 3.4318 | rec_atac 6.9940 | clip 3.5330 | clip_weight 0.5000 | lr 1.00e-03 | best 25.9195
2026-04-03 09:23:44,515 | INFO | SFTrainer | Epoch 1270 | total 25.9817 | rec_rna 3.4525 | rec_atac 6.9623 | clip 3.5136 | clip_weight 0.5000 | lr 1.00e-03 | best 25.8652
2026-04-03 09:23:45,350 | INFO | SFTrainer | Epoch 1280 | total 25.9363 | rec_rna 3.4457 | rec_atac 6.9791 | clip 3.4574 | clip_weight 0.5000 | lr 1.00e-03 | best 25.8513
2026-04-03 09:23:46,235 | INFO | SFTrainer | Epoch 1290 | total 25.8165 | rec_rna 3.4316 | rec_atac 6.9447 | clip 3.4281 | clip_weight 0.5000 | lr 1.00e-03 | best 25.7991
2026-04-03 09:23:47,074 | INFO | SFTrainer | Epoch 1300 | total 25.7791 | rec_rna 3.4289 | rec_atac 6.9361 | clip 3.3969 | clip_weight 0.5000 | lr 1.00e-03 | best 25.7132
2026-04-03 09:23:47,901 | INFO | SFTrainer | Epoch 1310 | total 25.7428 | rec_rna 3.4291 | rec_atac 6.9153 | clip 3.3644 | clip_weight 0.5000 | lr 1.00e-03 | best 25.6937
2026-04-03 09:23:48,702 | INFO | SFTrainer | Epoch 1320 | total 25.6711 | rec_rna 3.4150 | rec_atac 6.9368 | clip 3.3185 | clip_weight 0.5000 | lr 1.00e-03 | best 25.6615
2026-04-03 09:23:49,553 | INFO | SFTrainer | Epoch 1330 | total 25.6193 | rec_rna 3.4101 | rec_atac 6.9163 | clip 3.3050 | clip_weight 0.5000 | lr 1.00e-03 | best 25.5616
2026-04-03 09:23:50,370 | INFO | SFTrainer | Epoch 1340 | total 25.5827 | rec_rna 3.4195 | rec_atac 6.8630 | clip 3.2444 | clip_weight 0.5000 | lr 1.00e-03 | best 25.5246
2026-04-03 09:23:51,217 | INFO | SFTrainer | Epoch 1350 | total 25.4682 | rec_rna 3.3906 | rec_atac 6.9062 | clip 3.2182 | clip_weight 0.5000 | lr 1.00e-03 | best 25.4509
2026-04-03 09:23:52,013 | INFO | SFTrainer | Epoch 1360 | total 25.4986 | rec_rna 3.4000 | rec_atac 6.8944 | clip 3.2084 | clip_weight 0.5000 | lr 1.00e-03 | best 25.4509
2026-04-03 09:23:52,839 | INFO | SFTrainer | Epoch 1370 | total 25.4510 | rec_rna 3.4044 | rec_atac 6.8652 | clip 3.1276 | clip_weight 0.5000 | lr 1.00e-03 | best 25.4199
2026-04-03 09:23:53,705 | INFO | SFTrainer | Epoch 1380 | total 25.4391 | rec_rna 3.4011 | rec_atac 6.8736 | clip 3.1205 | clip_weight 0.5000 | lr 1.00e-03 | best 25.3353
2026-04-03 09:23:54,482 | INFO | SFTrainer | Epoch 1390 | total 25.3913 | rec_rna 3.4061 | rec_atac 6.8401 | clip 3.0412 | clip_weight 0.5000 | lr 1.00e-03 | best 25.3353
2026-04-03 09:23:55,358 | INFO | SFTrainer | Epoch 1400 | total 25.2840 | rec_rna 3.3860 | rec_atac 6.8327 | clip 3.0430 | clip_weight 0.5000 | lr 1.00e-03 | best 25.2840
2026-04-03 09:23:56,248 | INFO | SFTrainer | Epoch 1410 | total 25.3958 | rec_rna 3.4042 | rec_atac 6.8673 | clip 3.0148 | clip_weight 0.5000 | lr 1.00e-03 | best 25.2233
2026-04-03 09:23:57,055 | INFO | SFTrainer | Epoch 1420 | total 25.2619 | rec_rna 3.3880 | rec_atac 6.8324 | clip 2.9786 | clip_weight 0.5000 | lr 1.00e-03 | best 25.2106
2026-04-03 09:23:57,887 | INFO | SFTrainer | Epoch 1430 | total 25.2203 | rec_rna 3.3844 | rec_atac 6.8206 | clip 2.9557 | clip_weight 0.5000 | lr 1.00e-03 | best 25.1381
2026-04-03 09:23:58,686 | INFO | SFTrainer | Epoch 1440 | total 25.2384 | rec_rna 3.3896 | rec_atac 6.8442 | clip 2.8921 | clip_weight 0.5000 | lr 1.00e-03 | best 25.1261
2026-04-03 09:23:59,522 | INFO | SFTrainer | Epoch 1450 | total 25.1318 | rec_rna 3.3781 | rec_atac 6.8049 | clip 2.8725 | clip_weight 0.5000 | lr 1.00e-03 | best 25.0938
2026-04-03 09:24:00,393 | INFO | SFTrainer | Epoch 1460 | total 25.1261 | rec_rna 3.3761 | rec_atac 6.8469 | clip 2.7972 | clip_weight 0.5000 | lr 1.00e-03 | best 25.0102
2026-04-03 09:24:01,250 | INFO | SFTrainer | Epoch 1470 | total 24.9789 | rec_rna 3.3646 | rec_atac 6.7625 | clip 2.7864 | clip_weight 0.5000 | lr 1.00e-03 | best 24.9789
2026-04-03 09:24:02,110 | INFO | SFTrainer | Epoch 1480 | total 24.9768 | rec_rna 3.3665 | rec_atac 6.7607 | clip 2.7672 | clip_weight 0.5000 | lr 1.00e-03 | best 24.9608
2026-04-03 09:24:02,987 | INFO | SFTrainer | Epoch 1490 | total 24.8610 | rec_rna 3.3467 | rec_atac 6.7742 | clip 2.7070 | clip_weight 0.5000 | lr 1.00e-03 | best 24.8610
2026-04-03 09:24:03,798 | INFO | SFTrainer | Epoch 1500 | total 24.8900 | rec_rna 3.3606 | rec_atac 6.7527 | clip 2.6686 | clip_weight 0.5000 | lr 1.00e-03 | best 24.8499
2026-04-03 09:24:04,627 | INFO | SFTrainer | Epoch 1510 | total 24.8473 | rec_rna 3.3606 | rec_atac 6.7278 | clip 2.6330 | clip_weight 0.5000 | lr 1.00e-03 | best 24.8044
2026-04-03 09:24:05,432 | INFO | SFTrainer | Epoch 1520 | total 24.8324 | rec_rna 3.3576 | rec_atac 6.7458 | clip 2.5970 | clip_weight 0.5000 | lr 1.00e-03 | best 24.7785
2026-04-03 09:24:06,335 | INFO | SFTrainer | Epoch 1530 | total 24.8519 | rec_rna 3.3640 | rec_atac 6.7571 | clip 2.5500 | clip_weight 0.5000 | lr 1.00e-03 | best 24.7054
2026-04-03 09:24:07,099 | INFO | SFTrainer | Epoch 1540 | total 24.7395 | rec_rna 3.3536 | rec_atac 6.7323 | clip 2.4786 | clip_weight 0.5000 | lr 1.00e-03 | best 24.7054
2026-04-03 09:24:08,135 | INFO | SFTrainer | Epoch 1550 | total 24.5946 | rec_rna 3.3352 | rec_atac 6.7070 | clip 2.4235 | clip_weight 0.5000 | lr 1.00e-03 | best 24.5946
2026-04-03 09:24:08,925 | INFO | SFTrainer | Epoch 1560 | total 24.6340 | rec_rna 3.3377 | rec_atac 6.7333 | clip 2.4246 | clip_weight 0.5000 | lr 1.00e-03 | best 24.5946
2026-04-03 09:24:09,730 | INFO | SFTrainer | Epoch 1570 | total 24.7279 | rec_rna 3.3586 | rec_atac 6.7342 | clip 2.4014 | clip_weight 0.5000 | lr 1.00e-03 | best 24.5824
2026-04-03 09:24:10,615 | INFO | SFTrainer | Epoch 1580 | total 24.5388 | rec_rna 3.3378 | rec_atac 6.6832 | clip 2.3331 | clip_weight 0.5000 | lr 1.00e-03 | best 24.5328
2026-04-03 09:24:11,413 | INFO | SFTrainer | Epoch 1590 | total 24.5932 | rec_rna 3.3416 | rec_atac 6.7174 | clip 2.3355 | clip_weight 0.5000 | lr 1.00e-03 | best 24.4890
2026-04-03 09:24:12,216 | INFO | SFTrainer | Epoch 1600 | total 24.4957 | rec_rna 3.3267 | rec_atac 6.7240 | clip 2.2767 | clip_weight 0.5000 | lr 1.00e-03 | best 24.4699
2026-04-03 09:24:13,148 | INFO | SFTrainer | Epoch 1610 | total 24.5376 | rec_rna 3.3404 | rec_atac 6.7079 | clip 2.2553 | clip_weight 0.5000 | lr 1.00e-03 | best 24.3915
2026-04-03 09:24:13,949 | INFO | SFTrainer | Epoch 1620 | total 24.4002 | rec_rna 3.3248 | rec_atac 6.6880 | clip 2.1767 | clip_weight 0.5000 | lr 1.00e-03 | best 24.3915
2026-04-03 09:24:14,768 | INFO | SFTrainer | Epoch 1630 | total 24.3662 | rec_rna 3.3153 | rec_atac 6.6932 | clip 2.1934 | clip_weight 0.5000 | lr 1.00e-03 | best 24.3362
2026-04-03 09:24:15,576 | INFO | SFTrainer | Epoch 1640 | total 24.4355 | rec_rna 3.3328 | rec_atac 6.6797 | clip 2.1834 | clip_weight 0.5000 | lr 1.00e-03 | best 24.2571
2026-04-03 09:24:16,359 | INFO | SFTrainer | Epoch 1650 | total 24.2978 | rec_rna 3.3185 | rec_atac 6.6679 | clip 2.0748 | clip_weight 0.5000 | lr 1.00e-03 | best 24.2571
2026-04-03 09:24:17,197 | INFO | SFTrainer | Epoch 1660 | total 24.2680 | rec_rna 3.3221 | rec_atac 6.6329 | clip 2.0492 | clip_weight 0.5000 | lr 1.00e-03 | best 24.2228
2026-04-03 09:24:17,986 | INFO | SFTrainer | Epoch 1670 | total 24.2350 | rec_rna 3.3140 | rec_atac 6.6418 | clip 2.0462 | clip_weight 0.5000 | lr 1.00e-03 | best 24.2228
2026-04-03 09:24:18,853 | INFO | SFTrainer | Epoch 1680 | total 24.2372 | rec_rna 3.3145 | rec_atac 6.6470 | clip 2.0355 | clip_weight 0.5000 | lr 1.00e-03 | best 24.1298
2026-04-03 09:24:19,673 | INFO | SFTrainer | Epoch 1690 | total 24.1639 | rec_rna 3.3121 | rec_atac 6.6296 | clip 1.9471 | clip_weight 0.5000 | lr 1.00e-03 | best 24.1196
2026-04-03 09:24:20,529 | INFO | SFTrainer | Epoch 1700 | total 24.1389 | rec_rna 3.3152 | rec_atac 6.6046 | clip 1.9168 | clip_weight 0.5000 | lr 1.00e-03 | best 24.0909
2026-04-03 09:24:21,415 | INFO | SFTrainer | Epoch 1710 | total 24.1543 | rec_rna 3.3124 | rec_atac 6.6229 | clip 1.9388 | clip_weight 0.5000 | lr 1.00e-03 | best 24.0489
2026-04-03 09:24:22,196 | INFO | SFTrainer | Epoch 1720 | total 24.0552 | rec_rna 3.3032 | rec_atac 6.6251 | clip 1.8281 | clip_weight 0.5000 | lr 1.00e-03 | best 24.0489
2026-04-03 09:24:23,007 | INFO | SFTrainer | Epoch 1730 | total 23.9935 | rec_rna 3.2963 | rec_atac 6.6080 | clip 1.8081 | clip_weight 0.5000 | lr 1.00e-03 | best 23.9427
2026-04-03 09:24:23,830 | INFO | SFTrainer | Epoch 1740 | total 24.0219 | rec_rna 3.3010 | rec_atac 6.6055 | clip 1.8232 | clip_weight 0.5000 | lr 1.00e-03 | best 23.9274
2026-04-03 09:24:24,642 | INFO | SFTrainer | Epoch 1750 | total 24.0126 | rec_rna 3.3020 | rec_atac 6.6047 | clip 1.7958 | clip_weight 0.5000 | lr 1.00e-03 | best 23.9244
2026-04-03 09:24:25,518 | INFO | SFTrainer | Epoch 1760 | total 23.9107 | rec_rna 3.2924 | rec_atac 6.5780 | clip 1.7416 | clip_weight 0.5000 | lr 1.00e-03 | best 23.9107
2026-04-03 09:24:26,321 | INFO | SFTrainer | Epoch 1770 | total 23.9066 | rec_rna 3.2894 | rec_atac 6.5964 | clip 1.7269 | clip_weight 0.5000 | lr 1.00e-03 | best 23.8943
2026-04-03 09:24:27,194 | INFO | SFTrainer | Epoch 1780 | total 23.8500 | rec_rna 3.2907 | rec_atac 6.5691 | clip 1.6550 | clip_weight 0.5000 | lr 1.00e-03 | best 23.8179
2026-04-03 09:24:28,010 | INFO | SFTrainer | Epoch 1790 | total 23.8769 | rec_rna 3.2971 | rec_atac 6.5892 | clip 1.6047 | clip_weight 0.5000 | lr 1.00e-03 | best 23.7752
2026-04-03 09:24:28,822 | INFO | SFTrainer | Epoch 1800 | total 23.8765 | rec_rna 3.2873 | rec_atac 6.6256 | clip 1.6290 | clip_weight 0.5000 | lr 1.00e-03 | best 23.7689
2026-04-03 09:24:29,685 | INFO | SFTrainer | Epoch 1810 | total 23.7481 | rec_rna 3.2844 | rec_atac 6.5498 | clip 1.5523 | clip_weight 0.5000 | lr 1.00e-03 | best 23.7481
2026-04-03 09:24:30,539 | INFO | SFTrainer | Epoch 1820 | total 23.6667 | rec_rna 3.2688 | rec_atac 6.5497 | clip 1.5460 | clip_weight 0.5000 | lr 1.00e-03 | best 23.6667
2026-04-03 09:24:31,393 | INFO | SFTrainer | Epoch 1830 | total 23.7674 | rec_rna 3.2891 | rec_atac 6.5443 | clip 1.5556 | clip_weight 0.5000 | lr 1.00e-03 | best 23.6637
2026-04-03 09:24:32,165 | INFO | SFTrainer | Epoch 1840 | total 23.6940 | rec_rna 3.2796 | rec_atac 6.5589 | clip 1.4747 | clip_weight 0.5000 | lr 1.00e-03 | best 23.6637
2026-04-03 09:24:33,050 | INFO | SFTrainer | Epoch 1850 | total 23.6361 | rec_rna 3.2738 | rec_atac 6.5364 | clip 1.4618 | clip_weight 0.5000 | lr 1.00e-03 | best 23.6172
2026-04-03 09:24:33,882 | INFO | SFTrainer | Epoch 1860 | total 23.5713 | rec_rna 3.2685 | rec_atac 6.5048 | clip 1.4478 | clip_weight 0.5000 | lr 1.00e-03 | best 23.5451
2026-04-03 09:24:34,669 | INFO | SFTrainer | Epoch 1870 | total 23.6251 | rec_rna 3.2811 | rec_atac 6.4995 | clip 1.4398 | clip_weight 0.5000 | lr 1.00e-03 | best 23.5451
2026-04-03 09:24:35,494 | INFO | SFTrainer | Epoch 1880 | total 23.5376 | rec_rna 3.2743 | rec_atac 6.4904 | clip 1.3509 | clip_weight 0.5000 | lr 1.00e-03 | best 23.4927
2026-04-03 09:24:36,305 | INFO | SFTrainer | Epoch 1890 | total 23.5319 | rec_rna 3.2675 | rec_atac 6.5076 | clip 1.3735 | clip_weight 0.5000 | lr 1.00e-03 | best 23.4782
2026-04-03 09:24:37,123 | INFO | SFTrainer | Epoch 1900 | total 23.4993 | rec_rna 3.2611 | rec_atac 6.5175 | clip 1.3528 | clip_weight 0.5000 | lr 1.00e-03 | best 23.4749
2026-04-03 09:24:37,992 | INFO | SFTrainer | Epoch 1910 | total 23.4667 | rec_rna 3.2597 | rec_atac 6.5019 | clip 1.3326 | clip_weight 0.5000 | lr 1.00e-03 | best 23.4047
2026-04-03 09:24:38,803 | INFO | SFTrainer | Epoch 1920 | total 23.4195 | rec_rna 3.2515 | rec_atac 6.5347 | clip 1.2548 | clip_weight 0.5000 | lr 1.00e-03 | best 23.4047
2026-04-03 09:24:39,653 | INFO | SFTrainer | Epoch 1930 | total 23.3958 | rec_rna 3.2488 | rec_atac 6.5198 | clip 1.2635 | clip_weight 0.5000 | lr 1.00e-03 | best 23.3530
2026-04-03 09:24:40,461 | INFO | SFTrainer | Epoch 1940 | total 23.4729 | rec_rna 3.2585 | rec_atac 6.5354 | clip 1.2898 | clip_weight 0.5000 | lr 1.00e-03 | best 23.3516
2026-04-03 09:24:41,269 | INFO | SFTrainer | Epoch 1950 | total 23.4737 | rec_rna 3.2694 | rec_atac 6.5020 | clip 1.2496 | clip_weight 0.5000 | lr 1.00e-03 | best 23.3413
2026-04-03 09:24:42,107 | INFO | SFTrainer | Epoch 1960 | total 23.3719 | rec_rna 3.2501 | rec_atac 6.5093 | clip 1.2243 | clip_weight 0.5000 | lr 1.00e-03 | best 23.3396
2026-04-03 09:24:42,996 | INFO | SFTrainer | Epoch 1970 | total 23.3225 | rec_rna 3.2438 | rec_atac 6.5083 | clip 1.1899 | clip_weight 0.5000 | lr 1.00e-03 | best 23.2573
2026-04-03 09:24:43,776 | INFO | SFTrainer | Epoch 1980 | total 23.3955 | rec_rna 3.2593 | rec_atac 6.4987 | clip 1.2009 | clip_weight 0.5000 | lr 1.00e-03 | best 23.2573
2026-04-03 09:24:44,602 | INFO | SFTrainer | Epoch 1990 | total 23.3314 | rec_rna 3.2459 | rec_atac 6.5032 | clip 1.1973 | clip_weight 0.5000 | lr 1.00e-03 | best 23.2376
2026-04-03 09:24:45,406 | INFO | SFTrainer | Epoch 2000 | total 23.3263 | rec_rna 3.2449 | rec_atac 6.5132 | clip 1.1769 | clip_weight 0.5000 | lr 1.00e-04 | best 23.2197
2026-04-03 09:24:46,368 | INFO | SFTrainer | Epoch 2010 | total 23.2230 | rec_rna 3.2353 | rec_atac 6.4665 | clip 1.1609 | clip_weight 0.4995 | lr 1.00e-04 | best 23.1307
2026-04-03 09:24:47,231 | INFO | SFTrainer | Epoch 2020 | total 23.0281 | rec_rna 3.2088 | rec_atac 6.4187 | clip 1.1354 | clip_weight 0.4980 | lr 1.00e-04 | best 23.0281
2026-04-03 09:24:48,164 | INFO | SFTrainer | Epoch 2030 | total 23.0395 | rec_rna 3.2116 | rec_atac 6.4224 | clip 1.1279 | clip_weight 0.4956 | lr 1.00e-04 | best 22.9009
2026-04-03 09:24:48,928 | INFO | SFTrainer | Epoch 2040 | total 22.9153 | rec_rna 3.2006 | rec_atac 6.3834 | clip 1.0743 | clip_weight 0.4921 | lr 1.00e-04 | best 22.9009
2026-04-03 09:24:49,786 | INFO | SFTrainer | Epoch 2050 | total 22.9603 | rec_rna 3.2080 | rec_atac 6.4098 | clip 1.0463 | clip_weight 0.4878 | lr 1.00e-04 | best 22.8312
2026-04-03 09:24:50,584 | INFO | SFTrainer | Epoch 2060 | total 22.8617 | rec_rna 3.1933 | rec_atac 6.3678 | clip 1.0927 | clip_weight 0.4824 | lr 1.00e-04 | best 22.8312
2026-04-03 09:24:51,397 | INFO | SFTrainer | Epoch 2070 | total 22.9020 | rec_rna 3.1930 | rec_atac 6.3989 | clip 1.1300 | clip_weight 0.4762 | lr 1.00e-04 | best 22.8051
2026-04-03 09:24:52,204 | INFO | SFTrainer | Epoch 2080 | total 22.8402 | rec_rna 3.1942 | rec_atac 6.3552 | clip 1.0964 | clip_weight 0.4691 | lr 1.00e-04 | best 22.7064
2026-04-03 09:24:52,991 | INFO | SFTrainer | Epoch 2090 | total 22.8014 | rec_rna 3.1832 | rec_atac 6.3941 | clip 1.0652 | clip_weight 0.4611 | lr 1.00e-04 | best 22.7064
2026-04-03 09:24:53,845 | INFO | SFTrainer | Epoch 2100 | total 22.6570 | rec_rna 3.1684 | rec_atac 6.3512 | clip 1.0260 | clip_weight 0.4523 | lr 1.00e-04 | best 22.6570
2026-04-03 09:24:54,704 | INFO | SFTrainer | Epoch 2110 | total 22.7823 | rec_rna 3.1912 | rec_atac 6.3512 | clip 1.0737 | clip_weight 0.4426 | lr 1.00e-04 | best 22.6570
2026-04-03 09:24:55,556 | INFO | SFTrainer | Epoch 2120 | total 22.6940 | rec_rna 3.1770 | rec_atac 6.3522 | clip 1.0570 | clip_weight 0.4322 | lr 1.00e-04 | best 22.6050
2026-04-03 09:24:56,390 | INFO | SFTrainer | Epoch 2130 | total 22.8114 | rec_rna 3.1972 | rec_atac 6.3789 | clip 1.0603 | clip_weight 0.4211 | lr 1.00e-04 | best 22.6050
2026-04-03 09:24:57,172 | INFO | SFTrainer | Epoch 2140 | total 22.7676 | rec_rna 3.1977 | rec_atac 6.3421 | clip 1.0675 | clip_weight 0.4094 | lr 1.00e-04 | best 22.6050
2026-04-03 09:24:57,948 | INFO | SFTrainer | Epoch 2150 | total 22.6784 | rec_rna 3.1791 | rec_atac 6.3482 | clip 1.0957 | clip_weight 0.3969 | lr 1.00e-04 | best 22.6050
2026-04-03 09:24:58,786 | INFO | SFTrainer | Epoch 2160 | total 22.6446 | rec_rna 3.1782 | rec_atac 6.3505 | clip 1.0503 | clip_weight 0.3840 | lr 1.00e-04 | best 22.5771
2026-04-03 09:24:59,552 | INFO | SFTrainer | Epoch 2170 | total 22.5870 | rec_rna 3.1703 | rec_atac 6.3434 | clip 1.0584 | clip_weight 0.3704 | lr 1.00e-04 | best 22.5771
2026-04-03 09:25:00,365 | INFO | SFTrainer | Epoch 2180 | total 22.5681 | rec_rna 3.1742 | rec_atac 6.3246 | clip 1.0452 | clip_weight 0.3564 | lr 1.00e-04 | best 22.5681
2026-04-03 09:25:01,206 | INFO | SFTrainer | Epoch 2190 | total 22.5343 | rec_rna 3.1735 | rec_atac 6.3058 | clip 1.0562 | clip_weight 0.3420 | lr 1.00e-04 | best 22.5297
2026-04-03 09:25:02,044 | INFO | SFTrainer | Epoch 2200 | total 22.6356 | rec_rna 3.1784 | rec_atac 6.3787 | clip 1.1149 | clip_weight 0.3273 | lr 1.00e-04 | best 22.5271
2026-04-03 09:25:02,941 | INFO | SFTrainer | Epoch 2210 | total 22.5245 | rec_rna 3.1747 | rec_atac 6.3259 | clip 1.0409 | clip_weight 0.3122 | lr 1.00e-04 | best 22.5045
2026-04-03 09:25:03,757 | INFO | SFTrainer | Epoch 2220 | total 22.5073 | rec_rna 3.1685 | rec_atac 6.3495 | clip 1.0628 | clip_weight 0.2968 | lr 1.00e-04 | best 22.4677
2026-04-03 09:25:04,563 | INFO | SFTrainer | Epoch 2230 | total 22.4368 | rec_rna 3.1676 | rec_atac 6.3195 | clip 0.9935 | clip_weight 0.2813 | lr 1.00e-04 | best 22.4368
2026-04-03 09:25:05,370 | INFO | SFTrainer | Epoch 2240 | total 22.4707 | rec_rna 3.1717 | rec_atac 6.3276 | clip 1.0709 | clip_weight 0.2657 | lr 1.00e-04 | best 22.4193
2026-04-03 09:25:06,179 | INFO | SFTrainer | Epoch 2250 | total 22.4435 | rec_rna 3.1696 | rec_atac 6.3362 | clip 1.0376 | clip_weight 0.2500 | lr 1.00e-04 | best 22.4021
2026-04-03 09:25:07,009 | INFO | SFTrainer | Epoch 2260 | total 22.4633 | rec_rna 3.1760 | rec_atac 6.3180 | clip 1.1324 | clip_weight 0.2343 | lr 1.00e-04 | best 22.3925
2026-04-03 09:25:07,783 | INFO | SFTrainer | Epoch 2270 | total 22.4117 | rec_rna 3.1774 | rec_atac 6.3037 | clip 1.0117 | clip_weight 0.2187 | lr 1.00e-04 | best 22.3925
2026-04-03 09:25:08,635 | INFO | SFTrainer | Epoch 2280 | total 22.3568 | rec_rna 3.1572 | rec_atac 6.3502 | clip 1.0869 | clip_weight 0.2032 | lr 1.00e-04 | best 22.3096
2026-04-03 09:25:09,431 | INFO | SFTrainer | Epoch 2290 | total 22.3368 | rec_rna 3.1653 | rec_atac 6.3099 | clip 1.0656 | clip_weight 0.1878 | lr 1.00e-04 | best 22.3096
2026-04-03 09:25:10,240 | INFO | SFTrainer | Epoch 2300 | total 22.3757 | rec_rna 3.1764 | rec_atac 6.3080 | clip 1.0762 | clip_weight 0.1727 | lr 1.00e-04 | best 22.3073
2026-04-03 09:25:11,152 | INFO | SFTrainer | Epoch 2310 | total 22.3900 | rec_rna 3.1734 | rec_atac 6.3482 | clip 1.1081 | clip_weight 0.1580 | lr 1.00e-04 | best 22.2623
2026-04-03 09:25:11,918 | INFO | SFTrainer | Epoch 2320 | total 22.3128 | rec_rna 3.1620 | rec_atac 6.3412 | clip 1.1254 | clip_weight 0.1436 | lr 1.00e-04 | best 22.2623
2026-04-03 09:25:12,733 | INFO | SFTrainer | Epoch 2330 | total 22.3645 | rec_rna 3.1756 | rec_atac 6.3470 | clip 1.0759 | clip_weight 0.1296 | lr 1.00e-04 | best 22.2446
2026-04-03 09:25:13,530 | INFO | SFTrainer | Epoch 2340 | total 22.2946 | rec_rna 3.1702 | rec_atac 6.3177 | clip 1.0843 | clip_weight 0.1160 | lr 1.00e-04 | best 22.2438
2026-04-03 09:25:14,356 | INFO | SFTrainer | Epoch 2350 | total 22.3571 | rec_rna 3.1849 | rec_atac 6.3173 | clip 1.1201 | clip_weight 0.1031 | lr 1.00e-04 | best 22.2257
2026-04-03 09:25:15,246 | INFO | SFTrainer | Epoch 2360 | total 22.2869 | rec_rna 3.1714 | rec_atac 6.3310 | clip 1.0914 | clip_weight 0.0906 | lr 1.00e-04 | best 22.1784
2026-04-03 09:25:16,014 | INFO | SFTrainer | Epoch 2370 | total 22.2161 | rec_rna 3.1670 | rec_atac 6.2916 | clip 1.1354 | clip_weight 0.0789 | lr 1.00e-04 | best 22.1784
2026-04-03 09:25:16,825 | INFO | SFTrainer | Epoch 2380 | total 22.1749 | rec_rna 3.1576 | rec_atac 6.3118 | clip 1.1056 | clip_weight 0.0678 | lr 1.00e-04 | best 22.1749
2026-04-03 09:25:17,659 | INFO | SFTrainer | Epoch 2390 | total 22.2798 | rec_rna 3.1755 | rec_atac 6.3368 | clip 1.1448 | clip_weight 0.0574 | lr 1.00e-04 | best 22.1472
2026-04-03 09:25:18,517 | INFO | SFTrainer | Epoch 2400 | total 22.2449 | rec_rna 3.1761 | rec_atac 6.3103 | clip 1.1281 | clip_weight 0.0477 | lr 1.00e-04 | best 22.1091
2026-04-03 09:25:19,318 | INFO | SFTrainer | Epoch 2410 | total 22.1437 | rec_rna 3.1566 | rec_atac 6.3170 | clip 1.1222 | clip_weight 0.0389 | lr 1.00e-04 | best 22.1091
2026-04-03 09:25:20,132 | INFO | SFTrainer | Epoch 2420 | total 22.1284 | rec_rna 3.1556 | rec_atac 6.3162 | clip 1.1090 | clip_weight 0.0309 | lr 1.00e-04 | best 22.1073
2026-04-03 09:25:20,942 | INFO | SFTrainer | Epoch 2430 | total 22.0994 | rec_rna 3.1547 | rec_atac 6.3002 | clip 1.0783 | clip_weight 0.0238 | lr 1.00e-04 | best 22.0994
2026-04-03 09:25:21,722 | INFO | SFTrainer | Epoch 2440 | total 22.1564 | rec_rna 3.1654 | rec_atac 6.3094 | clip 1.1351 | clip_weight 0.0176 | lr 1.00e-04 | best 22.0994
2026-04-03 09:25:22,566 | INFO | SFTrainer | Epoch 2450 | total 22.1747 | rec_rna 3.1692 | rec_atac 6.3139 | clip 1.2037 | clip_weight 0.0122 | lr 1.00e-04 | best 22.0707
2026-04-03 09:25:23,364 | INFO | SFTrainer | Epoch 2460 | total 22.1620 | rec_rna 3.1711 | rec_atac 6.2976 | clip 1.1533 | clip_weight 0.0079 | lr 1.00e-04 | best 22.0707
2026-04-03 09:25:24,213 | INFO | SFTrainer | Epoch 2470 | total 22.0769 | rec_rna 3.1516 | rec_atac 6.3135 | clip 1.1600 | clip_weight 0.0044 | lr 1.00e-04 | best 22.0281
2026-04-03 09:25:25,009 | INFO | SFTrainer | Epoch 2480 | total 22.2472 | rec_rna 3.1833 | rec_atac 6.3285 | clip 1.1572 | clip_weight 0.0020 | lr 1.00e-04 | best 22.0229
2026-04-03 09:25:25,781 | INFO | SFTrainer | Epoch 2490 | total 22.0620 | rec_rna 3.1493 | rec_atac 6.3149 | clip 1.1874 | clip_weight 0.0005 | lr 1.00e-04 | best 22.0229
2026-04-03 09:25:26,595 | INFO | SFTrainer | Epoch 2500 | total 22.0807 | rec_rna 3.1567 | rec_atac 6.2973 | clip 0.0000 | clip_weight 0.0000 | lr 1.00e-04 | best 21.9646
2026-04-03 09:25:27,335 | INFO | SFTrainer | Epoch 2510 | total 22.0734 | rec_rna 3.1553 | rec_atac 6.2967 | clip 0.0000 | clip_weight 0.0000 | lr 1.00e-04 | best 21.9646
2026-04-03 09:25:28,073 | INFO | SFTrainer | Epoch 2520 | total 22.0829 | rec_rna 3.1570 | rec_atac 6.2981 | clip 0.0000 | clip_weight 0.0000 | lr 1.00e-04 | best 21.9646
2026-04-03 09:25:28,792 | INFO | SFTrainer | Epoch 2530 | total 22.1089 | rec_rna 3.1629 | rec_atac 6.2946 | clip 0.0000 | clip_weight 0.0000 | lr 1.00e-04 | best 21.9646
2026-04-03 09:25:29,510 | INFO | SFTrainer | Epoch 2540 | total 22.0336 | rec_rna 3.1532 | rec_atac 6.2676 | clip 0.0000 | clip_weight 0.0000 | lr 1.00e-04 | best 21.9646
2026-04-03 09:25:30,236 | INFO | SFTrainer | Epoch 2550 | total 22.0978 | rec_rna 3.1543 | rec_atac 6.3261 | clip 0.0000 | clip_weight 0.0000 | lr 1.00e-04 | best 21.9646
2026-04-03 09:25:31,008 | INFO | SFTrainer | Epoch 2560 | total 22.0403 | rec_rna 3.1467 | rec_atac 6.3067 | clip 0.0000 | clip_weight 0.0000 | lr 1.00e-04 | best 21.9646
2026-04-03 09:25:31,729 | INFO | SFTrainer | Epoch 2570 | total 22.0480 | rec_rna 3.1577 | rec_atac 6.2598 | clip 0.0000 | clip_weight 0.0000 | lr 1.00e-04 | best 21.9646
2026-04-03 09:25:32,449 | INFO | SFTrainer | Epoch 2580 | total 22.0940 | rec_rna 3.1540 | rec_atac 6.3239 | clip 0.0000 | clip_weight 0.0000 | lr 1.00e-04 | best 21.9646
2026-04-03 09:25:33,184 | INFO | SFTrainer | Epoch 2590 | total 22.1134 | rec_rna 3.1568 | rec_atac 6.3296 | clip 0.0000 | clip_weight 0.0000 | lr 1.00e-04 | best 21.9646
2026-04-03 09:25:33,910 | INFO | SFTrainer | Epoch 2600 | total 22.0804 | rec_rna 3.1534 | rec_atac 6.3135 | clip 0.0000 | clip_weight 0.0000 | lr 1.00e-04 | best 21.9646
2026-04-03 09:25:34,656 | INFO | SFTrainer | Epoch 2610 | total 22.1518 | rec_rna 3.1658 | rec_atac 6.3230 | clip 0.0000 | clip_weight 0.0000 | lr 1.00e-04 | best 21.9646
2026-04-03 09:25:35,402 | INFO | SFTrainer | Epoch 2620 | total 22.0019 | rec_rna 3.1443 | rec_atac 6.2806 | clip 0.0000 | clip_weight 0.0000 | lr 1.00e-04 | best 21.9646
2026-04-03 09:25:36,125 | INFO | SFTrainer | Epoch 2630 | total 22.0323 | rec_rna 3.1551 | rec_atac 6.2568 | clip 0.0000 | clip_weight 0.0000 | lr 1.00e-04 | best 21.9646
2026-04-03 09:25:36,851 | INFO | SFTrainer | Epoch 2640 | total 22.0895 | rec_rna 3.1590 | rec_atac 6.2942 | clip 0.0000 | clip_weight 0.0000 | lr 1.00e-04 | best 21.9646
2026-04-03 09:25:37,628 | INFO | SFTrainer | Epoch 2650 | total 22.0480 | rec_rna 3.1517 | rec_atac 6.2893 | clip 0.0000 | clip_weight 0.0000 | lr 1.00e-04 | best 21.9460
2026-04-03 09:25:38,413 | INFO | SFTrainer | Epoch 2660 | total 21.9525 | rec_rna 3.1379 | rec_atac 6.2628 | clip 0.0000 | clip_weight 0.0000 | lr 1.00e-04 | best 21.9291
2026-04-03 09:25:39,157 | INFO | SFTrainer | Epoch 2670 | total 22.0610 | rec_rna 3.1487 | rec_atac 6.3177 | clip 0.0000 | clip_weight 0.0000 | lr 1.00e-04 | best 21.9291
2026-04-03 09:25:39,902 | INFO | SFTrainer | Epoch 2680 | total 22.0687 | rec_rna 3.1518 | rec_atac 6.3097 | clip 0.0000 | clip_weight 0.0000 | lr 1.00e-04 | best 21.9291
2026-04-03 09:25:40,627 | INFO | SFTrainer | Epoch 2690 | total 22.0256 | rec_rna 3.1538 | rec_atac 6.2566 | clip 0.0000 | clip_weight 0.0000 | lr 1.00e-04 | best 21.9291
2026-04-03 09:25:41,362 | INFO | SFTrainer | Epoch 2700 | total 21.9924 | rec_rna 3.1423 | rec_atac 6.2810 | clip 0.0000 | clip_weight 0.0000 | lr 1.00e-04 | best 21.9291
2026-04-03 09:25:42,136 | INFO | SFTrainer | Epoch 2710 | total 22.0320 | rec_rna 3.1462 | rec_atac 6.3009 | clip 0.0000 | clip_weight 0.0000 | lr 1.00e-04 | best 21.9291
2026-04-03 09:25:42,911 | INFO | SFTrainer | Epoch 2720 | total 22.0692 | rec_rna 3.1497 | rec_atac 6.3207 | clip 0.0000 | clip_weight 0.0000 | lr 1.00e-04 | best 21.9278
2026-04-03 09:25:43,640 | INFO | SFTrainer | Epoch 2730 | total 22.0453 | rec_rna 3.1545 | rec_atac 6.2728 | clip 0.0000 | clip_weight 0.0000 | lr 1.00e-04 | best 21.9278
2026-04-03 09:25:44,402 | INFO | SFTrainer | Epoch 2740 | total 21.9736 | rec_rna 3.1420 | rec_atac 6.2634 | clip 0.0000 | clip_weight 0.0000 | lr 1.00e-04 | best 21.9262
2026-04-03 09:25:45,124 | INFO | SFTrainer | Epoch 2750 | total 21.9660 | rec_rna 3.1363 | rec_atac 6.2846 | clip 0.0000 | clip_weight 0.0000 | lr 1.00e-04 | best 21.9262
2026-04-03 09:25:45,891 | INFO | SFTrainer | Epoch 2760 | total 21.9826 | rec_rna 3.1424 | rec_atac 6.2709 | clip 0.0000 | clip_weight 0.0000 | lr 1.00e-04 | best 21.9262
2026-04-03 09:25:46,684 | INFO | SFTrainer | Epoch 2770 | total 22.0072 | rec_rna 3.1508 | rec_atac 6.2534 | clip 0.0000 | clip_weight 0.0000 | lr 1.00e-04 | best 21.9232
2026-04-03 09:25:47,404 | INFO | SFTrainer | Epoch 2780 | total 21.9295 | rec_rna 3.1372 | rec_atac 6.2435 | clip 0.0000 | clip_weight 0.0000 | lr 1.00e-04 | best 21.9232
2026-04-03 09:25:48,162 | INFO | SFTrainer | Epoch 2790 | total 21.9050 | rec_rna 3.1265 | rec_atac 6.2725 | clip 0.0000 | clip_weight 0.0000 | lr 1.00e-04 | best 21.9050
2026-04-03 09:25:48,880 | INFO | SFTrainer | Epoch 2800 | total 22.0756 | rec_rna 3.1564 | rec_atac 6.2934 | clip 0.0000 | clip_weight 0.0000 | lr 1.00e-04 | best 21.9050
2026-04-03 09:25:49,624 | INFO | SFTrainer | Epoch 2810 | total 21.9692 | rec_rna 3.1394 | rec_atac 6.2723 | clip 0.0000 | clip_weight 0.0000 | lr 1.00e-04 | best 21.9050
2026-04-03 09:25:50,410 | INFO | SFTrainer | Epoch 2820 | total 21.9557 | rec_rna 3.1377 | rec_atac 6.2672 | clip 0.0000 | clip_weight 0.0000 | lr 1.00e-04 | best 21.8955
2026-04-03 09:25:51,141 | INFO | SFTrainer | Epoch 2830 | total 21.9056 | rec_rna 3.1304 | rec_atac 6.2538 | clip 0.0000 | clip_weight 0.0000 | lr 1.00e-04 | best 21.8955
2026-04-03 09:25:51,857 | INFO | SFTrainer | Epoch 2840 | total 21.9435 | rec_rna 3.1378 | rec_atac 6.2543 | clip 0.0000 | clip_weight 0.0000 | lr 1.00e-04 | best 21.8955
2026-04-03 09:25:52,582 | INFO | SFTrainer | Epoch 2850 | total 21.9857 | rec_rna 3.1438 | rec_atac 6.2666 | clip 0.0000 | clip_weight 0.0000 | lr 1.00e-04 | best 21.8955
2026-04-03 09:25:53,360 | INFO | SFTrainer | Epoch 2860 | total 21.9838 | rec_rna 3.1359 | rec_atac 6.3042 | clip 0.0000 | clip_weight 0.0000 | lr 1.00e-04 | best 21.8363
2026-04-03 09:25:54,088 | INFO | SFTrainer | Epoch 2870 | total 21.9446 | rec_rna 3.1351 | rec_atac 6.2691 | clip 0.0000 | clip_weight 0.0000 | lr 1.00e-04 | best 21.8363
2026-04-03 09:25:54,813 | INFO | SFTrainer | Epoch 2880 | total 21.9602 | rec_rna 3.1358 | rec_atac 6.2812 | clip 0.0000 | clip_weight 0.0000 | lr 1.00e-04 | best 21.8363
2026-04-03 09:25:55,559 | INFO | SFTrainer | Epoch 2890 | total 22.0390 | rec_rna 3.1482 | rec_atac 6.2980 | clip 0.0000 | clip_weight 0.0000 | lr 1.00e-04 | best 21.8363
2026-04-03 09:25:56,302 | INFO | SFTrainer | Epoch 2900 | total 21.9945 | rec_rna 3.1443 | rec_atac 6.2731 | clip 0.0000 | clip_weight 0.0000 | lr 1.00e-04 | best 21.8363
2026-04-03 09:25:57,049 | INFO | SFTrainer | Epoch 2910 | total 21.9308 | rec_rna 3.1305 | rec_atac 6.2782 | clip 0.0000 | clip_weight 0.0000 | lr 1.00e-04 | best 21.8363
2026-04-03 09:25:57,777 | INFO | SFTrainer | Epoch 2920 | total 21.9367 | rec_rna 3.1291 | rec_atac 6.2912 | clip 0.0000 | clip_weight 0.0000 | lr 1.00e-04 | best 21.8363
2026-04-03 09:25:58,542 | INFO | SFTrainer | Epoch 2930 | total 21.9396 | rec_rna 3.1322 | rec_atac 6.2784 | clip 0.0000 | clip_weight 0.0000 | lr 1.00e-04 | best 21.8363
2026-04-03 09:25:59,274 | INFO | SFTrainer | Epoch 2940 | total 21.8666 | rec_rna 3.1188 | rec_atac 6.2724 | clip 0.0000 | clip_weight 0.0000 | lr 1.00e-04 | best 21.8363
2026-04-03 09:26:00,004 | INFO | SFTrainer | Epoch 2950 | total 21.9420 | rec_rna 3.1353 | rec_atac 6.2656 | clip 0.0000 | clip_weight 0.0000 | lr 1.00e-04 | best 21.8363
2026-04-03 09:26:00,760 | INFO | SFTrainer | Epoch 2960 | total 21.8757 | rec_rna 3.1300 | rec_atac 6.2254 | clip 0.0000 | clip_weight 0.0000 | lr 1.00e-04 | best 21.8363
2026-04-03 09:26:01,492 | INFO | SFTrainer | Epoch 2970 | total 21.8750 | rec_rna 3.1234 | rec_atac 6.2580 | clip 0.0000 | clip_weight 0.0000 | lr 1.00e-04 | best 21.8363
2026-04-03 09:26:02,257 | INFO | SFTrainer | Epoch 2980 | total 21.9387 | rec_rna 3.1336 | rec_atac 6.2708 | clip 0.0000 | clip_weight 0.0000 | lr 1.00e-04 | best 21.8176
2026-04-03 09:26:02,976 | INFO | SFTrainer | Epoch 2990 | total 21.9593 | rec_rna 3.1353 | rec_atac 6.2830 | clip 0.0000 | clip_weight 0.0000 | lr 1.00e-04 | best 21.8176
2026-04-03 09:26:03,697 | INFO | SFTrainer | Epoch 3000 | total 21.9083 | rec_rna 3.1266 | rec_atac 6.2753 | clip 0.0000 | clip_weight 0.0000 | lr 1.00e-04 | best 21.8176
2026-04-03 09:26:03,718 | INFO | SFTrainer | Training finished. Best loss=21.8176
2026-04-03 09:26:03,719 | INFO | SFTrainer | Training run complete.

========================================================================================
2026-04-03 09:26:15,761 | INFO | SFEvaluate | [Phase 3] Evaluation started.
2026-04-03 09:26:15,761 | INFO | SFEvaluate | Loading processed data...
2026-04-03 09:26:16,029 | INFO | SFEvaluate | Initializing model...
2026-04-03 09:26:16,130 | INFO | SFEvaluate | Loading checkpoint: ckpt_best.pth
2026-04-03 09:26:16,175 | INFO | SFEvaluate | Inference running...
2026-04-03 09:26:16,740 | INFO | SFEvaluate | Latent shape: torch.Size([2129, 128])
2026-04-03 09:26:40,645 | INFO | SFEvaluate | Artifacts: ./results/tuning/e10/figures/spatial_analysis.pdf | ./results/tuning/e10/predictions/embedding_joint.h5ad
2026-04-03 09:26:40,645 | INFO | SFEvaluate | Eval metrics | checkpoint=ckpt_best.pth | epoch=BEST (Epoch 3000) | latent_moran=0.4173 | cluster_moran=0.6992
2026-04-03 09:26:40,645 | INFO | SFEvaluate | GT metrics | checkpoint=ckpt_best.pth | epoch=BEST (Epoch 3000) | ARI=0.3291 | NMI=0.5639 | AMI=0.5560 | HOM=0.6133 | n_valid=2129
2026-04-03 09:26:40,646 | INFO | SFEvaluate | Evaluation complete.

========================================================================================
2026-04-03 09:26:53,693 | INFO | SFEvaluateRange | [Range Evaluate] Started. epochs=[1500, 1600, 1700, 1800, 1900, 2000, 2100, 2200, 2300, 2400, 2500, 2600, 2700, 2800, 2900, 3000]
2026-04-03 09:26:53,694 | INFO | SFEvaluateRange | Loading processed data...
2026-04-03 09:26:53,945 | INFO | SFEvaluateRange | Initializing model...
2026-04-03 09:26:54,052 | INFO | SFEvaluateRange | Evaluating epoch 1500 with ckpt_1500.pth
2026-04-03 09:27:17,585 | INFO | SFEvaluateRange | Eval metrics (epoch_1500) | checkpoint=ckpt_1500.pth | epoch=Epoch 1500 | latent_moran=0.4052 | cluster_moran=0.6651
2026-04-03 09:27:17,585 | INFO | SFEvaluateRange | GT metrics (epoch_1500) | checkpoint=ckpt_1500.pth | epoch=Epoch 1500 | ARI=0.4924 | NMI=0.6010 | AMI=0.5938 | HOM=0.6459 | n_valid=2129
2026-04-03 09:27:17,586 | INFO | SFEvaluateRange | Artifacts (epoch_1500): ./results/tuning/e10/figures/spatial_analysis_epoch_1500.pdf | ./results/tuning/e10/predictions/embedding_joint_epoch_1500.h5ad
2026-04-03 09:27:17,586 | INFO | SFEvaluateRange | Evaluating epoch 1600 with ckpt_1600.pth
2026-04-03 09:27:30,925 | INFO | SFEvaluateRange | Eval metrics (epoch_1600) | checkpoint=ckpt_1600.pth | epoch=Epoch 1600 | latent_moran=0.4050 | cluster_moran=0.6642
2026-04-03 09:27:30,925 | INFO | SFEvaluateRange | GT metrics (epoch_1600) | checkpoint=ckpt_1600.pth | epoch=Epoch 1600 | ARI=0.4864 | NMI=0.5959 | AMI=0.5886 | HOM=0.6369 | n_valid=2129
2026-04-03 09:27:30,925 | INFO | SFEvaluateRange | Artifacts (epoch_1600): ./results/tuning/e10/figures/spatial_analysis_epoch_1600.pdf | ./results/tuning/e10/predictions/embedding_joint_epoch_1600.h5ad
2026-04-03 09:27:30,926 | INFO | SFEvaluateRange | Evaluating epoch 1700 with ckpt_1700.pth
2026-04-03 09:27:45,232 | INFO | SFEvaluateRange | Eval metrics (epoch_1700) | checkpoint=ckpt_1700.pth | epoch=Epoch 1700 | latent_moran=0.4059 | cluster_moran=0.6776
2026-04-03 09:27:45,232 | INFO | SFEvaluateRange | GT metrics (epoch_1700) | checkpoint=ckpt_1700.pth | epoch=Epoch 1700 | ARI=0.4733 | NMI=0.5947 | AMI=0.5874 | HOM=0.6387 | n_valid=2129
2026-04-03 09:27:45,233 | INFO | SFEvaluateRange | Artifacts (epoch_1700): ./results/tuning/e10/figures/spatial_analysis_epoch_1700.pdf | ./results/tuning/e10/predictions/embedding_joint_epoch_1700.h5ad
2026-04-03 09:27:45,233 | INFO | SFEvaluateRange | Evaluating epoch 1800 with ckpt_1800.pth
2026-04-03 09:27:58,990 | INFO | SFEvaluateRange | Eval metrics (epoch_1800) | checkpoint=ckpt_1800.pth | epoch=Epoch 1800 | latent_moran=0.4089 | cluster_moran=0.6638
2026-04-03 09:27:58,991 | INFO | SFEvaluateRange | GT metrics (epoch_1800) | checkpoint=ckpt_1800.pth | epoch=Epoch 1800 | ARI=0.3786 | NMI=0.5738 | AMI=0.5662 | HOM=0.6271 | n_valid=2129
2026-04-03 09:27:58,991 | INFO | SFEvaluateRange | Artifacts (epoch_1800): ./results/tuning/e10/figures/spatial_analysis_epoch_1800.pdf | ./results/tuning/e10/predictions/embedding_joint_epoch_1800.h5ad
2026-04-03 09:27:58,991 | INFO | SFEvaluateRange | Evaluating epoch 1900 with ckpt_1900.pth
2026-04-03 09:28:14,755 | INFO | SFEvaluateRange | Eval metrics (epoch_1900) | checkpoint=ckpt_1900.pth | epoch=Epoch 1900 | latent_moran=0.4083 | cluster_moran=0.6780
2026-04-03 09:28:14,755 | INFO | SFEvaluateRange | GT metrics (epoch_1900) | checkpoint=ckpt_1900.pth | epoch=Epoch 1900 | ARI=0.3915 | NMI=0.5848 | AMI=0.5774 | HOM=0.6387 | n_valid=2129
2026-04-03 09:28:14,756 | INFO | SFEvaluateRange | Artifacts (epoch_1900): ./results/tuning/e10/figures/spatial_analysis_epoch_1900.pdf | ./results/tuning/e10/predictions/embedding_joint_epoch_1900.h5ad
2026-04-03 09:28:14,756 | INFO | SFEvaluateRange | Evaluating epoch 2000 with ckpt_best.pth
2026-04-03 09:28:28,337 | INFO | SFEvaluateRange | Eval metrics (epoch_2000_best) | checkpoint=ckpt_best.pth | epoch=Epoch 2000 (BEST) | latent_moran=0.4173 | cluster_moran=0.6992
2026-04-03 09:28:28,337 | INFO | SFEvaluateRange | GT metrics (epoch_2000_best) | checkpoint=ckpt_best.pth | epoch=Epoch 2000 (BEST) | ARI=0.3291 | NMI=0.5639 | AMI=0.5560 | HOM=0.6133 | n_valid=2129
2026-04-03 09:28:28,337 | INFO | SFEvaluateRange | Artifacts (epoch_2000_best): ./results/tuning/e10/figures/spatial_analysis_epoch_2000_best.pdf | ./results/tuning/e10/predictions/embedding_joint_epoch_2000_best.h5ad
2026-04-03 09:28:28,338 | INFO | SFEvaluateRange | Evaluating epoch 2100 with ckpt_2100.pth
2026-04-03 09:28:42,362 | INFO | SFEvaluateRange | Eval metrics (epoch_2100) | checkpoint=ckpt_2100.pth | epoch=Epoch 2100 | latent_moran=0.4107 | cluster_moran=0.6543
2026-04-03 09:28:42,362 | INFO | SFEvaluateRange | GT metrics (epoch_2100) | checkpoint=ckpt_2100.pth | epoch=Epoch 2100 | ARI=0.4283 | NMI=0.5944 | AMI=0.5871 | HOM=0.6450 | n_valid=2129
2026-04-03 09:28:42,362 | INFO | SFEvaluateRange | Artifacts (epoch_2100): ./results/tuning/e10/figures/spatial_analysis_epoch_2100.pdf | ./results/tuning/e10/predictions/embedding_joint_epoch_2100.h5ad
2026-04-03 09:28:42,363 | INFO | SFEvaluateRange | Evaluating epoch 2200 with ckpt_2200.pth
2026-04-03 09:28:56,048 | INFO | SFEvaluateRange | Eval metrics (epoch_2200) | checkpoint=ckpt_2200.pth | epoch=Epoch 2200 | latent_moran=0.4121 | cluster_moran=0.6815
2026-04-03 09:28:56,048 | INFO | SFEvaluateRange | GT metrics (epoch_2200) | checkpoint=ckpt_2200.pth | epoch=Epoch 2200 | ARI=0.3861 | NMI=0.5810 | AMI=0.5735 | HOM=0.6304 | n_valid=2129
2026-04-03 09:28:56,049 | INFO | SFEvaluateRange | Artifacts (epoch_2200): ./results/tuning/e10/figures/spatial_analysis_epoch_2200.pdf | ./results/tuning/e10/predictions/embedding_joint_epoch_2200.h5ad
2026-04-03 09:28:56,049 | INFO | SFEvaluateRange | Evaluating epoch 2300 with ckpt_2300.pth
2026-04-03 09:29:09,290 | INFO | SFEvaluateRange | Eval metrics (epoch_2300) | checkpoint=ckpt_2300.pth | epoch=Epoch 2300 | latent_moran=0.4132 | cluster_moran=0.6824
2026-04-03 09:29:09,290 | INFO | SFEvaluateRange | GT metrics (epoch_2300) | checkpoint=ckpt_2300.pth | epoch=Epoch 2300 | ARI=0.4764 | NMI=0.5921 | AMI=0.5847 | HOM=0.6382 | n_valid=2129
2026-04-03 09:29:09,291 | INFO | SFEvaluateRange | Artifacts (epoch_2300): ./results/tuning/e10/figures/spatial_analysis_epoch_2300.pdf | ./results/tuning/e10/predictions/embedding_joint_epoch_2300.h5ad
2026-04-03 09:29:09,291 | INFO | SFEvaluateRange | Evaluating epoch 2400 with ckpt_2400.pth
2026-04-03 09:29:23,780 | INFO | SFEvaluateRange | Eval metrics (epoch_2400) | checkpoint=ckpt_2400.pth | epoch=Epoch 2400 | latent_moran=0.4137 | cluster_moran=0.6935
2026-04-03 09:29:23,781 | INFO | SFEvaluateRange | GT metrics (epoch_2400) | checkpoint=ckpt_2400.pth | epoch=Epoch 2400 | ARI=0.3797 | NMI=0.5830 | AMI=0.5755 | HOM=0.6336 | n_valid=2129
2026-04-03 09:29:23,781 | INFO | SFEvaluateRange | Artifacts (epoch_2400): ./results/tuning/e10/figures/spatial_analysis_epoch_2400.pdf | ./results/tuning/e10/predictions/embedding_joint_epoch_2400.h5ad
2026-04-03 09:29:23,782 | INFO | SFEvaluateRange | Evaluating epoch 2500 with ckpt_2500.pth
2026-04-03 09:29:37,603 | INFO | SFEvaluateRange | Eval metrics (epoch_2500) | checkpoint=ckpt_2500.pth | epoch=Epoch 2500 | latent_moran=0.4146 | cluster_moran=0.6731
2026-04-03 09:29:37,603 | INFO | SFEvaluateRange | GT metrics (epoch_2500) | checkpoint=ckpt_2500.pth | epoch=Epoch 2500 | ARI=0.4195 | NMI=0.5881 | AMI=0.5807 | HOM=0.6393 | n_valid=2129
2026-04-03 09:29:37,604 | INFO | SFEvaluateRange | Artifacts (epoch_2500): ./results/tuning/e10/figures/spatial_analysis_epoch_2500.pdf | ./results/tuning/e10/predictions/embedding_joint_epoch_2500.h5ad
2026-04-03 09:29:37,604 | INFO | SFEvaluateRange | Evaluating epoch 2600 with ckpt_2600.pth
2026-04-03 09:29:52,456 | INFO | SFEvaluateRange | Eval metrics (epoch_2600) | checkpoint=ckpt_2600.pth | epoch=Epoch 2600 | latent_moran=0.4151 | cluster_moran=0.6830
2026-04-03 09:29:52,456 | INFO | SFEvaluateRange | GT metrics (epoch_2600) | checkpoint=ckpt_2600.pth | epoch=Epoch 2600 | ARI=0.4702 | NMI=0.5980 | AMI=0.5907 | HOM=0.6444 | n_valid=2129
2026-04-03 09:29:52,457 | INFO | SFEvaluateRange | Artifacts (epoch_2600): ./results/tuning/e10/figures/spatial_analysis_epoch_2600.pdf | ./results/tuning/e10/predictions/embedding_joint_epoch_2600.h5ad
2026-04-03 09:29:52,457 | INFO | SFEvaluateRange | Evaluating epoch 2700 with ckpt_2700.pth
2026-04-03 09:30:06,335 | INFO | SFEvaluateRange | Eval metrics (epoch_2700) | checkpoint=ckpt_2700.pth | epoch=Epoch 2700 | latent_moran=0.4155 | cluster_moran=0.6870
2026-04-03 09:30:06,335 | INFO | SFEvaluateRange | GT metrics (epoch_2700) | checkpoint=ckpt_2700.pth | epoch=Epoch 2700 | ARI=0.4247 | NMI=0.5915 | AMI=0.5841 | HOM=0.6382 | n_valid=2129
2026-04-03 09:30:06,336 | INFO | SFEvaluateRange | Artifacts (epoch_2700): ./results/tuning/e10/figures/spatial_analysis_epoch_2700.pdf | ./results/tuning/e10/predictions/embedding_joint_epoch_2700.h5ad
2026-04-03 09:30:06,336 | INFO | SFEvaluateRange | Evaluating epoch 2800 with ckpt_2800.pth
2026-04-03 09:30:19,626 | INFO | SFEvaluateRange | Eval metrics (epoch_2800) | checkpoint=ckpt_2800.pth | epoch=Epoch 2800 | latent_moran=0.4156 | cluster_moran=0.6671
2026-04-03 09:30:19,626 | INFO | SFEvaluateRange | GT metrics (epoch_2800) | checkpoint=ckpt_2800.pth | epoch=Epoch 2800 | ARI=0.4823 | NMI=0.5924 | AMI=0.5850 | HOM=0.6394 | n_valid=2129
2026-04-03 09:30:19,626 | INFO | SFEvaluateRange | Artifacts (epoch_2800): ./results/tuning/e10/figures/spatial_analysis_epoch_2800.pdf | ./results/tuning/e10/predictions/embedding_joint_epoch_2800.h5ad
2026-04-03 09:30:19,627 | INFO | SFEvaluateRange | Evaluating epoch 2900 with ckpt_2900.pth
2026-04-03 09:30:33,882 | INFO | SFEvaluateRange | Eval metrics (epoch_2900) | checkpoint=ckpt_2900.pth | epoch=Epoch 2900 | latent_moran=0.4175 | cluster_moran=0.6834
2026-04-03 09:30:33,883 | INFO | SFEvaluateRange | GT metrics (epoch_2900) | checkpoint=ckpt_2900.pth | epoch=Epoch 2900 | ARI=0.4157 | NMI=0.5821 | AMI=0.5746 | HOM=0.6339 | n_valid=2129
2026-04-03 09:30:33,883 | INFO | SFEvaluateRange | Artifacts (epoch_2900): ./results/tuning/e10/figures/spatial_analysis_epoch_2900.pdf | ./results/tuning/e10/predictions/embedding_joint_epoch_2900.h5ad
2026-04-03 09:30:33,883 | INFO | SFEvaluateRange | Evaluating epoch 3000 with ckpt_3000.pth
2026-04-03 09:30:48,394 | INFO | SFEvaluateRange | Eval metrics (epoch_3000) | checkpoint=ckpt_3000.pth | epoch=Epoch 3000 | latent_moran=0.4174 | cluster_moran=0.6773
2026-04-03 09:30:48,394 | INFO | SFEvaluateRange | GT metrics (epoch_3000) | checkpoint=ckpt_3000.pth | epoch=Epoch 3000 | ARI=0.3650 | NMI=0.5754 | AMI=0.5679 | HOM=0.6349 | n_valid=2129
2026-04-03 09:30:48,394 | INFO | SFEvaluateRange | Artifacts (epoch_3000): ./results/tuning/e10/figures/spatial_analysis_epoch_3000.pdf | ./results/tuning/e10/predictions/embedding_joint_epoch_3000.h5ad
2026-04-03 09:30:48,394 | INFO | SFEvaluateRange | Range evaluation complete. Success=16 | Failed/Skipped=0

========================================================================================
