2026-04-02 18:54:38,967 | INFO | SFPreprocess | [Phase 1] Starting Data Preprocessing...
2026-04-02 18:54:38,968 | INFO | SFPreprocess | Loading raw data...
2026-04-02 18:54:38,968 | INFO | SFPreprocess | Data loader: paired h5ad
2026-04-02 18:55:25,644 | INFO | SFPreprocess | Aligned final cells: RNA=2129, ATAC=2129
2026-04-02 18:55:50,296 | INFO | SFPreprocess | Reduced shapes: RNA=(2129, 512), ATAC=(2129, 512)
2026-04-02 18:55:53,446 | INFO | SFPreprocess | Saving processed tensors...
2026-04-02 18:55:53,478 | INFO | SFPreprocess | Preprocessing complete: data/processed/tuning/e5/processed_data.pt

========================================================================================
2026-04-02 18:56:01,255 | INFO | SFTrainer | [Phase 2] Starting Model Training...
2026-04-02 18:56:01,255 | INFO | SFTrainer | Loading processed data...
2026-04-02 18:56:01,284 | INFO | SFTrainer | Data ready: RNA=torch.Size([2129, 512]), ATAC=torch.Size([2129, 512]), edges=17032
2026-04-02 18:56:01,284 | INFO | SFTrainer | Initializing model...
2026-04-02 18:56:01,661 | INFO | SFTrainer | Training started.
2026-04-02 18:56:01,661 | INFO | SFTrainer | Training started: epochs=3000
2026-04-02 18:56:04,034 | INFO | SFTrainer | Epoch 010 | total 71.6179 | rec_rna 8.7047 | rec_atac 24.2684 | clip 7.6522 | clip_weight 0.5000 | lr 1.00e-03 | best 71.6179
2026-04-02 18:56:05,554 | INFO | SFTrainer | Epoch 020 | total 67.2719 | rec_rna 8.4469 | rec_atac 21.2357 | clip 7.6034 | clip_weight 0.5000 | lr 1.00e-03 | best 67.2719
2026-04-02 18:56:07,048 | INFO | SFTrainer | Epoch 030 | total 65.7884 | rec_rna 8.3683 | rec_atac 20.2113 | clip 7.4710 | clip_weight 0.5000 | lr 1.00e-03 | best 65.7884
2026-04-02 18:56:08,567 | INFO | SFTrainer | Epoch 040 | total 65.1062 | rec_rna 8.2905 | rec_atac 20.0210 | clip 7.2654 | clip_weight 0.5000 | lr 1.00e-03 | best 65.1062
2026-04-02 18:56:10,061 | INFO | SFTrainer | Epoch 050 | total 64.0598 | rec_rna 8.1898 | rec_atac 19.5649 | clip 7.0915 | clip_weight 0.5000 | lr 1.00e-03 | best 64.0598
2026-04-02 18:56:11,592 | INFO | SFTrainer | Epoch 060 | total 62.4492 | rec_rna 8.0828 | rec_atac 18.5724 | clip 6.9255 | clip_weight 0.5000 | lr 1.00e-03 | best 62.4492
2026-04-02 18:56:13,079 | INFO | SFTrainer | Epoch 070 | total 61.2416 | rec_rna 7.9795 | rec_atac 17.9391 | clip 6.8103 | clip_weight 0.5000 | lr 1.00e-03 | best 61.2416
2026-04-02 18:56:14,574 | INFO | SFTrainer | Epoch 080 | total 60.2401 | rec_rna 7.9009 | rec_atac 17.3836 | clip 6.7045 | clip_weight 0.5000 | lr 1.00e-03 | best 60.2401
2026-04-02 18:56:16,066 | INFO | SFTrainer | Epoch 090 | total 59.2718 | rec_rna 7.8083 | rec_atac 16.9197 | clip 6.6210 | clip_weight 0.5000 | lr 1.00e-03 | best 59.2718
2026-04-02 18:56:17,573 | INFO | SFTrainer | Epoch 100 | total 58.3761 | rec_rna 7.7124 | rec_atac 16.5380 | clip 6.5521 | clip_weight 0.5000 | lr 1.00e-03 | best 58.3761
2026-04-02 18:56:19,104 | INFO | SFTrainer | Epoch 110 | total 57.4896 | rec_rna 7.5990 | rec_atac 16.2477 | clip 6.4940 | clip_weight 0.5000 | lr 1.00e-03 | best 57.4896
2026-04-02 18:56:20,624 | INFO | SFTrainer | Epoch 120 | total 56.6736 | rec_rna 7.4828 | rec_atac 16.0375 | clip 6.4438 | clip_weight 0.5000 | lr 1.00e-03 | best 56.6736
2026-04-02 18:56:22,120 | INFO | SFTrainer | Epoch 130 | total 55.7586 | rec_rna 7.3485 | rec_atac 15.8127 | clip 6.4069 | clip_weight 0.5000 | lr 1.00e-03 | best 55.7586
2026-04-02 18:56:23,657 | INFO | SFTrainer | Epoch 140 | total 54.8976 | rec_rna 7.2122 | rec_atac 15.6530 | clip 6.3674 | clip_weight 0.5000 | lr 1.00e-03 | best 54.8976
2026-04-02 18:56:25,153 | INFO | SFTrainer | Epoch 150 | total 54.0092 | rec_rna 7.0690 | rec_atac 15.4959 | clip 6.3364 | clip_weight 0.5000 | lr 1.00e-03 | best 54.0092
2026-04-02 18:56:26,663 | INFO | SFTrainer | Epoch 160 | total 53.1377 | rec_rna 6.9302 | rec_atac 15.3367 | clip 6.2999 | clip_weight 0.5000 | lr 1.00e-03 | best 53.1377
2026-04-02 18:56:28,171 | INFO | SFTrainer | Epoch 170 | total 52.3127 | rec_rna 6.8023 | rec_atac 15.1607 | clip 6.2812 | clip_weight 0.5000 | lr 1.00e-03 | best 52.3127
2026-04-02 18:56:29,662 | INFO | SFTrainer | Epoch 180 | total 51.5074 | rec_rna 6.6728 | rec_atac 15.0144 | clip 6.2582 | clip_weight 0.5000 | lr 1.00e-03 | best 51.5074
2026-04-02 18:56:31,157 | INFO | SFTrainer | Epoch 190 | total 50.7175 | rec_rna 6.5487 | rec_atac 14.8584 | clip 6.2307 | clip_weight 0.5000 | lr 1.00e-03 | best 50.7175
2026-04-02 18:56:32,666 | INFO | SFTrainer | Epoch 200 | total 49.9565 | rec_rna 6.4280 | rec_atac 14.7139 | clip 6.2050 | clip_weight 0.5000 | lr 1.00e-03 | best 49.9565
2026-04-02 18:56:34,186 | INFO | SFTrainer | Epoch 210 | total 49.1268 | rec_rna 6.3043 | rec_atac 14.5197 | clip 6.1717 | clip_weight 0.5000 | lr 1.00e-03 | best 49.1268
2026-04-02 18:56:35,573 | INFO | SFTrainer | Epoch 220 | total 48.4215 | rec_rna 6.1967 | rec_atac 14.3606 | clip 6.1548 | clip_weight 0.5000 | lr 1.00e-03 | best 48.4215
2026-04-02 18:56:37,052 | INFO | SFTrainer | Epoch 230 | total 47.6630 | rec_rna 6.0771 | rec_atac 14.2117 | clip 6.1321 | clip_weight 0.5000 | lr 1.00e-03 | best 47.6630
2026-04-02 18:56:38,480 | INFO | SFTrainer | Epoch 240 | total 46.9899 | rec_rna 5.9820 | rec_atac 14.0276 | clip 6.1047 | clip_weight 0.5000 | lr 1.00e-03 | best 46.9899
2026-04-02 18:56:39,840 | INFO | SFTrainer | Epoch 250 | total 46.3032 | rec_rna 5.8793 | rec_atac 13.8721 | clip 6.0696 | clip_weight 0.5000 | lr 1.00e-03 | best 46.3032
2026-04-02 18:56:41,342 | INFO | SFTrainer | Epoch 260 | total 45.6766 | rec_rna 5.7852 | rec_atac 13.7215 | clip 6.0579 | clip_weight 0.5000 | lr 1.00e-03 | best 45.6766
2026-04-02 18:56:42,766 | INFO | SFTrainer | Epoch 270 | total 44.9716 | rec_rna 5.6852 | rec_atac 13.5294 | clip 6.0321 | clip_weight 0.5000 | lr 1.00e-03 | best 44.9716
2026-04-02 18:56:44,205 | INFO | SFTrainer | Epoch 280 | total 44.3417 | rec_rna 5.5921 | rec_atac 13.3628 | clip 6.0364 | clip_weight 0.5000 | lr 1.00e-03 | best 44.3417
2026-04-02 18:56:45,599 | INFO | SFTrainer | Epoch 290 | total 43.7375 | rec_rna 5.5101 | rec_atac 13.1986 | clip 5.9767 | clip_weight 0.5000 | lr 1.00e-03 | best 43.7285
2026-04-02 18:56:46,984 | INFO | SFTrainer | Epoch 300 | total 43.0379 | rec_rna 5.4104 | rec_atac 13.0016 | clip 5.9682 | clip_weight 0.5000 | lr 1.00e-03 | best 43.0379
2026-04-02 18:56:48,355 | INFO | SFTrainer | Epoch 310 | total 42.4897 | rec_rna 5.3335 | rec_atac 12.8416 | clip 5.9612 | clip_weight 0.5000 | lr 1.00e-03 | best 42.4897
2026-04-02 18:56:49,675 | INFO | SFTrainer | Epoch 320 | total 41.8755 | rec_rna 5.2528 | rec_atac 12.6476 | clip 5.9281 | clip_weight 0.5000 | lr 1.00e-03 | best 41.8755
2026-04-02 18:56:51,036 | INFO | SFTrainer | Epoch 330 | total 41.3386 | rec_rna 5.1859 | rec_atac 12.4677 | clip 5.8826 | clip_weight 0.5000 | lr 1.00e-03 | best 41.3386
2026-04-02 18:56:52,413 | INFO | SFTrainer | Epoch 340 | total 40.8146 | rec_rna 5.1180 | rec_atac 12.2850 | clip 5.8794 | clip_weight 0.5000 | lr 1.00e-03 | best 40.8146
2026-04-02 18:56:53,786 | INFO | SFTrainer | Epoch 350 | total 40.2076 | rec_rna 5.0393 | rec_atac 12.0867 | clip 5.8485 | clip_weight 0.5000 | lr 1.00e-03 | best 40.2076
2026-04-02 18:56:55,081 | INFO | SFTrainer | Epoch 360 | total 39.7315 | rec_rna 4.9832 | rec_atac 11.9052 | clip 5.8209 | clip_weight 0.5000 | lr 1.00e-03 | best 39.7315
2026-04-02 18:56:56,398 | INFO | SFTrainer | Epoch 370 | total 39.2991 | rec_rna 4.9336 | rec_atac 11.7233 | clip 5.8150 | clip_weight 0.5000 | lr 1.00e-03 | best 39.2991
2026-04-02 18:56:57,811 | INFO | SFTrainer | Epoch 380 | total 38.8156 | rec_rna 4.8716 | rec_atac 11.5565 | clip 5.8023 | clip_weight 0.5000 | lr 1.00e-03 | best 38.8156
2026-04-02 18:56:59,228 | INFO | SFTrainer | Epoch 390 | total 38.3312 | rec_rna 4.8157 | rec_atac 11.3773 | clip 5.7510 | clip_weight 0.5000 | lr 1.00e-03 | best 38.3312
2026-04-02 18:57:00,554 | INFO | SFTrainer | Epoch 400 | total 38.0242 | rec_rna 4.7779 | rec_atac 11.2531 | clip 5.7634 | clip_weight 0.5000 | lr 1.00e-03 | best 37.9324
2026-04-02 18:57:01,938 | INFO | SFTrainer | Epoch 410 | total 37.5718 | rec_rna 4.7306 | rec_atac 11.0565 | clip 5.7250 | clip_weight 0.5000 | lr 1.00e-03 | best 37.5028
2026-04-02 18:57:03,212 | INFO | SFTrainer | Epoch 420 | total 37.1065 | rec_rna 4.6689 | rec_atac 10.9117 | clip 5.7003 | clip_weight 0.5000 | lr 1.00e-03 | best 37.1065
2026-04-02 18:57:04,573 | INFO | SFTrainer | Epoch 430 | total 36.7110 | rec_rna 4.6249 | rec_atac 10.7472 | clip 5.6789 | clip_weight 0.5000 | lr 1.00e-03 | best 36.7110
2026-04-02 18:57:05,891 | INFO | SFTrainer | Epoch 440 | total 36.3281 | rec_rna 4.5761 | rec_atac 10.6245 | clip 5.6465 | clip_weight 0.5000 | lr 1.00e-03 | best 36.3281
2026-04-02 18:57:07,246 | INFO | SFTrainer | Epoch 450 | total 35.9775 | rec_rna 4.5366 | rec_atac 10.4750 | clip 5.6392 | clip_weight 0.5000 | lr 1.00e-03 | best 35.9775
2026-04-02 18:57:08,428 | INFO | SFTrainer | Epoch 460 | total 35.6589 | rec_rna 4.5041 | rec_atac 10.3343 | clip 5.6079 | clip_weight 0.5000 | lr 1.00e-03 | best 35.6589
2026-04-02 18:57:09,776 | INFO | SFTrainer | Epoch 470 | total 35.2859 | rec_rna 4.4554 | rec_atac 10.2141 | clip 5.5893 | clip_weight 0.5000 | lr 1.00e-03 | best 35.2859
2026-04-02 18:57:11,091 | INFO | SFTrainer | Epoch 480 | total 35.0030 | rec_rna 4.4219 | rec_atac 10.1034 | clip 5.5805 | clip_weight 0.5000 | lr 1.00e-03 | best 34.9794
2026-04-02 18:57:12,346 | INFO | SFTrainer | Epoch 490 | total 34.6922 | rec_rna 4.3844 | rec_atac 9.9933 | clip 5.5538 | clip_weight 0.5000 | lr 1.00e-03 | best 34.6457
2026-04-02 18:57:13,644 | INFO | SFTrainer | Epoch 500 | total 34.4063 | rec_rna 4.3609 | rec_atac 9.8490 | clip 5.5051 | clip_weight 0.5000 | lr 1.00e-03 | best 34.4063
2026-04-02 18:57:14,869 | INFO | SFTrainer | Epoch 510 | total 34.1264 | rec_rna 4.3259 | rec_atac 9.7499 | clip 5.4939 | clip_weight 0.5000 | lr 1.00e-03 | best 34.0992
2026-04-02 18:57:16,169 | INFO | SFTrainer | Epoch 520 | total 33.8722 | rec_rna 4.2945 | rec_atac 9.6646 | clip 5.4700 | clip_weight 0.5000 | lr 1.00e-03 | best 33.8348
2026-04-02 18:57:17,391 | INFO | SFTrainer | Epoch 530 | total 33.5491 | rec_rna 4.2535 | rec_atac 9.5505 | clip 5.4618 | clip_weight 0.5000 | lr 1.00e-03 | best 33.5491
2026-04-02 18:57:18,661 | INFO | SFTrainer | Epoch 540 | total 33.2821 | rec_rna 4.2309 | rec_atac 9.4094 | clip 5.4358 | clip_weight 0.5000 | lr 1.00e-03 | best 33.2821
2026-04-02 18:57:19,879 | INFO | SFTrainer | Epoch 550 | total 33.0586 | rec_rna 4.2016 | rec_atac 9.3458 | clip 5.4097 | clip_weight 0.5000 | lr 1.00e-03 | best 33.0586
2026-04-02 18:57:21,111 | INFO | SFTrainer | Epoch 560 | total 32.9345 | rec_rna 4.1926 | rec_atac 9.2755 | clip 5.3922 | clip_weight 0.5000 | lr 1.00e-03 | best 32.9008
2026-04-02 18:57:22,334 | INFO | SFTrainer | Epoch 570 | total 32.7067 | rec_rna 4.1715 | rec_atac 9.1750 | clip 5.3481 | clip_weight 0.5000 | lr 1.00e-03 | best 32.6549
2026-04-02 18:57:23,458 | INFO | SFTrainer | Epoch 580 | total 32.4903 | rec_rna 4.1402 | rec_atac 9.1264 | clip 5.3263 | clip_weight 0.5000 | lr 1.00e-03 | best 32.4787
2026-04-02 18:57:24,737 | INFO | SFTrainer | Epoch 590 | total 32.2464 | rec_rna 4.1129 | rec_atac 9.0292 | clip 5.3055 | clip_weight 0.5000 | lr 1.00e-03 | best 32.1891
2026-04-02 18:57:25,841 | INFO | SFTrainer | Epoch 600 | total 32.0778 | rec_rna 4.0952 | rec_atac 8.9570 | clip 5.2892 | clip_weight 0.5000 | lr 1.00e-03 | best 32.0389
2026-04-02 18:57:27,146 | INFO | SFTrainer | Epoch 610 | total 31.9078 | rec_rna 4.0701 | rec_atac 8.9147 | clip 5.2854 | clip_weight 0.5000 | lr 1.00e-03 | best 31.8854
2026-04-02 18:57:28,328 | INFO | SFTrainer | Epoch 620 | total 31.7168 | rec_rna 4.0524 | rec_atac 8.8253 | clip 5.2594 | clip_weight 0.5000 | lr 1.00e-03 | best 31.6796
2026-04-02 18:57:29,551 | INFO | SFTrainer | Epoch 630 | total 31.5399 | rec_rna 4.0331 | rec_atac 8.7692 | clip 5.2105 | clip_weight 0.5000 | lr 1.00e-03 | best 31.4997
2026-04-02 18:57:30,784 | INFO | SFTrainer | Epoch 640 | total 31.3304 | rec_rna 4.0121 | rec_atac 8.6810 | clip 5.1778 | clip_weight 0.5000 | lr 1.00e-03 | best 31.3304
2026-04-02 18:57:31,923 | INFO | SFTrainer | Epoch 650 | total 31.2151 | rec_rna 3.9983 | rec_atac 8.6396 | clip 5.1678 | clip_weight 0.5000 | lr 1.00e-03 | best 31.1500
2026-04-02 18:57:33,105 | INFO | SFTrainer | Epoch 660 | total 31.0161 | rec_rna 3.9765 | rec_atac 8.5640 | clip 5.1390 | clip_weight 0.5000 | lr 1.00e-03 | best 31.0161
2026-04-02 18:57:34,431 | INFO | SFTrainer | Epoch 670 | total 30.8448 | rec_rna 3.9562 | rec_atac 8.5157 | clip 5.0964 | clip_weight 0.5000 | lr 1.00e-03 | best 30.8448
2026-04-02 18:57:35,725 | INFO | SFTrainer | Epoch 680 | total 30.7428 | rec_rna 3.9448 | rec_atac 8.4765 | clip 5.0849 | clip_weight 0.5000 | lr 1.00e-03 | best 30.7026
2026-04-02 18:57:36,770 | INFO | SFTrainer | Epoch 690 | total 30.5900 | rec_rna 3.9293 | rec_atac 8.4156 | clip 5.0558 | clip_weight 0.5000 | lr 1.00e-03 | best 30.5636
2026-04-02 18:57:37,954 | INFO | SFTrainer | Epoch 700 | total 30.5493 | rec_rna 3.9265 | rec_atac 8.3988 | clip 5.0355 | clip_weight 0.5000 | lr 1.00e-03 | best 30.4644
2026-04-02 18:57:39,257 | INFO | SFTrainer | Epoch 710 | total 30.3807 | rec_rna 3.9005 | rec_atac 8.3633 | clip 5.0298 | clip_weight 0.5000 | lr 1.00e-03 | best 30.2618
2026-04-02 18:57:40,521 | INFO | SFTrainer | Epoch 720 | total 30.1287 | rec_rna 3.8765 | rec_atac 8.2477 | clip 4.9970 | clip_weight 0.5000 | lr 1.00e-03 | best 30.1287
2026-04-02 18:57:41,683 | INFO | SFTrainer | Epoch 730 | total 29.9481 | rec_rna 3.8530 | rec_atac 8.1944 | clip 4.9772 | clip_weight 0.5000 | lr 1.00e-03 | best 29.9481
2026-04-02 18:57:42,811 | INFO | SFTrainer | Epoch 740 | total 29.9316 | rec_rna 3.8535 | rec_atac 8.1982 | clip 4.9314 | clip_weight 0.5000 | lr 1.00e-03 | best 29.9026
2026-04-02 18:57:44,148 | INFO | SFTrainer | Epoch 750 | total 29.7429 | rec_rna 3.8337 | rec_atac 8.1218 | clip 4.9055 | clip_weight 0.5000 | lr 1.00e-03 | best 29.7429
2026-04-02 18:57:45,500 | INFO | SFTrainer | Epoch 760 | total 29.6020 | rec_rna 3.8158 | rec_atac 8.0776 | clip 4.8904 | clip_weight 0.5000 | lr 1.00e-03 | best 29.6020
2026-04-02 18:57:46,635 | INFO | SFTrainer | Epoch 770 | total 29.5541 | rec_rna 3.8184 | rec_atac 8.0332 | clip 4.8581 | clip_weight 0.5000 | lr 1.00e-03 | best 29.5050
2026-04-02 18:57:47,773 | INFO | SFTrainer | Epoch 780 | total 29.3688 | rec_rna 3.7893 | rec_atac 8.0053 | clip 4.8341 | clip_weight 0.5000 | lr 1.00e-03 | best 29.3688
2026-04-02 18:57:48,959 | INFO | SFTrainer | Epoch 790 | total 29.2742 | rec_rna 3.7808 | rec_atac 7.9660 | clip 4.8085 | clip_weight 0.5000 | lr 1.00e-03 | best 29.2685
2026-04-02 18:57:50,083 | INFO | SFTrainer | Epoch 800 | total 29.0970 | rec_rna 3.7603 | rec_atac 7.9158 | clip 4.7594 | clip_weight 0.5000 | lr 1.00e-03 | best 29.0970
2026-04-02 18:57:51,240 | INFO | SFTrainer | Epoch 810 | total 29.1928 | rec_rna 3.7744 | rec_atac 7.9284 | clip 4.7843 | clip_weight 0.5000 | lr 1.00e-03 | best 29.0316
2026-04-02 18:57:52,314 | INFO | SFTrainer | Epoch 820 | total 29.0557 | rec_rna 3.7628 | rec_atac 7.8722 | clip 4.7390 | clip_weight 0.5000 | lr 1.00e-03 | best 28.9690
2026-04-02 18:57:53,532 | INFO | SFTrainer | Epoch 830 | total 28.9117 | rec_rna 3.7458 | rec_atac 7.8278 | clip 4.7094 | clip_weight 0.5000 | lr 1.00e-03 | best 28.8552
2026-04-02 18:57:54,733 | INFO | SFTrainer | Epoch 840 | total 28.7504 | rec_rna 3.7247 | rec_atac 7.7840 | clip 4.6862 | clip_weight 0.5000 | lr 1.00e-03 | best 28.7403
2026-04-02 18:57:55,911 | INFO | SFTrainer | Epoch 850 | total 28.6225 | rec_rna 3.7114 | rec_atac 7.7390 | clip 4.6527 | clip_weight 0.5000 | lr 1.00e-03 | best 28.6225
2026-04-02 18:57:56,970 | INFO | SFTrainer | Epoch 860 | total 28.5810 | rec_rna 3.7019 | rec_atac 7.7492 | clip 4.6443 | clip_weight 0.5000 | lr 1.00e-03 | best 28.5696
2026-04-02 18:57:58,055 | INFO | SFTrainer | Epoch 870 | total 28.5201 | rec_rna 3.6994 | rec_atac 7.7175 | clip 4.6111 | clip_weight 0.5000 | lr 1.00e-03 | best 28.4543
2026-04-02 18:57:59,182 | INFO | SFTrainer | Epoch 880 | total 28.4386 | rec_rna 3.6849 | rec_atac 7.7254 | clip 4.5779 | clip_weight 0.5000 | lr 1.00e-03 | best 28.3842
2026-04-02 18:58:00,438 | INFO | SFTrainer | Epoch 890 | total 28.3336 | rec_rna 3.6826 | rec_atac 7.6546 | clip 4.5325 | clip_weight 0.5000 | lr 1.00e-03 | best 28.2817
2026-04-02 18:58:01,633 | INFO | SFTrainer | Epoch 900 | total 28.3034 | rec_rna 3.6818 | rec_atac 7.6342 | clip 4.5208 | clip_weight 0.5000 | lr 1.00e-03 | best 28.1657
2026-04-02 18:58:02,874 | INFO | SFTrainer | Epoch 910 | total 28.1036 | rec_rna 3.6514 | rec_atac 7.6035 | clip 4.4863 | clip_weight 0.5000 | lr 1.00e-03 | best 28.1036
2026-04-02 18:58:04,041 | INFO | SFTrainer | Epoch 920 | total 28.0644 | rec_rna 3.6436 | rec_atac 7.6057 | clip 4.4813 | clip_weight 0.5000 | lr 1.00e-03 | best 28.0624
2026-04-02 18:58:05,196 | INFO | SFTrainer | Epoch 930 | total 28.0770 | rec_rna 3.6542 | rec_atac 7.5739 | clip 4.4644 | clip_weight 0.5000 | lr 1.00e-03 | best 27.9567
2026-04-02 18:58:06,345 | INFO | SFTrainer | Epoch 940 | total 27.8866 | rec_rna 3.6346 | rec_atac 7.5150 | clip 4.3974 | clip_weight 0.5000 | lr 1.00e-03 | best 27.8467
2026-04-02 18:58:07,356 | INFO | SFTrainer | Epoch 950 | total 27.8412 | rec_rna 3.6276 | rec_atac 7.5136 | clip 4.3794 | clip_weight 0.5000 | lr 1.00e-03 | best 27.7942
2026-04-02 18:58:08,440 | INFO | SFTrainer | Epoch 960 | total 27.7986 | rec_rna 3.6252 | rec_atac 7.4862 | clip 4.3730 | clip_weight 0.5000 | lr 1.00e-03 | best 27.6920
2026-04-02 18:58:09,439 | INFO | SFTrainer | Epoch 970 | total 27.6583 | rec_rna 3.6051 | rec_atac 7.4572 | clip 4.3517 | clip_weight 0.5000 | lr 1.00e-03 | best 27.6370
2026-04-02 18:58:10,586 | INFO | SFTrainer | Epoch 980 | total 27.5646 | rec_rna 3.6007 | rec_atac 7.4167 | clip 4.2890 | clip_weight 0.5000 | lr 1.00e-03 | best 27.5646
2026-04-02 18:58:11,734 | INFO | SFTrainer | Epoch 990 | total 27.4966 | rec_rna 3.5946 | rec_atac 7.3941 | clip 4.2591 | clip_weight 0.5000 | lr 1.00e-03 | best 27.4966
2026-04-02 18:58:12,963 | INFO | SFTrainer | Epoch 1000 | total 27.5401 | rec_rna 3.6001 | rec_atac 7.4121 | clip 4.2552 | clip_weight 0.5000 | lr 1.00e-03 | best 27.3789
2026-04-02 18:58:14,151 | INFO | SFTrainer | Epoch 1010 | total 27.4001 | rec_rna 3.5861 | rec_atac 7.3543 | clip 4.2304 | clip_weight 0.5000 | lr 1.00e-03 | best 27.3401
2026-04-02 18:58:15,243 | INFO | SFTrainer | Epoch 1020 | total 27.3487 | rec_rna 3.5779 | rec_atac 7.3662 | clip 4.1857 | clip_weight 0.5000 | lr 1.00e-03 | best 27.2309
2026-04-02 18:58:16,240 | INFO | SFTrainer | Epoch 1030 | total 27.2702 | rec_rna 3.5678 | rec_atac 7.3529 | clip 4.1562 | clip_weight 0.5000 | lr 1.00e-03 | best 27.2309
2026-04-02 18:58:17,290 | INFO | SFTrainer | Epoch 1040 | total 27.1728 | rec_rna 3.5572 | rec_atac 7.3382 | clip 4.0975 | clip_weight 0.5000 | lr 1.00e-03 | best 27.1728
2026-04-02 18:58:18,495 | INFO | SFTrainer | Epoch 1050 | total 26.9755 | rec_rna 3.5300 | rec_atac 7.2811 | clip 4.0883 | clip_weight 0.5000 | lr 1.00e-03 | best 26.9755
2026-04-02 18:58:19,539 | INFO | SFTrainer | Epoch 1060 | total 27.0140 | rec_rna 3.5430 | rec_atac 7.2531 | clip 4.0916 | clip_weight 0.5000 | lr 1.00e-03 | best 26.9755
2026-04-02 18:58:20,675 | INFO | SFTrainer | Epoch 1070 | total 26.9247 | rec_rna 3.5395 | rec_atac 7.2147 | clip 4.0250 | clip_weight 0.5000 | lr 1.00e-03 | best 26.9247
2026-04-02 18:58:21,720 | INFO | SFTrainer | Epoch 1080 | total 26.8277 | rec_rna 3.5253 | rec_atac 7.2135 | clip 3.9756 | clip_weight 0.5000 | lr 1.00e-03 | best 26.8277
2026-04-02 18:58:22,839 | INFO | SFTrainer | Epoch 1090 | total 26.8603 | rec_rna 3.5301 | rec_atac 7.2213 | clip 3.9774 | clip_weight 0.5000 | lr 1.00e-03 | best 26.7899
2026-04-02 18:58:23,939 | INFO | SFTrainer | Epoch 1100 | total 26.9125 | rec_rna 3.5332 | rec_atac 7.2641 | clip 3.9649 | clip_weight 0.5000 | lr 1.00e-03 | best 26.7328
2026-04-02 18:58:25,043 | INFO | SFTrainer | Epoch 1110 | total 26.7157 | rec_rna 3.5111 | rec_atac 7.1944 | clip 3.9319 | clip_weight 0.5000 | lr 1.00e-03 | best 26.6635
2026-04-02 18:58:26,070 | INFO | SFTrainer | Epoch 1120 | total 26.6920 | rec_rna 3.5131 | rec_atac 7.1914 | clip 3.8697 | clip_weight 0.5000 | lr 1.00e-03 | best 26.6100
2026-04-02 18:58:27,284 | INFO | SFTrainer | Epoch 1130 | total 26.5172 | rec_rna 3.4946 | rec_atac 7.1208 | clip 3.8472 | clip_weight 0.5000 | lr 1.00e-03 | best 26.5172
2026-04-02 18:58:28,343 | INFO | SFTrainer | Epoch 1140 | total 26.5270 | rec_rna 3.5002 | rec_atac 7.1252 | clip 3.8013 | clip_weight 0.5000 | lr 1.00e-03 | best 26.5013
2026-04-02 18:58:29,484 | INFO | SFTrainer | Epoch 1150 | total 26.3851 | rec_rna 3.4705 | rec_atac 7.1311 | clip 3.8027 | clip_weight 0.5000 | lr 1.00e-03 | best 26.3851
2026-04-02 18:58:30,551 | INFO | SFTrainer | Epoch 1160 | total 26.5671 | rec_rna 3.5050 | rec_atac 7.1591 | clip 3.7665 | clip_weight 0.5000 | lr 1.00e-03 | best 26.3851
2026-04-02 18:58:31,580 | INFO | SFTrainer | Epoch 1170 | total 26.3775 | rec_rna 3.4821 | rec_atac 7.0788 | clip 3.7766 | clip_weight 0.5000 | lr 1.00e-03 | best 26.3429
2026-04-02 18:58:32,645 | INFO | SFTrainer | Epoch 1180 | total 26.3564 | rec_rna 3.4775 | rec_atac 7.1072 | clip 3.7235 | clip_weight 0.5000 | lr 1.00e-03 | best 26.3361
2026-04-02 18:58:33,789 | INFO | SFTrainer | Epoch 1190 | total 26.2268 | rec_rna 3.4577 | rec_atac 7.0978 | clip 3.6807 | clip_weight 0.5000 | lr 1.00e-03 | best 26.2268
2026-04-02 18:58:34,940 | INFO | SFTrainer | Epoch 1200 | total 26.2721 | rec_rna 3.4729 | rec_atac 7.0784 | clip 3.6582 | clip_weight 0.5000 | lr 1.00e-03 | best 26.1909
2026-04-02 18:58:36,045 | INFO | SFTrainer | Epoch 1210 | total 26.2451 | rec_rna 3.4744 | rec_atac 7.0609 | clip 3.6246 | clip_weight 0.5000 | lr 1.00e-03 | best 26.1827
2026-04-02 18:58:37,142 | INFO | SFTrainer | Epoch 1220 | total 26.1675 | rec_rna 3.4723 | rec_atac 7.0280 | clip 3.5562 | clip_weight 0.5000 | lr 1.00e-03 | best 26.1014
2026-04-02 18:58:38,341 | INFO | SFTrainer | Epoch 1230 | total 26.1194 | rec_rna 3.4608 | rec_atac 7.0365 | clip 3.5582 | clip_weight 0.5000 | lr 1.00e-03 | best 26.0143
2026-04-02 18:58:39,358 | INFO | SFTrainer | Epoch 1240 | total 26.0433 | rec_rna 3.4561 | rec_atac 7.0084 | clip 3.5085 | clip_weight 0.5000 | lr 1.00e-03 | best 26.0026
2026-04-02 18:58:40,497 | INFO | SFTrainer | Epoch 1250 | total 26.0616 | rec_rna 3.4604 | rec_atac 7.0118 | clip 3.4957 | clip_weight 0.5000 | lr 1.00e-03 | best 25.9253
2026-04-02 18:58:41,594 | INFO | SFTrainer | Epoch 1260 | total 25.8818 | rec_rna 3.4392 | rec_atac 6.9638 | clip 3.4436 | clip_weight 0.5000 | lr 1.00e-03 | best 25.8818
2026-04-02 18:58:42,740 | INFO | SFTrainer | Epoch 1270 | total 25.8823 | rec_rna 3.4414 | rec_atac 6.9756 | clip 3.3992 | clip_weight 0.5000 | lr 1.00e-03 | best 25.8786
2026-04-02 18:58:43,860 | INFO | SFTrainer | Epoch 1280 | total 25.8919 | rec_rna 3.4408 | rec_atac 6.9798 | clip 3.4165 | clip_weight 0.5000 | lr 1.00e-03 | best 25.8176
2026-04-02 18:58:44,940 | INFO | SFTrainer | Epoch 1290 | total 25.8058 | rec_rna 3.4316 | rec_atac 6.9571 | clip 3.3819 | clip_weight 0.5000 | lr 1.00e-03 | best 25.6661
2026-04-02 18:58:45,942 | INFO | SFTrainer | Epoch 1300 | total 25.7740 | rec_rna 3.4309 | rec_atac 6.9432 | clip 3.3529 | clip_weight 0.5000 | lr 1.00e-03 | best 25.6661
2026-04-02 18:58:46,987 | INFO | SFTrainer | Epoch 1310 | total 25.6577 | rec_rna 3.4145 | rec_atac 6.9233 | clip 3.3234 | clip_weight 0.5000 | lr 1.00e-03 | best 25.6577
2026-04-02 18:58:48,050 | INFO | SFTrainer | Epoch 1320 | total 25.6318 | rec_rna 3.4145 | rec_atac 6.9279 | clip 3.2629 | clip_weight 0.5000 | lr 1.00e-03 | best 25.6183
2026-04-02 18:58:49,215 | INFO | SFTrainer | Epoch 1330 | total 25.5898 | rec_rna 3.4195 | rec_atac 6.8798 | clip 3.2248 | clip_weight 0.5000 | lr 1.00e-03 | best 25.5898
2026-04-02 18:58:50,367 | INFO | SFTrainer | Epoch 1340 | total 25.5634 | rec_rna 3.4153 | rec_atac 6.8736 | clip 3.2266 | clip_weight 0.5000 | lr 1.00e-03 | best 25.5056
2026-04-02 18:58:51,490 | INFO | SFTrainer | Epoch 1350 | total 25.4638 | rec_rna 3.4010 | rec_atac 6.8747 | clip 3.1681 | clip_weight 0.5000 | lr 1.00e-03 | best 25.4638
2026-04-02 18:58:52,643 | INFO | SFTrainer | Epoch 1360 | total 25.4802 | rec_rna 3.4036 | rec_atac 6.8998 | clip 3.1249 | clip_weight 0.5000 | lr 1.00e-03 | best 25.4227
2026-04-02 18:58:53,723 | INFO | SFTrainer | Epoch 1370 | total 25.3853 | rec_rna 3.3969 | rec_atac 6.8483 | clip 3.1047 | clip_weight 0.5000 | lr 1.00e-03 | best 25.3735
2026-04-02 18:58:54,851 | INFO | SFTrainer | Epoch 1380 | total 25.3739 | rec_rna 3.3942 | rec_atac 6.8714 | clip 3.0628 | clip_weight 0.5000 | lr 1.00e-03 | best 25.2987
2026-04-02 18:58:55,843 | INFO | SFTrainer | Epoch 1390 | total 25.3516 | rec_rna 3.4002 | rec_atac 6.8469 | clip 3.0077 | clip_weight 0.5000 | lr 1.00e-03 | best 25.2987
2026-04-02 18:58:56,943 | INFO | SFTrainer | Epoch 1400 | total 25.3139 | rec_rna 3.3971 | rec_atac 6.8273 | clip 3.0025 | clip_weight 0.5000 | lr 1.00e-03 | best 25.2313
2026-04-02 18:58:58,057 | INFO | SFTrainer | Epoch 1410 | total 25.3669 | rec_rna 3.4037 | rec_atac 6.8646 | clip 2.9676 | clip_weight 0.5000 | lr 1.00e-03 | best 25.1696
2026-04-02 18:58:59,138 | INFO | SFTrainer | Epoch 1420 | total 25.2273 | rec_rna 3.3866 | rec_atac 6.8301 | clip 2.9280 | clip_weight 0.5000 | lr 1.00e-03 | best 25.1368
2026-04-02 18:59:00,246 | INFO | SFTrainer | Epoch 1430 | total 25.1769 | rec_rna 3.3778 | rec_atac 6.8413 | clip 2.8936 | clip_weight 0.5000 | lr 1.00e-03 | best 25.1060
2026-04-02 18:59:01,345 | INFO | SFTrainer | Epoch 1440 | total 25.1289 | rec_rna 3.3791 | rec_atac 6.8163 | clip 2.8338 | clip_weight 0.5000 | lr 1.00e-03 | best 25.1048
2026-04-02 18:59:02,495 | INFO | SFTrainer | Epoch 1450 | total 25.1726 | rec_rna 3.3779 | rec_atac 6.8540 | clip 2.8578 | clip_weight 0.5000 | lr 1.00e-03 | best 25.0481
2026-04-02 18:59:03,638 | INFO | SFTrainer | Epoch 1460 | total 25.0917 | rec_rna 3.3733 | rec_atac 6.8327 | clip 2.7847 | clip_weight 0.5000 | lr 1.00e-03 | best 24.9863
2026-04-02 18:59:04,779 | INFO | SFTrainer | Epoch 1470 | total 24.9876 | rec_rna 3.3663 | rec_atac 6.7707 | clip 2.7712 | clip_weight 0.5000 | lr 1.00e-03 | best 24.8900
2026-04-02 18:59:05,743 | INFO | SFTrainer | Epoch 1480 | total 24.8952 | rec_rna 3.3558 | rec_atac 6.7597 | clip 2.7132 | clip_weight 0.5000 | lr 1.00e-03 | best 24.8900
2026-04-02 18:59:06,977 | INFO | SFTrainer | Epoch 1490 | total 24.8016 | rec_rna 3.3425 | rec_atac 6.7591 | clip 2.6597 | clip_weight 0.5000 | lr 1.00e-03 | best 24.8016
2026-04-02 18:59:07,998 | INFO | SFTrainer | Epoch 1500 | total 24.9244 | rec_rna 3.3679 | rec_atac 6.7633 | clip 2.6433 | clip_weight 0.5000 | lr 1.00e-03 | best 24.7893
2026-04-02 18:59:09,145 | INFO | SFTrainer | Epoch 1510 | total 24.8565 | rec_rna 3.3638 | rec_atac 6.7358 | clip 2.6029 | clip_weight 0.5000 | lr 1.00e-03 | best 24.7599
2026-04-02 18:59:10,158 | INFO | SFTrainer | Epoch 1520 | total 24.7736 | rec_rna 3.3519 | rec_atac 6.7282 | clip 2.5721 | clip_weight 0.5000 | lr 1.00e-03 | best 24.7566
2026-04-02 18:59:11,316 | INFO | SFTrainer | Epoch 1530 | total 24.7979 | rec_rna 3.3607 | rec_atac 6.7056 | clip 2.5775 | clip_weight 0.5000 | lr 1.00e-03 | best 24.6539
2026-04-02 18:59:12,346 | INFO | SFTrainer | Epoch 1540 | total 24.7690 | rec_rna 3.3562 | rec_atac 6.7352 | clip 2.5059 | clip_weight 0.5000 | lr 1.00e-03 | best 24.6539
2026-04-02 18:59:13,448 | INFO | SFTrainer | Epoch 1550 | total 24.7076 | rec_rna 3.3474 | rec_atac 6.7309 | clip 2.4791 | clip_weight 0.5000 | lr 1.00e-03 | best 24.5977
2026-04-02 18:59:14,490 | INFO | SFTrainer | Epoch 1560 | total 24.6447 | rec_rna 3.3465 | rec_atac 6.7133 | clip 2.3978 | clip_weight 0.5000 | lr 1.00e-03 | best 24.5958
2026-04-02 18:59:15,541 | INFO | SFTrainer | Epoch 1570 | total 24.7114 | rec_rna 3.3562 | rec_atac 6.7240 | clip 2.4124 | clip_weight 0.5000 | lr 1.00e-03 | best 24.5384
2026-04-02 18:59:16,572 | INFO | SFTrainer | Epoch 1580 | total 24.6483 | rec_rna 3.3533 | rec_atac 6.7092 | clip 2.3452 | clip_weight 0.5000 | lr 1.00e-03 | best 24.5248
2026-04-02 18:59:17,623 | INFO | SFTrainer | Epoch 1590 | total 24.5074 | rec_rna 3.3308 | rec_atac 6.6978 | clip 2.3112 | clip_weight 0.5000 | lr 1.00e-03 | best 24.5074
2026-04-02 18:59:18,703 | INFO | SFTrainer | Epoch 1600 | total 24.5120 | rec_rna 3.3337 | rec_atac 6.6858 | clip 2.3155 | clip_weight 0.5000 | lr 1.00e-03 | best 24.4037
2026-04-02 18:59:19,747 | INFO | SFTrainer | Epoch 1610 | total 24.4314 | rec_rna 3.3236 | rec_atac 6.6764 | clip 2.2736 | clip_weight 0.5000 | lr 1.00e-03 | best 24.3755
2026-04-02 18:59:20,789 | INFO | SFTrainer | Epoch 1620 | total 24.3489 | rec_rna 3.3147 | rec_atac 6.6622 | clip 2.2267 | clip_weight 0.5000 | lr 1.00e-03 | best 24.3489
2026-04-02 18:59:21,872 | INFO | SFTrainer | Epoch 1630 | total 24.3604 | rec_rna 3.3230 | rec_atac 6.6529 | clip 2.1850 | clip_weight 0.5000 | lr 1.00e-03 | best 24.3396
2026-04-02 18:59:23,046 | INFO | SFTrainer | Epoch 1640 | total 24.4286 | rec_rna 3.3355 | rec_atac 6.6692 | clip 2.1635 | clip_weight 0.5000 | lr 1.00e-03 | best 24.2787
2026-04-02 18:59:24,075 | INFO | SFTrainer | Epoch 1650 | total 24.3400 | rec_rna 3.3234 | rec_atac 6.6659 | clip 2.1146 | clip_weight 0.5000 | lr 1.00e-03 | best 24.2611
2026-04-02 18:59:25,243 | INFO | SFTrainer | Epoch 1660 | total 24.2812 | rec_rna 3.3215 | rec_atac 6.6437 | clip 2.0601 | clip_weight 0.5000 | lr 1.00e-03 | best 24.2227
2026-04-02 18:59:26,241 | INFO | SFTrainer | Epoch 1670 | total 24.3040 | rec_rna 3.3181 | rec_atac 6.6693 | clip 2.0888 | clip_weight 0.5000 | lr 1.00e-03 | best 24.2061
2026-04-02 18:59:27,439 | INFO | SFTrainer | Epoch 1680 | total 24.1992 | rec_rna 3.3139 | rec_atac 6.6055 | clip 2.0485 | clip_weight 0.5000 | lr 1.00e-03 | best 24.1235
2026-04-02 18:59:28,444 | INFO | SFTrainer | Epoch 1690 | total 24.1376 | rec_rna 3.3094 | rec_atac 6.6123 | clip 1.9564 | clip_weight 0.5000 | lr 1.00e-03 | best 24.1235
2026-04-02 18:59:29,541 | INFO | SFTrainer | Epoch 1700 | total 24.1686 | rec_rna 3.3097 | rec_atac 6.6510 | clip 1.9380 | clip_weight 0.5000 | lr 1.00e-03 | best 24.0889
2026-04-02 18:59:30,697 | INFO | SFTrainer | Epoch 1710 | total 24.0462 | rec_rna 3.2928 | rec_atac 6.6244 | clip 1.9158 | clip_weight 0.5000 | lr 1.00e-03 | best 24.0404
2026-04-02 18:59:31,869 | INFO | SFTrainer | Epoch 1720 | total 24.0085 | rec_rna 3.2991 | rec_atac 6.5944 | clip 1.8375 | clip_weight 0.5000 | lr 1.00e-03 | best 24.0085
2026-04-02 18:59:32,937 | INFO | SFTrainer | Epoch 1730 | total 23.9989 | rec_rna 3.2987 | rec_atac 6.5914 | clip 1.8276 | clip_weight 0.5000 | lr 1.00e-03 | best 23.9759
2026-04-02 18:59:34,063 | INFO | SFTrainer | Epoch 1740 | total 24.0698 | rec_rna 3.3055 | rec_atac 6.6326 | clip 1.8194 | clip_weight 0.5000 | lr 1.00e-03 | best 23.9303
2026-04-02 18:59:35,047 | INFO | SFTrainer | Epoch 1750 | total 23.9985 | rec_rna 3.2996 | rec_atac 6.6143 | clip 1.7723 | clip_weight 0.5000 | lr 1.00e-03 | best 23.8815
2026-04-02 18:59:36,051 | INFO | SFTrainer | Epoch 1760 | total 23.9077 | rec_rna 3.2890 | rec_atac 6.5833 | clip 1.7592 | clip_weight 0.5000 | lr 1.00e-03 | best 23.8815
2026-04-02 18:59:37,150 | INFO | SFTrainer | Epoch 1770 | total 23.8602 | rec_rna 3.2914 | rec_atac 6.5640 | clip 1.6786 | clip_weight 0.5000 | lr 1.00e-03 | best 23.8577
2026-04-02 18:59:38,257 | INFO | SFTrainer | Epoch 1780 | total 23.8841 | rec_rna 3.2955 | rec_atac 6.5649 | clip 1.6832 | clip_weight 0.5000 | lr 1.00e-03 | best 23.7936
2026-04-02 18:59:39,248 | INFO | SFTrainer | Epoch 1790 | total 23.8067 | rec_rna 3.2871 | rec_atac 6.5527 | clip 1.6367 | clip_weight 0.5000 | lr 1.00e-03 | best 23.7244
2026-04-02 18:59:40,313 | INFO | SFTrainer | Epoch 1800 | total 23.8545 | rec_rna 3.2932 | rec_atac 6.5899 | clip 1.5971 | clip_weight 0.5000 | lr 1.00e-03 | best 23.7145
2026-04-02 18:59:41,359 | INFO | SFTrainer | Epoch 1810 | total 23.7971 | rec_rna 3.2912 | rec_atac 6.5315 | clip 1.6194 | clip_weight 0.5000 | lr 1.00e-03 | best 23.6892
2026-04-02 18:59:42,415 | INFO | SFTrainer | Epoch 1820 | total 23.7792 | rec_rna 3.2873 | rec_atac 6.5643 | clip 1.5570 | clip_weight 0.5000 | lr 1.00e-03 | best 23.6873
2026-04-02 18:59:43,447 | INFO | SFTrainer | Epoch 1830 | total 23.6473 | rec_rna 3.2722 | rec_atac 6.5302 | clip 1.5126 | clip_weight 0.5000 | lr 1.00e-03 | best 23.5681
2026-04-02 18:59:44,440 | INFO | SFTrainer | Epoch 1840 | total 23.7281 | rec_rna 3.2796 | rec_atac 6.5759 | clip 1.5082 | clip_weight 0.5000 | lr 1.00e-03 | best 23.5681
2026-04-02 18:59:45,445 | INFO | SFTrainer | Epoch 1850 | total 23.5732 | rec_rna 3.2582 | rec_atac 6.5387 | clip 1.4875 | clip_weight 0.5000 | lr 1.00e-03 | best 23.5681
2026-04-02 18:59:46,491 | INFO | SFTrainer | Epoch 1860 | total 23.6070 | rec_rna 3.2696 | rec_atac 6.5100 | clip 1.4979 | clip_weight 0.5000 | lr 1.00e-03 | best 23.5547
2026-04-02 18:59:47,501 | INFO | SFTrainer | Epoch 1870 | total 23.5543 | rec_rna 3.2611 | rec_atac 6.5316 | clip 1.4346 | clip_weight 0.5000 | lr 1.00e-03 | best 23.5368
2026-04-02 18:59:48,542 | INFO | SFTrainer | Epoch 1880 | total 23.5128 | rec_rna 3.2578 | rec_atac 6.5154 | clip 1.4166 | clip_weight 0.5000 | lr 1.00e-03 | best 23.4321
2026-04-02 18:59:49,545 | INFO | SFTrainer | Epoch 1890 | total 23.4998 | rec_rna 3.2602 | rec_atac 6.5186 | clip 1.3600 | clip_weight 0.5000 | lr 1.00e-03 | best 23.4321
2026-04-02 18:59:50,545 | INFO | SFTrainer | Epoch 1900 | total 23.5261 | rec_rna 3.2711 | rec_atac 6.4754 | clip 1.3901 | clip_weight 0.5000 | lr 1.00e-03 | best 23.4321
2026-04-02 18:59:51,569 | INFO | SFTrainer | Epoch 1910 | total 23.5205 | rec_rna 3.2590 | rec_atac 6.5449 | clip 1.3608 | clip_weight 0.5000 | lr 1.00e-03 | best 23.3861
2026-04-02 18:59:52,539 | INFO | SFTrainer | Epoch 1920 | total 23.4666 | rec_rna 3.2568 | rec_atac 6.5134 | clip 1.3381 | clip_weight 0.5000 | lr 1.00e-03 | best 23.3861
2026-04-02 18:59:53,643 | INFO | SFTrainer | Epoch 1930 | total 23.5486 | rec_rna 3.2660 | rec_atac 6.5480 | clip 1.3413 | clip_weight 0.5000 | lr 1.00e-03 | best 23.3487
2026-04-02 18:59:54,641 | INFO | SFTrainer | Epoch 1940 | total 23.5170 | rec_rna 3.2686 | rec_atac 6.5300 | clip 1.2876 | clip_weight 0.5000 | lr 1.00e-03 | best 23.3487
2026-04-02 18:59:55,665 | INFO | SFTrainer | Epoch 1950 | total 23.4512 | rec_rna 3.2662 | rec_atac 6.4982 | clip 1.2445 | clip_weight 0.5000 | lr 1.00e-03 | best 23.3277
2026-04-02 18:59:56,742 | INFO | SFTrainer | Epoch 1960 | total 23.3701 | rec_rna 3.2473 | rec_atac 6.4962 | clip 1.2748 | clip_weight 0.5000 | lr 1.00e-03 | best 23.3277
2026-04-02 18:59:57,742 | INFO | SFTrainer | Epoch 1970 | total 23.2902 | rec_rna 3.2405 | rec_atac 6.4687 | clip 1.2384 | clip_weight 0.5000 | lr 1.00e-03 | best 23.2530
2026-04-02 18:59:58,745 | INFO | SFTrainer | Epoch 1980 | total 23.4644 | rec_rna 3.2644 | rec_atac 6.5271 | clip 1.2302 | clip_weight 0.5000 | lr 1.00e-03 | best 23.2530
2026-04-02 18:59:59,752 | INFO | SFTrainer | Epoch 1990 | total 23.3381 | rec_rna 3.2479 | rec_atac 6.4743 | clip 1.2483 | clip_weight 0.5000 | lr 1.00e-03 | best 23.2362
2026-04-02 19:00:00,839 | INFO | SFTrainer | Epoch 2000 | total 23.3015 | rec_rna 3.2438 | rec_atac 6.4636 | clip 1.2381 | clip_weight 0.5000 | lr 1.00e-04 | best 23.2188
2026-04-02 19:00:01,976 | INFO | SFTrainer | Epoch 2010 | total 23.1758 | rec_rna 3.2240 | rec_atac 6.4714 | clip 1.1703 | clip_weight 0.4995 | lr 1.00e-04 | best 23.1132
2026-04-02 19:00:03,144 | INFO | SFTrainer | Epoch 2020 | total 23.0570 | rec_rna 3.2131 | rec_atac 6.4231 | clip 1.1416 | clip_weight 0.4980 | lr 1.00e-04 | best 23.0570
2026-04-02 19:00:04,419 | INFO | SFTrainer | Epoch 2030 | total 22.9694 | rec_rna 3.2021 | rec_atac 6.4006 | clip 1.1267 | clip_weight 0.4956 | lr 1.00e-04 | best 22.9481
2026-04-02 19:00:05,564 | INFO | SFTrainer | Epoch 2040 | total 22.9108 | rec_rna 3.2000 | rec_atac 6.3863 | clip 1.0653 | clip_weight 0.4921 | lr 1.00e-04 | best 22.9108
2026-04-02 19:00:06,657 | INFO | SFTrainer | Epoch 2050 | total 22.9389 | rec_rna 3.1977 | rec_atac 6.4000 | clip 1.1284 | clip_weight 0.4878 | lr 1.00e-04 | best 22.8698
2026-04-02 19:00:07,744 | INFO | SFTrainer | Epoch 2060 | total 22.8732 | rec_rna 3.1836 | rec_atac 6.4164 | clip 1.1165 | clip_weight 0.4824 | lr 1.00e-04 | best 22.8254
2026-04-02 19:00:08,741 | INFO | SFTrainer | Epoch 2070 | total 22.8566 | rec_rna 3.1899 | rec_atac 6.3645 | clip 1.1399 | clip_weight 0.4762 | lr 1.00e-04 | best 22.8254
2026-04-02 19:00:09,839 | INFO | SFTrainer | Epoch 2080 | total 22.8008 | rec_rna 3.1796 | rec_atac 6.3704 | clip 1.1351 | clip_weight 0.4691 | lr 1.00e-04 | best 22.7683
2026-04-02 19:00:10,838 | INFO | SFTrainer | Epoch 2090 | total 22.8315 | rec_rna 3.1862 | rec_atac 6.3817 | clip 1.1247 | clip_weight 0.4611 | lr 1.00e-04 | best 22.7683
2026-04-02 19:00:11,947 | INFO | SFTrainer | Epoch 2100 | total 22.7375 | rec_rna 3.1811 | rec_atac 6.3356 | clip 1.0977 | clip_weight 0.4523 | lr 1.00e-04 | best 22.6855
2026-04-02 19:00:12,940 | INFO | SFTrainer | Epoch 2110 | total 22.8276 | rec_rna 3.1874 | rec_atac 6.3747 | clip 1.1660 | clip_weight 0.4426 | lr 1.00e-04 | best 22.6855
2026-04-02 19:00:14,026 | INFO | SFTrainer | Epoch 2120 | total 22.7952 | rec_rna 3.1920 | rec_atac 6.3599 | clip 1.0997 | clip_weight 0.4322 | lr 1.00e-04 | best 22.6119
2026-04-02 19:00:15,042 | INFO | SFTrainer | Epoch 2130 | total 22.7605 | rec_rna 3.1856 | rec_atac 6.3797 | clip 1.0751 | clip_weight 0.4211 | lr 1.00e-04 | best 22.6119
2026-04-02 19:00:16,038 | INFO | SFTrainer | Epoch 2140 | total 22.7705 | rec_rna 3.1915 | rec_atac 6.3621 | clip 1.1016 | clip_weight 0.4094 | lr 1.00e-04 | best 22.6119
2026-04-02 19:00:17,090 | INFO | SFTrainer | Epoch 2150 | total 22.6046 | rec_rna 3.1646 | rec_atac 6.3329 | clip 1.1303 | clip_weight 0.3969 | lr 1.00e-04 | best 22.6046
2026-04-02 19:00:18,156 | INFO | SFTrainer | Epoch 2160 | total 22.6525 | rec_rna 3.1727 | rec_atac 6.3609 | clip 1.1148 | clip_weight 0.3840 | lr 1.00e-04 | best 22.5644
2026-04-02 19:00:19,141 | INFO | SFTrainer | Epoch 2170 | total 22.5836 | rec_rna 3.1666 | rec_atac 6.3425 | clip 1.1016 | clip_weight 0.3704 | lr 1.00e-04 | best 22.5644
2026-04-02 19:00:20,303 | INFO | SFTrainer | Epoch 2180 | total 22.6330 | rec_rna 3.1790 | rec_atac 6.3495 | clip 1.0896 | clip_weight 0.3564 | lr 1.00e-04 | best 22.5476
2026-04-02 19:00:21,504 | INFO | SFTrainer | Epoch 2190 | total 22.4824 | rec_rna 3.1630 | rec_atac 6.3045 | clip 1.0605 | clip_weight 0.3420 | lr 1.00e-04 | best 22.4824
2026-04-02 19:00:22,545 | INFO | SFTrainer | Epoch 2200 | total 22.7034 | rec_rna 3.1883 | rec_atac 6.3945 | clip 1.1223 | clip_weight 0.3273 | lr 1.00e-04 | best 22.4824
2026-04-02 19:00:23,642 | INFO | SFTrainer | Epoch 2210 | total 22.5635 | rec_rna 3.1763 | rec_atac 6.3585 | clip 1.0370 | clip_weight 0.3122 | lr 1.00e-04 | best 22.4488
2026-04-02 19:00:24,688 | INFO | SFTrainer | Epoch 2220 | total 22.4444 | rec_rna 3.1598 | rec_atac 6.3250 | clip 1.0791 | clip_weight 0.2968 | lr 1.00e-04 | best 22.4444
2026-04-02 19:00:25,742 | INFO | SFTrainer | Epoch 2230 | total 22.4643 | rec_rna 3.1667 | rec_atac 6.3294 | clip 1.0714 | clip_weight 0.2813 | lr 1.00e-04 | best 22.4444
2026-04-02 19:00:26,846 | INFO | SFTrainer | Epoch 2240 | total 22.4721 | rec_rna 3.1682 | rec_atac 6.3363 | clip 1.1101 | clip_weight 0.2657 | lr 1.00e-04 | best 22.4108
2026-04-02 19:00:27,938 | INFO | SFTrainer | Epoch 2250 | total 22.4599 | rec_rna 3.1731 | rec_atac 6.3293 | clip 1.0605 | clip_weight 0.2500 | lr 1.00e-04 | best 22.4013
2026-04-02 19:00:28,939 | INFO | SFTrainer | Epoch 2260 | total 22.4042 | rec_rna 3.1644 | rec_atac 6.3240 | clip 1.1027 | clip_weight 0.2343 | lr 1.00e-04 | best 22.3200
2026-04-02 19:00:29,939 | INFO | SFTrainer | Epoch 2270 | total 22.4363 | rec_rna 3.1733 | rec_atac 6.3386 | clip 1.0575 | clip_weight 0.2187 | lr 1.00e-04 | best 22.3200
2026-04-02 19:00:30,945 | INFO | SFTrainer | Epoch 2280 | total 22.4167 | rec_rna 3.1698 | rec_atac 6.3439 | clip 1.1022 | clip_weight 0.2032 | lr 1.00e-04 | best 22.3200
2026-04-02 19:00:31,996 | INFO | SFTrainer | Epoch 2290 | total 22.3589 | rec_rna 3.1659 | rec_atac 6.3200 | clip 1.1141 | clip_weight 0.1878 | lr 1.00e-04 | best 22.2299
2026-04-02 19:00:33,039 | INFO | SFTrainer | Epoch 2300 | total 22.4490 | rec_rna 3.1837 | rec_atac 6.3305 | clip 1.1569 | clip_weight 0.1727 | lr 1.00e-04 | best 22.2299
2026-04-02 19:00:34,037 | INFO | SFTrainer | Epoch 2310 | total 22.3447 | rec_rna 3.1693 | rec_atac 6.3233 | clip 1.1073 | clip_weight 0.1580 | lr 1.00e-04 | best 22.2299
2026-04-02 19:00:35,044 | INFO | SFTrainer | Epoch 2320 | total 22.3119 | rec_rna 3.1616 | rec_atac 6.3374 | clip 1.1592 | clip_weight 0.1436 | lr 1.00e-04 | best 22.2299
2026-04-02 19:00:36,040 | INFO | SFTrainer | Epoch 2330 | total 22.2943 | rec_rna 3.1620 | rec_atac 6.3386 | clip 1.1226 | clip_weight 0.1296 | lr 1.00e-04 | best 22.2299
2026-04-02 19:00:37,083 | INFO | SFTrainer | Epoch 2340 | total 22.2200 | rec_rna 3.1581 | rec_atac 6.2918 | clip 1.1860 | clip_weight 0.1160 | lr 1.00e-04 | best 22.2200
2026-04-02 19:00:38,149 | INFO | SFTrainer | Epoch 2350 | total 22.2757 | rec_rna 3.1694 | rec_atac 6.3125 | clip 1.1282 | clip_weight 0.1031 | lr 1.00e-04 | best 22.1945
2026-04-02 19:00:39,139 | INFO | SFTrainer | Epoch 2360 | total 22.3512 | rec_rna 3.1853 | rec_atac 6.3185 | clip 1.1708 | clip_weight 0.0906 | lr 1.00e-04 | best 22.1945
2026-04-02 19:00:40,249 | INFO | SFTrainer | Epoch 2370 | total 22.2755 | rec_rna 3.1714 | rec_atac 6.3294 | clip 1.1285 | clip_weight 0.0789 | lr 1.00e-04 | best 22.1421
2026-04-02 19:00:41,241 | INFO | SFTrainer | Epoch 2380 | total 22.1610 | rec_rna 3.1555 | rec_atac 6.3083 | clip 1.1089 | clip_weight 0.0678 | lr 1.00e-04 | best 22.1421
2026-04-02 19:00:42,305 | INFO | SFTrainer | Epoch 2390 | total 22.1550 | rec_rna 3.1618 | rec_atac 6.2805 | clip 1.1418 | clip_weight 0.0574 | lr 1.00e-04 | best 22.1389
2026-04-02 19:00:43,494 | INFO | SFTrainer | Epoch 2400 | total 22.1039 | rec_rna 3.1518 | rec_atac 6.2902 | clip 1.1422 | clip_weight 0.0477 | lr 1.00e-04 | best 22.1039
2026-04-02 19:00:44,545 | INFO | SFTrainer | Epoch 2410 | total 22.1430 | rec_rna 3.1527 | rec_atac 6.3333 | clip 1.1836 | clip_weight 0.0389 | lr 1.00e-04 | best 22.1039
2026-04-02 19:00:45,642 | INFO | SFTrainer | Epoch 2420 | total 22.0861 | rec_rna 3.1469 | rec_atac 6.3161 | clip 1.1399 | clip_weight 0.0309 | lr 1.00e-04 | best 22.0732
2026-04-02 19:00:46,644 | INFO | SFTrainer | Epoch 2430 | total 22.1072 | rec_rna 3.1549 | rec_atac 6.3062 | clip 1.1223 | clip_weight 0.0238 | lr 1.00e-04 | best 22.0732
2026-04-02 19:00:47,766 | INFO | SFTrainer | Epoch 2440 | total 22.1738 | rec_rna 3.1658 | rec_atac 6.3243 | clip 1.1673 | clip_weight 0.0176 | lr 1.00e-04 | best 22.0583
2026-04-02 19:00:48,805 | INFO | SFTrainer | Epoch 2450 | total 21.9930 | rec_rna 3.1444 | rec_atac 6.2566 | clip 1.1839 | clip_weight 0.0122 | lr 1.00e-04 | best 21.9930
2026-04-02 19:00:49,845 | INFO | SFTrainer | Epoch 2460 | total 22.1144 | rec_rna 3.1583 | rec_atac 6.3132 | clip 1.2108 | clip_weight 0.0079 | lr 1.00e-04 | best 21.9930
2026-04-02 19:00:50,841 | INFO | SFTrainer | Epoch 2470 | total 22.0420 | rec_rna 3.1445 | rec_atac 6.3145 | clip 1.1763 | clip_weight 0.0044 | lr 1.00e-04 | best 21.9930
2026-04-02 19:00:51,842 | INFO | SFTrainer | Epoch 2480 | total 22.1563 | rec_rna 3.1690 | rec_atac 6.3090 | clip 1.2287 | clip_weight 0.0020 | lr 1.00e-04 | best 21.9930
2026-04-02 19:00:52,843 | INFO | SFTrainer | Epoch 2490 | total 22.1172 | rec_rna 3.1600 | rec_atac 6.3167 | clip 1.2150 | clip_weight 0.0005 | lr 1.00e-04 | best 21.9930
2026-04-02 19:00:53,846 | INFO | SFTrainer | Epoch 2500 | total 22.0937 | rec_rna 3.1623 | rec_atac 6.2824 | clip 0.0000 | clip_weight 0.0000 | lr 1.00e-04 | best 21.9930
2026-04-02 19:00:54,843 | INFO | SFTrainer | Epoch 2510 | total 22.0077 | rec_rna 3.1444 | rec_atac 6.2854 | clip 0.0000 | clip_weight 0.0000 | lr 1.00e-04 | best 21.9930
2026-04-02 19:00:55,838 | INFO | SFTrainer | Epoch 2520 | total 22.0511 | rec_rna 3.1431 | rec_atac 6.3355 | clip 0.0000 | clip_weight 0.0000 | lr 1.00e-04 | best 21.9930
2026-04-02 19:00:56,838 | INFO | SFTrainer | Epoch 2530 | total 22.1208 | rec_rna 3.1656 | rec_atac 6.2929 | clip 0.0000 | clip_weight 0.0000 | lr 1.00e-04 | best 21.9930
2026-04-02 19:00:57,841 | INFO | SFTrainer | Epoch 2540 | total 22.0481 | rec_rna 3.1490 | rec_atac 6.3030 | clip 0.0000 | clip_weight 0.0000 | lr 1.00e-04 | best 21.9930
2026-04-02 19:00:58,938 | INFO | SFTrainer | Epoch 2550 | total 22.1408 | rec_rna 3.1673 | rec_atac 6.3041 | clip 0.0000 | clip_weight 0.0000 | lr 1.00e-04 | best 21.9807
2026-04-02 19:00:59,943 | INFO | SFTrainer | Epoch 2560 | total 22.1219 | rec_rna 3.1601 | rec_atac 6.3216 | clip 0.0000 | clip_weight 0.0000 | lr 1.00e-04 | best 21.9807
2026-04-02 19:01:00,961 | INFO | SFTrainer | Epoch 2570 | total 22.0031 | rec_rna 3.1436 | rec_atac 6.2851 | clip 0.0000 | clip_weight 0.0000 | lr 1.00e-04 | best 21.9732
2026-04-02 19:01:02,037 | INFO | SFTrainer | Epoch 2580 | total 22.1038 | rec_rna 3.1571 | rec_atac 6.3182 | clip 0.0000 | clip_weight 0.0000 | lr 1.00e-04 | best 21.9509
2026-04-02 19:01:03,039 | INFO | SFTrainer | Epoch 2590 | total 22.0592 | rec_rna 3.1538 | rec_atac 6.2902 | clip 0.0000 | clip_weight 0.0000 | lr 1.00e-04 | best 21.9509
2026-04-02 19:01:04,035 | INFO | SFTrainer | Epoch 2600 | total 22.0310 | rec_rna 3.1470 | rec_atac 6.2961 | clip 0.0000 | clip_weight 0.0000 | lr 1.00e-04 | best 21.9451
2026-04-02 19:01:05,054 | INFO | SFTrainer | Epoch 2610 | total 22.0762 | rec_rna 3.1545 | rec_atac 6.3038 | clip 0.0000 | clip_weight 0.0000 | lr 1.00e-04 | best 21.9451
2026-04-02 19:01:06,035 | INFO | SFTrainer | Epoch 2620 | total 22.0508 | rec_rna 3.1499 | rec_atac 6.3011 | clip 0.0000 | clip_weight 0.0000 | lr 1.00e-04 | best 21.9451
2026-04-02 19:01:07,133 | INFO | SFTrainer | Epoch 2630 | total 21.9690 | rec_rna 3.1467 | rec_atac 6.2357 | clip 0.0000 | clip_weight 0.0000 | lr 1.00e-04 | best 21.9428
2026-04-02 19:01:08,145 | INFO | SFTrainer | Epoch 2640 | total 21.9670 | rec_rna 3.1377 | rec_atac 6.2783 | clip 0.0000 | clip_weight 0.0000 | lr 1.00e-04 | best 21.9110
2026-04-02 19:01:09,139 | INFO | SFTrainer | Epoch 2650 | total 22.0747 | rec_rna 3.1544 | rec_atac 6.3027 | clip 0.0000 | clip_weight 0.0000 | lr 1.00e-04 | best 21.9110
2026-04-02 19:01:10,142 | INFO | SFTrainer | Epoch 2660 | total 22.0010 | rec_rna 3.1408 | rec_atac 6.2972 | clip 0.0000 | clip_weight 0.0000 | lr 1.00e-04 | best 21.9110
2026-04-02 19:01:11,140 | INFO | SFTrainer | Epoch 2670 | total 22.0275 | rec_rna 3.1490 | rec_atac 6.2826 | clip 0.0000 | clip_weight 0.0000 | lr 1.00e-04 | best 21.9110
2026-04-02 19:01:12,166 | INFO | SFTrainer | Epoch 2680 | total 22.0857 | rec_rna 3.1567 | rec_atac 6.3021 | clip 0.0000 | clip_weight 0.0000 | lr 1.00e-04 | best 21.8954
2026-04-02 19:01:13,142 | INFO | SFTrainer | Epoch 2690 | total 21.9448 | rec_rna 3.1379 | rec_atac 6.2552 | clip 0.0000 | clip_weight 0.0000 | lr 1.00e-04 | best 21.8954
2026-04-02 19:01:14,137 | INFO | SFTrainer | Epoch 2700 | total 22.0206 | rec_rna 3.1468 | rec_atac 6.2867 | clip 0.0000 | clip_weight 0.0000 | lr 1.00e-04 | best 21.8954
2026-04-02 19:01:15,143 | INFO | SFTrainer | Epoch 2710 | total 22.0223 | rec_rna 3.1494 | rec_atac 6.2754 | clip 0.0000 | clip_weight 0.0000 | lr 1.00e-04 | best 21.8954
2026-04-02 19:01:16,138 | INFO | SFTrainer | Epoch 2720 | total 22.0116 | rec_rna 3.1436 | rec_atac 6.2938 | clip 0.0000 | clip_weight 0.0000 | lr 1.00e-04 | best 21.8954
2026-04-02 19:01:17,139 | INFO | SFTrainer | Epoch 2730 | total 21.9928 | rec_rna 3.1448 | rec_atac 6.2688 | clip 0.0000 | clip_weight 0.0000 | lr 1.00e-04 | best 21.8954
2026-04-02 19:01:18,137 | INFO | SFTrainer | Epoch 2740 | total 21.9676 | rec_rna 3.1370 | rec_atac 6.2826 | clip 0.0000 | clip_weight 0.0000 | lr 1.00e-04 | best 21.8954
2026-04-02 19:01:19,130 | INFO | SFTrainer | Epoch 2750 | total 21.9105 | rec_rna 3.1275 | rec_atac 6.2728 | clip 0.0000 | clip_weight 0.0000 | lr 1.00e-04 | best 21.8954
2026-04-02 19:01:20,140 | INFO | SFTrainer | Epoch 2760 | total 21.9946 | rec_rna 3.1446 | rec_atac 6.2716 | clip 0.0000 | clip_weight 0.0000 | lr 1.00e-04 | best 21.8954
2026-04-02 19:01:21,127 | INFO | SFTrainer | Epoch 2770 | total 22.0445 | rec_rna 3.1505 | rec_atac 6.2919 | clip 0.0000 | clip_weight 0.0000 | lr 1.00e-04 | best 21.8954
2026-04-02 19:01:22,137 | INFO | SFTrainer | Epoch 2780 | total 21.9984 | rec_rna 3.1460 | rec_atac 6.2682 | clip 0.0000 | clip_weight 0.0000 | lr 1.00e-04 | best 21.8954
2026-04-02 19:01:23,136 | INFO | SFTrainer | Epoch 2790 | total 21.9845 | rec_rna 3.1441 | rec_atac 6.2640 | clip 0.0000 | clip_weight 0.0000 | lr 1.00e-04 | best 21.8954
2026-04-02 19:01:24,146 | INFO | SFTrainer | Epoch 2800 | total 21.9718 | rec_rna 3.1395 | rec_atac 6.2742 | clip 0.0000 | clip_weight 0.0000 | lr 1.00e-04 | best 21.8778
2026-04-02 19:01:25,140 | INFO | SFTrainer | Epoch 2810 | total 22.0517 | rec_rna 3.1502 | rec_atac 6.3006 | clip 0.0000 | clip_weight 0.0000 | lr 1.00e-04 | best 21.8778
2026-04-02 19:01:26,148 | INFO | SFTrainer | Epoch 2820 | total 21.9358 | rec_rna 3.1364 | rec_atac 6.2539 | clip 0.0000 | clip_weight 0.0000 | lr 1.00e-04 | best 21.8778
2026-04-02 19:01:27,140 | INFO | SFTrainer | Epoch 2830 | total 21.9597 | rec_rna 3.1378 | rec_atac 6.2706 | clip 0.0000 | clip_weight 0.0000 | lr 1.00e-04 | best 21.8778
2026-04-02 19:01:28,136 | INFO | SFTrainer | Epoch 2840 | total 21.8901 | rec_rna 3.1296 | rec_atac 6.2421 | clip 0.0000 | clip_weight 0.0000 | lr 1.00e-04 | best 21.8778
2026-04-02 19:01:29,134 | INFO | SFTrainer | Epoch 2850 | total 21.9901 | rec_rna 3.1400 | rec_atac 6.2902 | clip 0.0000 | clip_weight 0.0000 | lr 1.00e-04 | best 21.8566
2026-04-02 19:01:30,141 | INFO | SFTrainer | Epoch 2860 | total 22.0484 | rec_rna 3.1480 | rec_atac 6.3086 | clip 0.0000 | clip_weight 0.0000 | lr 1.00e-04 | best 21.8566
2026-04-02 19:01:31,128 | INFO | SFTrainer | Epoch 2870 | total 21.9805 | rec_rna 3.1421 | rec_atac 6.2699 | clip 0.0000 | clip_weight 0.0000 | lr 1.00e-04 | best 21.8566
2026-04-02 19:01:32,137 | INFO | SFTrainer | Epoch 2880 | total 21.9469 | rec_rna 3.1312 | rec_atac 6.2910 | clip 0.0000 | clip_weight 0.0000 | lr 1.00e-04 | best 21.8566
2026-04-02 19:01:33,141 | INFO | SFTrainer | Epoch 2890 | total 21.9759 | rec_rna 3.1425 | rec_atac 6.2634 | clip 0.0000 | clip_weight 0.0000 | lr 1.00e-04 | best 21.8566
2026-04-02 19:01:34,132 | INFO | SFTrainer | Epoch 2900 | total 21.9390 | rec_rna 3.1350 | rec_atac 6.2642 | clip 0.0000 | clip_weight 0.0000 | lr 1.00e-04 | best 21.8566
2026-04-02 19:01:35,149 | INFO | SFTrainer | Epoch 2910 | total 21.9709 | rec_rna 3.1424 | rec_atac 6.2590 | clip 0.0000 | clip_weight 0.0000 | lr 1.00e-04 | best 21.8566
2026-04-02 19:01:36,138 | INFO | SFTrainer | Epoch 2920 | total 21.9658 | rec_rna 3.1415 | rec_atac 6.2585 | clip 0.0000 | clip_weight 0.0000 | lr 1.00e-04 | best 21.8566
2026-04-02 19:01:37,139 | INFO | SFTrainer | Epoch 2930 | total 21.9457 | rec_rna 3.1347 | rec_atac 6.2720 | clip 0.0000 | clip_weight 0.0000 | lr 1.00e-04 | best 21.8566
2026-04-02 19:01:38,192 | INFO | SFTrainer | Epoch 2940 | total 21.8551 | rec_rna 3.1222 | rec_atac 6.2440 | clip 0.0000 | clip_weight 0.0000 | lr 1.00e-04 | best 21.8551
2026-04-02 19:01:39,238 | INFO | SFTrainer | Epoch 2950 | total 21.9385 | rec_rna 3.1289 | rec_atac 6.2940 | clip 0.0000 | clip_weight 0.0000 | lr 1.00e-04 | best 21.8551
2026-04-02 19:01:40,235 | INFO | SFTrainer | Epoch 2960 | total 21.8793 | rec_rna 3.1259 | rec_atac 6.2496 | clip 0.0000 | clip_weight 0.0000 | lr 1.00e-04 | best 21.8551
2026-04-02 19:01:41,303 | INFO | SFTrainer | Epoch 2970 | total 21.9450 | rec_rna 3.1322 | rec_atac 6.2842 | clip 0.0000 | clip_weight 0.0000 | lr 1.00e-04 | best 21.8375
2026-04-02 19:01:42,345 | INFO | SFTrainer | Epoch 2980 | total 21.9766 | rec_rna 3.1402 | rec_atac 6.2756 | clip 0.0000 | clip_weight 0.0000 | lr 1.00e-04 | best 21.8316
2026-04-02 19:01:43,337 | INFO | SFTrainer | Epoch 2990 | total 21.9484 | rec_rna 3.1365 | rec_atac 6.2661 | clip 0.0000 | clip_weight 0.0000 | lr 1.00e-04 | best 21.8316
2026-04-02 19:01:44,335 | INFO | SFTrainer | Epoch 3000 | total 21.8519 | rec_rna 3.1185 | rec_atac 6.2596 | clip 0.0000 | clip_weight 0.0000 | lr 1.00e-04 | best 21.8316
2026-04-02 19:01:44,357 | INFO | SFTrainer | Training finished. Best loss=21.8316
2026-04-02 19:01:44,358 | INFO | SFTrainer | Training run complete.

========================================================================================
2026-04-02 19:01:59,621 | INFO | SFEvaluate | [Phase 3] Evaluation started.
2026-04-02 19:01:59,622 | INFO | SFEvaluate | Loading processed data...
2026-04-02 19:01:59,898 | INFO | SFEvaluate | Initializing model...
2026-04-02 19:02:00,044 | INFO | SFEvaluate | Loading checkpoint: ckpt_best.pth
2026-04-02 19:02:00,110 | INFO | SFEvaluate | Inference running...
2026-04-02 19:02:00,751 | INFO | SFEvaluate | Latent shape: torch.Size([2129, 128])
2026-04-02 19:02:33,120 | INFO | SFEvaluate | Artifacts: ./results/tuning/e5/figures/spatial_analysis.pdf | ./results/tuning/e5/predictions/embedding_joint.h5ad
2026-04-02 19:02:33,120 | INFO | SFEvaluate | Eval metrics | checkpoint=ckpt_best.pth | epoch=BEST (Epoch 3000) | latent_moran=0.4157 | cluster_moran=0.6665
2026-04-02 19:02:33,120 | INFO | SFEvaluate | GT metrics | checkpoint=ckpt_best.pth | epoch=BEST (Epoch 3000) | ARI=0.4572 | NMI=0.5946 | AMI=0.5873 | HOM=0.6402 | n_valid=2129
2026-04-02 19:02:33,121 | INFO | SFEvaluate | Evaluation complete.

========================================================================================
2026-04-02 19:02:48,851 | INFO | SFEvaluateRange | [Range Evaluate] Started. epochs=[1500, 1600, 1700, 1800, 1900, 2000, 2100, 2200, 2300, 2400, 2500, 2600, 2700, 2800, 2900, 3000]
2026-04-02 19:02:48,852 | INFO | SFEvaluateRange | Loading processed data...
2026-04-02 19:02:49,121 | INFO | SFEvaluateRange | Initializing model...
2026-04-02 19:02:49,245 | INFO | SFEvaluateRange | Evaluating epoch 1500 with ckpt_1500.pth
2026-04-02 19:03:23,602 | INFO | SFEvaluateRange | Eval metrics (epoch_1500) | checkpoint=ckpt_1500.pth | epoch=Epoch 1500 | latent_moran=0.4037 | cluster_moran=0.6636
2026-04-02 19:03:23,602 | INFO | SFEvaluateRange | GT metrics (epoch_1500) | checkpoint=ckpt_1500.pth | epoch=Epoch 1500 | ARI=0.3972 | NMI=0.6014 | AMI=0.5943 | HOM=0.6589 | n_valid=2129
2026-04-02 19:03:23,603 | INFO | SFEvaluateRange | Artifacts (epoch_1500): ./results/tuning/e5/figures/spatial_analysis_epoch_1500.pdf | ./results/tuning/e5/predictions/embedding_joint_epoch_1500.h5ad
2026-04-02 19:03:23,603 | INFO | SFEvaluateRange | Evaluating epoch 1600 with ckpt_1600.pth
2026-04-02 19:03:41,795 | INFO | SFEvaluateRange | Eval metrics (epoch_1600) | checkpoint=ckpt_1600.pth | epoch=Epoch 1600 | latent_moran=0.4044 | cluster_moran=0.6657
2026-04-02 19:03:41,795 | INFO | SFEvaluateRange | GT metrics (epoch_1600) | checkpoint=ckpt_1600.pth | epoch=Epoch 1600 | ARI=0.4599 | NMI=0.6081 | AMI=0.6010 | HOM=0.6537 | n_valid=2129
2026-04-02 19:03:41,795 | INFO | SFEvaluateRange | Artifacts (epoch_1600): ./results/tuning/e5/figures/spatial_analysis_epoch_1600.pdf | ./results/tuning/e5/predictions/embedding_joint_epoch_1600.h5ad
2026-04-02 19:03:41,796 | INFO | SFEvaluateRange | Evaluating epoch 1700 with ckpt_1700.pth
2026-04-02 19:04:02,991 | INFO | SFEvaluateRange | Eval metrics (epoch_1700) | checkpoint=ckpt_1700.pth | epoch=Epoch 1700 | latent_moran=0.4040 | cluster_moran=0.6538
2026-04-02 19:04:02,991 | INFO | SFEvaluateRange | GT metrics (epoch_1700) | checkpoint=ckpt_1700.pth | epoch=Epoch 1700 | ARI=0.3941 | NMI=0.5908 | AMI=0.5835 | HOM=0.6460 | n_valid=2129
2026-04-02 19:04:02,991 | INFO | SFEvaluateRange | Artifacts (epoch_1700): ./results/tuning/e5/figures/spatial_analysis_epoch_1700.pdf | ./results/tuning/e5/predictions/embedding_joint_epoch_1700.h5ad
2026-04-02 19:04:02,992 | INFO | SFEvaluateRange | Evaluating epoch 1800 with ckpt_1800.pth
2026-04-02 19:04:20,097 | INFO | SFEvaluateRange | Eval metrics (epoch_1800) | checkpoint=ckpt_1800.pth | epoch=Epoch 1800 | latent_moran=0.4062 | cluster_moran=0.6672
2026-04-02 19:04:20,098 | INFO | SFEvaluateRange | GT metrics (epoch_1800) | checkpoint=ckpt_1800.pth | epoch=Epoch 1800 | ARI=0.4341 | NMI=0.5985 | AMI=0.5913 | HOM=0.6471 | n_valid=2129
2026-04-02 19:04:20,098 | INFO | SFEvaluateRange | Artifacts (epoch_1800): ./results/tuning/e5/figures/spatial_analysis_epoch_1800.pdf | ./results/tuning/e5/predictions/embedding_joint_epoch_1800.h5ad
2026-04-02 19:04:20,098 | INFO | SFEvaluateRange | Evaluating epoch 1900 with ckpt_1900.pth
2026-04-02 19:04:37,361 | INFO | SFEvaluateRange | Eval metrics (epoch_1900) | checkpoint=ckpt_1900.pth | epoch=Epoch 1900 | latent_moran=0.4070 | cluster_moran=0.6919
2026-04-02 19:04:37,361 | INFO | SFEvaluateRange | GT metrics (epoch_1900) | checkpoint=ckpt_1900.pth | epoch=Epoch 1900 | ARI=0.3651 | NMI=0.5875 | AMI=0.5801 | HOM=0.6385 | n_valid=2129
2026-04-02 19:04:37,362 | INFO | SFEvaluateRange | Artifacts (epoch_1900): ./results/tuning/e5/figures/spatial_analysis_epoch_1900.pdf | ./results/tuning/e5/predictions/embedding_joint_epoch_1900.h5ad
2026-04-02 19:04:37,362 | INFO | SFEvaluateRange | Evaluating epoch 2000 with ckpt_best.pth
2026-04-02 19:04:57,673 | INFO | SFEvaluateRange | Eval metrics (epoch_2000_best) | checkpoint=ckpt_best.pth | epoch=Epoch 2000 (BEST) | latent_moran=0.4157 | cluster_moran=0.6665
2026-04-02 19:04:57,673 | INFO | SFEvaluateRange | GT metrics (epoch_2000_best) | checkpoint=ckpt_best.pth | epoch=Epoch 2000 (BEST) | ARI=0.4572 | NMI=0.5946 | AMI=0.5873 | HOM=0.6402 | n_valid=2129
2026-04-02 19:04:57,673 | INFO | SFEvaluateRange | Artifacts (epoch_2000_best): ./results/tuning/e5/figures/spatial_analysis_epoch_2000_best.pdf | ./results/tuning/e5/predictions/embedding_joint_epoch_2000_best.h5ad
2026-04-02 19:04:57,674 | INFO | SFEvaluateRange | Evaluating epoch 2100 with ckpt_2100.pth
2026-04-02 19:05:16,953 | INFO | SFEvaluateRange | Eval metrics (epoch_2100) | checkpoint=ckpt_2100.pth | epoch=Epoch 2100 | latent_moran=0.4085 | cluster_moran=0.6672
2026-04-02 19:05:16,954 | INFO | SFEvaluateRange | GT metrics (epoch_2100) | checkpoint=ckpt_2100.pth | epoch=Epoch 2100 | ARI=0.4454 | NMI=0.5946 | AMI=0.5873 | HOM=0.6412 | n_valid=2129
2026-04-02 19:05:16,954 | INFO | SFEvaluateRange | Artifacts (epoch_2100): ./results/tuning/e5/figures/spatial_analysis_epoch_2100.pdf | ./results/tuning/e5/predictions/embedding_joint_epoch_2100.h5ad
2026-04-02 19:05:16,954 | INFO | SFEvaluateRange | Evaluating epoch 2200 with ckpt_2200.pth
2026-04-02 19:05:35,808 | INFO | SFEvaluateRange | Eval metrics (epoch_2200) | checkpoint=ckpt_2200.pth | epoch=Epoch 2200 | latent_moran=0.4099 | cluster_moran=0.6616
2026-04-02 19:05:35,808 | INFO | SFEvaluateRange | GT metrics (epoch_2200) | checkpoint=ckpt_2200.pth | epoch=Epoch 2200 | ARI=0.4503 | NMI=0.5961 | AMI=0.5887 | HOM=0.6424 | n_valid=2129
2026-04-02 19:05:35,809 | INFO | SFEvaluateRange | Artifacts (epoch_2200): ./results/tuning/e5/figures/spatial_analysis_epoch_2200.pdf | ./results/tuning/e5/predictions/embedding_joint_epoch_2200.h5ad
2026-04-02 19:05:35,809 | INFO | SFEvaluateRange | Evaluating epoch 2300 with ckpt_2300.pth
2026-04-02 19:05:53,836 | INFO | SFEvaluateRange | Eval metrics (epoch_2300) | checkpoint=ckpt_2300.pth | epoch=Epoch 2300 | latent_moran=0.4110 | cluster_moran=0.6633
2026-04-02 19:05:53,837 | INFO | SFEvaluateRange | GT metrics (epoch_2300) | checkpoint=ckpt_2300.pth | epoch=Epoch 2300 | ARI=0.4566 | NMI=0.5966 | AMI=0.5893 | HOM=0.6399 | n_valid=2129
2026-04-02 19:05:53,837 | INFO | SFEvaluateRange | Artifacts (epoch_2300): ./results/tuning/e5/figures/spatial_analysis_epoch_2300.pdf | ./results/tuning/e5/predictions/embedding_joint_epoch_2300.h5ad
2026-04-02 19:05:53,838 | INFO | SFEvaluateRange | Evaluating epoch 2400 with ckpt_2400.pth
2026-04-02 19:06:14,494 | INFO | SFEvaluateRange | Eval metrics (epoch_2400) | checkpoint=ckpt_2400.pth | epoch=Epoch 2400 | latent_moran=0.4119 | cluster_moran=0.6652
2026-04-02 19:06:14,495 | INFO | SFEvaluateRange | GT metrics (epoch_2400) | checkpoint=ckpt_2400.pth | epoch=Epoch 2400 | ARI=0.3377 | NMI=0.5783 | AMI=0.5708 | HOM=0.6320 | n_valid=2129
2026-04-02 19:06:14,496 | INFO | SFEvaluateRange | Artifacts (epoch_2400): ./results/tuning/e5/figures/spatial_analysis_epoch_2400.pdf | ./results/tuning/e5/predictions/embedding_joint_epoch_2400.h5ad
2026-04-02 19:06:14,496 | INFO | SFEvaluateRange | Evaluating epoch 2500 with ckpt_2500.pth
2026-04-02 19:06:32,307 | INFO | SFEvaluateRange | Eval metrics (epoch_2500) | checkpoint=ckpt_2500.pth | epoch=Epoch 2500 | latent_moran=0.4124 | cluster_moran=0.6837
2026-04-02 19:06:32,308 | INFO | SFEvaluateRange | GT metrics (epoch_2500) | checkpoint=ckpt_2500.pth | epoch=Epoch 2500 | ARI=0.3868 | NMI=0.5921 | AMI=0.5848 | HOM=0.6384 | n_valid=2129
2026-04-02 19:06:32,308 | INFO | SFEvaluateRange | Artifacts (epoch_2500): ./results/tuning/e5/figures/spatial_analysis_epoch_2500.pdf | ./results/tuning/e5/predictions/embedding_joint_epoch_2500.h5ad
2026-04-02 19:06:32,308 | INFO | SFEvaluateRange | Evaluating epoch 2600 with ckpt_2600.pth
2026-04-02 19:06:51,909 | INFO | SFEvaluateRange | Eval metrics (epoch_2600) | checkpoint=ckpt_2600.pth | epoch=Epoch 2600 | latent_moran=0.4136 | cluster_moran=0.6690
2026-04-02 19:06:51,909 | INFO | SFEvaluateRange | GT metrics (epoch_2600) | checkpoint=ckpt_2600.pth | epoch=Epoch 2600 | ARI=0.4489 | NMI=0.5951 | AMI=0.5878 | HOM=0.6409 | n_valid=2129
2026-04-02 19:06:51,909 | INFO | SFEvaluateRange | Artifacts (epoch_2600): ./results/tuning/e5/figures/spatial_analysis_epoch_2600.pdf | ./results/tuning/e5/predictions/embedding_joint_epoch_2600.h5ad
2026-04-02 19:06:51,910 | INFO | SFEvaluateRange | Evaluating epoch 2700 with ckpt_2700.pth
2026-04-02 19:07:09,974 | INFO | SFEvaluateRange | Eval metrics (epoch_2700) | checkpoint=ckpt_2700.pth | epoch=Epoch 2700 | latent_moran=0.4137 | cluster_moran=0.6719
2026-04-02 19:07:09,975 | INFO | SFEvaluateRange | GT metrics (epoch_2700) | checkpoint=ckpt_2700.pth | epoch=Epoch 2700 | ARI=0.5378 | NMI=0.6199 | AMI=0.6130 | HOM=0.6589 | n_valid=2129
2026-04-02 19:07:09,975 | INFO | SFEvaluateRange | Artifacts (epoch_2700): ./results/tuning/e5/figures/spatial_analysis_epoch_2700.pdf | ./results/tuning/e5/predictions/embedding_joint_epoch_2700.h5ad
2026-04-02 19:07:09,975 | INFO | SFEvaluateRange | Evaluating epoch 2800 with ckpt_2800.pth
2026-04-02 19:07:27,601 | INFO | SFEvaluateRange | Eval metrics (epoch_2800) | checkpoint=ckpt_2800.pth | epoch=Epoch 2800 | latent_moran=0.4136 | cluster_moran=0.6795
2026-04-02 19:07:27,601 | INFO | SFEvaluateRange | GT metrics (epoch_2800) | checkpoint=ckpt_2800.pth | epoch=Epoch 2800 | ARI=0.3977 | NMI=0.5870 | AMI=0.5796 | HOM=0.6359 | n_valid=2129
2026-04-02 19:07:27,601 | INFO | SFEvaluateRange | Artifacts (epoch_2800): ./results/tuning/e5/figures/spatial_analysis_epoch_2800.pdf | ./results/tuning/e5/predictions/embedding_joint_epoch_2800.h5ad
2026-04-02 19:07:27,602 | INFO | SFEvaluateRange | Evaluating epoch 2900 with ckpt_2900.pth
2026-04-02 19:07:48,564 | INFO | SFEvaluateRange | Eval metrics (epoch_2900) | checkpoint=ckpt_2900.pth | epoch=Epoch 2900 | latent_moran=0.4153 | cluster_moran=0.6841
2026-04-02 19:07:48,565 | INFO | SFEvaluateRange | GT metrics (epoch_2900) | checkpoint=ckpt_2900.pth | epoch=Epoch 2900 | ARI=0.3433 | NMI=0.5855 | AMI=0.5781 | HOM=0.6363 | n_valid=2129
2026-04-02 19:07:48,565 | INFO | SFEvaluateRange | Artifacts (epoch_2900): ./results/tuning/e5/figures/spatial_analysis_epoch_2900.pdf | ./results/tuning/e5/predictions/embedding_joint_epoch_2900.h5ad
2026-04-02 19:07:48,565 | INFO | SFEvaluateRange | Evaluating epoch 3000 with ckpt_3000.pth
2026-04-02 19:08:07,194 | INFO | SFEvaluateRange | Eval metrics (epoch_3000) | checkpoint=ckpt_3000.pth | epoch=Epoch 3000 | latent_moran=0.4157 | cluster_moran=0.6831
2026-04-02 19:08:07,195 | INFO | SFEvaluateRange | GT metrics (epoch_3000) | checkpoint=ckpt_3000.pth | epoch=Epoch 3000 | ARI=0.4233 | NMI=0.5963 | AMI=0.5890 | HOM=0.6386 | n_valid=2129
2026-04-02 19:08:07,196 | INFO | SFEvaluateRange | Artifacts (epoch_3000): ./results/tuning/e5/figures/spatial_analysis_epoch_3000.pdf | ./results/tuning/e5/predictions/embedding_joint_epoch_3000.h5ad
2026-04-02 19:08:07,196 | INFO | SFEvaluateRange | Range evaluation complete. Success=16 | Failed/Skipped=0

========================================================================================
