2026-04-02 18:31:32,555 | INFO | SFPreprocess | [Phase 1] Starting Data Preprocessing...
2026-04-02 18:31:32,555 | INFO | SFPreprocess | Loading raw data...
2026-04-02 18:31:32,555 | INFO | SFPreprocess | Data loader: paired h5ad
2026-04-02 18:32:10,834 | INFO | SFPreprocess | Aligned final cells: RNA=2129, ATAC=2129
2026-04-02 18:32:33,075 | INFO | SFPreprocess | Reduced shapes: RNA=(2129, 512), ATAC=(2129, 512)
2026-04-02 18:32:35,949 | INFO | SFPreprocess | Saving processed tensors...
2026-04-02 18:32:35,982 | INFO | SFPreprocess | Preprocessing complete: data/processed/tuning/e3/processed_data.pt

========================================================================================
2026-04-02 18:32:41,971 | INFO | SFTrainer | [Phase 2] Starting Model Training...
2026-04-02 18:32:41,971 | INFO | SFTrainer | Loading processed data...
2026-04-02 18:32:41,998 | INFO | SFTrainer | Data ready: RNA=torch.Size([2129, 512]), ATAC=torch.Size([2129, 512]), edges=17032
2026-04-02 18:32:41,998 | INFO | SFTrainer | Initializing model...
2026-04-02 18:32:42,322 | INFO | SFTrainer | Training started.
2026-04-02 18:32:42,322 | INFO | SFTrainer | Training started: epochs=3000
2026-04-02 18:32:44,290 | INFO | SFTrainer | Epoch 010 | total 70.9925 | rec_rna 8.6363 | rec_atac 23.9856 | clip 7.6503 | clip_weight 0.5000 | lr 1.00e-03 | best 70.9925
2026-04-02 18:32:45,422 | INFO | SFTrainer | Epoch 020 | total 67.2441 | rec_rna 8.4494 | rec_atac 21.1994 | clip 7.5953 | clip_weight 0.5000 | lr 1.00e-03 | best 67.2441
2026-04-02 18:32:46,548 | INFO | SFTrainer | Epoch 030 | total 65.8307 | rec_rna 8.3973 | rec_atac 20.1186 | clip 7.4509 | clip_weight 0.5000 | lr 1.00e-03 | best 65.8307
2026-04-02 18:32:47,681 | INFO | SFTrainer | Epoch 040 | total 64.8472 | rec_rna 8.3539 | rec_atac 19.4550 | clip 7.2453 | clip_weight 0.5000 | lr 1.00e-03 | best 64.8472
2026-04-02 18:32:48,825 | INFO | SFTrainer | Epoch 050 | total 63.6662 | rec_rna 8.3049 | rec_atac 18.6069 | clip 7.0697 | clip_weight 0.5000 | lr 1.00e-03 | best 63.6662
2026-04-02 18:32:49,984 | INFO | SFTrainer | Epoch 060 | total 62.3541 | rec_rna 8.1997 | rec_atac 17.9115 | clip 6.8878 | clip_weight 0.5000 | lr 1.00e-03 | best 62.3541
2026-04-02 18:32:51,123 | INFO | SFTrainer | Epoch 070 | total 60.9309 | rec_rna 8.0307 | rec_atac 17.3942 | clip 6.7667 | clip_weight 0.5000 | lr 1.00e-03 | best 60.9309
2026-04-02 18:32:52,249 | INFO | SFTrainer | Epoch 080 | total 59.7748 | rec_rna 7.8925 | rec_atac 16.9741 | clip 6.6762 | clip_weight 0.5000 | lr 1.00e-03 | best 59.7748
2026-04-02 18:32:53,373 | INFO | SFTrainer | Epoch 090 | total 58.7567 | rec_rna 7.7729 | rec_atac 16.5973 | clip 6.5894 | clip_weight 0.5000 | lr 1.00e-03 | best 58.7567
2026-04-02 18:32:54,490 | INFO | SFTrainer | Epoch 100 | total 57.9720 | rec_rna 7.6669 | rec_atac 16.3757 | clip 6.5237 | clip_weight 0.5000 | lr 1.00e-03 | best 57.9720
2026-04-02 18:32:55,572 | INFO | SFTrainer | Epoch 110 | total 57.2014 | rec_rna 7.5626 | rec_atac 16.1510 | clip 6.4753 | clip_weight 0.5000 | lr 1.00e-03 | best 57.2014
2026-04-02 18:32:56,706 | INFO | SFTrainer | Epoch 120 | total 56.3758 | rec_rna 7.4347 | rec_atac 15.9833 | clip 6.4380 | clip_weight 0.5000 | lr 1.00e-03 | best 56.3758
2026-04-02 18:32:57,845 | INFO | SFTrainer | Epoch 130 | total 55.4348 | rec_rna 7.2870 | rec_atac 15.8028 | clip 6.3936 | clip_weight 0.5000 | lr 1.00e-03 | best 55.4348
2026-04-02 18:32:58,975 | INFO | SFTrainer | Epoch 140 | total 54.5113 | rec_rna 7.1316 | rec_atac 15.6753 | clip 6.3560 | clip_weight 0.5000 | lr 1.00e-03 | best 54.5113
2026-04-02 18:33:00,130 | INFO | SFTrainer | Epoch 150 | total 53.5944 | rec_rna 6.9852 | rec_atac 15.4992 | clip 6.3389 | clip_weight 0.5000 | lr 1.00e-03 | best 53.5944
2026-04-02 18:33:01,288 | INFO | SFTrainer | Epoch 160 | total 52.6612 | rec_rna 6.8280 | rec_atac 15.3662 | clip 6.3095 | clip_weight 0.5000 | lr 1.00e-03 | best 52.6612
2026-04-02 18:33:02,424 | INFO | SFTrainer | Epoch 170 | total 51.8205 | rec_rna 6.6932 | rec_atac 15.2145 | clip 6.2803 | clip_weight 0.5000 | lr 1.00e-03 | best 51.8205
2026-04-02 18:33:03,571 | INFO | SFTrainer | Epoch 180 | total 50.9914 | rec_rna 6.5547 | rec_atac 15.0851 | clip 6.2659 | clip_weight 0.5000 | lr 1.00e-03 | best 50.9914
2026-04-02 18:33:04,672 | INFO | SFTrainer | Epoch 190 | total 50.2294 | rec_rna 6.4349 | rec_atac 14.9437 | clip 6.2221 | clip_weight 0.5000 | lr 1.00e-03 | best 50.2294
2026-04-02 18:33:05,799 | INFO | SFTrainer | Epoch 200 | total 49.4294 | rec_rna 6.3041 | rec_atac 14.8012 | clip 6.2156 | clip_weight 0.5000 | lr 1.00e-03 | best 49.4294
2026-04-02 18:33:06,965 | INFO | SFTrainer | Epoch 210 | total 48.6394 | rec_rna 6.1779 | rec_atac 14.6686 | clip 6.1625 | clip_weight 0.5000 | lr 1.00e-03 | best 48.6394
2026-04-02 18:33:07,985 | INFO | SFTrainer | Epoch 220 | total 47.9242 | rec_rna 6.0694 | rec_atac 14.4998 | clip 6.1550 | clip_weight 0.5000 | lr 1.00e-03 | best 47.9242
2026-04-02 18:33:09,079 | INFO | SFTrainer | Epoch 230 | total 47.2750 | rec_rna 5.9676 | rec_atac 14.3691 | clip 6.1356 | clip_weight 0.5000 | lr 1.00e-03 | best 47.2750
2026-04-02 18:33:10,189 | INFO | SFTrainer | Epoch 240 | total 46.6100 | rec_rna 5.8703 | rec_atac 14.2044 | clip 6.1086 | clip_weight 0.5000 | lr 1.00e-03 | best 46.6100
2026-04-02 18:33:11,275 | INFO | SFTrainer | Epoch 250 | total 45.9838 | rec_rna 5.7809 | rec_atac 14.0466 | clip 6.0655 | clip_weight 0.5000 | lr 1.00e-03 | best 45.9667
2026-04-02 18:33:12,423 | INFO | SFTrainer | Epoch 260 | total 45.3392 | rec_rna 5.6867 | rec_atac 13.8810 | clip 6.0491 | clip_weight 0.5000 | lr 1.00e-03 | best 45.3392
2026-04-02 18:33:13,477 | INFO | SFTrainer | Epoch 270 | total 44.7248 | rec_rna 5.5994 | rec_atac 13.7127 | clip 6.0300 | clip_weight 0.5000 | lr 1.00e-03 | best 44.7248
2026-04-02 18:33:14,590 | INFO | SFTrainer | Epoch 280 | total 44.1313 | rec_rna 5.5148 | rec_atac 13.5461 | clip 6.0219 | clip_weight 0.5000 | lr 1.00e-03 | best 44.1313
2026-04-02 18:33:15,725 | INFO | SFTrainer | Epoch 290 | total 43.5423 | rec_rna 5.4359 | rec_atac 13.3691 | clip 5.9874 | clip_weight 0.5000 | lr 1.00e-03 | best 43.5423
2026-04-02 18:33:16,856 | INFO | SFTrainer | Epoch 300 | total 42.9144 | rec_rna 5.3559 | rec_atac 13.1581 | clip 5.9532 | clip_weight 0.5000 | lr 1.00e-03 | best 42.9144
2026-04-02 18:33:17,975 | INFO | SFTrainer | Epoch 310 | total 42.3999 | rec_rna 5.2864 | rec_atac 12.9964 | clip 5.9429 | clip_weight 0.5000 | lr 1.00e-03 | best 42.3999
2026-04-02 18:33:19,018 | INFO | SFTrainer | Epoch 320 | total 41.8205 | rec_rna 5.2080 | rec_atac 12.8265 | clip 5.9079 | clip_weight 0.5000 | lr 1.00e-03 | best 41.8205
2026-04-02 18:33:20,002 | INFO | SFTrainer | Epoch 330 | total 41.6018 | rec_rna 5.1950 | rec_atac 12.6784 | clip 5.8970 | clip_weight 0.5000 | lr 1.00e-03 | best 41.6018
2026-04-02 18:33:21,043 | INFO | SFTrainer | Epoch 340 | total 41.0940 | rec_rna 5.1297 | rec_atac 12.4989 | clip 5.8933 | clip_weight 0.5000 | lr 1.00e-03 | best 41.0940
2026-04-02 18:33:22,167 | INFO | SFTrainer | Epoch 350 | total 40.3771 | rec_rna 5.0365 | rec_atac 12.2665 | clip 5.8561 | clip_weight 0.5000 | lr 1.00e-03 | best 40.3771
2026-04-02 18:33:23,225 | INFO | SFTrainer | Epoch 360 | total 39.8972 | rec_rna 4.9797 | rec_atac 12.0924 | clip 5.8125 | clip_weight 0.5000 | lr 1.00e-03 | best 39.8972
2026-04-02 18:33:24,371 | INFO | SFTrainer | Epoch 370 | total 39.3454 | rec_rna 4.9112 | rec_atac 11.8942 | clip 5.7908 | clip_weight 0.5000 | lr 1.00e-03 | best 39.3454
2026-04-02 18:33:25,374 | INFO | SFTrainer | Epoch 380 | total 38.9991 | rec_rna 4.8693 | rec_atac 11.7589 | clip 5.7877 | clip_weight 0.5000 | lr 1.00e-03 | best 38.9771
2026-04-02 18:33:26,437 | INFO | SFTrainer | Epoch 390 | total 38.4766 | rec_rna 4.8097 | rec_atac 11.5567 | clip 5.7430 | clip_weight 0.5000 | lr 1.00e-03 | best 38.4766
2026-04-02 18:33:27,471 | INFO | SFTrainer | Epoch 400 | total 38.1195 | rec_rna 4.7693 | rec_atac 11.4016 | clip 5.7428 | clip_weight 0.5000 | lr 1.00e-03 | best 38.0760
2026-04-02 18:33:28,529 | INFO | SFTrainer | Epoch 410 | total 37.6374 | rec_rna 4.7141 | rec_atac 11.2184 | clip 5.6971 | clip_weight 0.5000 | lr 1.00e-03 | best 37.6374
2026-04-02 18:33:29,577 | INFO | SFTrainer | Epoch 420 | total 37.2028 | rec_rna 4.6552 | rec_atac 11.0889 | clip 5.6755 | clip_weight 0.5000 | lr 1.00e-03 | best 37.2028
2026-04-02 18:33:30,645 | INFO | SFTrainer | Epoch 430 | total 36.8689 | rec_rna 4.6168 | rec_atac 10.9510 | clip 5.6682 | clip_weight 0.5000 | lr 1.00e-03 | best 36.7880
2026-04-02 18:33:31,627 | INFO | SFTrainer | Epoch 440 | total 36.5759 | rec_rna 4.5908 | rec_atac 10.8018 | clip 5.6398 | clip_weight 0.5000 | lr 1.00e-03 | best 36.5407
2026-04-02 18:33:32,707 | INFO | SFTrainer | Epoch 450 | total 36.1124 | rec_rna 4.5355 | rec_atac 10.6245 | clip 5.6205 | clip_weight 0.5000 | lr 1.00e-03 | best 36.1124
2026-04-02 18:33:33,726 | INFO | SFTrainer | Epoch 460 | total 35.8508 | rec_rna 4.5043 | rec_atac 10.5299 | clip 5.5984 | clip_weight 0.5000 | lr 1.00e-03 | best 35.7795
2026-04-02 18:33:34,741 | INFO | SFTrainer | Epoch 470 | total 35.4404 | rec_rna 4.4553 | rec_atac 10.3813 | clip 5.5655 | clip_weight 0.5000 | lr 1.00e-03 | best 35.4404
2026-04-02 18:33:35,720 | INFO | SFTrainer | Epoch 480 | total 35.2609 | rec_rna 4.4359 | rec_atac 10.3120 | clip 5.5392 | clip_weight 0.5000 | lr 1.00e-03 | best 35.2082
2026-04-02 18:33:36,709 | INFO | SFTrainer | Epoch 490 | total 34.8869 | rec_rna 4.3977 | rec_atac 10.1421 | clip 5.5128 | clip_weight 0.5000 | lr 1.00e-03 | best 34.8869
2026-04-02 18:33:37,816 | INFO | SFTrainer | Epoch 500 | total 34.5940 | rec_rna 4.3631 | rec_atac 10.0243 | clip 5.5086 | clip_weight 0.5000 | lr 1.00e-03 | best 34.5940
2026-04-02 18:33:38,834 | INFO | SFTrainer | Epoch 510 | total 34.3393 | rec_rna 4.3385 | rec_atac 9.9097 | clip 5.4739 | clip_weight 0.5000 | lr 1.00e-03 | best 34.3393
2026-04-02 18:33:39,868 | INFO | SFTrainer | Epoch 520 | total 34.1353 | rec_rna 4.3183 | rec_atac 9.8274 | clip 5.4331 | clip_weight 0.5000 | lr 1.00e-03 | best 34.0689
2026-04-02 18:33:40,857 | INFO | SFTrainer | Epoch 530 | total 33.7986 | rec_rna 4.2744 | rec_atac 9.7146 | clip 5.4238 | clip_weight 0.5000 | lr 1.00e-03 | best 33.7986
2026-04-02 18:33:41,898 | INFO | SFTrainer | Epoch 540 | total 33.5830 | rec_rna 4.2537 | rec_atac 9.6169 | clip 5.3954 | clip_weight 0.5000 | lr 1.00e-03 | best 33.5830
2026-04-02 18:33:42,841 | INFO | SFTrainer | Epoch 550 | total 33.3557 | rec_rna 4.2290 | rec_atac 9.5094 | clip 5.4024 | clip_weight 0.5000 | lr 1.00e-03 | best 33.3208
2026-04-02 18:33:43,854 | INFO | SFTrainer | Epoch 560 | total 33.1468 | rec_rna 4.2040 | rec_atac 9.4443 | clip 5.3652 | clip_weight 0.5000 | lr 1.00e-03 | best 33.1305
2026-04-02 18:33:44,849 | INFO | SFTrainer | Epoch 570 | total 32.8962 | rec_rna 4.1770 | rec_atac 9.3596 | clip 5.3035 | clip_weight 0.5000 | lr 1.00e-03 | best 32.8962
2026-04-02 18:33:45,889 | INFO | SFTrainer | Epoch 580 | total 32.6633 | rec_rna 4.1471 | rec_atac 9.2742 | clip 5.3067 | clip_weight 0.5000 | lr 1.00e-03 | best 32.6633
2026-04-02 18:33:46,904 | INFO | SFTrainer | Epoch 590 | total 32.4970 | rec_rna 4.1325 | rec_atac 9.1954 | clip 5.2787 | clip_weight 0.5000 | lr 1.00e-03 | best 32.4473
2026-04-02 18:33:47,804 | INFO | SFTrainer | Epoch 600 | total 32.3574 | rec_rna 4.1155 | rec_atac 9.1447 | clip 5.2700 | clip_weight 0.5000 | lr 1.00e-03 | best 32.2884
2026-04-02 18:33:48,729 | INFO | SFTrainer | Epoch 610 | total 32.1702 | rec_rna 4.0927 | rec_atac 9.0835 | clip 5.2464 | clip_weight 0.5000 | lr 1.00e-03 | best 32.0694
2026-04-02 18:33:49,656 | INFO | SFTrainer | Epoch 620 | total 31.9549 | rec_rna 4.0703 | rec_atac 9.0007 | clip 5.2052 | clip_weight 0.5000 | lr 1.00e-03 | best 31.9518
2026-04-02 18:33:50,649 | INFO | SFTrainer | Epoch 630 | total 31.8053 | rec_rna 4.0595 | rec_atac 8.9122 | clip 5.1910 | clip_weight 0.5000 | lr 1.00e-03 | best 31.6718
2026-04-02 18:33:51,526 | INFO | SFTrainer | Epoch 640 | total 31.5734 | rec_rna 4.0254 | rec_atac 8.8618 | clip 5.1693 | clip_weight 0.5000 | lr 1.00e-03 | best 31.5640
2026-04-02 18:33:52,435 | INFO | SFTrainer | Epoch 650 | total 31.4537 | rec_rna 4.0136 | rec_atac 8.8154 | clip 5.1403 | clip_weight 0.5000 | lr 1.00e-03 | best 31.4282
2026-04-02 18:33:53,325 | INFO | SFTrainer | Epoch 660 | total 31.3563 | rec_rna 4.0106 | rec_atac 8.7523 | clip 5.1025 | clip_weight 0.5000 | lr 1.00e-03 | best 31.2511
2026-04-02 18:33:54,260 | INFO | SFTrainer | Epoch 670 | total 31.0714 | rec_rna 3.9729 | rec_atac 8.6649 | clip 5.0839 | clip_weight 0.5000 | lr 1.00e-03 | best 31.0559
2026-04-02 18:33:55,191 | INFO | SFTrainer | Epoch 680 | total 30.9774 | rec_rna 3.9609 | rec_atac 8.6349 | clip 5.0759 | clip_weight 0.5000 | lr 1.00e-03 | best 30.9246
2026-04-02 18:33:56,160 | INFO | SFTrainer | Epoch 690 | total 30.7740 | rec_rna 3.9413 | rec_atac 8.5482 | clip 5.0387 | clip_weight 0.5000 | lr 1.00e-03 | best 30.7740
2026-04-02 18:33:57,083 | INFO | SFTrainer | Epoch 700 | total 30.6795 | rec_rna 3.9279 | rec_atac 8.5414 | clip 4.9969 | clip_weight 0.5000 | lr 1.00e-03 | best 30.6362
2026-04-02 18:33:58,039 | INFO | SFTrainer | Epoch 710 | total 30.5740 | rec_rna 3.9176 | rec_atac 8.4845 | clip 5.0030 | clip_weight 0.5000 | lr 1.00e-03 | best 30.5021
2026-04-02 18:33:58,952 | INFO | SFTrainer | Epoch 720 | total 30.3617 | rec_rna 3.8918 | rec_atac 8.4266 | clip 4.9524 | clip_weight 0.5000 | lr 1.00e-03 | best 30.3428
2026-04-02 18:33:59,878 | INFO | SFTrainer | Epoch 730 | total 30.1833 | rec_rna 3.8703 | rec_atac 8.3608 | clip 4.9423 | clip_weight 0.5000 | lr 1.00e-03 | best 30.1833
2026-04-02 18:34:00,833 | INFO | SFTrainer | Epoch 740 | total 30.1222 | rec_rna 3.8690 | rec_atac 8.3272 | clip 4.9000 | clip_weight 0.5000 | lr 1.00e-03 | best 30.0783
2026-04-02 18:34:01,768 | INFO | SFTrainer | Epoch 750 | total 29.9055 | rec_rna 3.8440 | rec_atac 8.2427 | clip 4.8856 | clip_weight 0.5000 | lr 1.00e-03 | best 29.9055
2026-04-02 18:34:02,737 | INFO | SFTrainer | Epoch 760 | total 29.8821 | rec_rna 3.8491 | rec_atac 8.2126 | clip 4.8480 | clip_weight 0.5000 | lr 1.00e-03 | best 29.7895
2026-04-02 18:34:03,607 | INFO | SFTrainer | Epoch 770 | total 29.7653 | rec_rna 3.8296 | rec_atac 8.2035 | clip 4.8275 | clip_weight 0.5000 | lr 1.00e-03 | best 29.6862
2026-04-02 18:34:04,576 | INFO | SFTrainer | Epoch 780 | total 29.6305 | rec_rna 3.8181 | rec_atac 8.1432 | clip 4.7932 | clip_weight 0.5000 | lr 1.00e-03 | best 29.5720
2026-04-02 18:34:05,488 | INFO | SFTrainer | Epoch 790 | total 29.4521 | rec_rna 3.7942 | rec_atac 8.0984 | clip 4.7656 | clip_weight 0.5000 | lr 1.00e-03 | best 29.4521
2026-04-02 18:34:06,357 | INFO | SFTrainer | Epoch 800 | total 29.3579 | rec_rna 3.7827 | rec_atac 8.0791 | clip 4.7300 | clip_weight 0.5000 | lr 1.00e-03 | best 29.3458
2026-04-02 18:34:07,310 | INFO | SFTrainer | Epoch 810 | total 29.3385 | rec_rna 3.7856 | rec_atac 8.0439 | clip 4.7331 | clip_weight 0.5000 | lr 1.00e-03 | best 29.2867
2026-04-02 18:34:08,179 | INFO | SFTrainer | Epoch 820 | total 29.1966 | rec_rna 3.7735 | rec_atac 7.9909 | clip 4.6760 | clip_weight 0.5000 | lr 1.00e-03 | best 29.1295
2026-04-02 18:34:09,041 | INFO | SFTrainer | Epoch 830 | total 29.1169 | rec_rna 3.7553 | rec_atac 7.9976 | clip 4.6858 | clip_weight 0.5000 | lr 1.00e-03 | best 29.0810
2026-04-02 18:34:09,956 | INFO | SFTrainer | Epoch 840 | total 29.0272 | rec_rna 3.7538 | rec_atac 7.9389 | clip 4.6391 | clip_weight 0.5000 | lr 1.00e-03 | best 28.9259
2026-04-02 18:34:10,948 | INFO | SFTrainer | Epoch 850 | total 28.8990 | rec_rna 3.7269 | rec_atac 7.9544 | clip 4.6204 | clip_weight 0.5000 | lr 1.00e-03 | best 28.8632
2026-04-02 18:34:11,866 | INFO | SFTrainer | Epoch 860 | total 28.7370 | rec_rna 3.7120 | rec_atac 7.8929 | clip 4.5679 | clip_weight 0.5000 | lr 1.00e-03 | best 28.7370
2026-04-02 18:34:12,731 | INFO | SFTrainer | Epoch 870 | total 28.7467 | rec_rna 3.7203 | rec_atac 7.8539 | clip 4.5831 | clip_weight 0.5000 | lr 1.00e-03 | best 28.6922
2026-04-02 18:34:13,628 | INFO | SFTrainer | Epoch 880 | total 28.5945 | rec_rna 3.6994 | rec_atac 7.8522 | clip 4.4906 | clip_weight 0.5000 | lr 1.00e-03 | best 28.5945
2026-04-02 18:34:14,499 | INFO | SFTrainer | Epoch 890 | total 28.5242 | rec_rna 3.6903 | rec_atac 7.8185 | clip 4.5082 | clip_weight 0.5000 | lr 1.00e-03 | best 28.5037
2026-04-02 18:34:15,407 | INFO | SFTrainer | Epoch 900 | total 28.4037 | rec_rna 3.6820 | rec_atac 7.7733 | clip 4.4407 | clip_weight 0.5000 | lr 1.00e-03 | best 28.3897
2026-04-02 18:34:16,301 | INFO | SFTrainer | Epoch 910 | total 28.3559 | rec_rna 3.6767 | rec_atac 7.7547 | clip 4.4355 | clip_weight 0.5000 | lr 1.00e-03 | best 28.3259
2026-04-02 18:34:17,224 | INFO | SFTrainer | Epoch 920 | total 28.3099 | rec_rna 3.6767 | rec_atac 7.7114 | clip 4.4295 | clip_weight 0.5000 | lr 1.00e-03 | best 28.2866
2026-04-02 18:34:18,243 | INFO | SFTrainer | Epoch 930 | total 28.1702 | rec_rna 3.6590 | rec_atac 7.6826 | clip 4.3852 | clip_weight 0.5000 | lr 1.00e-03 | best 28.0995
2026-04-02 18:34:19,122 | INFO | SFTrainer | Epoch 940 | total 27.9883 | rec_rna 3.6336 | rec_atac 7.6574 | clip 4.3262 | clip_weight 0.5000 | lr 1.00e-03 | best 27.9883
2026-04-02 18:34:19,967 | INFO | SFTrainer | Epoch 950 | total 28.0580 | rec_rna 3.6537 | rec_atac 7.6276 | clip 4.3238 | clip_weight 0.5000 | lr 1.00e-03 | best 27.9855
2026-04-02 18:34:20,868 | INFO | SFTrainer | Epoch 960 | total 27.9163 | rec_rna 3.6347 | rec_atac 7.5964 | clip 4.2925 | clip_weight 0.5000 | lr 1.00e-03 | best 27.8535
2026-04-02 18:34:21,764 | INFO | SFTrainer | Epoch 970 | total 27.8327 | rec_rna 3.6228 | rec_atac 7.5838 | clip 4.2696 | clip_weight 0.5000 | lr 1.00e-03 | best 27.8090
2026-04-02 18:34:22,664 | INFO | SFTrainer | Epoch 980 | total 27.7861 | rec_rna 3.6194 | rec_atac 7.5751 | clip 4.2280 | clip_weight 0.5000 | lr 1.00e-03 | best 27.7601
2026-04-02 18:34:23,568 | INFO | SFTrainer | Epoch 990 | total 27.6924 | rec_rna 3.6050 | rec_atac 7.5633 | clip 4.2086 | clip_weight 0.5000 | lr 1.00e-03 | best 27.6351
2026-04-02 18:34:24,436 | INFO | SFTrainer | Epoch 1000 | total 27.6425 | rec_rna 3.6042 | rec_atac 7.5323 | clip 4.1784 | clip_weight 0.5000 | lr 1.00e-03 | best 27.5763
2026-04-02 18:34:25,334 | INFO | SFTrainer | Epoch 1010 | total 27.5864 | rec_rna 3.6000 | rec_atac 7.5187 | clip 4.1355 | clip_weight 0.5000 | lr 1.00e-03 | best 27.5646
2026-04-02 18:34:26,232 | INFO | SFTrainer | Epoch 1020 | total 27.5350 | rec_rna 3.5956 | rec_atac 7.4924 | clip 4.1290 | clip_weight 0.5000 | lr 1.00e-03 | best 27.4337
2026-04-02 18:34:27,146 | INFO | SFTrainer | Epoch 1030 | total 27.4139 | rec_rna 3.5821 | rec_atac 7.4547 | clip 4.0977 | clip_weight 0.5000 | lr 1.00e-03 | best 27.3843
2026-04-02 18:34:28,048 | INFO | SFTrainer | Epoch 1040 | total 27.3002 | rec_rna 3.5641 | rec_atac 7.4560 | clip 4.0475 | clip_weight 0.5000 | lr 1.00e-03 | best 27.3002
2026-04-02 18:34:28,958 | INFO | SFTrainer | Epoch 1050 | total 27.3000 | rec_rna 3.5654 | rec_atac 7.4586 | clip 4.0289 | clip_weight 0.5000 | lr 1.00e-03 | best 27.2837
2026-04-02 18:34:29,820 | INFO | SFTrainer | Epoch 1060 | total 27.2377 | rec_rna 3.5693 | rec_atac 7.3971 | clip 3.9884 | clip_weight 0.5000 | lr 1.00e-03 | best 27.2280
2026-04-02 18:34:30,696 | INFO | SFTrainer | Epoch 1070 | total 27.1714 | rec_rna 3.5542 | rec_atac 7.4247 | clip 3.9511 | clip_weight 0.5000 | lr 1.00e-03 | best 27.1456
2026-04-02 18:34:31,585 | INFO | SFTrainer | Epoch 1080 | total 27.0980 | rec_rna 3.5492 | rec_atac 7.3853 | clip 3.9334 | clip_weight 0.5000 | lr 1.00e-03 | best 27.0690
2026-04-02 18:34:32,460 | INFO | SFTrainer | Epoch 1090 | total 26.9565 | rec_rna 3.5363 | rec_atac 7.3337 | clip 3.8825 | clip_weight 0.5000 | lr 1.00e-03 | best 26.9565
2026-04-02 18:34:33,263 | INFO | SFTrainer | Epoch 1100 | total 27.0774 | rec_rna 3.5569 | rec_atac 7.3472 | clip 3.8912 | clip_weight 0.5000 | lr 1.00e-03 | best 26.9565
2026-04-02 18:34:34,223 | INFO | SFTrainer | Epoch 1110 | total 26.8815 | rec_rna 3.5345 | rec_atac 7.2935 | clip 3.8309 | clip_weight 0.5000 | lr 1.00e-03 | best 26.8435
2026-04-02 18:34:35,075 | INFO | SFTrainer | Epoch 1120 | total 26.8844 | rec_rna 3.5324 | rec_atac 7.3153 | clip 3.8145 | clip_weight 0.5000 | lr 1.00e-03 | best 26.8119
2026-04-02 18:34:35,917 | INFO | SFTrainer | Epoch 1130 | total 26.7743 | rec_rna 3.5190 | rec_atac 7.2891 | clip 3.7805 | clip_weight 0.5000 | lr 1.00e-03 | best 26.7608
2026-04-02 18:34:36,820 | INFO | SFTrainer | Epoch 1140 | total 26.7273 | rec_rna 3.5165 | rec_atac 7.2576 | clip 3.7745 | clip_weight 0.5000 | lr 1.00e-03 | best 26.7192
2026-04-02 18:34:37,695 | INFO | SFTrainer | Epoch 1150 | total 26.6532 | rec_rna 3.5055 | rec_atac 7.2498 | clip 3.7518 | clip_weight 0.5000 | lr 1.00e-03 | best 26.6311
2026-04-02 18:34:38,544 | INFO | SFTrainer | Epoch 1160 | total 26.6344 | rec_rna 3.5057 | rec_atac 7.2520 | clip 3.7077 | clip_weight 0.5000 | lr 1.00e-03 | best 26.6311
2026-04-02 18:34:39,489 | INFO | SFTrainer | Epoch 1170 | total 26.5694 | rec_rna 3.5049 | rec_atac 7.2147 | clip 3.6600 | clip_weight 0.5000 | lr 1.00e-03 | best 26.5548
2026-04-02 18:34:40,380 | INFO | SFTrainer | Epoch 1180 | total 26.5441 | rec_rna 3.5000 | rec_atac 7.2316 | clip 3.6252 | clip_weight 0.5000 | lr 1.00e-03 | best 26.5441
2026-04-02 18:34:41,273 | INFO | SFTrainer | Epoch 1190 | total 26.4895 | rec_rna 3.4926 | rec_atac 7.2282 | clip 3.5971 | clip_weight 0.5000 | lr 1.00e-03 | best 26.3943
2026-04-02 18:34:42,131 | INFO | SFTrainer | Epoch 1200 | total 26.4847 | rec_rna 3.5004 | rec_atac 7.1931 | clip 3.5794 | clip_weight 0.5000 | lr 1.00e-03 | best 26.3787
2026-04-02 18:34:43,047 | INFO | SFTrainer | Epoch 1210 | total 26.4020 | rec_rna 3.4883 | rec_atac 7.1933 | clip 3.5342 | clip_weight 0.5000 | lr 1.00e-03 | best 26.3092
2026-04-02 18:34:43,841 | INFO | SFTrainer | Epoch 1220 | total 26.3684 | rec_rna 3.4847 | rec_atac 7.1942 | clip 3.5019 | clip_weight 0.5000 | lr 1.00e-03 | best 26.3092
2026-04-02 18:34:44,745 | INFO | SFTrainer | Epoch 1230 | total 26.3273 | rec_rna 3.4755 | rec_atac 7.1976 | clip 3.5039 | clip_weight 0.5000 | lr 1.00e-03 | best 26.1871
2026-04-02 18:34:45,580 | INFO | SFTrainer | Epoch 1240 | total 26.2415 | rec_rna 3.4740 | rec_atac 7.1441 | clip 3.4552 | clip_weight 0.5000 | lr 1.00e-03 | best 26.1173
2026-04-02 18:34:46,369 | INFO | SFTrainer | Epoch 1250 | total 26.1667 | rec_rna 3.4600 | rec_atac 7.1546 | clip 3.4248 | clip_weight 0.5000 | lr 1.00e-03 | best 26.1173
2026-04-02 18:34:47,226 | INFO | SFTrainer | Epoch 1260 | total 26.1013 | rec_rna 3.4528 | rec_atac 7.1387 | clip 3.3973 | clip_weight 0.5000 | lr 1.00e-03 | best 26.1013
2026-04-02 18:34:48,066 | INFO | SFTrainer | Epoch 1270 | total 26.1537 | rec_rna 3.4726 | rec_atac 7.1180 | clip 3.3454 | clip_weight 0.5000 | lr 1.00e-03 | best 26.0271
2026-04-02 18:34:48,896 | INFO | SFTrainer | Epoch 1280 | total 26.0527 | rec_rna 3.4563 | rec_atac 7.1081 | clip 3.3263 | clip_weight 0.5000 | lr 1.00e-03 | best 25.9983
2026-04-02 18:34:49,735 | INFO | SFTrainer | Epoch 1290 | total 26.0153 | rec_rna 3.4500 | rec_atac 7.1030 | clip 3.3248 | clip_weight 0.5000 | lr 1.00e-03 | best 25.9594
2026-04-02 18:34:50,569 | INFO | SFTrainer | Epoch 1300 | total 25.9681 | rec_rna 3.4496 | rec_atac 7.0797 | clip 3.2805 | clip_weight 0.5000 | lr 1.00e-03 | best 25.9455
2026-04-02 18:34:51,587 | INFO | SFTrainer | Epoch 1310 | total 25.8134 | rec_rna 3.4330 | rec_atac 7.0437 | clip 3.2092 | clip_weight 0.5000 | lr 1.00e-03 | best 25.8134
2026-04-02 18:34:52,425 | INFO | SFTrainer | Epoch 1320 | total 25.8582 | rec_rna 3.4389 | rec_atac 7.0598 | clip 3.2076 | clip_weight 0.5000 | lr 1.00e-03 | best 25.8101
2026-04-02 18:34:53,314 | INFO | SFTrainer | Epoch 1330 | total 25.7360 | rec_rna 3.4233 | rec_atac 7.0315 | clip 3.1761 | clip_weight 0.5000 | lr 1.00e-03 | best 25.7360
2026-04-02 18:34:54,148 | INFO | SFTrainer | Epoch 1340 | total 25.7358 | rec_rna 3.4302 | rec_atac 7.0226 | clip 3.1248 | clip_weight 0.5000 | lr 1.00e-03 | best 25.7358
2026-04-02 18:34:54,969 | INFO | SFTrainer | Epoch 1350 | total 25.7155 | rec_rna 3.4332 | rec_atac 7.0031 | clip 3.0932 | clip_weight 0.5000 | lr 1.00e-03 | best 25.6553
2026-04-02 18:34:55,865 | INFO | SFTrainer | Epoch 1360 | total 25.7662 | rec_rna 3.4375 | rec_atac 7.0296 | clip 3.0987 | clip_weight 0.5000 | lr 1.00e-03 | best 25.6276
2026-04-02 18:34:56,730 | INFO | SFTrainer | Epoch 1370 | total 25.6890 | rec_rna 3.4290 | rec_atac 7.0180 | clip 3.0522 | clip_weight 0.5000 | lr 1.00e-03 | best 25.5691
2026-04-02 18:34:57,625 | INFO | SFTrainer | Epoch 1380 | total 25.6380 | rec_rna 3.4246 | rec_atac 7.0170 | clip 2.9962 | clip_weight 0.5000 | lr 1.00e-03 | best 25.5067
2026-04-02 18:34:58,421 | INFO | SFTrainer | Epoch 1390 | total 25.6252 | rec_rna 3.4321 | rec_atac 6.9867 | clip 2.9557 | clip_weight 0.5000 | lr 1.00e-03 | best 25.5067
2026-04-02 18:34:59,290 | INFO | SFTrainer | Epoch 1400 | total 25.6275 | rec_rna 3.4316 | rec_atac 6.9951 | clip 2.9486 | clip_weight 0.5000 | lr 1.00e-03 | best 25.4803
2026-04-02 18:35:00,210 | INFO | SFTrainer | Epoch 1410 | total 25.6316 | rec_rna 3.4289 | rec_atac 7.0306 | clip 2.9125 | clip_weight 0.5000 | lr 1.00e-03 | best 25.4057
2026-04-02 18:35:01,078 | INFO | SFTrainer | Epoch 1420 | total 25.5429 | rec_rna 3.4266 | rec_atac 6.9654 | clip 2.8885 | clip_weight 0.5000 | lr 1.00e-03 | best 25.3857
2026-04-02 18:35:01,952 | INFO | SFTrainer | Epoch 1430 | total 25.4175 | rec_rna 3.4098 | rec_atac 6.9506 | clip 2.8358 | clip_weight 0.5000 | lr 1.00e-03 | best 25.3272
2026-04-02 18:35:02,837 | INFO | SFTrainer | Epoch 1440 | total 25.3042 | rec_rna 3.3949 | rec_atac 6.9338 | clip 2.7919 | clip_weight 0.5000 | lr 1.00e-03 | best 25.2824
2026-04-02 18:35:03,660 | INFO | SFTrainer | Epoch 1450 | total 25.3135 | rec_rna 3.3969 | rec_atac 6.9420 | clip 2.7741 | clip_weight 0.5000 | lr 1.00e-03 | best 25.2703
2026-04-02 18:35:04,610 | INFO | SFTrainer | Epoch 1460 | total 25.2243 | rec_rna 3.3869 | rec_atac 6.9229 | clip 2.7332 | clip_weight 0.5000 | lr 1.00e-03 | best 25.2243
2026-04-02 18:35:05,483 | INFO | SFTrainer | Epoch 1470 | total 25.1460 | rec_rna 3.3810 | rec_atac 6.9093 | clip 2.6633 | clip_weight 0.5000 | lr 1.00e-03 | best 25.1298
2026-04-02 18:35:06,312 | INFO | SFTrainer | Epoch 1480 | total 25.1817 | rec_rna 3.3922 | rec_atac 6.9031 | clip 2.6356 | clip_weight 0.5000 | lr 1.00e-03 | best 25.1298
2026-04-02 18:35:07,191 | INFO | SFTrainer | Epoch 1490 | total 25.1028 | rec_rna 3.3727 | rec_atac 6.9316 | clip 2.6152 | clip_weight 0.5000 | lr 1.00e-03 | best 25.0526
2026-04-02 18:35:08,079 | INFO | SFTrainer | Epoch 1500 | total 25.1775 | rec_rna 3.3991 | rec_atac 6.8878 | clip 2.5880 | clip_weight 0.5000 | lr 1.00e-03 | best 24.9699
2026-04-02 18:35:08,894 | INFO | SFTrainer | Epoch 1510 | total 25.0789 | rec_rna 3.3797 | rec_atac 6.8833 | clip 2.5937 | clip_weight 0.5000 | lr 1.00e-03 | best 24.9699
2026-04-02 18:35:09,710 | INFO | SFTrainer | Epoch 1520 | total 25.0248 | rec_rna 3.3880 | rec_atac 6.8344 | clip 2.5007 | clip_weight 0.5000 | lr 1.00e-03 | best 24.9699
2026-04-02 18:35:10,622 | INFO | SFTrainer | Epoch 1530 | total 25.0243 | rec_rna 3.3788 | rec_atac 6.8925 | clip 2.4754 | clip_weight 0.5000 | lr 1.00e-03 | best 24.8623
2026-04-02 18:35:11,426 | INFO | SFTrainer | Epoch 1540 | total 24.9976 | rec_rna 3.3758 | rec_atac 6.8992 | clip 2.4392 | clip_weight 0.5000 | lr 1.00e-03 | best 24.8623
2026-04-02 18:35:12,252 | INFO | SFTrainer | Epoch 1550 | total 24.8425 | rec_rna 3.3671 | rec_atac 6.8104 | clip 2.3928 | clip_weight 0.5000 | lr 1.00e-03 | best 24.8383
2026-04-02 18:35:13,132 | INFO | SFTrainer | Epoch 1560 | total 24.7966 | rec_rna 3.3560 | rec_atac 6.8376 | clip 2.3575 | clip_weight 0.5000 | lr 1.00e-03 | best 24.7966
2026-04-02 18:35:13,958 | INFO | SFTrainer | Epoch 1570 | total 24.7960 | rec_rna 3.3518 | rec_atac 6.8508 | clip 2.3725 | clip_weight 0.5000 | lr 1.00e-03 | best 24.7960
2026-04-02 18:35:14,850 | INFO | SFTrainer | Epoch 1580 | total 24.7301 | rec_rna 3.3557 | rec_atac 6.8211 | clip 2.2606 | clip_weight 0.5000 | lr 1.00e-03 | best 24.7301
2026-04-02 18:35:15,713 | INFO | SFTrainer | Epoch 1590 | total 24.7764 | rec_rna 3.3593 | rec_atac 6.8554 | clip 2.2488 | clip_weight 0.5000 | lr 1.00e-03 | best 24.7026
2026-04-02 18:35:16,582 | INFO | SFTrainer | Epoch 1600 | total 24.7400 | rec_rna 3.3603 | rec_atac 6.8238 | clip 2.2291 | clip_weight 0.5000 | lr 1.00e-03 | best 24.6289
2026-04-02 18:35:17,467 | INFO | SFTrainer | Epoch 1610 | total 24.6807 | rec_rna 3.3506 | rec_atac 6.8255 | clip 2.2048 | clip_weight 0.5000 | lr 1.00e-03 | best 24.6177
2026-04-02 18:35:18,326 | INFO | SFTrainer | Epoch 1620 | total 24.5747 | rec_rna 3.3414 | rec_atac 6.7855 | clip 2.1644 | clip_weight 0.5000 | lr 1.00e-03 | best 24.5633
2026-04-02 18:35:19,154 | INFO | SFTrainer | Epoch 1630 | total 24.5935 | rec_rna 3.3477 | rec_atac 6.7808 | clip 2.1480 | clip_weight 0.5000 | lr 1.00e-03 | best 24.5549
2026-04-02 18:35:19,988 | INFO | SFTrainer | Epoch 1640 | total 24.6320 | rec_rna 3.3559 | rec_atac 6.8034 | clip 2.0986 | clip_weight 0.5000 | lr 1.00e-03 | best 24.5122
2026-04-02 18:35:20,823 | INFO | SFTrainer | Epoch 1650 | total 24.5811 | rec_rna 3.3478 | rec_atac 6.7975 | clip 2.0895 | clip_weight 0.5000 | lr 1.00e-03 | best 24.4726
2026-04-02 18:35:21,716 | INFO | SFTrainer | Epoch 1660 | total 24.3771 | rec_rna 3.3329 | rec_atac 6.7070 | clip 2.0115 | clip_weight 0.5000 | lr 1.00e-03 | best 24.3771
2026-04-02 18:35:22,520 | INFO | SFTrainer | Epoch 1670 | total 24.4286 | rec_rna 3.3275 | rec_atac 6.7904 | clip 2.0011 | clip_weight 0.5000 | lr 1.00e-03 | best 24.3771
2026-04-02 18:35:23,352 | INFO | SFTrainer | Epoch 1680 | total 24.4903 | rec_rna 3.3387 | rec_atac 6.7886 | clip 2.0164 | clip_weight 0.5000 | lr 1.00e-03 | best 24.2526
2026-04-02 18:35:24,137 | INFO | SFTrainer | Epoch 1690 | total 24.3939 | rec_rna 3.3333 | rec_atac 6.7469 | clip 1.9604 | clip_weight 0.5000 | lr 1.00e-03 | best 24.2526
2026-04-02 18:35:24,930 | INFO | SFTrainer | Epoch 1700 | total 24.3173 | rec_rna 3.3234 | rec_atac 6.7336 | clip 1.9335 | clip_weight 0.5000 | lr 1.00e-03 | best 24.2526
2026-04-02 18:35:25,785 | INFO | SFTrainer | Epoch 1710 | total 24.3478 | rec_rna 3.3322 | rec_atac 6.7311 | clip 1.9113 | clip_weight 0.5000 | lr 1.00e-03 | best 24.2399
2026-04-02 18:35:26,572 | INFO | SFTrainer | Epoch 1720 | total 24.2793 | rec_rna 3.3141 | rec_atac 6.7641 | clip 1.8891 | clip_weight 0.5000 | lr 1.00e-03 | best 24.2399
2026-04-02 18:35:27,394 | INFO | SFTrainer | Epoch 1730 | total 24.2254 | rec_rna 3.3151 | rec_atac 6.7293 | clip 1.8415 | clip_weight 0.5000 | lr 1.00e-03 | best 24.2090
2026-04-02 18:35:28,247 | INFO | SFTrainer | Epoch 1740 | total 24.1567 | rec_rna 3.3117 | rec_atac 6.7028 | clip 1.7910 | clip_weight 0.5000 | lr 1.00e-03 | best 24.1567
2026-04-02 18:35:29,104 | INFO | SFTrainer | Epoch 1750 | total 24.2263 | rec_rna 3.3183 | rec_atac 6.7267 | clip 1.8163 | clip_weight 0.5000 | lr 1.00e-03 | best 24.1279
2026-04-02 18:35:29,963 | INFO | SFTrainer | Epoch 1760 | total 24.2079 | rec_rna 3.3188 | rec_atac 6.7217 | clip 1.7843 | clip_weight 0.5000 | lr 1.00e-03 | best 24.1106
2026-04-02 18:35:30,752 | INFO | SFTrainer | Epoch 1770 | total 24.2069 | rec_rna 3.3263 | rec_atac 6.7104 | clip 1.7296 | clip_weight 0.5000 | lr 1.00e-03 | best 24.1106
2026-04-02 18:35:31,614 | INFO | SFTrainer | Epoch 1780 | total 24.0770 | rec_rna 3.3097 | rec_atac 6.6833 | clip 1.6906 | clip_weight 0.5000 | lr 1.00e-03 | best 24.0673
2026-04-02 18:35:32,409 | INFO | SFTrainer | Epoch 1790 | total 24.6040 | rec_rna 3.3744 | rec_atac 6.8420 | clip 1.7798 | clip_weight 0.5000 | lr 1.00e-03 | best 24.0673
2026-04-02 18:35:33,206 | INFO | SFTrainer | Epoch 1800 | total 24.7175 | rec_rna 3.3869 | rec_atac 6.8679 | clip 1.8299 | clip_weight 0.5000 | lr 1.00e-03 | best 24.0673
2026-04-02 18:35:34,030 | INFO | SFTrainer | Epoch 1810 | total 24.4819 | rec_rna 3.3605 | rec_atac 6.8045 | clip 1.7494 | clip_weight 0.5000 | lr 1.00e-03 | best 24.0673
2026-04-02 18:35:34,836 | INFO | SFTrainer | Epoch 1820 | total 24.2646 | rec_rna 3.3306 | rec_atac 6.7633 | clip 1.6964 | clip_weight 0.5000 | lr 1.00e-03 | best 24.0673
2026-04-02 18:35:35,677 | INFO | SFTrainer | Epoch 1830 | total 24.1345 | rec_rna 3.3187 | rec_atac 6.7219 | clip 1.6386 | clip_weight 0.5000 | lr 1.00e-03 | best 24.0665
2026-04-02 18:35:36,570 | INFO | SFTrainer | Epoch 1840 | total 23.9627 | rec_rna 3.2966 | rec_atac 6.7011 | clip 1.5573 | clip_weight 0.5000 | lr 1.00e-03 | best 23.9490
2026-04-02 18:35:37,412 | INFO | SFTrainer | Epoch 1850 | total 24.0336 | rec_rna 3.3108 | rec_atac 6.7105 | clip 1.5383 | clip_weight 0.5000 | lr 1.00e-03 | best 23.8649
2026-04-02 18:35:38,266 | INFO | SFTrainer | Epoch 1860 | total 23.9496 | rec_rna 3.3020 | rec_atac 6.6804 | clip 1.5181 | clip_weight 0.5000 | lr 1.00e-03 | best 23.8649
2026-04-02 18:35:39,154 | INFO | SFTrainer | Epoch 1870 | total 23.7962 | rec_rna 3.2841 | rec_atac 6.6333 | clip 1.4849 | clip_weight 0.5000 | lr 1.00e-03 | best 23.7962
2026-04-02 18:35:39,976 | INFO | SFTrainer | Epoch 1880 | total 23.7841 | rec_rna 3.2953 | rec_atac 6.6055 | clip 1.4043 | clip_weight 0.5000 | lr 1.00e-03 | best 23.7841
2026-04-02 18:35:40,871 | INFO | SFTrainer | Epoch 1890 | total 23.7076 | rec_rna 3.2781 | rec_atac 6.6016 | clip 1.4311 | clip_weight 0.5000 | lr 1.00e-03 | best 23.7076
2026-04-02 18:35:41,658 | INFO | SFTrainer | Epoch 1900 | total 23.8706 | rec_rna 3.2959 | rec_atac 6.6822 | clip 1.4180 | clip_weight 0.5000 | lr 1.00e-03 | best 23.7076
2026-04-02 18:35:42,500 | INFO | SFTrainer | Epoch 1910 | total 23.8091 | rec_rna 3.2840 | rec_atac 6.6924 | clip 1.3930 | clip_weight 0.5000 | lr 1.00e-03 | best 23.6355
2026-04-02 18:35:43,287 | INFO | SFTrainer | Epoch 1920 | total 23.7349 | rec_rna 3.2913 | rec_atac 6.6110 | clip 1.3351 | clip_weight 0.5000 | lr 1.00e-03 | best 23.6355
2026-04-02 18:35:44,104 | INFO | SFTrainer | Epoch 1930 | total 23.7228 | rec_rna 3.2814 | rec_atac 6.6517 | clip 1.3280 | clip_weight 0.5000 | lr 1.00e-03 | best 23.6176
2026-04-02 18:35:44,929 | INFO | SFTrainer | Epoch 1940 | total 23.7732 | rec_rna 3.2974 | rec_atac 6.6405 | clip 1.2917 | clip_weight 0.5000 | lr 1.00e-03 | best 23.5814
2026-04-02 18:35:45,757 | INFO | SFTrainer | Epoch 1950 | total 23.6836 | rec_rna 3.2809 | rec_atac 6.6283 | clip 1.3017 | clip_weight 0.5000 | lr 1.00e-03 | best 23.5340
2026-04-02 18:35:46,558 | INFO | SFTrainer | Epoch 1960 | total 23.6498 | rec_rna 3.2677 | rec_atac 6.6754 | clip 1.2723 | clip_weight 0.5000 | lr 1.00e-03 | best 23.5340
2026-04-02 18:35:47,381 | INFO | SFTrainer | Epoch 1970 | total 23.4778 | rec_rna 3.2528 | rec_atac 6.5884 | clip 1.2507 | clip_weight 0.5000 | lr 1.00e-03 | best 23.4778
2026-04-02 18:35:48,162 | INFO | SFTrainer | Epoch 1980 | total 23.6323 | rec_rna 3.2788 | rec_atac 6.6245 | clip 1.2277 | clip_weight 0.5000 | lr 1.00e-03 | best 23.4778
2026-04-02 18:35:48,946 | INFO | SFTrainer | Epoch 1990 | total 23.5622 | rec_rna 3.2668 | rec_atac 6.6270 | clip 1.2027 | clip_weight 0.5000 | lr 1.00e-03 | best 23.4778
2026-04-02 18:35:49,806 | INFO | SFTrainer | Epoch 2000 | total 23.5082 | rec_rna 3.2668 | rec_atac 6.5905 | clip 1.1673 | clip_weight 0.5000 | lr 1.00e-04 | best 23.4056
2026-04-02 18:35:50,661 | INFO | SFTrainer | Epoch 2010 | total 23.5000 | rec_rna 3.2579 | rec_atac 6.6054 | clip 1.2110 | clip_weight 0.4995 | lr 1.00e-04 | best 23.3990
2026-04-02 18:35:51,558 | INFO | SFTrainer | Epoch 2020 | total 23.2978 | rec_rna 3.2353 | rec_atac 6.5541 | clip 1.1392 | clip_weight 0.4980 | lr 1.00e-04 | best 23.2701
2026-04-02 18:35:52,482 | INFO | SFTrainer | Epoch 2030 | total 23.2306 | rec_rna 3.2308 | rec_atac 6.4983 | clip 1.1673 | clip_weight 0.4956 | lr 1.00e-04 | best 23.1826
2026-04-02 18:35:53,338 | INFO | SFTrainer | Epoch 2040 | total 23.2155 | rec_rna 3.2279 | rec_atac 6.5067 | clip 1.1568 | clip_weight 0.4921 | lr 1.00e-04 | best 23.1654
2026-04-02 18:35:54,233 | INFO | SFTrainer | Epoch 2050 | total 23.1108 | rec_rna 3.2106 | rec_atac 6.5137 | clip 1.1154 | clip_weight 0.4878 | lr 1.00e-04 | best 23.0651
2026-04-02 18:35:55,082 | INFO | SFTrainer | Epoch 2060 | total 23.1257 | rec_rna 3.2136 | rec_atac 6.5043 | clip 1.1466 | clip_weight 0.4824 | lr 1.00e-04 | best 23.0374
2026-04-02 18:35:55,949 | INFO | SFTrainer | Epoch 2070 | total 23.1527 | rec_rna 3.2172 | rec_atac 6.5171 | clip 1.1541 | clip_weight 0.4762 | lr 1.00e-04 | best 23.0051
2026-04-02 18:35:56,755 | INFO | SFTrainer | Epoch 2080 | total 23.0462 | rec_rna 3.2065 | rec_atac 6.4833 | clip 1.1312 | clip_weight 0.4691 | lr 1.00e-04 | best 23.0051
2026-04-02 18:35:57,605 | INFO | SFTrainer | Epoch 2090 | total 23.1030 | rec_rna 3.2198 | rec_atac 6.4914 | clip 1.1120 | clip_weight 0.4611 | lr 1.00e-04 | best 22.9837
2026-04-02 18:35:58,445 | INFO | SFTrainer | Epoch 2100 | total 22.9373 | rec_rna 3.1942 | rec_atac 6.4893 | clip 1.0543 | clip_weight 0.4523 | lr 1.00e-04 | best 22.9081
2026-04-02 18:35:59,263 | INFO | SFTrainer | Epoch 2110 | total 23.0349 | rec_rna 3.2125 | rec_atac 6.4707 | clip 1.1330 | clip_weight 0.4426 | lr 1.00e-04 | best 22.9081
2026-04-02 18:36:00,105 | INFO | SFTrainer | Epoch 2120 | total 23.0075 | rec_rna 3.2075 | rec_atac 6.4860 | clip 1.1190 | clip_weight 0.4322 | lr 1.00e-04 | best 22.9062
2026-04-02 18:36:00,941 | INFO | SFTrainer | Epoch 2130 | total 23.0494 | rec_rna 3.2194 | rec_atac 6.5007 | clip 1.0723 | clip_weight 0.4211 | lr 1.00e-04 | best 22.8832
2026-04-02 18:36:01,740 | INFO | SFTrainer | Epoch 2140 | total 22.9379 | rec_rna 3.2064 | rec_atac 6.4517 | clip 1.1097 | clip_weight 0.4094 | lr 1.00e-04 | best 22.8832
2026-04-02 18:36:02,576 | INFO | SFTrainer | Epoch 2150 | total 23.0078 | rec_rna 3.2137 | rec_atac 6.4895 | clip 1.1327 | clip_weight 0.3969 | lr 1.00e-04 | best 22.8184
2026-04-02 18:36:03,395 | INFO | SFTrainer | Epoch 2160 | total 22.9312 | rec_rna 3.2021 | rec_atac 6.4930 | clip 1.1136 | clip_weight 0.3840 | lr 1.00e-04 | best 22.8184
2026-04-02 18:36:04,185 | INFO | SFTrainer | Epoch 2170 | total 22.8685 | rec_rna 3.2004 | rec_atac 6.4597 | clip 1.0976 | clip_weight 0.3704 | lr 1.00e-04 | best 22.8184
2026-04-02 18:36:05,091 | INFO | SFTrainer | Epoch 2180 | total 22.8746 | rec_rna 3.2019 | rec_atac 6.4796 | clip 1.0808 | clip_weight 0.3564 | lr 1.00e-04 | best 22.7678
2026-04-02 18:36:05,895 | INFO | SFTrainer | Epoch 2190 | total 22.7839 | rec_rna 3.1911 | rec_atac 6.4584 | clip 1.0812 | clip_weight 0.3420 | lr 1.00e-04 | best 22.7678
2026-04-02 18:36:06,708 | INFO | SFTrainer | Epoch 2200 | total 22.8652 | rec_rna 3.2056 | rec_atac 6.4724 | clip 1.1152 | clip_weight 0.3273 | lr 1.00e-04 | best 22.7678
2026-04-02 18:36:07,591 | INFO | SFTrainer | Epoch 2210 | total 22.7626 | rec_rna 3.1987 | rec_atac 6.4327 | clip 1.0781 | clip_weight 0.3122 | lr 1.00e-04 | best 22.7541
2026-04-02 18:36:08,473 | INFO | SFTrainer | Epoch 2220 | total 22.8469 | rec_rna 3.2067 | rec_atac 6.4804 | clip 1.1222 | clip_weight 0.2968 | lr 1.00e-04 | best 22.6752
2026-04-02 18:36:09,358 | INFO | SFTrainer | Epoch 2230 | total 22.8195 | rec_rna 3.2037 | rec_atac 6.4893 | clip 1.1086 | clip_weight 0.2813 | lr 1.00e-04 | best 22.6752
2026-04-02 18:36:10,197 | INFO | SFTrainer | Epoch 2240 | total 22.7656 | rec_rna 3.2003 | rec_atac 6.4678 | clip 1.1146 | clip_weight 0.2657 | lr 1.00e-04 | best 22.6557
2026-04-02 18:36:11,070 | INFO | SFTrainer | Epoch 2250 | total 22.7061 | rec_rna 3.1938 | rec_atac 6.4607 | clip 1.1055 | clip_weight 0.2500 | lr 1.00e-04 | best 22.6556
2026-04-02 18:36:11,985 | INFO | SFTrainer | Epoch 2260 | total 22.6598 | rec_rna 3.1816 | rec_atac 6.4838 | clip 1.1444 | clip_weight 0.2343 | lr 1.00e-04 | best 22.6041
2026-04-02 18:36:12,831 | INFO | SFTrainer | Epoch 2270 | total 22.6584 | rec_rna 3.1963 | rec_atac 6.4341 | clip 1.1112 | clip_weight 0.2187 | lr 1.00e-04 | best 22.5931
2026-04-02 18:36:13,704 | INFO | SFTrainer | Epoch 2280 | total 22.6300 | rec_rna 3.1886 | rec_atac 6.4572 | clip 1.1309 | clip_weight 0.2032 | lr 1.00e-04 | best 22.5496
2026-04-02 18:36:14,543 | INFO | SFTrainer | Epoch 2290 | total 22.6972 | rec_rna 3.2114 | rec_atac 6.4364 | clip 1.0863 | clip_weight 0.1878 | lr 1.00e-04 | best 22.5366
2026-04-02 18:36:15,341 | INFO | SFTrainer | Epoch 2300 | total 22.5666 | rec_rna 3.1848 | rec_atac 6.4514 | clip 1.1062 | clip_weight 0.1727 | lr 1.00e-04 | best 22.5366
2026-04-02 18:36:16,207 | INFO | SFTrainer | Epoch 2310 | total 22.5539 | rec_rna 3.1841 | rec_atac 6.4628 | clip 1.0788 | clip_weight 0.1580 | lr 1.00e-04 | best 22.5054
2026-04-02 18:36:17,010 | INFO | SFTrainer | Epoch 2320 | total 22.5654 | rec_rna 3.1952 | rec_atac 6.4304 | clip 1.1073 | clip_weight 0.1436 | lr 1.00e-04 | best 22.5054
2026-04-02 18:36:17,891 | INFO | SFTrainer | Epoch 2330 | total 22.5404 | rec_rna 3.1862 | rec_atac 6.4666 | clip 1.1033 | clip_weight 0.1296 | lr 1.00e-04 | best 22.4548
2026-04-02 18:36:18,766 | INFO | SFTrainer | Epoch 2340 | total 22.5304 | rec_rna 3.1834 | rec_atac 6.4778 | clip 1.1683 | clip_weight 0.1160 | lr 1.00e-04 | best 22.4445
2026-04-02 18:36:19,569 | INFO | SFTrainer | Epoch 2350 | total 22.5316 | rec_rna 3.1915 | rec_atac 6.4555 | clip 1.1501 | clip_weight 0.1031 | lr 1.00e-04 | best 22.4445
2026-04-02 18:36:20,389 | INFO | SFTrainer | Epoch 2360 | total 22.5865 | rec_rna 3.2046 | rec_atac 6.4601 | clip 1.1392 | clip_weight 0.0906 | lr 1.00e-04 | best 22.4445
2026-04-02 18:36:21,305 | INFO | SFTrainer | Epoch 2370 | total 22.4847 | rec_rna 3.1868 | rec_atac 6.4623 | clip 1.1244 | clip_weight 0.0789 | lr 1.00e-04 | best 22.3967
2026-04-02 18:36:22,101 | INFO | SFTrainer | Epoch 2380 | total 22.4648 | rec_rna 3.1901 | rec_atac 6.4401 | clip 1.0960 | clip_weight 0.0678 | lr 1.00e-04 | best 22.3967
2026-04-02 18:36:23,000 | INFO | SFTrainer | Epoch 2390 | total 22.5042 | rec_rna 3.1957 | rec_atac 6.4594 | clip 1.1573 | clip_weight 0.0574 | lr 1.00e-04 | best 22.3606
2026-04-02 18:36:23,843 | INFO | SFTrainer | Epoch 2400 | total 22.3568 | rec_rna 3.1781 | rec_atac 6.4127 | clip 1.1261 | clip_weight 0.0477 | lr 1.00e-04 | best 22.3568
2026-04-02 18:36:24,733 | INFO | SFTrainer | Epoch 2410 | total 22.4209 | rec_rna 3.1835 | rec_atac 6.4562 | clip 1.2099 | clip_weight 0.0389 | lr 1.00e-04 | best 22.3399
2026-04-02 18:36:25,568 | INFO | SFTrainer | Epoch 2420 | total 22.3413 | rec_rna 3.1787 | rec_atac 6.4116 | clip 1.1775 | clip_weight 0.0309 | lr 1.00e-04 | best 22.2911
2026-04-02 18:36:26,371 | INFO | SFTrainer | Epoch 2430 | total 22.4496 | rec_rna 3.1938 | rec_atac 6.4529 | clip 1.1657 | clip_weight 0.0238 | lr 1.00e-04 | best 22.2911
2026-04-02 18:36:27,174 | INFO | SFTrainer | Epoch 2440 | total 22.3929 | rec_rna 3.1795 | rec_atac 6.4755 | clip 1.1323 | clip_weight 0.0176 | lr 1.00e-04 | best 22.2911
2026-04-02 18:36:27,969 | INFO | SFTrainer | Epoch 2450 | total 22.3401 | rec_rna 3.1812 | rec_atac 6.4193 | clip 1.1896 | clip_weight 0.0122 | lr 1.00e-04 | best 22.2911
2026-04-02 18:36:28,822 | INFO | SFTrainer | Epoch 2460 | total 22.4674 | rec_rna 3.2025 | rec_atac 6.4453 | clip 1.1994 | clip_weight 0.0079 | lr 1.00e-04 | best 22.2903
2026-04-02 18:36:29,685 | INFO | SFTrainer | Epoch 2470 | total 22.3322 | rec_rna 3.1788 | rec_atac 6.4330 | clip 1.1509 | clip_weight 0.0044 | lr 1.00e-04 | best 22.2785
2026-04-02 18:36:30,563 | INFO | SFTrainer | Epoch 2480 | total 22.3553 | rec_rna 3.1865 | rec_atac 6.4203 | clip 1.2084 | clip_weight 0.0020 | lr 1.00e-04 | best 22.2638
2026-04-02 18:36:31,396 | INFO | SFTrainer | Epoch 2490 | total 22.3343 | rec_rna 3.1774 | rec_atac 6.4470 | clip 1.1753 | clip_weight 0.0005 | lr 1.00e-04 | best 22.2423
2026-04-02 18:36:32,260 | INFO | SFTrainer | Epoch 2500 | total 22.3206 | rec_rna 3.1853 | rec_atac 6.3942 | clip 0.0000 | clip_weight 0.0000 | lr 1.00e-04 | best 22.2006
2026-04-02 18:36:33,052 | INFO | SFTrainer | Epoch 2510 | total 22.2950 | rec_rna 3.1733 | rec_atac 6.4284 | clip 0.0000 | clip_weight 0.0000 | lr 1.00e-04 | best 22.2006
2026-04-02 18:36:33,874 | INFO | SFTrainer | Epoch 2520 | total 22.3437 | rec_rna 3.1828 | rec_atac 6.4295 | clip 0.0000 | clip_weight 0.0000 | lr 1.00e-04 | best 22.2006
2026-04-02 18:36:34,632 | INFO | SFTrainer | Epoch 2530 | total 22.2621 | rec_rna 3.1665 | rec_atac 6.4298 | clip 0.0000 | clip_weight 0.0000 | lr 1.00e-04 | best 22.2006
2026-04-02 18:36:35,392 | INFO | SFTrainer | Epoch 2540 | total 22.3001 | rec_rna 3.1750 | rec_atac 6.4253 | clip 0.0000 | clip_weight 0.0000 | lr 1.00e-04 | best 22.2006
2026-04-02 18:36:36,219 | INFO | SFTrainer | Epoch 2550 | total 22.2452 | rec_rna 3.1683 | rec_atac 6.4038 | clip 0.0000 | clip_weight 0.0000 | lr 1.00e-04 | best 22.1708
2026-04-02 18:36:37,022 | INFO | SFTrainer | Epoch 2560 | total 22.2966 | rec_rna 3.1777 | rec_atac 6.4079 | clip 0.0000 | clip_weight 0.0000 | lr 1.00e-04 | best 22.1708
2026-04-02 18:36:37,778 | INFO | SFTrainer | Epoch 2570 | total 22.3173 | rec_rna 3.1778 | rec_atac 6.4283 | clip 0.0000 | clip_weight 0.0000 | lr 1.00e-04 | best 22.1708
2026-04-02 18:36:38,539 | INFO | SFTrainer | Epoch 2580 | total 22.3444 | rec_rna 3.1821 | rec_atac 6.4337 | clip 0.0000 | clip_weight 0.0000 | lr 1.00e-04 | best 22.1708
2026-04-02 18:36:39,301 | INFO | SFTrainer | Epoch 2590 | total 22.3520 | rec_rna 3.1824 | rec_atac 6.4400 | clip 0.0000 | clip_weight 0.0000 | lr 1.00e-04 | best 22.1708
2026-04-02 18:36:40,063 | INFO | SFTrainer | Epoch 2600 | total 22.3010 | rec_rna 3.1822 | rec_atac 6.3901 | clip 0.0000 | clip_weight 0.0000 | lr 1.00e-04 | best 22.1708
2026-04-02 18:36:40,898 | INFO | SFTrainer | Epoch 2610 | total 22.3555 | rec_rna 3.1821 | rec_atac 6.4449 | clip 0.0000 | clip_weight 0.0000 | lr 1.00e-04 | best 22.1708
2026-04-02 18:36:41,670 | INFO | SFTrainer | Epoch 2620 | total 22.2424 | rec_rna 3.1650 | rec_atac 6.4172 | clip 0.0000 | clip_weight 0.0000 | lr 1.00e-04 | best 22.1708
2026-04-02 18:36:42,438 | INFO | SFTrainer | Epoch 2630 | total 22.2821 | rec_rna 3.1783 | rec_atac 6.3905 | clip 0.0000 | clip_weight 0.0000 | lr 1.00e-04 | best 22.1708
2026-04-02 18:36:43,203 | INFO | SFTrainer | Epoch 2640 | total 22.2726 | rec_rna 3.1723 | rec_atac 6.4114 | clip 0.0000 | clip_weight 0.0000 | lr 1.00e-04 | best 22.1708
2026-04-02 18:36:44,010 | INFO | SFTrainer | Epoch 2650 | total 22.2923 | rec_rna 3.1713 | rec_atac 6.4361 | clip 0.0000 | clip_weight 0.0000 | lr 1.00e-04 | best 22.1708
2026-04-02 18:36:44,801 | INFO | SFTrainer | Epoch 2660 | total 22.2644 | rec_rna 3.1696 | rec_atac 6.4164 | clip 0.0000 | clip_weight 0.0000 | lr 1.00e-04 | best 22.1708
2026-04-02 18:36:45,570 | INFO | SFTrainer | Epoch 2670 | total 22.2494 | rec_rna 3.1678 | rec_atac 6.4106 | clip 0.0000 | clip_weight 0.0000 | lr 1.00e-04 | best 22.1708
2026-04-02 18:36:46,330 | INFO | SFTrainer | Epoch 2680 | total 22.2641 | rec_rna 3.1748 | rec_atac 6.3900 | clip 0.0000 | clip_weight 0.0000 | lr 1.00e-04 | best 22.1708
2026-04-02 18:36:47,137 | INFO | SFTrainer | Epoch 2690 | total 22.2145 | rec_rna 3.1608 | rec_atac 6.4104 | clip 0.0000 | clip_weight 0.0000 | lr 1.00e-04 | best 22.1703
2026-04-02 18:36:47,902 | INFO | SFTrainer | Epoch 2700 | total 22.2839 | rec_rna 3.1773 | rec_atac 6.3975 | clip 0.0000 | clip_weight 0.0000 | lr 1.00e-04 | best 22.1703
2026-04-02 18:36:48,683 | INFO | SFTrainer | Epoch 2710 | total 22.2498 | rec_rna 3.1715 | rec_atac 6.3924 | clip 0.0000 | clip_weight 0.0000 | lr 1.00e-04 | best 22.1703
2026-04-02 18:36:49,483 | INFO | SFTrainer | Epoch 2720 | total 22.2432 | rec_rna 3.1689 | rec_atac 6.3985 | clip 0.0000 | clip_weight 0.0000 | lr 1.00e-04 | best 22.1703
2026-04-02 18:36:50,248 | INFO | SFTrainer | Epoch 2730 | total 22.2689 | rec_rna 3.1667 | rec_atac 6.4354 | clip 0.0000 | clip_weight 0.0000 | lr 1.00e-04 | best 22.1703
2026-04-02 18:36:51,097 | INFO | SFTrainer | Epoch 2740 | total 22.1166 | rec_rna 3.1463 | rec_atac 6.3852 | clip 0.0000 | clip_weight 0.0000 | lr 1.00e-04 | best 22.1166
2026-04-02 18:36:51,864 | INFO | SFTrainer | Epoch 2750 | total 22.2482 | rec_rna 3.1702 | rec_atac 6.3973 | clip 0.0000 | clip_weight 0.0000 | lr 1.00e-04 | best 22.1166
2026-04-02 18:36:52,648 | INFO | SFTrainer | Epoch 2760 | total 22.2973 | rec_rna 3.1746 | rec_atac 6.4244 | clip 0.0000 | clip_weight 0.0000 | lr 1.00e-04 | best 22.1166
2026-04-02 18:36:53,402 | INFO | SFTrainer | Epoch 2770 | total 22.1819 | rec_rna 3.1568 | rec_atac 6.3977 | clip 0.0000 | clip_weight 0.0000 | lr 1.00e-04 | best 22.1166
2026-04-02 18:36:54,177 | INFO | SFTrainer | Epoch 2780 | total 22.2356 | rec_rna 3.1583 | rec_atac 6.4443 | clip 0.0000 | clip_weight 0.0000 | lr 1.00e-04 | best 22.1166
2026-04-02 18:36:54,935 | INFO | SFTrainer | Epoch 2790 | total 22.2164 | rec_rna 3.1634 | rec_atac 6.3993 | clip 0.0000 | clip_weight 0.0000 | lr 1.00e-04 | best 22.1166
2026-04-02 18:36:55,764 | INFO | SFTrainer | Epoch 2800 | total 22.3375 | rec_rna 3.1820 | rec_atac 6.4276 | clip 0.0000 | clip_weight 0.0000 | lr 1.00e-04 | best 22.1048
2026-04-02 18:36:56,590 | INFO | SFTrainer | Epoch 2810 | total 22.1031 | rec_rna 3.1466 | rec_atac 6.3704 | clip 0.0000 | clip_weight 0.0000 | lr 1.00e-04 | best 22.1031
2026-04-02 18:36:57,351 | INFO | SFTrainer | Epoch 2820 | total 22.1289 | rec_rna 3.1494 | rec_atac 6.3818 | clip 0.0000 | clip_weight 0.0000 | lr 1.00e-04 | best 22.1031
2026-04-02 18:36:58,106 | INFO | SFTrainer | Epoch 2830 | total 22.1971 | rec_rna 3.1604 | rec_atac 6.3951 | clip 0.0000 | clip_weight 0.0000 | lr 1.00e-04 | best 22.1031
2026-04-02 18:36:58,856 | INFO | SFTrainer | Epoch 2840 | total 22.2269 | rec_rna 3.1666 | rec_atac 6.3940 | clip 0.0000 | clip_weight 0.0000 | lr 1.00e-04 | best 22.1031
2026-04-02 18:36:59,605 | INFO | SFTrainer | Epoch 2850 | total 22.2821 | rec_rna 3.1742 | rec_atac 6.4112 | clip 0.0000 | clip_weight 0.0000 | lr 1.00e-04 | best 22.1031
2026-04-02 18:37:00,387 | INFO | SFTrainer | Epoch 2860 | total 22.1634 | rec_rna 3.1519 | rec_atac 6.4037 | clip 0.0000 | clip_weight 0.0000 | lr 1.00e-04 | best 22.1031
2026-04-02 18:37:01,149 | INFO | SFTrainer | Epoch 2870 | total 22.2335 | rec_rna 3.1689 | rec_atac 6.3888 | clip 0.0000 | clip_weight 0.0000 | lr 1.00e-04 | best 22.1031
2026-04-02 18:37:01,906 | INFO | SFTrainer | Epoch 2880 | total 22.1245 | rec_rna 3.1488 | rec_atac 6.3805 | clip 0.0000 | clip_weight 0.0000 | lr 1.00e-04 | best 22.1031
2026-04-02 18:37:02,659 | INFO | SFTrainer | Epoch 2890 | total 22.2921 | rec_rna 3.1729 | rec_atac 6.4274 | clip 0.0000 | clip_weight 0.0000 | lr 1.00e-04 | best 22.1031
2026-04-02 18:37:03,484 | INFO | SFTrainer | Epoch 2900 | total 22.1713 | rec_rna 3.1545 | rec_atac 6.3989 | clip 0.0000 | clip_weight 0.0000 | lr 1.00e-04 | best 22.0772
2026-04-02 18:37:04,257 | INFO | SFTrainer | Epoch 2910 | total 22.1684 | rec_rna 3.1579 | rec_atac 6.3788 | clip 0.0000 | clip_weight 0.0000 | lr 1.00e-04 | best 22.0772
2026-04-02 18:37:05,010 | INFO | SFTrainer | Epoch 2920 | total 22.1185 | rec_rna 3.1532 | rec_atac 6.3523 | clip 0.0000 | clip_weight 0.0000 | lr 1.00e-04 | best 22.0772
2026-04-02 18:37:05,762 | INFO | SFTrainer | Epoch 2930 | total 22.1760 | rec_rna 3.1539 | rec_atac 6.4063 | clip 0.0000 | clip_weight 0.0000 | lr 1.00e-04 | best 22.0772
2026-04-02 18:37:06,511 | INFO | SFTrainer | Epoch 2940 | total 22.1471 | rec_rna 3.1555 | rec_atac 6.3697 | clip 0.0000 | clip_weight 0.0000 | lr 1.00e-04 | best 22.0772
2026-04-02 18:37:07,268 | INFO | SFTrainer | Epoch 2950 | total 22.1000 | rec_rna 3.1510 | rec_atac 6.3448 | clip 0.0000 | clip_weight 0.0000 | lr 1.00e-04 | best 22.0772
2026-04-02 18:37:08,046 | INFO | SFTrainer | Epoch 2960 | total 22.1588 | rec_rna 3.1597 | rec_atac 6.3603 | clip 0.0000 | clip_weight 0.0000 | lr 1.00e-04 | best 22.0772
2026-04-02 18:37:08,799 | INFO | SFTrainer | Epoch 2970 | total 22.2181 | rec_rna 3.1629 | rec_atac 6.4039 | clip 0.0000 | clip_weight 0.0000 | lr 1.00e-04 | best 22.0772
2026-04-02 18:37:09,557 | INFO | SFTrainer | Epoch 2980 | total 22.1217 | rec_rna 3.1493 | rec_atac 6.3752 | clip 0.0000 | clip_weight 0.0000 | lr 1.00e-04 | best 22.0772
2026-04-02 18:37:10,325 | INFO | SFTrainer | Epoch 2990 | total 22.2191 | rec_rna 3.1712 | rec_atac 6.3633 | clip 0.0000 | clip_weight 0.0000 | lr 1.00e-04 | best 22.0772
2026-04-02 18:37:11,099 | INFO | SFTrainer | Epoch 3000 | total 22.0887 | rec_rna 3.1414 | rec_atac 6.3816 | clip 0.0000 | clip_weight 0.0000 | lr 1.00e-04 | best 22.0772
2026-04-02 18:37:11,121 | INFO | SFTrainer | Training finished. Best loss=22.0772
2026-04-02 18:37:11,122 | INFO | SFTrainer | Training run complete.

========================================================================================
2026-04-02 18:37:23,509 | INFO | SFEvaluate | [Phase 3] Evaluation started.
2026-04-02 18:37:23,509 | INFO | SFEvaluate | Loading processed data...
2026-04-02 18:37:23,801 | INFO | SFEvaluate | Initializing model...
2026-04-02 18:37:23,903 | INFO | SFEvaluate | Loading checkpoint: ckpt_best.pth
2026-04-02 18:37:23,950 | INFO | SFEvaluate | Inference running...
2026-04-02 18:37:24,557 | INFO | SFEvaluate | Latent shape: torch.Size([2129, 128])
2026-04-02 18:37:50,263 | INFO | SFEvaluate | Artifacts: ./results/tuning/e3/figures/spatial_analysis.pdf | ./results/tuning/e3/predictions/embedding_joint.h5ad
2026-04-02 18:37:50,263 | INFO | SFEvaluate | Eval metrics | checkpoint=ckpt_best.pth | epoch=BEST (Epoch 3000) | latent_moran=0.4938 | cluster_moran=0.7090
2026-04-02 18:37:50,264 | INFO | SFEvaluate | GT metrics | checkpoint=ckpt_best.pth | epoch=BEST (Epoch 3000) | ARI=0.3432 | NMI=0.5780 | AMI=0.5705 | HOM=0.6364 | n_valid=2129
2026-04-02 18:37:50,264 | INFO | SFEvaluate | Evaluation complete.

========================================================================================
2026-04-02 18:38:02,779 | INFO | SFEvaluateRange | [Range Evaluate] Started. epochs=[1500, 1600, 1700, 1800, 1900, 2000, 2100, 2200, 2300, 2400, 2500, 2600, 2700, 2800, 2900, 3000]
2026-04-02 18:38:02,780 | INFO | SFEvaluateRange | Loading processed data...
2026-04-02 18:38:03,012 | INFO | SFEvaluateRange | Initializing model...
2026-04-02 18:38:03,113 | INFO | SFEvaluateRange | Evaluating epoch 1500 with ckpt_1500.pth
2026-04-02 18:38:29,198 | INFO | SFEvaluateRange | Eval metrics (epoch_1500) | checkpoint=ckpt_1500.pth | epoch=Epoch 1500 | latent_moran=0.4721 | cluster_moran=0.7099
2026-04-02 18:38:29,198 | INFO | SFEvaluateRange | GT metrics (epoch_1500) | checkpoint=ckpt_1500.pth | epoch=Epoch 1500 | ARI=0.3343 | NMI=0.5748 | AMI=0.5672 | HOM=0.6292 | n_valid=2129
2026-04-02 18:38:29,199 | INFO | SFEvaluateRange | Artifacts (epoch_1500): ./results/tuning/e3/figures/spatial_analysis_epoch_1500.pdf | ./results/tuning/e3/predictions/embedding_joint_epoch_1500.h5ad
2026-04-02 18:38:29,199 | INFO | SFEvaluateRange | Evaluating epoch 1600 with ckpt_1600.pth
2026-04-02 18:38:43,077 | INFO | SFEvaluateRange | Eval metrics (epoch_1600) | checkpoint=ckpt_1600.pth | epoch=Epoch 1600 | latent_moran=0.4756 | cluster_moran=0.7081
2026-04-02 18:38:43,077 | INFO | SFEvaluateRange | GT metrics (epoch_1600) | checkpoint=ckpt_1600.pth | epoch=Epoch 1600 | ARI=0.3048 | NMI=0.5571 | AMI=0.5492 | HOM=0.6127 | n_valid=2129
2026-04-02 18:38:43,078 | INFO | SFEvaluateRange | Artifacts (epoch_1600): ./results/tuning/e3/figures/spatial_analysis_epoch_1600.pdf | ./results/tuning/e3/predictions/embedding_joint_epoch_1600.h5ad
2026-04-02 18:38:43,078 | INFO | SFEvaluateRange | Evaluating epoch 1700 with ckpt_1700.pth
2026-04-02 18:38:57,311 | INFO | SFEvaluateRange | Eval metrics (epoch_1700) | checkpoint=ckpt_1700.pth | epoch=Epoch 1700 | latent_moran=0.4773 | cluster_moran=0.7093
2026-04-02 18:38:57,311 | INFO | SFEvaluateRange | GT metrics (epoch_1700) | checkpoint=ckpt_1700.pth | epoch=Epoch 1700 | ARI=0.3299 | NMI=0.5687 | AMI=0.5610 | HOM=0.6213 | n_valid=2129
2026-04-02 18:38:57,312 | INFO | SFEvaluateRange | Artifacts (epoch_1700): ./results/tuning/e3/figures/spatial_analysis_epoch_1700.pdf | ./results/tuning/e3/predictions/embedding_joint_epoch_1700.h5ad
2026-04-02 18:38:57,312 | INFO | SFEvaluateRange | Evaluating epoch 1800 with ckpt_1800.pth
2026-04-02 18:39:15,667 | INFO | SFEvaluateRange | Eval metrics (epoch_1800) | checkpoint=ckpt_1800.pth | epoch=Epoch 1800 | latent_moran=0.4728 | cluster_moran=0.6965
2026-04-02 18:39:15,667 | INFO | SFEvaluateRange | GT metrics (epoch_1800) | checkpoint=ckpt_1800.pth | epoch=Epoch 1800 | ARI=0.3995 | NMI=0.6013 | AMI=0.5941 | HOM=0.6533 | n_valid=2129
2026-04-02 18:39:15,668 | INFO | SFEvaluateRange | Artifacts (epoch_1800): ./results/tuning/e3/figures/spatial_analysis_epoch_1800.pdf | ./results/tuning/e3/predictions/embedding_joint_epoch_1800.h5ad
2026-04-02 18:39:15,668 | INFO | SFEvaluateRange | Evaluating epoch 1900 with ckpt_1900.pth
2026-04-02 18:39:29,642 | INFO | SFEvaluateRange | Eval metrics (epoch_1900) | checkpoint=ckpt_1900.pth | epoch=Epoch 1900 | latent_moran=0.4798 | cluster_moran=0.6954
2026-04-02 18:39:29,642 | INFO | SFEvaluateRange | GT metrics (epoch_1900) | checkpoint=ckpt_1900.pth | epoch=Epoch 1900 | ARI=0.4550 | NMI=0.5936 | AMI=0.5863 | HOM=0.6456 | n_valid=2129
2026-04-02 18:39:29,642 | INFO | SFEvaluateRange | Artifacts (epoch_1900): ./results/tuning/e3/figures/spatial_analysis_epoch_1900.pdf | ./results/tuning/e3/predictions/embedding_joint_epoch_1900.h5ad
2026-04-02 18:39:29,643 | INFO | SFEvaluateRange | Evaluating epoch 2000 with ckpt_best.pth
2026-04-02 18:39:45,550 | INFO | SFEvaluateRange | Eval metrics (epoch_2000_best) | checkpoint=ckpt_best.pth | epoch=Epoch 2000 (BEST) | latent_moran=0.4938 | cluster_moran=0.7090
2026-04-02 18:39:45,550 | INFO | SFEvaluateRange | GT metrics (epoch_2000_best) | checkpoint=ckpt_best.pth | epoch=Epoch 2000 (BEST) | ARI=0.3432 | NMI=0.5780 | AMI=0.5705 | HOM=0.6364 | n_valid=2129
2026-04-02 18:39:45,551 | INFO | SFEvaluateRange | Artifacts (epoch_2000_best): ./results/tuning/e3/figures/spatial_analysis_epoch_2000_best.pdf | ./results/tuning/e3/predictions/embedding_joint_epoch_2000_best.h5ad
2026-04-02 18:39:45,551 | INFO | SFEvaluateRange | Evaluating epoch 2100 with ckpt_2100.pth
2026-04-02 18:40:01,974 | INFO | SFEvaluateRange | Eval metrics (epoch_2100) | checkpoint=ckpt_2100.pth | epoch=Epoch 2100 | latent_moran=0.4849 | cluster_moran=0.7130
2026-04-02 18:40:01,975 | INFO | SFEvaluateRange | GT metrics (epoch_2100) | checkpoint=ckpt_2100.pth | epoch=Epoch 2100 | ARI=0.4283 | NMI=0.5879 | AMI=0.5805 | HOM=0.6373 | n_valid=2129
2026-04-02 18:40:01,975 | INFO | SFEvaluateRange | Artifacts (epoch_2100): ./results/tuning/e3/figures/spatial_analysis_epoch_2100.pdf | ./results/tuning/e3/predictions/embedding_joint_epoch_2100.h5ad
2026-04-02 18:40:01,975 | INFO | SFEvaluateRange | Evaluating epoch 2200 with ckpt_2200.pth
2026-04-02 18:40:17,586 | INFO | SFEvaluateRange | Eval metrics (epoch_2200) | checkpoint=ckpt_2200.pth | epoch=Epoch 2200 | latent_moran=0.4863 | cluster_moran=0.6982
2026-04-02 18:40:17,587 | INFO | SFEvaluateRange | GT metrics (epoch_2200) | checkpoint=ckpt_2200.pth | epoch=Epoch 2200 | ARI=0.4504 | NMI=0.5922 | AMI=0.5849 | HOM=0.6456 | n_valid=2129
2026-04-02 18:40:17,587 | INFO | SFEvaluateRange | Artifacts (epoch_2200): ./results/tuning/e3/figures/spatial_analysis_epoch_2200.pdf | ./results/tuning/e3/predictions/embedding_joint_epoch_2200.h5ad
2026-04-02 18:40:17,587 | INFO | SFEvaluateRange | Evaluating epoch 2300 with ckpt_2300.pth
2026-04-02 18:40:33,976 | INFO | SFEvaluateRange | Eval metrics (epoch_2300) | checkpoint=ckpt_2300.pth | epoch=Epoch 2300 | latent_moran=0.4881 | cluster_moran=0.7093
2026-04-02 18:40:33,977 | INFO | SFEvaluateRange | GT metrics (epoch_2300) | checkpoint=ckpt_2300.pth | epoch=Epoch 2300 | ARI=0.4286 | NMI=0.5876 | AMI=0.5803 | HOM=0.6403 | n_valid=2129
2026-04-02 18:40:33,977 | INFO | SFEvaluateRange | Artifacts (epoch_2300): ./results/tuning/e3/figures/spatial_analysis_epoch_2300.pdf | ./results/tuning/e3/predictions/embedding_joint_epoch_2300.h5ad
2026-04-02 18:40:33,977 | INFO | SFEvaluateRange | Evaluating epoch 2400 with ckpt_2400.pth
2026-04-02 18:40:47,774 | INFO | SFEvaluateRange | Eval metrics (epoch_2400) | checkpoint=ckpt_2400.pth | epoch=Epoch 2400 | latent_moran=0.4891 | cluster_moran=0.6971
2026-04-02 18:40:47,774 | INFO | SFEvaluateRange | GT metrics (epoch_2400) | checkpoint=ckpt_2400.pth | epoch=Epoch 2400 | ARI=0.3864 | NMI=0.5658 | AMI=0.5580 | HOM=0.6212 | n_valid=2129
2026-04-02 18:40:47,775 | INFO | SFEvaluateRange | Artifacts (epoch_2400): ./results/tuning/e3/figures/spatial_analysis_epoch_2400.pdf | ./results/tuning/e3/predictions/embedding_joint_epoch_2400.h5ad
2026-04-02 18:40:47,775 | INFO | SFEvaluateRange | Evaluating epoch 2500 with ckpt_2500.pth
2026-04-02 18:41:01,150 | INFO | SFEvaluateRange | Eval metrics (epoch_2500) | checkpoint=ckpt_2500.pth | epoch=Epoch 2500 | latent_moran=0.4898 | cluster_moran=0.6982
2026-04-02 18:41:01,150 | INFO | SFEvaluateRange | GT metrics (epoch_2500) | checkpoint=ckpt_2500.pth | epoch=Epoch 2500 | ARI=0.3476 | NMI=0.5663 | AMI=0.5585 | HOM=0.6202 | n_valid=2129
2026-04-02 18:41:01,151 | INFO | SFEvaluateRange | Artifacts (epoch_2500): ./results/tuning/e3/figures/spatial_analysis_epoch_2500.pdf | ./results/tuning/e3/predictions/embedding_joint_epoch_2500.h5ad
2026-04-02 18:41:01,151 | INFO | SFEvaluateRange | Evaluating epoch 2600 with ckpt_2600.pth
2026-04-02 18:41:17,266 | INFO | SFEvaluateRange | Eval metrics (epoch_2600) | checkpoint=ckpt_2600.pth | epoch=Epoch 2600 | latent_moran=0.4908 | cluster_moran=0.7270
2026-04-02 18:41:17,267 | INFO | SFEvaluateRange | GT metrics (epoch_2600) | checkpoint=ckpt_2600.pth | epoch=Epoch 2600 | ARI=0.3453 | NMI=0.5777 | AMI=0.5701 | HOM=0.6328 | n_valid=2129
2026-04-02 18:41:17,267 | INFO | SFEvaluateRange | Artifacts (epoch_2600): ./results/tuning/e3/figures/spatial_analysis_epoch_2600.pdf | ./results/tuning/e3/predictions/embedding_joint_epoch_2600.h5ad
2026-04-02 18:41:17,267 | INFO | SFEvaluateRange | Evaluating epoch 2700 with ckpt_2700.pth
2026-04-02 18:41:35,353 | INFO | SFEvaluateRange | Eval metrics (epoch_2700) | checkpoint=ckpt_2700.pth | epoch=Epoch 2700 | latent_moran=0.4918 | cluster_moran=0.7018
2026-04-02 18:41:35,353 | INFO | SFEvaluateRange | GT metrics (epoch_2700) | checkpoint=ckpt_2700.pth | epoch=Epoch 2700 | ARI=0.4324 | NMI=0.5962 | AMI=0.5889 | HOM=0.6452 | n_valid=2129
2026-04-02 18:41:35,354 | INFO | SFEvaluateRange | Artifacts (epoch_2700): ./results/tuning/e3/figures/spatial_analysis_epoch_2700.pdf | ./results/tuning/e3/predictions/embedding_joint_epoch_2700.h5ad
2026-04-02 18:41:35,354 | INFO | SFEvaluateRange | Evaluating epoch 2800 with ckpt_2800.pth
2026-04-02 18:41:49,145 | INFO | SFEvaluateRange | Eval metrics (epoch_2800) | checkpoint=ckpt_2800.pth | epoch=Epoch 2800 | latent_moran=0.4920 | cluster_moran=0.7028
2026-04-02 18:41:49,145 | INFO | SFEvaluateRange | GT metrics (epoch_2800) | checkpoint=ckpt_2800.pth | epoch=Epoch 2800 | ARI=0.4339 | NMI=0.5884 | AMI=0.5810 | HOM=0.6434 | n_valid=2129
2026-04-02 18:41:49,145 | INFO | SFEvaluateRange | Artifacts (epoch_2800): ./results/tuning/e3/figures/spatial_analysis_epoch_2800.pdf | ./results/tuning/e3/predictions/embedding_joint_epoch_2800.h5ad
2026-04-02 18:41:49,146 | INFO | SFEvaluateRange | Evaluating epoch 2900 with ckpt_2900.pth
2026-04-02 18:42:04,856 | INFO | SFEvaluateRange | Eval metrics (epoch_2900) | checkpoint=ckpt_2900.pth | epoch=Epoch 2900 | latent_moran=0.4939 | cluster_moran=0.7168
2026-04-02 18:42:04,856 | INFO | SFEvaluateRange | GT metrics (epoch_2900) | checkpoint=ckpt_2900.pth | epoch=Epoch 2900 | ARI=0.4051 | NMI=0.5796 | AMI=0.5721 | HOM=0.6385 | n_valid=2129
2026-04-02 18:42:04,856 | INFO | SFEvaluateRange | Artifacts (epoch_2900): ./results/tuning/e3/figures/spatial_analysis_epoch_2900.pdf | ./results/tuning/e3/predictions/embedding_joint_epoch_2900.h5ad
2026-04-02 18:42:04,857 | INFO | SFEvaluateRange | Evaluating epoch 3000 with ckpt_3000.pth
2026-04-02 18:42:18,666 | INFO | SFEvaluateRange | Eval metrics (epoch_3000) | checkpoint=ckpt_3000.pth | epoch=Epoch 3000 | latent_moran=0.4945 | cluster_moran=0.7064
2026-04-02 18:42:18,667 | INFO | SFEvaluateRange | GT metrics (epoch_3000) | checkpoint=ckpt_3000.pth | epoch=Epoch 3000 | ARI=0.4029 | NMI=0.5732 | AMI=0.5656 | HOM=0.6245 | n_valid=2129
2026-04-02 18:42:18,667 | INFO | SFEvaluateRange | Artifacts (epoch_3000): ./results/tuning/e3/figures/spatial_analysis_epoch_3000.pdf | ./results/tuning/e3/predictions/embedding_joint_epoch_3000.h5ad
2026-04-02 18:42:18,667 | INFO | SFEvaluateRange | Range evaluation complete. Success=16 | Failed/Skipped=0

========================================================================================
