2026-04-03 11:51:14,930 | INFO | SFPreprocess | [Phase 1] Starting Data Preprocessing...
2026-04-03 11:51:14,930 | INFO | SFPreprocess | Loading raw data...
2026-04-03 11:51:14,930 | INFO | SFPreprocess | Data loader: paired h5ad
2026-04-03 11:51:54,532 | INFO | SFPreprocess | Aligned final cells: RNA=1949, ATAC=1949
2026-04-03 11:52:16,040 | INFO | SFPreprocess | Reduced shapes: RNA=(1949, 512), ATAC=(1949, 512)
2026-04-03 11:52:18,258 | INFO | SFPreprocess | Saving processed tensors...
2026-04-03 11:52:18,285 | INFO | SFPreprocess | Preprocessing complete: data/processed/e15_5_s1/tuning/k8_a0p9/processed_data.pt

========================================================================================
2026-04-03 11:52:24,547 | INFO | SFTrainer | [Phase 2] Starting Model Training...
2026-04-03 11:52:24,548 | INFO | SFTrainer | Loading processed data...
2026-04-03 11:52:24,569 | INFO | SFTrainer | Data ready: RNA=torch.Size([1949, 512]), ATAC=torch.Size([1949, 512]), edges=15592
2026-04-03 11:52:24,569 | INFO | SFTrainer | Initializing model...
2026-04-03 11:52:24,909 | INFO | SFTrainer | Training started.
2026-04-03 11:52:24,909 | INFO | SFTrainer | Training started: epochs=3000
2026-04-03 11:52:26,869 | INFO | SFTrainer | Epoch 010 | total 69.8538 | rec_rna 7.6741 | rec_atac 27.7065 | clip 7.5537 | clip_weight 0.5000 | lr 1.00e-03 | best 69.8538
2026-04-03 11:52:28,037 | INFO | SFTrainer | Epoch 020 | total 65.0646 | rec_rna 7.4299 | rec_atac 24.1912 | clip 7.4473 | clip_weight 0.5000 | lr 1.00e-03 | best 65.0646
2026-04-03 11:52:29,208 | INFO | SFTrainer | Epoch 030 | total 62.7452 | rec_rna 7.2796 | rec_atac 22.7400 | clip 7.2143 | clip_weight 0.5000 | lr 1.00e-03 | best 62.7452
2026-04-03 11:52:30,345 | INFO | SFTrainer | Epoch 040 | total 61.2738 | rec_rna 7.1191 | rec_atac 22.1960 | clip 6.9649 | clip_weight 0.5000 | lr 1.00e-03 | best 61.2738
2026-04-03 11:52:31,504 | INFO | SFTrainer | Epoch 050 | total 59.5098 | rec_rna 6.9960 | rec_atac 21.1342 | clip 6.7918 | clip_weight 0.5000 | lr 1.00e-03 | best 59.5098
2026-04-03 11:52:32,685 | INFO | SFTrainer | Epoch 060 | total 57.5744 | rec_rna 6.8837 | rec_atac 19.8168 | clip 6.6782 | clip_weight 0.5000 | lr 1.00e-03 | best 57.5744
2026-04-03 11:52:33,891 | INFO | SFTrainer | Epoch 070 | total 56.1057 | rec_rna 6.7704 | rec_atac 18.9648 | clip 6.5783 | clip_weight 0.5000 | lr 1.00e-03 | best 56.1057
2026-04-03 11:52:35,064 | INFO | SFTrainer | Epoch 080 | total 55.0575 | rec_rna 6.6831 | rec_atac 18.3823 | clip 6.5189 | clip_weight 0.5000 | lr 1.00e-03 | best 55.0575
2026-04-03 11:52:36,239 | INFO | SFTrainer | Epoch 090 | total 54.0611 | rec_rna 6.5936 | rec_atac 17.8742 | clip 6.4373 | clip_weight 0.5000 | lr 1.00e-03 | best 54.0611
2026-04-03 11:52:37,391 | INFO | SFTrainer | Epoch 100 | total 53.0625 | rec_rna 6.4978 | rec_atac 17.3828 | clip 6.3821 | clip_weight 0.5000 | lr 1.00e-03 | best 53.0625
2026-04-03 11:52:38,585 | INFO | SFTrainer | Epoch 110 | total 52.1207 | rec_rna 6.3928 | rec_atac 16.9817 | clip 6.3500 | clip_weight 0.5000 | lr 1.00e-03 | best 52.1207
2026-04-03 11:52:39,766 | INFO | SFTrainer | Epoch 120 | total 51.1568 | rec_rna 6.2810 | rec_atac 16.6058 | clip 6.2922 | clip_weight 0.5000 | lr 1.00e-03 | best 51.1568
2026-04-03 11:52:40,950 | INFO | SFTrainer | Epoch 130 | total 50.1664 | rec_rna 6.1518 | rec_atac 16.2729 | clip 6.2694 | clip_weight 0.5000 | lr 1.00e-03 | best 50.1664
2026-04-03 11:52:42,129 | INFO | SFTrainer | Epoch 140 | total 49.2338 | rec_rna 6.0277 | rec_atac 15.9738 | clip 6.2429 | clip_weight 0.5000 | lr 1.00e-03 | best 49.2338
2026-04-03 11:52:43,298 | INFO | SFTrainer | Epoch 150 | total 48.3260 | rec_rna 5.8996 | rec_atac 15.7297 | clip 6.1967 | clip_weight 0.5000 | lr 1.00e-03 | best 48.3260
2026-04-03 11:52:44,498 | INFO | SFTrainer | Epoch 160 | total 47.4361 | rec_rna 5.7711 | rec_atac 15.4969 | clip 6.1677 | clip_weight 0.5000 | lr 1.00e-03 | best 47.4361
2026-04-03 11:52:45,676 | INFO | SFTrainer | Epoch 170 | total 46.6269 | rec_rna 5.6536 | rec_atac 15.2881 | clip 6.1413 | clip_weight 0.5000 | lr 1.00e-03 | best 46.6269
2026-04-03 11:52:46,831 | INFO | SFTrainer | Epoch 180 | total 45.7769 | rec_rna 5.5348 | rec_atac 15.0463 | clip 6.1130 | clip_weight 0.5000 | lr 1.00e-03 | best 45.7769
2026-04-03 11:52:47,980 | INFO | SFTrainer | Epoch 190 | total 45.0403 | rec_rna 5.4286 | rec_atac 14.8613 | clip 6.0723 | clip_weight 0.5000 | lr 1.00e-03 | best 45.0403
2026-04-03 11:52:49,114 | INFO | SFTrainer | Epoch 200 | total 44.2525 | rec_rna 5.3093 | rec_atac 14.6860 | clip 6.0399 | clip_weight 0.5000 | lr 1.00e-03 | best 44.2359
2026-04-03 11:52:50,334 | INFO | SFTrainer | Epoch 210 | total 43.4734 | rec_rna 5.2060 | rec_atac 14.4337 | clip 6.0194 | clip_weight 0.5000 | lr 1.00e-03 | best 43.4734
2026-04-03 11:52:51,534 | INFO | SFTrainer | Epoch 220 | total 42.7118 | rec_rna 5.1021 | rec_atac 14.2078 | clip 5.9867 | clip_weight 0.5000 | lr 1.00e-03 | best 42.7118
2026-04-03 11:52:52,700 | INFO | SFTrainer | Epoch 230 | total 41.9649 | rec_rna 4.9987 | rec_atac 13.9912 | clip 5.9602 | clip_weight 0.5000 | lr 1.00e-03 | best 41.9649
2026-04-03 11:52:53,888 | INFO | SFTrainer | Epoch 240 | total 41.3130 | rec_rna 4.9090 | rec_atac 13.8004 | clip 5.9355 | clip_weight 0.5000 | lr 1.00e-03 | best 41.3130
2026-04-03 11:52:55,016 | INFO | SFTrainer | Epoch 250 | total 40.6335 | rec_rna 4.8187 | rec_atac 13.5835 | clip 5.9132 | clip_weight 0.5000 | lr 1.00e-03 | best 40.6335
2026-04-03 11:52:56,123 | INFO | SFTrainer | Epoch 260 | total 39.9281 | rec_rna 4.7288 | rec_atac 13.3490 | clip 5.8703 | clip_weight 0.5000 | lr 1.00e-03 | best 39.9281
2026-04-03 11:52:57,200 | INFO | SFTrainer | Epoch 270 | total 39.3129 | rec_rna 4.6449 | rec_atac 13.1515 | clip 5.8734 | clip_weight 0.5000 | lr 1.00e-03 | best 39.3129
2026-04-03 11:52:58,322 | INFO | SFTrainer | Epoch 280 | total 38.7005 | rec_rna 4.5679 | rec_atac 12.9446 | clip 5.8327 | clip_weight 0.5000 | lr 1.00e-03 | best 38.7005
2026-04-03 11:52:59,504 | INFO | SFTrainer | Epoch 290 | total 38.1366 | rec_rna 4.5010 | rec_atac 12.7319 | clip 5.7996 | clip_weight 0.5000 | lr 1.00e-03 | best 38.1366
2026-04-03 11:53:00,632 | INFO | SFTrainer | Epoch 300 | total 37.5593 | rec_rna 4.4284 | rec_atac 12.5228 | clip 5.7890 | clip_weight 0.5000 | lr 1.00e-03 | best 37.5593
2026-04-03 11:53:01,810 | INFO | SFTrainer | Epoch 310 | total 37.0161 | rec_rna 4.3621 | rec_atac 12.3335 | clip 5.7438 | clip_weight 0.5000 | lr 1.00e-03 | best 37.0161
2026-04-03 11:53:02,935 | INFO | SFTrainer | Epoch 320 | total 36.4737 | rec_rna 4.2972 | rec_atac 12.1160 | clip 5.7436 | clip_weight 0.5000 | lr 1.00e-03 | best 36.4737
2026-04-03 11:53:04,027 | INFO | SFTrainer | Epoch 330 | total 35.9451 | rec_rna 4.2388 | rec_atac 11.8963 | clip 5.7098 | clip_weight 0.5000 | lr 1.00e-03 | best 35.9451
2026-04-03 11:53:05,080 | INFO | SFTrainer | Epoch 340 | total 35.3853 | rec_rna 4.1699 | rec_atac 11.6991 | clip 5.6732 | clip_weight 0.5000 | lr 1.00e-03 | best 35.3853
2026-04-03 11:53:06,215 | INFO | SFTrainer | Epoch 350 | total 34.9279 | rec_rna 4.1163 | rec_atac 11.5202 | clip 5.6526 | clip_weight 0.5000 | lr 1.00e-03 | best 34.9279
2026-04-03 11:53:07,366 | INFO | SFTrainer | Epoch 360 | total 34.5075 | rec_rna 4.0718 | rec_atac 11.3284 | clip 5.6404 | clip_weight 0.5000 | lr 1.00e-03 | best 34.5075
2026-04-03 11:53:08,493 | INFO | SFTrainer | Epoch 370 | total 34.0769 | rec_rna 4.0230 | rec_atac 11.1613 | clip 5.6012 | clip_weight 0.5000 | lr 1.00e-03 | best 34.0769
2026-04-03 11:53:09,580 | INFO | SFTrainer | Epoch 380 | total 33.7230 | rec_rna 3.9875 | rec_atac 10.9936 | clip 5.5835 | clip_weight 0.5000 | lr 1.00e-03 | best 33.7230
2026-04-03 11:53:10,698 | INFO | SFTrainer | Epoch 390 | total 33.3274 | rec_rna 3.9444 | rec_atac 10.8339 | clip 5.5426 | clip_weight 0.5000 | lr 1.00e-03 | best 33.2960
2026-04-03 11:53:11,867 | INFO | SFTrainer | Epoch 400 | total 32.9497 | rec_rna 3.8975 | rec_atac 10.7041 | clip 5.5161 | clip_weight 0.5000 | lr 1.00e-03 | best 32.9497
2026-04-03 11:53:12,939 | INFO | SFTrainer | Epoch 410 | total 32.5698 | rec_rna 3.8621 | rec_atac 10.5095 | clip 5.4997 | clip_weight 0.5000 | lr 1.00e-03 | best 32.5698
2026-04-03 11:53:14,075 | INFO | SFTrainer | Epoch 420 | total 32.1541 | rec_rna 3.8095 | rec_atac 10.3707 | clip 5.4719 | clip_weight 0.5000 | lr 1.00e-03 | best 32.1541
2026-04-03 11:53:15,164 | INFO | SFTrainer | Epoch 430 | total 31.8771 | rec_rna 3.7772 | rec_atac 10.2678 | clip 5.4462 | clip_weight 0.5000 | lr 1.00e-03 | best 31.7900
2026-04-03 11:53:16,144 | INFO | SFTrainer | Epoch 440 | total 31.5544 | rec_rna 3.7445 | rec_atac 10.1190 | clip 5.4261 | clip_weight 0.5000 | lr 1.00e-03 | best 31.5095
2026-04-03 11:53:17,177 | INFO | SFTrainer | Epoch 450 | total 31.2031 | rec_rna 3.7122 | rec_atac 9.9516 | clip 5.3811 | clip_weight 0.5000 | lr 1.00e-03 | best 31.2031
2026-04-03 11:53:18,148 | INFO | SFTrainer | Epoch 460 | total 30.9645 | rec_rna 3.6815 | rec_atac 9.8799 | clip 5.3542 | clip_weight 0.5000 | lr 1.00e-03 | best 30.9606
2026-04-03 11:53:19,171 | INFO | SFTrainer | Epoch 470 | total 30.6544 | rec_rna 3.6435 | rec_atac 9.7697 | clip 5.3341 | clip_weight 0.5000 | lr 1.00e-03 | best 30.6544
2026-04-03 11:53:20,113 | INFO | SFTrainer | Epoch 480 | total 30.4247 | rec_rna 3.6274 | rec_atac 9.6286 | clip 5.3180 | clip_weight 0.5000 | lr 1.00e-03 | best 30.3275
2026-04-03 11:53:21,095 | INFO | SFTrainer | Epoch 490 | total 30.0523 | rec_rna 3.5810 | rec_atac 9.5052 | clip 5.2840 | clip_weight 0.5000 | lr 1.00e-03 | best 30.0523
2026-04-03 11:53:22,136 | INFO | SFTrainer | Epoch 500 | total 29.8560 | rec_rna 3.5668 | rec_atac 9.3960 | clip 5.2516 | clip_weight 0.5000 | lr 1.00e-03 | best 29.8361
2026-04-03 11:53:23,197 | INFO | SFTrainer | Epoch 510 | total 29.6540 | rec_rna 3.5446 | rec_atac 9.3122 | clip 5.2376 | clip_weight 0.5000 | lr 1.00e-03 | best 29.6540
2026-04-03 11:53:24,261 | INFO | SFTrainer | Epoch 520 | total 29.4451 | rec_rna 3.5274 | rec_atac 9.2003 | clip 5.2153 | clip_weight 0.5000 | lr 1.00e-03 | best 29.4451
2026-04-03 11:53:25,319 | INFO | SFTrainer | Epoch 530 | total 29.2409 | rec_rna 3.5012 | rec_atac 9.1483 | clip 5.1729 | clip_weight 0.5000 | lr 1.00e-03 | best 29.2116
2026-04-03 11:53:26,301 | INFO | SFTrainer | Epoch 540 | total 29.0410 | rec_rna 3.4771 | rec_atac 9.0772 | clip 5.1564 | clip_weight 0.5000 | lr 1.00e-03 | best 29.0140
2026-04-03 11:53:27,283 | INFO | SFTrainer | Epoch 550 | total 28.8285 | rec_rna 3.4564 | rec_atac 8.9737 | clip 5.1457 | clip_weight 0.5000 | lr 1.00e-03 | best 28.7566
2026-04-03 11:53:28,288 | INFO | SFTrainer | Epoch 560 | total 28.5930 | rec_rna 3.4328 | rec_atac 8.8840 | clip 5.0896 | clip_weight 0.5000 | lr 1.00e-03 | best 28.5343
2026-04-03 11:53:29,260 | INFO | SFTrainer | Epoch 570 | total 28.4112 | rec_rna 3.4153 | rec_atac 8.8031 | clip 5.0636 | clip_weight 0.5000 | lr 1.00e-03 | best 28.3855
2026-04-03 11:53:30,261 | INFO | SFTrainer | Epoch 580 | total 28.1304 | rec_rna 3.3843 | rec_atac 8.6897 | clip 5.0379 | clip_weight 0.5000 | lr 1.00e-03 | best 28.1105
2026-04-03 11:53:31,225 | INFO | SFTrainer | Epoch 590 | total 28.0232 | rec_rna 3.3702 | rec_atac 8.6736 | clip 4.9973 | clip_weight 0.5000 | lr 1.00e-03 | best 27.9560
2026-04-03 11:53:32,134 | INFO | SFTrainer | Epoch 600 | total 27.8687 | rec_rna 3.3568 | rec_atac 8.5787 | clip 5.0125 | clip_weight 0.5000 | lr 1.00e-03 | best 27.8529
2026-04-03 11:53:33,085 | INFO | SFTrainer | Epoch 610 | total 27.6841 | rec_rna 3.3343 | rec_atac 8.5255 | clip 4.9748 | clip_weight 0.5000 | lr 1.00e-03 | best 27.6736
2026-04-03 11:53:34,026 | INFO | SFTrainer | Epoch 620 | total 27.4859 | rec_rna 3.3169 | rec_atac 8.4429 | clip 4.9171 | clip_weight 0.5000 | lr 1.00e-03 | best 27.4859
2026-04-03 11:53:34,958 | INFO | SFTrainer | Epoch 630 | total 27.3379 | rec_rna 3.3011 | rec_atac 8.3800 | clip 4.9050 | clip_weight 0.5000 | lr 1.00e-03 | best 27.3316
2026-04-03 11:53:35,895 | INFO | SFTrainer | Epoch 640 | total 27.2250 | rec_rna 3.2869 | rec_atac 8.3507 | clip 4.8793 | clip_weight 0.5000 | lr 1.00e-03 | best 27.2250
2026-04-03 11:53:36,871 | INFO | SFTrainer | Epoch 650 | total 26.9584 | rec_rna 3.2564 | rec_atac 8.2496 | clip 4.8536 | clip_weight 0.5000 | lr 1.00e-03 | best 26.9584
2026-04-03 11:53:37,773 | INFO | SFTrainer | Epoch 660 | total 26.9916 | rec_rna 3.2683 | rec_atac 8.2509 | clip 4.7987 | clip_weight 0.5000 | lr 1.00e-03 | best 26.8542
2026-04-03 11:53:38,601 | INFO | SFTrainer | Epoch 670 | total 26.9598 | rec_rna 3.2668 | rec_atac 8.2191 | clip 4.8133 | clip_weight 0.5000 | lr 1.00e-03 | best 26.8460
2026-04-03 11:53:39,496 | INFO | SFTrainer | Epoch 680 | total 26.7620 | rec_rna 3.2429 | rec_atac 8.1609 | clip 4.7736 | clip_weight 0.5000 | lr 1.00e-03 | best 26.7620
2026-04-03 11:53:40,498 | INFO | SFTrainer | Epoch 690 | total 26.5540 | rec_rna 3.2157 | rec_atac 8.1068 | clip 4.7379 | clip_weight 0.5000 | lr 1.00e-03 | best 26.5540
2026-04-03 11:53:41,358 | INFO | SFTrainer | Epoch 700 | total 26.4682 | rec_rna 3.2073 | rec_atac 8.0738 | clip 4.7159 | clip_weight 0.5000 | lr 1.00e-03 | best 26.4636
2026-04-03 11:53:42,325 | INFO | SFTrainer | Epoch 710 | total 26.2783 | rec_rna 3.1862 | rec_atac 8.0046 | clip 4.6853 | clip_weight 0.5000 | lr 1.00e-03 | best 26.2342
2026-04-03 11:53:43,187 | INFO | SFTrainer | Epoch 720 | total 26.1772 | rec_rna 3.1763 | rec_atac 7.9659 | clip 4.6598 | clip_weight 0.5000 | lr 1.00e-03 | best 26.1772
2026-04-03 11:53:44,146 | INFO | SFTrainer | Epoch 730 | total 26.0927 | rec_rna 3.1706 | rec_atac 7.9246 | clip 4.6304 | clip_weight 0.5000 | lr 1.00e-03 | best 26.0457
2026-04-03 11:53:45,056 | INFO | SFTrainer | Epoch 740 | total 25.9138 | rec_rna 3.1495 | rec_atac 7.8558 | clip 4.6205 | clip_weight 0.5000 | lr 1.00e-03 | best 25.9138
2026-04-03 11:53:45,989 | INFO | SFTrainer | Epoch 750 | total 25.8488 | rec_rna 3.1468 | rec_atac 7.8337 | clip 4.5623 | clip_weight 0.5000 | lr 1.00e-03 | best 25.7835
2026-04-03 11:53:46,936 | INFO | SFTrainer | Epoch 760 | total 25.7435 | rec_rna 3.1381 | rec_atac 7.7834 | clip 4.5392 | clip_weight 0.5000 | lr 1.00e-03 | best 25.7435
2026-04-03 11:53:47,866 | INFO | SFTrainer | Epoch 770 | total 25.5610 | rec_rna 3.1102 | rec_atac 7.7587 | clip 4.5028 | clip_weight 0.5000 | lr 1.00e-03 | best 25.5610
2026-04-03 11:53:48,698 | INFO | SFTrainer | Epoch 780 | total 25.5631 | rec_rna 3.1174 | rec_atac 7.7527 | clip 4.4467 | clip_weight 0.5000 | lr 1.00e-03 | best 25.5270
2026-04-03 11:53:49,603 | INFO | SFTrainer | Epoch 790 | total 25.3907 | rec_rna 3.0966 | rec_atac 7.6777 | clip 4.4599 | clip_weight 0.5000 | lr 1.00e-03 | best 25.3907
2026-04-03 11:53:50,499 | INFO | SFTrainer | Epoch 800 | total 25.2823 | rec_rna 3.0819 | rec_atac 7.6565 | clip 4.4326 | clip_weight 0.5000 | lr 1.00e-03 | best 25.2823
2026-04-03 11:53:51,309 | INFO | SFTrainer | Epoch 810 | total 25.3190 | rec_rna 3.0933 | rec_atac 7.6613 | clip 4.3829 | clip_weight 0.5000 | lr 1.00e-03 | best 25.2823
2026-04-03 11:53:52,242 | INFO | SFTrainer | Epoch 820 | total 25.1881 | rec_rna 3.0785 | rec_atac 7.6126 | clip 4.3659 | clip_weight 0.5000 | lr 1.00e-03 | best 25.0601
2026-04-03 11:53:53,017 | INFO | SFTrainer | Epoch 830 | total 25.1581 | rec_rna 3.0855 | rec_atac 7.5537 | clip 4.3536 | clip_weight 0.5000 | lr 1.00e-03 | best 25.0601
2026-04-03 11:53:53,919 | INFO | SFTrainer | Epoch 840 | total 24.9320 | rec_rna 3.0524 | rec_atac 7.5373 | clip 4.2655 | clip_weight 0.5000 | lr 1.00e-03 | best 24.9320
2026-04-03 11:53:54,846 | INFO | SFTrainer | Epoch 850 | total 24.8724 | rec_rna 3.0472 | rec_atac 7.5050 | clip 4.2629 | clip_weight 0.5000 | lr 1.00e-03 | best 24.8391
2026-04-03 11:53:55,782 | INFO | SFTrainer | Epoch 860 | total 24.7670 | rec_rna 3.0362 | rec_atac 7.4745 | clip 4.2234 | clip_weight 0.5000 | lr 1.00e-03 | best 24.7670
2026-04-03 11:53:56,642 | INFO | SFTrainer | Epoch 870 | total 24.7296 | rec_rna 3.0286 | rec_atac 7.4833 | clip 4.2061 | clip_weight 0.5000 | lr 1.00e-03 | best 24.7201
2026-04-03 11:53:57,534 | INFO | SFTrainer | Epoch 880 | total 24.7474 | rec_rna 3.0392 | rec_atac 7.4582 | clip 4.1862 | clip_weight 0.5000 | lr 1.00e-03 | best 24.5976
2026-04-03 11:53:58,396 | INFO | SFTrainer | Epoch 890 | total 24.5496 | rec_rna 3.0185 | rec_atac 7.3998 | clip 4.1144 | clip_weight 0.5000 | lr 1.00e-03 | best 24.5496
2026-04-03 11:53:59,314 | INFO | SFTrainer | Epoch 900 | total 24.4496 | rec_rna 3.0049 | rec_atac 7.3737 | clip 4.1028 | clip_weight 0.5000 | lr 1.00e-03 | best 24.4496
2026-04-03 11:54:00,225 | INFO | SFTrainer | Epoch 910 | total 24.4271 | rec_rna 3.0084 | rec_atac 7.3530 | clip 4.0646 | clip_weight 0.5000 | lr 1.00e-03 | best 24.3880
2026-04-03 11:54:01,127 | INFO | SFTrainer | Epoch 920 | total 24.2260 | rec_rna 2.9820 | rec_atac 7.2895 | clip 4.0532 | clip_weight 0.5000 | lr 1.00e-03 | best 24.2260
2026-04-03 11:54:01,906 | INFO | SFTrainer | Epoch 930 | total 24.2386 | rec_rna 2.9851 | rec_atac 7.3079 | clip 4.0102 | clip_weight 0.5000 | lr 1.00e-03 | best 24.2260
2026-04-03 11:54:02,773 | INFO | SFTrainer | Epoch 940 | total 24.1969 | rec_rna 2.9769 | rec_atac 7.3224 | clip 3.9806 | clip_weight 0.5000 | lr 1.00e-03 | best 24.1176
2026-04-03 11:54:03,592 | INFO | SFTrainer | Epoch 950 | total 24.0612 | rec_rna 2.9715 | rec_atac 7.2346 | clip 3.9381 | clip_weight 0.5000 | lr 1.00e-03 | best 24.0612
2026-04-03 11:54:04,434 | INFO | SFTrainer | Epoch 960 | total 24.0812 | rec_rna 2.9763 | rec_atac 7.2575 | clip 3.8843 | clip_weight 0.5000 | lr 1.00e-03 | best 23.9973
2026-04-03 11:54:05,248 | INFO | SFTrainer | Epoch 970 | total 23.9853 | rec_rna 2.9597 | rec_atac 7.2423 | clip 3.8886 | clip_weight 0.5000 | lr 1.00e-03 | best 23.9125
2026-04-03 11:54:06,095 | INFO | SFTrainer | Epoch 980 | total 23.9920 | rec_rna 2.9709 | rec_atac 7.2099 | clip 3.8546 | clip_weight 0.5000 | lr 1.00e-03 | best 23.9105
2026-04-03 11:54:06,975 | INFO | SFTrainer | Epoch 990 | total 23.8891 | rec_rna 2.9525 | rec_atac 7.2144 | clip 3.8245 | clip_weight 0.5000 | lr 1.00e-03 | best 23.8375
2026-04-03 11:54:07,874 | INFO | SFTrainer | Epoch 1000 | total 23.7260 | rec_rna 2.9386 | rec_atac 7.1606 | clip 3.7443 | clip_weight 0.5000 | lr 1.00e-03 | best 23.7260
2026-04-03 11:54:08,849 | INFO | SFTrainer | Epoch 1010 | total 23.7050 | rec_rna 2.9427 | rec_atac 7.1292 | clip 3.7249 | clip_weight 0.5000 | lr 1.00e-03 | best 23.6396
2026-04-03 11:54:09,701 | INFO | SFTrainer | Epoch 1020 | total 23.6351 | rec_rna 2.9354 | rec_atac 7.1269 | clip 3.6626 | clip_weight 0.5000 | lr 1.00e-03 | best 23.6251
2026-04-03 11:54:10,511 | INFO | SFTrainer | Epoch 1030 | total 23.5925 | rec_rna 2.9272 | rec_atac 7.1313 | clip 3.6507 | clip_weight 0.5000 | lr 1.00e-03 | best 23.5389
2026-04-03 11:54:11,453 | INFO | SFTrainer | Epoch 1040 | total 23.5340 | rec_rna 2.9265 | rec_atac 7.1042 | clip 3.5944 | clip_weight 0.5000 | lr 1.00e-03 | best 23.3767
2026-04-03 11:54:12,268 | INFO | SFTrainer | Epoch 1050 | total 23.4081 | rec_rna 2.9122 | rec_atac 7.0543 | clip 3.5857 | clip_weight 0.5000 | lr 1.00e-03 | best 23.3475
2026-04-03 11:54:13,094 | INFO | SFTrainer | Epoch 1060 | total 23.4576 | rec_rna 2.9110 | rec_atac 7.1154 | clip 3.5743 | clip_weight 0.5000 | lr 1.00e-03 | best 23.3271
2026-04-03 11:54:13,915 | INFO | SFTrainer | Epoch 1070 | total 23.3850 | rec_rna 2.9129 | rec_atac 7.0691 | clip 3.5025 | clip_weight 0.5000 | lr 1.00e-03 | best 23.3074
2026-04-03 11:54:14,807 | INFO | SFTrainer | Epoch 1080 | total 23.2597 | rec_rna 2.8964 | rec_atac 7.0409 | clip 3.4738 | clip_weight 0.5000 | lr 1.00e-03 | best 23.2468
2026-04-03 11:54:15,703 | INFO | SFTrainer | Epoch 1090 | total 23.2499 | rec_rna 2.8983 | rec_atac 7.0301 | clip 3.4571 | clip_weight 0.5000 | lr 1.00e-03 | best 23.1375
2026-04-03 11:54:16,572 | INFO | SFTrainer | Epoch 1100 | total 23.1979 | rec_rna 2.8960 | rec_atac 7.0144 | clip 3.4066 | clip_weight 0.5000 | lr 1.00e-03 | best 23.1120
2026-04-03 11:54:17,439 | INFO | SFTrainer | Epoch 1110 | total 23.1233 | rec_rna 2.8893 | rec_atac 6.9963 | clip 3.3608 | clip_weight 0.5000 | lr 1.00e-03 | best 23.0752
2026-04-03 11:54:18,323 | INFO | SFTrainer | Epoch 1120 | total 23.0591 | rec_rna 2.8877 | rec_atac 6.9545 | clip 3.3323 | clip_weight 0.5000 | lr 1.00e-03 | best 22.9763
2026-04-03 11:54:19,166 | INFO | SFTrainer | Epoch 1130 | total 23.0509 | rec_rna 2.8915 | rec_atac 6.9579 | clip 3.2711 | clip_weight 0.5000 | lr 1.00e-03 | best 22.9523
2026-04-03 11:54:20,044 | INFO | SFTrainer | Epoch 1140 | total 22.8836 | rec_rna 2.8629 | rec_atac 6.9488 | clip 3.2407 | clip_weight 0.5000 | lr 1.00e-03 | best 22.8468
2026-04-03 11:54:20,866 | INFO | SFTrainer | Epoch 1150 | total 22.8730 | rec_rna 2.8689 | rec_atac 6.9190 | clip 3.2193 | clip_weight 0.5000 | lr 1.00e-03 | best 22.8272
2026-04-03 11:54:21,770 | INFO | SFTrainer | Epoch 1160 | total 22.8454 | rec_rna 2.8702 | rec_atac 6.9165 | clip 3.1562 | clip_weight 0.5000 | lr 1.00e-03 | best 22.7760
2026-04-03 11:54:22,654 | INFO | SFTrainer | Epoch 1170 | total 22.7471 | rec_rna 2.8560 | rec_atac 6.8967 | clip 3.1407 | clip_weight 0.5000 | lr 1.00e-03 | best 22.6949
2026-04-03 11:54:23,472 | INFO | SFTrainer | Epoch 1180 | total 22.8422 | rec_rna 2.8745 | rec_atac 6.9146 | clip 3.1097 | clip_weight 0.5000 | lr 1.00e-03 | best 22.6655
2026-04-03 11:54:24,353 | INFO | SFTrainer | Epoch 1190 | total 22.6189 | rec_rna 2.8441 | rec_atac 6.8799 | clip 3.0372 | clip_weight 0.5000 | lr 1.00e-03 | best 22.6189
2026-04-03 11:54:25,164 | INFO | SFTrainer | Epoch 1200 | total 22.6291 | rec_rna 2.8485 | rec_atac 6.8812 | clip 3.0112 | clip_weight 0.5000 | lr 1.00e-03 | best 22.5584
2026-04-03 11:54:25,992 | INFO | SFTrainer | Epoch 1210 | total 22.6502 | rec_rna 2.8592 | rec_atac 6.8628 | clip 2.9825 | clip_weight 0.5000 | lr 1.00e-03 | best 22.4979
2026-04-03 11:54:26,803 | INFO | SFTrainer | Epoch 1220 | total 22.4849 | rec_rna 2.8372 | rec_atac 6.8335 | clip 2.9312 | clip_weight 0.5000 | lr 1.00e-03 | best 22.4552
2026-04-03 11:54:27,698 | INFO | SFTrainer | Epoch 1230 | total 22.3674 | rec_rna 2.8293 | rec_atac 6.7774 | clip 2.8872 | clip_weight 0.5000 | lr 1.00e-03 | best 22.3674
2026-04-03 11:54:28,546 | INFO | SFTrainer | Epoch 1240 | total 22.3600 | rec_rna 2.8254 | rec_atac 6.8029 | clip 2.8597 | clip_weight 0.5000 | lr 1.00e-03 | best 22.3422
2026-04-03 11:54:29,360 | INFO | SFTrainer | Epoch 1250 | total 22.3275 | rec_rna 2.8232 | rec_atac 6.7999 | clip 2.8232 | clip_weight 0.5000 | lr 1.00e-03 | best 22.3133
2026-04-03 11:54:30,340 | INFO | SFTrainer | Epoch 1260 | total 22.2286 | rec_rna 2.8117 | rec_atac 6.7702 | clip 2.7999 | clip_weight 0.5000 | lr 1.00e-03 | best 22.2286
2026-04-03 11:54:31,153 | INFO | SFTrainer | Epoch 1270 | total 22.2449 | rec_rna 2.8227 | rec_atac 6.7654 | clip 2.7325 | clip_weight 0.5000 | lr 1.00e-03 | best 22.2095
2026-04-03 11:54:32,022 | INFO | SFTrainer | Epoch 1280 | total 22.1788 | rec_rna 2.8083 | rec_atac 6.7936 | clip 2.6871 | clip_weight 0.5000 | lr 1.00e-03 | best 22.1381
2026-04-03 11:54:32,840 | INFO | SFTrainer | Epoch 1290 | total 22.1468 | rec_rna 2.8200 | rec_atac 6.7177 | clip 2.6586 | clip_weight 0.5000 | lr 1.00e-03 | best 22.1381
2026-04-03 11:54:33,733 | INFO | SFTrainer | Epoch 1300 | total 22.1091 | rec_rna 2.8144 | rec_atac 6.7386 | clip 2.5968 | clip_weight 0.5000 | lr 1.00e-03 | best 22.0362
2026-04-03 11:54:34,583 | INFO | SFTrainer | Epoch 1310 | total 22.0605 | rec_rna 2.8041 | rec_atac 6.7419 | clip 2.5968 | clip_weight 0.5000 | lr 1.00e-03 | best 22.0335
2026-04-03 11:54:35,428 | INFO | SFTrainer | Epoch 1320 | total 21.9904 | rec_rna 2.7979 | rec_atac 6.7350 | clip 2.5319 | clip_weight 0.5000 | lr 1.00e-03 | best 21.9904
2026-04-03 11:54:36,322 | INFO | SFTrainer | Epoch 1330 | total 21.9220 | rec_rna 2.7939 | rec_atac 6.7044 | clip 2.4963 | clip_weight 0.5000 | lr 1.00e-03 | best 21.9220
2026-04-03 11:54:37,219 | INFO | SFTrainer | Epoch 1340 | total 21.8986 | rec_rna 2.7872 | rec_atac 6.7338 | clip 2.4577 | clip_weight 0.5000 | lr 1.00e-03 | best 21.8042
2026-04-03 11:54:38,056 | INFO | SFTrainer | Epoch 1350 | total 21.7722 | rec_rna 2.7770 | rec_atac 6.6888 | clip 2.3970 | clip_weight 0.5000 | lr 1.00e-03 | best 21.7722
2026-04-03 11:54:38,863 | INFO | SFTrainer | Epoch 1360 | total 21.8256 | rec_rna 2.7929 | rec_atac 6.6939 | clip 2.3348 | clip_weight 0.5000 | lr 1.00e-03 | best 21.7722
2026-04-03 11:54:39,682 | INFO | SFTrainer | Epoch 1370 | total 21.8185 | rec_rna 2.7919 | rec_atac 6.6896 | clip 2.3391 | clip_weight 0.5000 | lr 1.00e-03 | best 21.7602
2026-04-03 11:54:40,611 | INFO | SFTrainer | Epoch 1380 | total 21.7191 | rec_rna 2.7793 | rec_atac 6.6777 | clip 2.2899 | clip_weight 0.5000 | lr 1.00e-03 | best 21.6586
2026-04-03 11:54:41,390 | INFO | SFTrainer | Epoch 1390 | total 21.6616 | rec_rna 2.7767 | rec_atac 6.6458 | clip 2.2644 | clip_weight 0.5000 | lr 1.00e-03 | best 21.6586
2026-04-03 11:54:42,321 | INFO | SFTrainer | Epoch 1400 | total 21.5707 | rec_rna 2.7728 | rec_atac 6.6094 | clip 2.1946 | clip_weight 0.5000 | lr 1.00e-03 | best 21.5707
2026-04-03 11:54:43,177 | INFO | SFTrainer | Epoch 1410 | total 21.5563 | rec_rna 2.7676 | rec_atac 6.6314 | clip 2.1734 | clip_weight 0.5000 | lr 1.00e-03 | best 21.5014
2026-04-03 11:54:44,017 | INFO | SFTrainer | Epoch 1420 | total 21.6060 | rec_rna 2.7741 | rec_atac 6.6823 | clip 2.1066 | clip_weight 0.5000 | lr 1.00e-03 | best 21.4200
2026-04-03 11:54:44,804 | INFO | SFTrainer | Epoch 1430 | total 21.4830 | rec_rna 2.7643 | rec_atac 6.6278 | clip 2.0672 | clip_weight 0.5000 | lr 1.00e-03 | best 21.4200
2026-04-03 11:54:45,678 | INFO | SFTrainer | Epoch 1440 | total 21.5128 | rec_rna 2.7629 | rec_atac 6.6690 | clip 2.0581 | clip_weight 0.5000 | lr 1.00e-03 | best 21.4084
2026-04-03 11:54:46,501 | INFO | SFTrainer | Epoch 1450 | total 21.3498 | rec_rna 2.7575 | rec_atac 6.5777 | clip 1.9690 | clip_weight 0.5000 | lr 1.00e-03 | best 21.3383
2026-04-03 11:54:47,361 | INFO | SFTrainer | Epoch 1460 | total 21.3291 | rec_rna 2.7550 | rec_atac 6.5759 | clip 1.9562 | clip_weight 0.5000 | lr 1.00e-03 | best 21.3291
2026-04-03 11:54:48,280 | INFO | SFTrainer | Epoch 1470 | total 21.3503 | rec_rna 2.7603 | rec_atac 6.6102 | clip 1.8768 | clip_weight 0.5000 | lr 1.00e-03 | best 21.3025
2026-04-03 11:54:49,231 | INFO | SFTrainer | Epoch 1480 | total 21.3444 | rec_rna 2.7637 | rec_atac 6.6036 | clip 1.8446 | clip_weight 0.5000 | lr 1.00e-03 | best 21.2378
2026-04-03 11:54:50,104 | INFO | SFTrainer | Epoch 1490 | total 21.2218 | rec_rna 2.7471 | rec_atac 6.5730 | clip 1.8271 | clip_weight 0.5000 | lr 1.00e-03 | best 21.1677
2026-04-03 11:54:50,951 | INFO | SFTrainer | Epoch 1500 | total 21.2194 | rec_rna 2.7474 | rec_atac 6.5852 | clip 1.7944 | clip_weight 0.5000 | lr 1.00e-03 | best 21.1554
2026-04-03 11:54:51,874 | INFO | SFTrainer | Epoch 1510 | total 21.1036 | rec_rna 2.7354 | rec_atac 6.5571 | clip 1.7389 | clip_weight 0.5000 | lr 1.00e-03 | best 21.1036
2026-04-03 11:54:52,695 | INFO | SFTrainer | Epoch 1520 | total 21.0709 | rec_rna 2.7419 | rec_atac 6.5249 | clip 1.6728 | clip_weight 0.5000 | lr 1.00e-03 | best 21.0709
2026-04-03 11:54:53,561 | INFO | SFTrainer | Epoch 1530 | total 21.0310 | rec_rna 2.7329 | rec_atac 6.5443 | clip 1.6448 | clip_weight 0.5000 | lr 1.00e-03 | best 21.0310
2026-04-03 11:54:54,390 | INFO | SFTrainer | Epoch 1540 | total 21.0108 | rec_rna 2.7291 | rec_atac 6.5397 | clip 1.6507 | clip_weight 0.5000 | lr 1.00e-03 | best 21.0108
2026-04-03 11:54:55,293 | INFO | SFTrainer | Epoch 1550 | total 21.0365 | rec_rna 2.7458 | rec_atac 6.5246 | clip 1.5661 | clip_weight 0.5000 | lr 1.00e-03 | best 20.9562
2026-04-03 11:54:56,242 | INFO | SFTrainer | Epoch 1560 | total 21.0592 | rec_rna 2.7441 | rec_atac 6.5361 | clip 1.6050 | clip_weight 0.5000 | lr 1.00e-03 | best 20.8992
2026-04-03 11:54:57,058 | INFO | SFTrainer | Epoch 1570 | total 20.9820 | rec_rna 2.7386 | rec_atac 6.5260 | clip 1.5260 | clip_weight 0.5000 | lr 1.00e-03 | best 20.8917
2026-04-03 11:54:57,842 | INFO | SFTrainer | Epoch 1580 | total 20.9392 | rec_rna 2.7293 | rec_atac 6.5223 | clip 1.5405 | clip_weight 0.5000 | lr 1.00e-03 | best 20.8917
2026-04-03 11:54:58,778 | INFO | SFTrainer | Epoch 1590 | total 20.7961 | rec_rna 2.7142 | rec_atac 6.5088 | clip 1.4326 | clip_weight 0.5000 | lr 1.00e-03 | best 20.7961
2026-04-03 11:54:59,609 | INFO | SFTrainer | Epoch 1600 | total 20.8867 | rec_rna 2.7299 | rec_atac 6.4839 | clip 1.5069 | clip_weight 0.5000 | lr 1.00e-03 | best 20.7544
2026-04-03 11:55:00,416 | INFO | SFTrainer | Epoch 1610 | total 20.7710 | rec_rna 2.7070 | rec_atac 6.5019 | clip 1.4677 | clip_weight 0.5000 | lr 1.00e-03 | best 20.7544
2026-04-03 11:55:01,297 | INFO | SFTrainer | Epoch 1620 | total 20.7203 | rec_rna 2.7140 | rec_atac 6.4541 | clip 1.3927 | clip_weight 0.5000 | lr 1.00e-03 | best 20.7203
2026-04-03 11:55:02,230 | INFO | SFTrainer | Epoch 1630 | total 20.7700 | rec_rna 2.7235 | rec_atac 6.4741 | clip 1.3569 | clip_weight 0.5000 | lr 1.00e-03 | best 20.6814
2026-04-03 11:55:03,056 | INFO | SFTrainer | Epoch 1640 | total 20.7747 | rec_rna 2.7254 | rec_atac 6.4776 | clip 1.3407 | clip_weight 0.5000 | lr 1.00e-03 | best 20.6814
2026-04-03 11:55:03,997 | INFO | SFTrainer | Epoch 1650 | total 20.6599 | rec_rna 2.7076 | rec_atac 6.4464 | clip 1.3516 | clip_weight 0.5000 | lr 1.00e-03 | best 20.6140
2026-04-03 11:55:04,896 | INFO | SFTrainer | Epoch 1660 | total 20.5925 | rec_rna 2.6988 | rec_atac 6.4551 | clip 1.2868 | clip_weight 0.5000 | lr 1.00e-03 | best 20.5732
2026-04-03 11:55:05,750 | INFO | SFTrainer | Epoch 1670 | total 20.5976 | rec_rna 2.6988 | rec_atac 6.4864 | clip 1.2345 | clip_weight 0.5000 | lr 1.00e-03 | best 20.5238
2026-04-03 11:55:06,552 | INFO | SFTrainer | Epoch 1680 | total 20.5627 | rec_rna 2.7021 | rec_atac 6.4413 | clip 1.2218 | clip_weight 0.5000 | lr 1.00e-03 | best 20.5238
2026-04-03 11:55:07,429 | INFO | SFTrainer | Epoch 1690 | total 20.6113 | rec_rna 2.7047 | rec_atac 6.4656 | clip 1.2447 | clip_weight 0.5000 | lr 1.00e-03 | best 20.4182
2026-04-03 11:55:08,217 | INFO | SFTrainer | Epoch 1700 | total 20.4586 | rec_rna 2.7025 | rec_atac 6.3785 | clip 1.1347 | clip_weight 0.5000 | lr 1.00e-03 | best 20.4182
2026-04-03 11:55:09,105 | INFO | SFTrainer | Epoch 1710 | total 20.4874 | rec_rna 2.6938 | rec_atac 6.4198 | clip 1.1970 | clip_weight 0.5000 | lr 1.00e-03 | best 20.3832
2026-04-03 11:55:09,924 | INFO | SFTrainer | Epoch 1720 | total 20.4666 | rec_rna 2.6950 | rec_atac 6.4294 | clip 1.1239 | clip_weight 0.5000 | lr 1.00e-03 | best 20.3832
2026-04-03 11:55:10,751 | INFO | SFTrainer | Epoch 1730 | total 20.4309 | rec_rna 2.6936 | rec_atac 6.4097 | clip 1.1068 | clip_weight 0.5000 | lr 1.00e-03 | best 20.3533
2026-04-03 11:55:11,576 | INFO | SFTrainer | Epoch 1740 | total 20.3819 | rec_rna 2.6946 | rec_atac 6.3651 | clip 1.0877 | clip_weight 0.5000 | lr 1.00e-03 | best 20.3414
2026-04-03 11:55:12,410 | INFO | SFTrainer | Epoch 1750 | total 20.3494 | rec_rna 2.6901 | rec_atac 6.3794 | clip 1.0386 | clip_weight 0.5000 | lr 1.00e-03 | best 20.2579
2026-04-03 11:55:13,213 | INFO | SFTrainer | Epoch 1760 | total 20.3435 | rec_rna 2.6828 | rec_atac 6.3918 | clip 1.0752 | clip_weight 0.5000 | lr 1.00e-03 | best 20.2579
2026-04-03 11:55:14,018 | INFO | SFTrainer | Epoch 1770 | total 20.3235 | rec_rna 2.6868 | rec_atac 6.3706 | clip 1.0377 | clip_weight 0.5000 | lr 1.00e-03 | best 20.2579
2026-04-03 11:55:14,907 | INFO | SFTrainer | Epoch 1780 | total 20.3153 | rec_rna 2.6782 | rec_atac 6.3957 | clip 1.0572 | clip_weight 0.5000 | lr 1.00e-03 | best 20.2292
2026-04-03 11:55:15,768 | INFO | SFTrainer | Epoch 1790 | total 20.3078 | rec_rna 2.6851 | rec_atac 6.3850 | clip 0.9950 | clip_weight 0.5000 | lr 1.00e-03 | best 20.2062
2026-04-03 11:55:16,640 | INFO | SFTrainer | Epoch 1800 | total 20.2361 | rec_rna 2.6694 | rec_atac 6.3761 | clip 1.0263 | clip_weight 0.5000 | lr 1.00e-03 | best 20.1720
2026-04-03 11:55:17,491 | INFO | SFTrainer | Epoch 1810 | total 20.1632 | rec_rna 2.6630 | rec_atac 6.3662 | clip 0.9637 | clip_weight 0.5000 | lr 1.00e-03 | best 20.1457
2026-04-03 11:55:18,305 | INFO | SFTrainer | Epoch 1820 | total 20.1464 | rec_rna 2.6679 | rec_atac 6.3424 | clip 0.9288 | clip_weight 0.5000 | lr 1.00e-03 | best 20.1457
2026-04-03 11:55:19,232 | INFO | SFTrainer | Epoch 1830 | total 20.2343 | rec_rna 2.6838 | rec_atac 6.3497 | clip 0.9314 | clip_weight 0.5000 | lr 1.00e-03 | best 20.0684
2026-04-03 11:55:20,024 | INFO | SFTrainer | Epoch 1840 | total 20.1637 | rec_rna 2.6695 | rec_atac 6.3572 | clip 0.9185 | clip_weight 0.5000 | lr 1.00e-03 | best 20.0684
2026-04-03 11:55:20,826 | INFO | SFTrainer | Epoch 1850 | total 20.0690 | rec_rna 2.6588 | rec_atac 6.3128 | clip 0.9247 | clip_weight 0.5000 | lr 1.00e-03 | best 20.0684
2026-04-03 11:55:21,700 | INFO | SFTrainer | Epoch 1860 | total 20.1045 | rec_rna 2.6598 | rec_atac 6.3556 | clip 0.8995 | clip_weight 0.5000 | lr 1.00e-03 | best 20.0095
2026-04-03 11:55:22,555 | INFO | SFTrainer | Epoch 1870 | total 20.1781 | rec_rna 2.6733 | rec_atac 6.3463 | clip 0.9305 | clip_weight 0.5000 | lr 1.00e-03 | best 19.9759
2026-04-03 11:55:23,339 | INFO | SFTrainer | Epoch 1880 | total 20.0526 | rec_rna 2.6628 | rec_atac 6.3078 | clip 0.8620 | clip_weight 0.5000 | lr 1.00e-03 | best 19.9759
2026-04-03 11:55:24,131 | INFO | SFTrainer | Epoch 1890 | total 20.0950 | rec_rna 2.6639 | rec_atac 6.3271 | clip 0.8969 | clip_weight 0.5000 | lr 1.00e-03 | best 19.9759
2026-04-03 11:55:24,936 | INFO | SFTrainer | Epoch 1900 | total 20.0409 | rec_rna 2.6586 | rec_atac 6.3281 | clip 0.8394 | clip_weight 0.5000 | lr 1.00e-03 | best 19.9759
2026-04-03 11:55:25,847 | INFO | SFTrainer | Epoch 1910 | total 19.9727 | rec_rna 2.6551 | rec_atac 6.2901 | clip 0.8141 | clip_weight 0.5000 | lr 1.00e-03 | best 19.9141
2026-04-03 11:55:26,648 | INFO | SFTrainer | Epoch 1920 | total 19.9648 | rec_rna 2.6552 | rec_atac 6.2948 | clip 0.7877 | clip_weight 0.5000 | lr 1.00e-03 | best 19.9141
2026-04-03 11:55:27,583 | INFO | SFTrainer | Epoch 1930 | total 19.9962 | rec_rna 2.6563 | rec_atac 6.3158 | clip 0.7978 | clip_weight 0.5000 | lr 1.00e-03 | best 19.8293
2026-04-03 11:55:28,424 | INFO | SFTrainer | Epoch 1940 | total 19.8522 | rec_rna 2.6372 | rec_atac 6.2932 | clip 0.7458 | clip_weight 0.5000 | lr 1.00e-03 | best 19.8293
2026-04-03 11:55:29,220 | INFO | SFTrainer | Epoch 1950 | total 19.9275 | rec_rna 2.6526 | rec_atac 6.2788 | clip 0.7716 | clip_weight 0.5000 | lr 1.00e-03 | best 19.8293
2026-04-03 11:55:30,097 | INFO | SFTrainer | Epoch 1960 | total 19.8713 | rec_rna 2.6400 | rec_atac 6.2870 | clip 0.7691 | clip_weight 0.5000 | lr 1.00e-03 | best 19.8013
2026-04-03 11:55:30,936 | INFO | SFTrainer | Epoch 1970 | total 19.9080 | rec_rna 2.6469 | rec_atac 6.2927 | clip 0.7615 | clip_weight 0.5000 | lr 1.00e-03 | best 19.7999
2026-04-03 11:55:31,760 | INFO | SFTrainer | Epoch 1980 | total 19.9580 | rec_rna 2.6567 | rec_atac 6.2964 | clip 0.7561 | clip_weight 0.5000 | lr 1.00e-03 | best 19.7146
2026-04-03 11:55:32,544 | INFO | SFTrainer | Epoch 1990 | total 19.8520 | rec_rna 2.6397 | rec_atac 6.2679 | clip 0.7718 | clip_weight 0.5000 | lr 1.00e-03 | best 19.7146
2026-04-03 11:55:33,333 | INFO | SFTrainer | Epoch 2000 | total 19.7287 | rec_rna 2.6233 | rec_atac 6.2600 | clip 0.7045 | clip_weight 0.5000 | lr 1.00e-04 | best 19.7146
2026-04-03 11:55:34,198 | INFO | SFTrainer | Epoch 2010 | total 19.6818 | rec_rna 2.6185 | rec_atac 6.2359 | clip 0.7073 | clip_weight 0.4995 | lr 1.00e-04 | best 19.6818
2026-04-03 11:55:35,144 | INFO | SFTrainer | Epoch 2020 | total 19.5012 | rec_rna 2.5955 | rec_atac 6.1893 | clip 0.6715 | clip_weight 0.4980 | lr 1.00e-04 | best 19.5012
2026-04-03 11:55:35,970 | INFO | SFTrainer | Epoch 2030 | total 19.5178 | rec_rna 2.5939 | rec_atac 6.2045 | clip 0.6936 | clip_weight 0.4956 | lr 1.00e-04 | best 19.4972
2026-04-03 11:55:36,828 | INFO | SFTrainer | Epoch 2040 | total 19.5211 | rec_rna 2.6011 | rec_atac 6.1545 | clip 0.7333 | clip_weight 0.4921 | lr 1.00e-04 | best 19.4071
2026-04-03 11:55:37,663 | INFO | SFTrainer | Epoch 2050 | total 19.4886 | rec_rna 2.5856 | rec_atac 6.2091 | clip 0.7209 | clip_weight 0.4878 | lr 1.00e-04 | best 19.4071
2026-04-03 11:55:38,557 | INFO | SFTrainer | Epoch 2060 | total 19.5711 | rec_rna 2.6081 | rec_atac 6.1934 | clip 0.6993 | clip_weight 0.4824 | lr 1.00e-04 | best 19.3912
2026-04-03 11:55:39,390 | INFO | SFTrainer | Epoch 2070 | total 19.3590 | rec_rna 2.5810 | rec_atac 6.1360 | clip 0.6682 | clip_weight 0.4762 | lr 1.00e-04 | best 19.3506
2026-04-03 11:55:40,270 | INFO | SFTrainer | Epoch 2080 | total 19.4602 | rec_rna 2.5945 | rec_atac 6.1596 | clip 0.6997 | clip_weight 0.4691 | lr 1.00e-04 | best 19.3400
2026-04-03 11:55:41,156 | INFO | SFTrainer | Epoch 2090 | total 19.4658 | rec_rna 2.5878 | rec_atac 6.1764 | clip 0.7604 | clip_weight 0.4611 | lr 1.00e-04 | best 19.2956
2026-04-03 11:55:42,015 | INFO | SFTrainer | Epoch 2100 | total 19.4172 | rec_rna 2.5875 | rec_atac 6.1671 | clip 0.6913 | clip_weight 0.4523 | lr 1.00e-04 | best 19.2826
2026-04-03 11:55:42,858 | INFO | SFTrainer | Epoch 2110 | total 19.3990 | rec_rna 2.5894 | rec_atac 6.1327 | clip 0.7210 | clip_weight 0.4426 | lr 1.00e-04 | best 19.2826
2026-04-03 11:55:43,708 | INFO | SFTrainer | Epoch 2120 | total 19.3461 | rec_rna 2.5819 | rec_atac 6.1394 | clip 0.6873 | clip_weight 0.4322 | lr 1.00e-04 | best 19.2826
2026-04-03 11:55:44,535 | INFO | SFTrainer | Epoch 2130 | total 19.2762 | rec_rna 2.5800 | rec_atac 6.0929 | clip 0.6729 | clip_weight 0.4211 | lr 1.00e-04 | best 19.2762
2026-04-03 11:55:45,413 | INFO | SFTrainer | Epoch 2140 | total 19.3105 | rec_rna 2.5803 | rec_atac 6.1193 | clip 0.7078 | clip_weight 0.4094 | lr 1.00e-04 | best 19.2283
2026-04-03 11:55:46,221 | INFO | SFTrainer | Epoch 2150 | total 19.3411 | rec_rna 2.5884 | rec_atac 6.1388 | clip 0.6558 | clip_weight 0.3969 | lr 1.00e-04 | best 19.2283
2026-04-03 11:55:47,089 | INFO | SFTrainer | Epoch 2160 | total 19.3025 | rec_rna 2.5866 | rec_atac 6.1038 | clip 0.6921 | clip_weight 0.3840 | lr 1.00e-04 | best 19.1922
2026-04-03 11:55:47,904 | INFO | SFTrainer | Epoch 2170 | total 19.2928 | rec_rna 2.5849 | rec_atac 6.1245 | clip 0.6582 | clip_weight 0.3704 | lr 1.00e-04 | best 19.1922
2026-04-03 11:55:48,698 | INFO | SFTrainer | Epoch 2180 | total 19.2932 | rec_rna 2.5812 | rec_atac 6.1479 | clip 0.6707 | clip_weight 0.3564 | lr 1.00e-04 | best 19.1922
2026-04-03 11:55:49,527 | INFO | SFTrainer | Epoch 2190 | total 19.3114 | rec_rna 2.5882 | rec_atac 6.1398 | clip 0.6742 | clip_weight 0.3420 | lr 1.00e-04 | best 19.1876
2026-04-03 11:55:50,363 | INFO | SFTrainer | Epoch 2200 | total 19.1996 | rec_rna 2.5739 | rec_atac 6.1109 | clip 0.6697 | clip_weight 0.3273 | lr 1.00e-04 | best 19.1876
2026-04-03 11:55:51,299 | INFO | SFTrainer | Epoch 2210 | total 19.1506 | rec_rna 2.5682 | rec_atac 6.1006 | clip 0.6700 | clip_weight 0.3122 | lr 1.00e-04 | best 19.1427
2026-04-03 11:55:52,174 | INFO | SFTrainer | Epoch 2220 | total 19.2073 | rec_rna 2.5768 | rec_atac 6.1265 | clip 0.6626 | clip_weight 0.2968 | lr 1.00e-04 | best 19.1271
2026-04-03 11:55:53,047 | INFO | SFTrainer | Epoch 2230 | total 19.2691 | rec_rna 2.5867 | rec_atac 6.1477 | clip 0.6683 | clip_weight 0.2813 | lr 1.00e-04 | best 19.1075
2026-04-03 11:55:53,896 | INFO | SFTrainer | Epoch 2240 | total 19.2261 | rec_rna 2.5819 | rec_atac 6.1294 | clip 0.7045 | clip_weight 0.2657 | lr 1.00e-04 | best 19.0996
2026-04-03 11:55:54,719 | INFO | SFTrainer | Epoch 2250 | total 19.1304 | rec_rna 2.5650 | rec_atac 6.1384 | clip 0.6679 | clip_weight 0.2500 | lr 1.00e-04 | best 19.0860
2026-04-03 11:55:55,519 | INFO | SFTrainer | Epoch 2260 | total 19.1600 | rec_rna 2.5803 | rec_atac 6.0981 | clip 0.6856 | clip_weight 0.2343 | lr 1.00e-04 | best 19.0860
2026-04-03 11:55:56,344 | INFO | SFTrainer | Epoch 2270 | total 19.2075 | rec_rna 2.5790 | rec_atac 6.1504 | clip 0.7409 | clip_weight 0.2187 | lr 1.00e-04 | best 19.0580
2026-04-03 11:55:57,124 | INFO | SFTrainer | Epoch 2280 | total 19.1299 | rec_rna 2.5744 | rec_atac 6.1198 | clip 0.6785 | clip_weight 0.2032 | lr 1.00e-04 | best 19.0580
2026-04-03 11:55:57,946 | INFO | SFTrainer | Epoch 2290 | total 19.1308 | rec_rna 2.5788 | rec_atac 6.1030 | clip 0.7138 | clip_weight 0.1878 | lr 1.00e-04 | best 19.0224
2026-04-03 11:55:58,741 | INFO | SFTrainer | Epoch 2300 | total 19.1450 | rec_rna 2.5884 | rec_atac 6.0858 | clip 0.6789 | clip_weight 0.1727 | lr 1.00e-04 | best 19.0224
2026-04-03 11:55:59,568 | INFO | SFTrainer | Epoch 2310 | total 19.1538 | rec_rna 2.5758 | rec_atac 6.1720 | clip 0.6503 | clip_weight 0.1580 | lr 1.00e-04 | best 19.0043
2026-04-03 11:56:00,344 | INFO | SFTrainer | Epoch 2320 | total 19.0567 | rec_rna 2.5718 | rec_atac 6.0993 | clip 0.6849 | clip_weight 0.1436 | lr 1.00e-04 | best 19.0043
2026-04-03 11:56:01,205 | INFO | SFTrainer | Epoch 2330 | total 19.0790 | rec_rna 2.5770 | rec_atac 6.1066 | clip 0.6758 | clip_weight 0.1296 | lr 1.00e-04 | best 19.0037
2026-04-03 11:56:02,029 | INFO | SFTrainer | Epoch 2340 | total 18.9486 | rec_rna 2.5609 | rec_atac 6.0662 | clip 0.6738 | clip_weight 0.1160 | lr 1.00e-04 | best 18.9486
2026-04-03 11:56:02,802 | INFO | SFTrainer | Epoch 2350 | total 19.0654 | rec_rna 2.5691 | rec_atac 6.1477 | clip 0.7013 | clip_weight 0.1031 | lr 1.00e-04 | best 18.9486
2026-04-03 11:56:03,620 | INFO | SFTrainer | Epoch 2360 | total 19.0566 | rec_rna 2.5695 | rec_atac 6.1429 | clip 0.7320 | clip_weight 0.0906 | lr 1.00e-04 | best 18.9486
2026-04-03 11:56:04,395 | INFO | SFTrainer | Epoch 2370 | total 19.0408 | rec_rna 2.5758 | rec_atac 6.1071 | clip 0.6914 | clip_weight 0.0789 | lr 1.00e-04 | best 18.9486
2026-04-03 11:56:05,212 | INFO | SFTrainer | Epoch 2380 | total 19.0551 | rec_rna 2.5738 | rec_atac 6.1386 | clip 0.7009 | clip_weight 0.0678 | lr 1.00e-04 | best 18.9183
2026-04-03 11:56:06,035 | INFO | SFTrainer | Epoch 2390 | total 18.9723 | rec_rna 2.5681 | rec_atac 6.0909 | clip 0.7184 | clip_weight 0.0574 | lr 1.00e-04 | best 18.8971
2026-04-03 11:56:06,825 | INFO | SFTrainer | Epoch 2400 | total 18.9230 | rec_rna 2.5594 | rec_atac 6.0919 | clip 0.7183 | clip_weight 0.0477 | lr 1.00e-04 | best 18.8971
2026-04-03 11:56:07,632 | INFO | SFTrainer | Epoch 2410 | total 18.9444 | rec_rna 2.5639 | rec_atac 6.0957 | clip 0.7440 | clip_weight 0.0389 | lr 1.00e-04 | best 18.8971
2026-04-03 11:56:08,494 | INFO | SFTrainer | Epoch 2420 | total 18.9106 | rec_rna 2.5576 | rec_atac 6.1005 | clip 0.7187 | clip_weight 0.0309 | lr 1.00e-04 | best 18.8658
2026-04-03 11:56:09,270 | INFO | SFTrainer | Epoch 2430 | total 18.9551 | rec_rna 2.5628 | rec_atac 6.1239 | clip 0.7222 | clip_weight 0.0238 | lr 1.00e-04 | best 18.8658
2026-04-03 11:56:10,088 | INFO | SFTrainer | Epoch 2440 | total 18.9305 | rec_rna 2.5654 | rec_atac 6.0905 | clip 0.7310 | clip_weight 0.0176 | lr 1.00e-04 | best 18.8401
2026-04-03 11:56:10,858 | INFO | SFTrainer | Epoch 2450 | total 18.8636 | rec_rna 2.5585 | rec_atac 6.0624 | clip 0.7080 | clip_weight 0.0122 | lr 1.00e-04 | best 18.8401
2026-04-03 11:56:11,699 | INFO | SFTrainer | Epoch 2460 | total 18.9184 | rec_rna 2.5658 | rec_atac 6.0837 | clip 0.7167 | clip_weight 0.0079 | lr 1.00e-04 | best 18.8203
2026-04-03 11:56:12,484 | INFO | SFTrainer | Epoch 2470 | total 18.9354 | rec_rna 2.5695 | rec_atac 6.0846 | clip 0.7948 | clip_weight 0.0044 | lr 1.00e-04 | best 18.8203
2026-04-03 11:56:13,254 | INFO | SFTrainer | Epoch 2480 | total 18.9270 | rec_rna 2.5601 | rec_atac 6.1252 | clip 0.7232 | clip_weight 0.0020 | lr 1.00e-04 | best 18.8203
2026-04-03 11:56:14,030 | INFO | SFTrainer | Epoch 2490 | total 18.8608 | rec_rna 2.5609 | rec_atac 6.0560 | clip 0.7492 | clip_weight 0.0005 | lr 1.00e-04 | best 18.8203
2026-04-03 11:56:14,813 | INFO | SFTrainer | Epoch 2500 | total 18.9217 | rec_rna 2.5618 | rec_atac 6.1127 | clip 0.0000 | clip_weight 0.0000 | lr 1.00e-04 | best 18.8203
2026-04-03 11:56:15,580 | INFO | SFTrainer | Epoch 2510 | total 18.9020 | rec_rna 2.5538 | rec_atac 6.1329 | clip 0.0000 | clip_weight 0.0000 | lr 1.00e-04 | best 18.8203
2026-04-03 11:56:16,329 | INFO | SFTrainer | Epoch 2520 | total 18.9198 | rec_rna 2.5748 | rec_atac 6.0458 | clip 0.0000 | clip_weight 0.0000 | lr 1.00e-04 | best 18.8203
2026-04-03 11:56:17,067 | INFO | SFTrainer | Epoch 2530 | total 18.8768 | rec_rna 2.5567 | rec_atac 6.0933 | clip 0.0000 | clip_weight 0.0000 | lr 1.00e-04 | best 18.8203
2026-04-03 11:56:17,805 | INFO | SFTrainer | Epoch 2540 | total 18.8209 | rec_rna 2.5470 | rec_atac 6.0860 | clip 0.0000 | clip_weight 0.0000 | lr 1.00e-04 | best 18.8203
2026-04-03 11:56:18,545 | INFO | SFTrainer | Epoch 2550 | total 18.8886 | rec_rna 2.5605 | rec_atac 6.0862 | clip 0.0000 | clip_weight 0.0000 | lr 1.00e-04 | best 18.8203
2026-04-03 11:56:19,357 | INFO | SFTrainer | Epoch 2560 | total 18.9248 | rec_rna 2.5631 | rec_atac 6.1091 | clip 0.0000 | clip_weight 0.0000 | lr 1.00e-04 | best 18.8142
2026-04-03 11:56:20,134 | INFO | SFTrainer | Epoch 2570 | total 18.7904 | rec_rna 2.5429 | rec_atac 6.0758 | clip 0.0000 | clip_weight 0.0000 | lr 1.00e-04 | best 18.7904
2026-04-03 11:56:20,883 | INFO | SFTrainer | Epoch 2580 | total 18.8779 | rec_rna 2.5562 | rec_atac 6.0970 | clip 0.0000 | clip_weight 0.0000 | lr 1.00e-04 | best 18.7904
2026-04-03 11:56:21,635 | INFO | SFTrainer | Epoch 2590 | total 18.8599 | rec_rna 2.5597 | rec_atac 6.0613 | clip 0.0000 | clip_weight 0.0000 | lr 1.00e-04 | best 18.7904
2026-04-03 11:56:22,389 | INFO | SFTrainer | Epoch 2600 | total 18.9250 | rec_rna 2.5584 | rec_atac 6.1331 | clip 0.0000 | clip_weight 0.0000 | lr 1.00e-04 | best 18.7904
2026-04-03 11:56:23,177 | INFO | SFTrainer | Epoch 2610 | total 18.9538 | rec_rna 2.5710 | rec_atac 6.0987 | clip 0.0000 | clip_weight 0.0000 | lr 1.00e-04 | best 18.7904
2026-04-03 11:56:23,929 | INFO | SFTrainer | Epoch 2620 | total 18.8661 | rec_rna 2.5581 | rec_atac 6.0755 | clip 0.0000 | clip_weight 0.0000 | lr 1.00e-04 | best 18.7904
2026-04-03 11:56:24,685 | INFO | SFTrainer | Epoch 2630 | total 18.8557 | rec_rna 2.5588 | rec_atac 6.0617 | clip 0.0000 | clip_weight 0.0000 | lr 1.00e-04 | best 18.7904
2026-04-03 11:56:25,514 | INFO | SFTrainer | Epoch 2640 | total 18.8738 | rec_rna 2.5538 | rec_atac 6.1047 | clip 0.0000 | clip_weight 0.0000 | lr 1.00e-04 | best 18.7881
2026-04-03 11:56:26,251 | INFO | SFTrainer | Epoch 2650 | total 18.8668 | rec_rna 2.5545 | rec_atac 6.0943 | clip 0.0000 | clip_weight 0.0000 | lr 1.00e-04 | best 18.7881
2026-04-03 11:56:27,006 | INFO | SFTrainer | Epoch 2660 | total 18.8685 | rec_rna 2.5542 | rec_atac 6.0977 | clip 0.0000 | clip_weight 0.0000 | lr 1.00e-04 | best 18.7881
2026-04-03 11:56:27,792 | INFO | SFTrainer | Epoch 2670 | total 18.8522 | rec_rna 2.5521 | rec_atac 6.0918 | clip 0.0000 | clip_weight 0.0000 | lr 1.00e-04 | best 18.7877
2026-04-03 11:56:28,566 | INFO | SFTrainer | Epoch 2680 | total 18.8841 | rec_rna 2.5603 | rec_atac 6.0825 | clip 0.0000 | clip_weight 0.0000 | lr 1.00e-04 | best 18.7703
2026-04-03 11:56:29,305 | INFO | SFTrainer | Epoch 2690 | total 18.8621 | rec_rna 2.5575 | rec_atac 6.0749 | clip 0.0000 | clip_weight 0.0000 | lr 1.00e-04 | best 18.7703
2026-04-03 11:56:30,051 | INFO | SFTrainer | Epoch 2700 | total 18.8786 | rec_rna 2.5564 | rec_atac 6.0965 | clip 0.0000 | clip_weight 0.0000 | lr 1.00e-04 | best 18.7703
2026-04-03 11:56:30,808 | INFO | SFTrainer | Epoch 2710 | total 18.9307 | rec_rna 2.5722 | rec_atac 6.0698 | clip 0.0000 | clip_weight 0.0000 | lr 1.00e-04 | best 18.7703
2026-04-03 11:56:31,544 | INFO | SFTrainer | Epoch 2720 | total 18.7972 | rec_rna 2.5465 | rec_atac 6.0647 | clip 0.0000 | clip_weight 0.0000 | lr 1.00e-04 | best 18.7703
2026-04-03 11:56:32,291 | INFO | SFTrainer | Epoch 2730 | total 18.7797 | rec_rna 2.5452 | rec_atac 6.0540 | clip 0.0000 | clip_weight 0.0000 | lr 1.00e-04 | best 18.7703
2026-04-03 11:56:33,074 | INFO | SFTrainer | Epoch 2740 | total 18.8265 | rec_rna 2.5583 | rec_atac 6.0351 | clip 0.0000 | clip_weight 0.0000 | lr 1.00e-04 | best 18.7441
2026-04-03 11:56:33,824 | INFO | SFTrainer | Epoch 2750 | total 18.8200 | rec_rna 2.5478 | rec_atac 6.0809 | clip 0.0000 | clip_weight 0.0000 | lr 1.00e-04 | best 18.7441
2026-04-03 11:56:34,598 | INFO | SFTrainer | Epoch 2760 | total 18.8097 | rec_rna 2.5529 | rec_atac 6.0451 | clip 0.0000 | clip_weight 0.0000 | lr 1.00e-04 | best 18.7441
2026-04-03 11:56:35,347 | INFO | SFTrainer | Epoch 2770 | total 18.8747 | rec_rna 2.5551 | rec_atac 6.0990 | clip 0.0000 | clip_weight 0.0000 | lr 1.00e-04 | best 18.7441
2026-04-03 11:56:36,121 | INFO | SFTrainer | Epoch 2780 | total 18.8689 | rec_rna 2.5578 | rec_atac 6.0798 | clip 0.0000 | clip_weight 0.0000 | lr 1.00e-04 | best 18.7441
2026-04-03 11:56:36,880 | INFO | SFTrainer | Epoch 2790 | total 18.9395 | rec_rna 2.5679 | rec_atac 6.1000 | clip 0.0000 | clip_weight 0.0000 | lr 1.00e-04 | best 18.7441
2026-04-03 11:56:37,668 | INFO | SFTrainer | Epoch 2800 | total 18.8219 | rec_rna 2.5528 | rec_atac 6.0582 | clip 0.0000 | clip_weight 0.0000 | lr 1.00e-04 | best 18.7183
2026-04-03 11:56:38,474 | INFO | SFTrainer | Epoch 2810 | total 18.8355 | rec_rna 2.5473 | rec_atac 6.0992 | clip 0.0000 | clip_weight 0.0000 | lr 1.00e-04 | best 18.7183
2026-04-03 11:56:39,217 | INFO | SFTrainer | Epoch 2820 | total 18.8257 | rec_rna 2.5590 | rec_atac 6.0306 | clip 0.0000 | clip_weight 0.0000 | lr 1.00e-04 | best 18.7183
2026-04-03 11:56:40,001 | INFO | SFTrainer | Epoch 2830 | total 18.8636 | rec_rna 2.5579 | rec_atac 6.0739 | clip 0.0000 | clip_weight 0.0000 | lr 1.00e-04 | best 18.6923
2026-04-03 11:56:40,752 | INFO | SFTrainer | Epoch 2840 | total 18.7861 | rec_rna 2.5488 | rec_atac 6.0420 | clip 0.0000 | clip_weight 0.0000 | lr 1.00e-04 | best 18.6923
2026-04-03 11:56:41,524 | INFO | SFTrainer | Epoch 2850 | total 18.7690 | rec_rna 2.5475 | rec_atac 6.0316 | clip 0.0000 | clip_weight 0.0000 | lr 1.00e-04 | best 18.6923
2026-04-03 11:56:42,283 | INFO | SFTrainer | Epoch 2860 | total 18.7303 | rec_rna 2.5400 | rec_atac 6.0301 | clip 0.0000 | clip_weight 0.0000 | lr 1.00e-04 | best 18.6923
2026-04-03 11:56:43,045 | INFO | SFTrainer | Epoch 2870 | total 18.7432 | rec_rna 2.5403 | rec_atac 6.0418 | clip 0.0000 | clip_weight 0.0000 | lr 1.00e-04 | best 18.6923
2026-04-03 11:56:43,780 | INFO | SFTrainer | Epoch 2880 | total 18.7851 | rec_rna 2.5467 | rec_atac 6.0517 | clip 0.0000 | clip_weight 0.0000 | lr 1.00e-04 | best 18.6923
2026-04-03 11:56:44,522 | INFO | SFTrainer | Epoch 2890 | total 18.7604 | rec_rna 2.5425 | rec_atac 6.0480 | clip 0.0000 | clip_weight 0.0000 | lr 1.00e-04 | best 18.6923
2026-04-03 11:56:45,273 | INFO | SFTrainer | Epoch 2900 | total 18.8458 | rec_rna 2.5580 | rec_atac 6.0558 | clip 0.0000 | clip_weight 0.0000 | lr 1.00e-04 | best 18.6923
2026-04-03 11:56:46,042 | INFO | SFTrainer | Epoch 2910 | total 18.8400 | rec_rna 2.5540 | rec_atac 6.0702 | clip 0.0000 | clip_weight 0.0000 | lr 1.00e-04 | best 18.6923
2026-04-03 11:56:46,782 | INFO | SFTrainer | Epoch 2920 | total 18.7607 | rec_rna 2.5368 | rec_atac 6.0769 | clip 0.0000 | clip_weight 0.0000 | lr 1.00e-04 | best 18.6923
2026-04-03 11:56:47,540 | INFO | SFTrainer | Epoch 2930 | total 18.7178 | rec_rna 2.5258 | rec_atac 6.0889 | clip 0.0000 | clip_weight 0.0000 | lr 1.00e-04 | best 18.6923
2026-04-03 11:56:48,281 | INFO | SFTrainer | Epoch 2940 | total 18.8165 | rec_rna 2.5552 | rec_atac 6.0406 | clip 0.0000 | clip_weight 0.0000 | lr 1.00e-04 | best 18.6923
2026-04-03 11:56:49,011 | INFO | SFTrainer | Epoch 2950 | total 18.7680 | rec_rna 2.5406 | rec_atac 6.0652 | clip 0.0000 | clip_weight 0.0000 | lr 1.00e-04 | best 18.6923
2026-04-03 11:56:49,773 | INFO | SFTrainer | Epoch 2960 | total 18.7073 | rec_rna 2.5373 | rec_atac 6.0210 | clip 0.0000 | clip_weight 0.0000 | lr 1.00e-04 | best 18.6923
2026-04-03 11:56:50,510 | INFO | SFTrainer | Epoch 2970 | total 18.7172 | rec_rna 2.5461 | rec_atac 5.9869 | clip 0.0000 | clip_weight 0.0000 | lr 1.00e-04 | best 18.6923
2026-04-03 11:56:51,253 | INFO | SFTrainer | Epoch 2980 | total 18.7146 | rec_rna 2.5395 | rec_atac 6.0173 | clip 0.0000 | clip_weight 0.0000 | lr 1.00e-04 | best 18.6923
2026-04-03 11:56:51,995 | INFO | SFTrainer | Epoch 2990 | total 18.8009 | rec_rna 2.5475 | rec_atac 6.0634 | clip 0.0000 | clip_weight 0.0000 | lr 1.00e-04 | best 18.6923
2026-04-03 11:56:52,720 | INFO | SFTrainer | Epoch 3000 | total 18.7577 | rec_rna 2.5438 | rec_atac 6.0389 | clip 0.0000 | clip_weight 0.0000 | lr 1.00e-04 | best 18.6923
2026-04-03 11:56:52,740 | INFO | SFTrainer | Training finished. Best loss=18.6923
2026-04-03 11:56:52,741 | INFO | SFTrainer | Training run complete.

========================================================================================
2026-04-03 11:57:05,880 | INFO | SFEvaluate | [Phase 3] Evaluation started.
2026-04-03 11:57:05,880 | INFO | SFEvaluate | Loading processed data...
2026-04-03 11:57:06,136 | INFO | SFEvaluate | Initializing model...
2026-04-03 11:57:06,236 | INFO | SFEvaluate | Loading checkpoint: ckpt_best.pth
2026-04-03 11:57:06,281 | INFO | SFEvaluate | Inference running...
2026-04-03 11:57:06,861 | INFO | SFEvaluate | Latent shape: torch.Size([1949, 128])
2026-04-03 11:57:28,851 | INFO | SFEvaluate | Artifacts: ./results/e15_5_s1/tuning/k8_a0p9/figures/spatial_analysis.pdf | ./results/e15_5_s1/tuning/k8_a0p9/predictions/embedding_joint.h5ad
2026-04-03 11:57:28,851 | INFO | SFEvaluate | Eval metrics | checkpoint=ckpt_best.pth | epoch=BEST (Epoch 3000) | latent_moran=0.4398 | cluster_moran=0.6835
2026-04-03 11:57:28,852 | INFO | SFEvaluate | GT metrics | checkpoint=ckpt_best.pth | epoch=BEST (Epoch 3000) | ARI=0.4514 | NMI=0.5986 | AMI=0.5918 | HOM=0.6560 | n_valid=1949
2026-04-03 11:57:28,852 | INFO | SFEvaluate | Evaluation complete.

========================================================================================
2026-04-03 11:57:42,324 | INFO | SFEvaluateRange | [Range Evaluate] Started. epochs=[1500, 1600, 1700, 1800, 1900, 2000, 2100, 2200, 2300, 2400, 2500, 2600, 2700, 2800, 2900, 3000]
2026-04-03 11:57:42,325 | INFO | SFEvaluateRange | Loading processed data...
2026-04-03 11:57:42,590 | INFO | SFEvaluateRange | Initializing model...
2026-04-03 11:57:42,692 | INFO | SFEvaluateRange | Evaluating epoch 1500 with ckpt_1500.pth
2026-04-03 11:58:06,882 | INFO | SFEvaluateRange | Eval metrics (epoch_1500) | checkpoint=ckpt_1500.pth | epoch=Epoch 1500 | latent_moran=0.4305 | cluster_moran=0.6551
2026-04-03 11:58:06,882 | INFO | SFEvaluateRange | GT metrics (epoch_1500) | checkpoint=ckpt_1500.pth | epoch=Epoch 1500 | ARI=0.5044 | NMI=0.6077 | AMI=0.6010 | HOM=0.6600 | n_valid=1949
2026-04-03 11:58:06,883 | INFO | SFEvaluateRange | Artifacts (epoch_1500): ./results/e15_5_s1/tuning/k8_a0p9/figures/spatial_analysis_epoch_1500.pdf | ./results/e15_5_s1/tuning/k8_a0p9/predictions/embedding_joint_epoch_1500.h5ad
2026-04-03 11:58:06,883 | INFO | SFEvaluateRange | Evaluating epoch 1600 with ckpt_1600.pth
2026-04-03 11:58:19,377 | INFO | SFEvaluateRange | Eval metrics (epoch_1600) | checkpoint=ckpt_1600.pth | epoch=Epoch 1600 | latent_moran=0.4321 | cluster_moran=0.6808
2026-04-03 11:58:19,378 | INFO | SFEvaluateRange | GT metrics (epoch_1600) | checkpoint=ckpt_1600.pth | epoch=Epoch 1600 | ARI=0.4641 | NMI=0.6182 | AMI=0.6118 | HOM=0.6732 | n_valid=1949
2026-04-03 11:58:19,379 | INFO | SFEvaluateRange | Artifacts (epoch_1600): ./results/e15_5_s1/tuning/k8_a0p9/figures/spatial_analysis_epoch_1600.pdf | ./results/e15_5_s1/tuning/k8_a0p9/predictions/embedding_joint_epoch_1600.h5ad
2026-04-03 11:58:19,379 | INFO | SFEvaluateRange | Evaluating epoch 1700 with ckpt_1700.pth
2026-04-03 11:58:31,785 | INFO | SFEvaluateRange | Eval metrics (epoch_1700) | checkpoint=ckpt_1700.pth | epoch=Epoch 1700 | latent_moran=0.4330 | cluster_moran=0.6740
2026-04-03 11:58:31,786 | INFO | SFEvaluateRange | GT metrics (epoch_1700) | checkpoint=ckpt_1700.pth | epoch=Epoch 1700 | ARI=0.4700 | NMI=0.6195 | AMI=0.6131 | HOM=0.6760 | n_valid=1949
2026-04-03 11:58:31,786 | INFO | SFEvaluateRange | Artifacts (epoch_1700): ./results/e15_5_s1/tuning/k8_a0p9/figures/spatial_analysis_epoch_1700.pdf | ./results/e15_5_s1/tuning/k8_a0p9/predictions/embedding_joint_epoch_1700.h5ad
2026-04-03 11:58:31,786 | INFO | SFEvaluateRange | Evaluating epoch 1800 with ckpt_1800.pth
2026-04-03 11:58:47,423 | INFO | SFEvaluateRange | Eval metrics (epoch_1800) | checkpoint=ckpt_1800.pth | epoch=Epoch 1800 | latent_moran=0.4324 | cluster_moran=0.6821
2026-04-03 11:58:47,424 | INFO | SFEvaluateRange | GT metrics (epoch_1800) | checkpoint=ckpt_1800.pth | epoch=Epoch 1800 | ARI=0.4926 | NMI=0.6187 | AMI=0.6123 | HOM=0.6777 | n_valid=1949
2026-04-03 11:58:47,424 | INFO | SFEvaluateRange | Artifacts (epoch_1800): ./results/e15_5_s1/tuning/k8_a0p9/figures/spatial_analysis_epoch_1800.pdf | ./results/e15_5_s1/tuning/k8_a0p9/predictions/embedding_joint_epoch_1800.h5ad
2026-04-03 11:58:47,424 | INFO | SFEvaluateRange | Evaluating epoch 1900 with ckpt_1900.pth
2026-04-03 11:59:01,705 | INFO | SFEvaluateRange | Eval metrics (epoch_1900) | checkpoint=ckpt_1900.pth | epoch=Epoch 1900 | latent_moran=0.4327 | cluster_moran=0.6792
2026-04-03 11:59:01,706 | INFO | SFEvaluateRange | GT metrics (epoch_1900) | checkpoint=ckpt_1900.pth | epoch=Epoch 1900 | ARI=0.4897 | NMI=0.6194 | AMI=0.6129 | HOM=0.6669 | n_valid=1949
2026-04-03 11:59:01,706 | INFO | SFEvaluateRange | Artifacts (epoch_1900): ./results/e15_5_s1/tuning/k8_a0p9/figures/spatial_analysis_epoch_1900.pdf | ./results/e15_5_s1/tuning/k8_a0p9/predictions/embedding_joint_epoch_1900.h5ad
2026-04-03 11:59:01,706 | INFO | SFEvaluateRange | Evaluating epoch 2000 with ckpt_best.pth
2026-04-03 11:59:13,761 | INFO | SFEvaluateRange | Eval metrics (epoch_2000_best) | checkpoint=ckpt_best.pth | epoch=Epoch 2000 (BEST) | latent_moran=0.4398 | cluster_moran=0.6835
2026-04-03 11:59:13,761 | INFO | SFEvaluateRange | GT metrics (epoch_2000_best) | checkpoint=ckpt_best.pth | epoch=Epoch 2000 (BEST) | ARI=0.4514 | NMI=0.5986 | AMI=0.5918 | HOM=0.6560 | n_valid=1949
2026-04-03 11:59:13,761 | INFO | SFEvaluateRange | Artifacts (epoch_2000_best): ./results/e15_5_s1/tuning/k8_a0p9/figures/spatial_analysis_epoch_2000_best.pdf | ./results/e15_5_s1/tuning/k8_a0p9/predictions/embedding_joint_epoch_2000_best.h5ad
2026-04-03 11:59:13,761 | INFO | SFEvaluateRange | Evaluating epoch 2100 with ckpt_2100.pth
2026-04-03 11:59:26,358 | INFO | SFEvaluateRange | Eval metrics (epoch_2100) | checkpoint=ckpt_2100.pth | epoch=Epoch 2100 | latent_moran=0.4343 | cluster_moran=0.6762
2026-04-03 11:59:26,359 | INFO | SFEvaluateRange | GT metrics (epoch_2100) | checkpoint=ckpt_2100.pth | epoch=Epoch 2100 | ARI=0.3930 | NMI=0.6032 | AMI=0.5966 | HOM=0.6641 | n_valid=1949
2026-04-03 11:59:26,359 | INFO | SFEvaluateRange | Artifacts (epoch_2100): ./results/e15_5_s1/tuning/k8_a0p9/figures/spatial_analysis_epoch_2100.pdf | ./results/e15_5_s1/tuning/k8_a0p9/predictions/embedding_joint_epoch_2100.h5ad
2026-04-03 11:59:26,359 | INFO | SFEvaluateRange | Evaluating epoch 2200 with ckpt_2200.pth
2026-04-03 11:59:39,869 | INFO | SFEvaluateRange | Eval metrics (epoch_2200) | checkpoint=ckpt_2200.pth | epoch=Epoch 2200 | latent_moran=0.4358 | cluster_moran=0.6710
2026-04-03 11:59:39,870 | INFO | SFEvaluateRange | GT metrics (epoch_2200) | checkpoint=ckpt_2200.pth | epoch=Epoch 2200 | ARI=0.3893 | NMI=0.6034 | AMI=0.5968 | HOM=0.6680 | n_valid=1949
2026-04-03 11:59:39,870 | INFO | SFEvaluateRange | Artifacts (epoch_2200): ./results/e15_5_s1/tuning/k8_a0p9/figures/spatial_analysis_epoch_2200.pdf | ./results/e15_5_s1/tuning/k8_a0p9/predictions/embedding_joint_epoch_2200.h5ad
2026-04-03 11:59:39,870 | INFO | SFEvaluateRange | Evaluating epoch 2300 with ckpt_2300.pth
2026-04-03 11:59:52,161 | INFO | SFEvaluateRange | Eval metrics (epoch_2300) | checkpoint=ckpt_2300.pth | epoch=Epoch 2300 | latent_moran=0.4367 | cluster_moran=0.6885
2026-04-03 11:59:52,161 | INFO | SFEvaluateRange | GT metrics (epoch_2300) | checkpoint=ckpt_2300.pth | epoch=Epoch 2300 | ARI=0.4663 | NMI=0.6175 | AMI=0.6110 | HOM=0.6711 | n_valid=1949
2026-04-03 11:59:52,162 | INFO | SFEvaluateRange | Artifacts (epoch_2300): ./results/e15_5_s1/tuning/k8_a0p9/figures/spatial_analysis_epoch_2300.pdf | ./results/e15_5_s1/tuning/k8_a0p9/predictions/embedding_joint_epoch_2300.h5ad
2026-04-03 11:59:52,162 | INFO | SFEvaluateRange | Evaluating epoch 2400 with ckpt_2400.pth
2026-04-03 12:00:05,315 | INFO | SFEvaluateRange | Eval metrics (epoch_2400) | checkpoint=ckpt_2400.pth | epoch=Epoch 2400 | latent_moran=0.4373 | cluster_moran=0.6789
2026-04-03 12:00:05,315 | INFO | SFEvaluateRange | GT metrics (epoch_2400) | checkpoint=ckpt_2400.pth | epoch=Epoch 2400 | ARI=0.4615 | NMI=0.6063 | AMI=0.5997 | HOM=0.6652 | n_valid=1949
2026-04-03 12:00:05,316 | INFO | SFEvaluateRange | Artifacts (epoch_2400): ./results/e15_5_s1/tuning/k8_a0p9/figures/spatial_analysis_epoch_2400.pdf | ./results/e15_5_s1/tuning/k8_a0p9/predictions/embedding_joint_epoch_2400.h5ad
2026-04-03 12:00:05,316 | INFO | SFEvaluateRange | Evaluating epoch 2500 with ckpt_2500.pth
2026-04-03 12:00:19,845 | INFO | SFEvaluateRange | Eval metrics (epoch_2500) | checkpoint=ckpt_2500.pth | epoch=Epoch 2500 | latent_moran=0.4382 | cluster_moran=0.6754
2026-04-03 12:00:19,845 | INFO | SFEvaluateRange | GT metrics (epoch_2500) | checkpoint=ckpt_2500.pth | epoch=Epoch 2500 | ARI=0.3915 | NMI=0.6080 | AMI=0.6014 | HOM=0.6704 | n_valid=1949
2026-04-03 12:00:19,846 | INFO | SFEvaluateRange | Artifacts (epoch_2500): ./results/e15_5_s1/tuning/k8_a0p9/figures/spatial_analysis_epoch_2500.pdf | ./results/e15_5_s1/tuning/k8_a0p9/predictions/embedding_joint_epoch_2500.h5ad
2026-04-03 12:00:19,846 | INFO | SFEvaluateRange | Evaluating epoch 2600 with ckpt_2600.pth
2026-04-03 12:00:32,625 | INFO | SFEvaluateRange | Eval metrics (epoch_2600) | checkpoint=ckpt_2600.pth | epoch=Epoch 2600 | latent_moran=0.4383 | cluster_moran=0.6878
2026-04-03 12:00:32,626 | INFO | SFEvaluateRange | GT metrics (epoch_2600) | checkpoint=ckpt_2600.pth | epoch=Epoch 2600 | ARI=0.4681 | NMI=0.6189 | AMI=0.6124 | HOM=0.6719 | n_valid=1949
2026-04-03 12:00:32,626 | INFO | SFEvaluateRange | Artifacts (epoch_2600): ./results/e15_5_s1/tuning/k8_a0p9/figures/spatial_analysis_epoch_2600.pdf | ./results/e15_5_s1/tuning/k8_a0p9/predictions/embedding_joint_epoch_2600.h5ad
2026-04-03 12:00:32,626 | INFO | SFEvaluateRange | Evaluating epoch 2700 with ckpt_2700.pth
2026-04-03 12:00:47,475 | INFO | SFEvaluateRange | Eval metrics (epoch_2700) | checkpoint=ckpt_2700.pth | epoch=Epoch 2700 | latent_moran=0.4391 | cluster_moran=0.6802
2026-04-03 12:00:47,475 | INFO | SFEvaluateRange | GT metrics (epoch_2700) | checkpoint=ckpt_2700.pth | epoch=Epoch 2700 | ARI=0.3936 | NMI=0.6092 | AMI=0.6026 | HOM=0.6714 | n_valid=1949
2026-04-03 12:00:47,475 | INFO | SFEvaluateRange | Artifacts (epoch_2700): ./results/e15_5_s1/tuning/k8_a0p9/figures/spatial_analysis_epoch_2700.pdf | ./results/e15_5_s1/tuning/k8_a0p9/predictions/embedding_joint_epoch_2700.h5ad
2026-04-03 12:00:47,475 | INFO | SFEvaluateRange | Evaluating epoch 2800 with ckpt_2800.pth
2026-04-03 12:00:59,633 | INFO | SFEvaluateRange | Eval metrics (epoch_2800) | checkpoint=ckpt_2800.pth | epoch=Epoch 2800 | latent_moran=0.4397 | cluster_moran=0.6868
2026-04-03 12:00:59,634 | INFO | SFEvaluateRange | GT metrics (epoch_2800) | checkpoint=ckpt_2800.pth | epoch=Epoch 2800 | ARI=0.3840 | NMI=0.5963 | AMI=0.5895 | HOM=0.6574 | n_valid=1949
2026-04-03 12:00:59,634 | INFO | SFEvaluateRange | Artifacts (epoch_2800): ./results/e15_5_s1/tuning/k8_a0p9/figures/spatial_analysis_epoch_2800.pdf | ./results/e15_5_s1/tuning/k8_a0p9/predictions/embedding_joint_epoch_2800.h5ad
2026-04-03 12:00:59,634 | INFO | SFEvaluateRange | Evaluating epoch 2900 with ckpt_2900.pth
2026-04-03 12:01:12,128 | INFO | SFEvaluateRange | Eval metrics (epoch_2900) | checkpoint=ckpt_2900.pth | epoch=Epoch 2900 | latent_moran=0.4400 | cluster_moran=0.6823
2026-04-03 12:01:12,129 | INFO | SFEvaluateRange | GT metrics (epoch_2900) | checkpoint=ckpt_2900.pth | epoch=Epoch 2900 | ARI=0.3882 | NMI=0.6019 | AMI=0.5952 | HOM=0.6631 | n_valid=1949
2026-04-03 12:01:12,129 | INFO | SFEvaluateRange | Artifacts (epoch_2900): ./results/e15_5_s1/tuning/k8_a0p9/figures/spatial_analysis_epoch_2900.pdf | ./results/e15_5_s1/tuning/k8_a0p9/predictions/embedding_joint_epoch_2900.h5ad
2026-04-03 12:01:12,129 | INFO | SFEvaluateRange | Evaluating epoch 3000 with ckpt_3000.pth
2026-04-03 12:01:24,076 | INFO | SFEvaluateRange | Eval metrics (epoch_3000) | checkpoint=ckpt_3000.pth | epoch=Epoch 3000 | latent_moran=0.4406 | cluster_moran=0.6841
2026-04-03 12:01:24,077 | INFO | SFEvaluateRange | GT metrics (epoch_3000) | checkpoint=ckpt_3000.pth | epoch=Epoch 3000 | ARI=0.4502 | NMI=0.5994 | AMI=0.5927 | HOM=0.6566 | n_valid=1949
2026-04-03 12:01:24,077 | INFO | SFEvaluateRange | Artifacts (epoch_3000): ./results/e15_5_s1/tuning/k8_a0p9/figures/spatial_analysis_epoch_3000.pdf | ./results/e15_5_s1/tuning/k8_a0p9/predictions/embedding_joint_epoch_3000.h5ad
2026-04-03 12:01:24,077 | INFO | SFEvaluateRange | Range evaluation complete. Success=16 | Failed/Skipped=0

========================================================================================
