2026-03-30 11:28:02,737 | INFO | SFPipeline | Pipeline start: dataset=misar_e18-5-s2
2026-03-30 11:28:02,745 | INFO | SFPipeline | Config:
project:
  name: SF_MISAR_E18_5_S2_Analysis
  version: 1.0.0
  seed: 42
  save_dir: ./results/misar/misar_e18-5-s2/checkpoints/
  eval_dir: ./results/misar/misar_e18-5-s2/predictions/
eval:
  checkpoint: best
  n_clusters: 7
  mclust_pca_dim: 20
  resolution: 0.9
  moran_k: 6
  plotting:
    figure_dpi: 180
    figure_size:
    - 14
    - 6
    panel_size:
    - 6
    - 6
    umap_point_size: 60
    spatial_point_size: 80
    alpha: 1.0
    legend_loc: on data
    palette_mode: high_contrast
  checkpoints:
    best: ckpt_best.pth
    final: ckpt_300.pth
data:
  raw_path: data/raw/misar/misar_e18-5-s2
  processed_path: data/processed/misar/misar_e18-5-s2
  files:
    rna_h5ad: adata_RNA.h5ad
    atac_h5ad: adata_Peak.h5ad
    gtf: ../gencode.vM23.annotation.gtf.gz
  parameters:
    n_top_genes: 3000
    rna_pca_dim: 512
    rna_min_cells: 3
    rna_target_sum: 1e4
    n_global_peaks: 50000
    n_final_peaks: 30000
    atac_pca_dim: 512
    atac_min_cells: 50
    atac_target_sum: 1e4
    tfidf_eps: 1e-6
    tss_window: 150000
    knn_k: 6
    ground_truth_key: Combined_Clusters
model:
  name: SFNet
  rna_in_dim: 3000
  hidden_dim: 512
  rna_n_heads: 4
  rna_dropout: 0.1
  atac_dropout: 0.1
  n_heads: 4
  dropout: 0.1
  grid_size: 128
  latent_dim: 50
  sfib_dim: 128
  sfib_ino_layers: 2
  proj_hidden_dim: 64
  proj_output_dim: 64
  rna_dec_hidden: 512
  rna_dec_blocks: 1
  atac_dec_hidden: 512
  atac_dec_blocks: 1
  sfib_debug_mode: false
  model.sfib_debug_epochs:
  - 1
  - 10
  - 20
  model.sfib_debug_every_n_epochs: 20
train:
  epochs: 3000
  batch_size: 1
  learning_rate: 1e-3
  learning_rate_low: 1e-4
  lr_switch_epoch: 2000
  weight_decay: 1e-4
  lambda_rna: 5.0
  lambda_atac: 1.0
  lambda_clip: 0.5
  fade_start_epoch: 2000
  fade_end_epoch: 2500
  pos_weight_rna: 10.0
  pos_weight_atac: 20.0
  clip_temperature: 0.5
  save_every: 50
  device: cuda
  log_interval: 10
  log_tail_blank_lines: 5
  best_name: ckpt_best.pth

2026-03-30 11:28:02,745 | INFO | SFPipeline | Pipeline steps: ['Preprocess', 'Train', 'Evaluate']
2026-03-30 11:28:02,745 | INFO | SFPipeline | Step start: Preprocess
2026-03-30 11:28:07,659 | INFO | SFPreprocess | [Phase 1] Starting Data Preprocessing...
2026-03-30 11:28:07,659 | INFO | SFPreprocess | Loading raw data...
2026-03-30 11:28:07,659 | INFO | SFPreprocess | Data loader: paired h5ad
2026-03-30 11:28:44,960 | INFO | SFPreprocess | Aligned final cells: RNA=2248, ATAC=2248
2026-03-30 11:37:27,929 | INFO | SFPreprocess | Reduced shapes: RNA=(2248, 512), ATAC=(2248, 512)
2026-03-30 11:37:48,353 | INFO | SFPreprocess | Saving processed tensors...
2026-03-30 11:37:48,409 | INFO | SFPreprocess | Preprocessing complete: data/processed/misar/misar_e18-5-s2/processed_data.pt
2026-03-30 11:37:50,260 | INFO | SFPipeline | Step done: Preprocess
2026-03-30 11:37:50,261 | INFO | SFPipeline | Step start: Train
2026-03-30 11:37:57,266 | INFO | SFTrainer | [Phase 2] Starting Model Training...
2026-03-30 11:37:57,267 | INFO | SFTrainer | Loading processed data...
2026-03-30 11:37:57,304 | INFO | SFTrainer | Data ready: RNA=torch.Size([2248, 512]), ATAC=torch.Size([2248, 512]), edges=13488
2026-03-30 11:37:57,304 | INFO | SFTrainer | Initializing model...
2026-03-30 11:37:57,822 | INFO | SFTrainer | Training started.
2026-03-30 11:37:57,822 | INFO | SFTrainer | Training started: epochs=3000
2026-03-30 11:38:02,177 | INFO | SFTrainer | Epoch 010 | total 67.6311 | rec_rna 8.4002 | rec_atac 21.7789 | clip 7.7022 | clip_weight 0.5000 | lr 1.00e-03 | best 67.6311
2026-03-30 11:38:03,669 | INFO | SFTrainer | Epoch 020 | total 63.3419 | rec_rna 8.1077 | rec_atac 18.9900 | clip 7.6272 | clip_weight 0.5000 | lr 1.00e-03 | best 63.3419
2026-03-30 11:38:04,776 | INFO | SFTrainer | Epoch 030 | total 62.0877 | rec_rna 8.0228 | rec_atac 18.2425 | clip 7.4625 | clip_weight 0.5000 | lr 1.00e-03 | best 62.0877
2026-03-30 11:38:05,866 | INFO | SFTrainer | Epoch 040 | total 61.4367 | rec_rna 7.9330 | rec_atac 18.1352 | clip 7.2732 | clip_weight 0.5000 | lr 1.00e-03 | best 61.4367
2026-03-30 11:38:07,638 | INFO | SFTrainer | Epoch 050 | total 60.5188 | rec_rna 7.8188 | rec_atac 17.8881 | clip 7.0738 | clip_weight 0.5000 | lr 1.00e-03 | best 60.5188
2026-03-30 11:38:09,538 | INFO | SFTrainer | Epoch 060 | total 59.4092 | rec_rna 7.6955 | rec_atac 17.4720 | clip 6.9197 | clip_weight 0.5000 | lr 1.00e-03 | best 59.4092
2026-03-30 11:38:11,384 | INFO | SFTrainer | Epoch 070 | total 58.4045 | rec_rna 7.6184 | rec_atac 16.9116 | clip 6.8021 | clip_weight 0.5000 | lr 1.00e-03 | best 58.4045
2026-03-30 11:38:13,299 | INFO | SFTrainer | Epoch 080 | total 57.6441 | rec_rna 7.5561 | rec_atac 16.5066 | clip 6.7140 | clip_weight 0.5000 | lr 1.00e-03 | best 57.6441
2026-03-30 11:38:14,556 | INFO | SFTrainer | Epoch 090 | total 56.6363 | rec_rna 7.4281 | rec_atac 16.1838 | clip 6.6240 | clip_weight 0.5000 | lr 1.00e-03 | best 56.6363
2026-03-30 11:38:15,645 | INFO | SFTrainer | Epoch 100 | total 55.5813 | rec_rna 7.2838 | rec_atac 15.8898 | clip 6.5452 | clip_weight 0.5000 | lr 1.00e-03 | best 55.5813
2026-03-30 11:38:16,980 | INFO | SFTrainer | Epoch 110 | total 54.7110 | rec_rna 7.1523 | rec_atac 15.6990 | clip 6.5009 | clip_weight 0.5000 | lr 1.00e-03 | best 54.7110
2026-03-30 11:38:18,700 | INFO | SFTrainer | Epoch 120 | total 53.8767 | rec_rna 7.0150 | rec_atac 15.5719 | clip 6.4600 | clip_weight 0.5000 | lr 1.00e-03 | best 53.8767
2026-03-30 11:38:20,462 | INFO | SFTrainer | Epoch 130 | total 52.9467 | rec_rna 6.8705 | rec_atac 15.3868 | clip 6.4149 | clip_weight 0.5000 | lr 1.00e-03 | best 52.9467
2026-03-30 11:38:22,310 | INFO | SFTrainer | Epoch 140 | total 52.1258 | rec_rna 6.7406 | rec_atac 15.2343 | clip 6.3772 | clip_weight 0.5000 | lr 1.00e-03 | best 52.1258
2026-03-30 11:38:24,192 | INFO | SFTrainer | Epoch 150 | total 51.2930 | rec_rna 6.6047 | rec_atac 15.0842 | clip 6.3709 | clip_weight 0.5000 | lr 1.00e-03 | best 51.2930
2026-03-30 11:38:25,312 | INFO | SFTrainer | Epoch 160 | total 50.4579 | rec_rna 6.4718 | rec_atac 14.9353 | clip 6.3277 | clip_weight 0.5000 | lr 1.00e-03 | best 50.4579
2026-03-30 11:38:26,374 | INFO | SFTrainer | Epoch 170 | total 49.6914 | rec_rna 6.3489 | rec_atac 14.7924 | clip 6.3094 | clip_weight 0.5000 | lr 1.00e-03 | best 49.6914
2026-03-30 11:38:27,466 | INFO | SFTrainer | Epoch 180 | total 48.9239 | rec_rna 6.2248 | rec_atac 14.6605 | clip 6.2792 | clip_weight 0.5000 | lr 1.00e-03 | best 48.9239
2026-03-30 11:38:28,620 | INFO | SFTrainer | Epoch 190 | total 48.2285 | rec_rna 6.1128 | rec_atac 14.5278 | clip 6.2734 | clip_weight 0.5000 | lr 1.00e-03 | best 48.2285
2026-03-30 11:38:29,641 | INFO | SFTrainer | Epoch 200 | total 47.5346 | rec_rna 6.0044 | rec_atac 14.3986 | clip 6.2279 | clip_weight 0.5000 | lr 1.00e-03 | best 47.5346
2026-03-30 11:38:30,838 | INFO | SFTrainer | Epoch 210 | total 46.8409 | rec_rna 5.8988 | rec_atac 14.2367 | clip 6.2200 | clip_weight 0.5000 | lr 1.00e-03 | best 46.8409
2026-03-30 11:38:31,946 | INFO | SFTrainer | Epoch 220 | total 46.1435 | rec_rna 5.7888 | rec_atac 14.1141 | clip 6.1705 | clip_weight 0.5000 | lr 1.00e-03 | best 46.1435
2026-03-30 11:38:33,032 | INFO | SFTrainer | Epoch 230 | total 45.5656 | rec_rna 5.6967 | rec_atac 14.0022 | clip 6.1596 | clip_weight 0.5000 | lr 1.00e-03 | best 45.5656
2026-03-30 11:38:34,173 | INFO | SFTrainer | Epoch 240 | total 44.9061 | rec_rna 5.6043 | rec_atac 13.8181 | clip 6.1333 | clip_weight 0.5000 | lr 1.00e-03 | best 44.9061
2026-03-30 11:38:35,303 | INFO | SFTrainer | Epoch 250 | total 44.2562 | rec_rna 5.5052 | rec_atac 13.6720 | clip 6.1161 | clip_weight 0.5000 | lr 1.00e-03 | best 44.2562
2026-03-30 11:38:36,417 | INFO | SFTrainer | Epoch 260 | total 43.6294 | rec_rna 5.4140 | rec_atac 13.5122 | clip 6.0942 | clip_weight 0.5000 | lr 1.00e-03 | best 43.6294
2026-03-30 11:38:37,437 | INFO | SFTrainer | Epoch 270 | total 43.0311 | rec_rna 5.3295 | rec_atac 13.3493 | clip 6.0688 | clip_weight 0.5000 | lr 1.00e-03 | best 43.0311
2026-03-30 11:38:38,497 | INFO | SFTrainer | Epoch 280 | total 42.4953 | rec_rna 5.2521 | rec_atac 13.2024 | clip 6.0643 | clip_weight 0.5000 | lr 1.00e-03 | best 42.4953
2026-03-30 11:38:39,509 | INFO | SFTrainer | Epoch 290 | total 41.8590 | rec_rna 5.1689 | rec_atac 13.0078 | clip 6.0131 | clip_weight 0.5000 | lr 1.00e-03 | best 41.8590
2026-03-30 11:38:40,517 | INFO | SFTrainer | Epoch 300 | total 41.3389 | rec_rna 5.0967 | rec_atac 12.8568 | clip 5.9968 | clip_weight 0.5000 | lr 1.00e-03 | best 41.3389
2026-03-30 11:38:41,598 | INFO | SFTrainer | Epoch 310 | total 40.8244 | rec_rna 5.0333 | rec_atac 12.6653 | clip 5.9851 | clip_weight 0.5000 | lr 1.00e-03 | best 40.8244
2026-03-30 11:38:42,628 | INFO | SFTrainer | Epoch 320 | total 40.3485 | rec_rna 4.9731 | rec_atac 12.5041 | clip 5.9578 | clip_weight 0.5000 | lr 1.00e-03 | best 40.3485
2026-03-30 11:38:43,639 | INFO | SFTrainer | Epoch 330 | total 39.7882 | rec_rna 4.8974 | rec_atac 12.3288 | clip 5.9446 | clip_weight 0.5000 | lr 1.00e-03 | best 39.7882
2026-03-30 11:38:44,721 | INFO | SFTrainer | Epoch 340 | total 39.3311 | rec_rna 4.8445 | rec_atac 12.1512 | clip 5.9144 | clip_weight 0.5000 | lr 1.00e-03 | best 39.3311
2026-03-30 11:38:45,813 | INFO | SFTrainer | Epoch 350 | total 38.8508 | rec_rna 4.7847 | rec_atac 11.9814 | clip 5.8914 | clip_weight 0.5000 | lr 1.00e-03 | best 38.8508
2026-03-30 11:38:46,865 | INFO | SFTrainer | Epoch 360 | total 38.3276 | rec_rna 4.7203 | rec_atac 11.7891 | clip 5.8744 | clip_weight 0.5000 | lr 1.00e-03 | best 38.3276
2026-03-30 11:38:47,951 | INFO | SFTrainer | Epoch 370 | total 37.8459 | rec_rna 4.6592 | rec_atac 11.6242 | clip 5.8512 | clip_weight 0.5000 | lr 1.00e-03 | best 37.8459
2026-03-30 11:38:48,938 | INFO | SFTrainer | Epoch 380 | total 37.4734 | rec_rna 4.6181 | rec_atac 11.4675 | clip 5.8306 | clip_weight 0.5000 | lr 1.00e-03 | best 37.4734
2026-03-30 11:38:50,097 | INFO | SFTrainer | Epoch 390 | total 37.0547 | rec_rna 4.5668 | rec_atac 11.3049 | clip 5.8319 | clip_weight 0.5000 | lr 1.00e-03 | best 37.0547
2026-03-30 11:38:51,156 | INFO | SFTrainer | Epoch 400 | total 36.6512 | rec_rna 4.5234 | rec_atac 11.1439 | clip 5.7810 | clip_weight 0.5000 | lr 1.00e-03 | best 36.6512
2026-03-30 11:38:52,246 | INFO | SFTrainer | Epoch 410 | total 36.2748 | rec_rna 4.4801 | rec_atac 10.9881 | clip 5.7727 | clip_weight 0.5000 | lr 1.00e-03 | best 36.2748
2026-03-30 11:38:53,202 | INFO | SFTrainer | Epoch 420 | total 35.9538 | rec_rna 4.4440 | rec_atac 10.8564 | clip 5.7550 | clip_weight 0.5000 | lr 1.00e-03 | best 35.9349
2026-03-30 11:38:54,217 | INFO | SFTrainer | Epoch 430 | total 35.5868 | rec_rna 4.3978 | rec_atac 10.7268 | clip 5.7419 | clip_weight 0.5000 | lr 1.00e-03 | best 35.5868
2026-03-30 11:38:55,273 | INFO | SFTrainer | Epoch 440 | total 35.2690 | rec_rna 4.3663 | rec_atac 10.5828 | clip 5.7090 | clip_weight 0.5000 | lr 1.00e-03 | best 35.2690
2026-03-30 11:38:56,316 | INFO | SFTrainer | Epoch 450 | total 34.8329 | rec_rna 4.3108 | rec_atac 10.4387 | clip 5.6802 | clip_weight 0.5000 | lr 1.00e-03 | best 34.8329
2026-03-30 11:38:57,362 | INFO | SFTrainer | Epoch 460 | total 34.5156 | rec_rna 4.2795 | rec_atac 10.2869 | clip 5.6620 | clip_weight 0.5000 | lr 1.00e-03 | best 34.5156
2026-03-30 11:38:58,275 | INFO | SFTrainer | Epoch 470 | total 34.2733 | rec_rna 4.2539 | rec_atac 10.1914 | clip 5.6244 | clip_weight 0.5000 | lr 1.00e-03 | best 34.2267
2026-03-30 11:38:59,317 | INFO | SFTrainer | Epoch 480 | total 33.9398 | rec_rna 4.2124 | rec_atac 10.0707 | clip 5.6145 | clip_weight 0.5000 | lr 1.00e-03 | best 33.9398
2026-03-30 11:39:00,227 | INFO | SFTrainer | Epoch 490 | total 33.6993 | rec_rna 4.1955 | rec_atac 9.9321 | clip 5.5799 | clip_weight 0.5000 | lr 1.00e-03 | best 33.6816
2026-03-30 11:39:01,215 | INFO | SFTrainer | Epoch 500 | total 33.4419 | rec_rna 4.1638 | rec_atac 9.8518 | clip 5.5418 | clip_weight 0.5000 | lr 1.00e-03 | best 33.4419
2026-03-30 11:39:02,281 | INFO | SFTrainer | Epoch 510 | total 33.1378 | rec_rna 4.1262 | rec_atac 9.7398 | clip 5.5336 | clip_weight 0.5000 | lr 1.00e-03 | best 33.0907
2026-03-30 11:39:03,285 | INFO | SFTrainer | Epoch 520 | total 32.8840 | rec_rna 4.1017 | rec_atac 9.6169 | clip 5.5171 | clip_weight 0.5000 | lr 1.00e-03 | best 32.8840
2026-03-30 11:39:04,229 | INFO | SFTrainer | Epoch 530 | total 32.6355 | rec_rna 4.0718 | rec_atac 9.5271 | clip 5.4989 | clip_weight 0.5000 | lr 1.00e-03 | best 32.6355
2026-03-30 11:39:05,198 | INFO | SFTrainer | Epoch 540 | total 32.4783 | rec_rna 4.0656 | rec_atac 9.4187 | clip 5.4630 | clip_weight 0.5000 | lr 1.00e-03 | best 32.3931
2026-03-30 11:39:06,040 | INFO | SFTrainer | Epoch 550 | total 32.2371 | rec_rna 4.0299 | rec_atac 9.3657 | clip 5.4442 | clip_weight 0.5000 | lr 1.00e-03 | best 32.2198
2026-03-30 11:39:06,969 | INFO | SFTrainer | Epoch 560 | total 32.0344 | rec_rna 4.0128 | rec_atac 9.2574 | clip 5.4259 | clip_weight 0.5000 | lr 1.00e-03 | best 32.0260
2026-03-30 11:39:07,886 | INFO | SFTrainer | Epoch 570 | total 31.7385 | rec_rna 3.9756 | rec_atac 9.1702 | clip 5.3801 | clip_weight 0.5000 | lr 1.00e-03 | best 31.7385
2026-03-30 11:39:08,694 | INFO | SFTrainer | Epoch 580 | total 31.6631 | rec_rna 3.9685 | rec_atac 9.1358 | clip 5.3694 | clip_weight 0.5000 | lr 1.00e-03 | best 31.6030
2026-03-30 11:39:09,693 | INFO | SFTrainer | Epoch 590 | total 31.4687 | rec_rna 3.9444 | rec_atac 9.0800 | clip 5.3336 | clip_weight 0.5000 | lr 1.00e-03 | best 31.4558
2026-03-30 11:39:10,553 | INFO | SFTrainer | Epoch 600 | total 31.3236 | rec_rna 3.9337 | rec_atac 8.9881 | clip 5.3340 | clip_weight 0.5000 | lr 1.00e-03 | best 31.2765
2026-03-30 11:39:11,465 | INFO | SFTrainer | Epoch 610 | total 31.0790 | rec_rna 3.9054 | rec_atac 8.9023 | clip 5.2997 | clip_weight 0.5000 | lr 1.00e-03 | best 31.0790
2026-03-30 11:39:12,369 | INFO | SFTrainer | Epoch 620 | total 30.8859 | rec_rna 3.8882 | rec_atac 8.8213 | clip 5.2470 | clip_weight 0.5000 | lr 1.00e-03 | best 30.8859
2026-03-30 11:39:13,296 | INFO | SFTrainer | Epoch 630 | total 30.6549 | rec_rna 3.8523 | rec_atac 8.7782 | clip 5.2299 | clip_weight 0.5000 | lr 1.00e-03 | best 30.6549
2026-03-30 11:39:14,177 | INFO | SFTrainer | Epoch 640 | total 30.5827 | rec_rna 3.8499 | rec_atac 8.7139 | clip 5.2385 | clip_weight 0.5000 | lr 1.00e-03 | best 30.5453
2026-03-30 11:39:15,065 | INFO | SFTrainer | Epoch 650 | total 30.4544 | rec_rna 3.8427 | rec_atac 8.6418 | clip 5.1981 | clip_weight 0.5000 | lr 1.00e-03 | best 30.4544
2026-03-30 11:39:15,982 | INFO | SFTrainer | Epoch 660 | total 30.3509 | rec_rna 3.8249 | rec_atac 8.6309 | clip 5.1915 | clip_weight 0.5000 | lr 1.00e-03 | best 30.2594
2026-03-30 11:39:16,969 | INFO | SFTrainer | Epoch 670 | total 30.1112 | rec_rna 3.7982 | rec_atac 8.5505 | clip 5.1395 | clip_weight 0.5000 | lr 1.00e-03 | best 30.1062
2026-03-30 11:39:17,872 | INFO | SFTrainer | Epoch 680 | total 29.9917 | rec_rna 3.7882 | rec_atac 8.4959 | clip 5.1094 | clip_weight 0.5000 | lr 1.00e-03 | best 29.9372
2026-03-30 11:39:18,716 | INFO | SFTrainer | Epoch 690 | total 29.8765 | rec_rna 3.7711 | rec_atac 8.4558 | clip 5.1305 | clip_weight 0.5000 | lr 1.00e-03 | best 29.8765
2026-03-30 11:39:19,676 | INFO | SFTrainer | Epoch 700 | total 29.6899 | rec_rna 3.7509 | rec_atac 8.4051 | clip 5.0606 | clip_weight 0.5000 | lr 1.00e-03 | best 29.6899
2026-03-30 11:39:20,627 | INFO | SFTrainer | Epoch 710 | total 29.5562 | rec_rna 3.7367 | rec_atac 8.3546 | clip 5.0366 | clip_weight 0.5000 | lr 1.00e-03 | best 29.5562
2026-03-30 11:39:21,469 | INFO | SFTrainer | Epoch 720 | total 29.3912 | rec_rna 3.7224 | rec_atac 8.2727 | clip 5.0127 | clip_weight 0.5000 | lr 1.00e-03 | best 29.3912
2026-03-30 11:39:22,325 | INFO | SFTrainer | Epoch 730 | total 29.2849 | rec_rna 3.7005 | rec_atac 8.2939 | clip 4.9768 | clip_weight 0.5000 | lr 1.00e-03 | best 29.2849
2026-03-30 11:39:23,097 | INFO | SFTrainer | Epoch 740 | total 29.2495 | rec_rna 3.7043 | rec_atac 8.2410 | clip 4.9743 | clip_weight 0.5000 | lr 1.00e-03 | best 29.2015
2026-03-30 11:39:23,904 | INFO | SFTrainer | Epoch 750 | total 29.0690 | rec_rna 3.6866 | rec_atac 8.1783 | clip 4.9153 | clip_weight 0.5000 | lr 1.00e-03 | best 29.0690
2026-03-30 11:39:24,698 | INFO | SFTrainer | Epoch 760 | total 28.9025 | rec_rna 3.6637 | rec_atac 8.1354 | clip 4.8968 | clip_weight 0.5000 | lr 1.00e-03 | best 28.9025
2026-03-30 11:39:25,473 | INFO | SFTrainer | Epoch 770 | total 28.9364 | rec_rna 3.6726 | rec_atac 8.1296 | clip 4.8882 | clip_weight 0.5000 | lr 1.00e-03 | best 28.8427
2026-03-30 11:39:26,414 | INFO | SFTrainer | Epoch 780 | total 28.8179 | rec_rna 3.6633 | rec_atac 8.0685 | clip 4.8661 | clip_weight 0.5000 | lr 1.00e-03 | best 28.7474
2026-03-30 11:39:27,302 | INFO | SFTrainer | Epoch 790 | total 28.6480 | rec_rna 3.6430 | rec_atac 8.0191 | clip 4.8278 | clip_weight 0.5000 | lr 1.00e-03 | best 28.6480
2026-03-30 11:39:28,134 | INFO | SFTrainer | Epoch 800 | total 28.5636 | rec_rna 3.6367 | rec_atac 7.9852 | clip 4.7904 | clip_weight 0.5000 | lr 1.00e-03 | best 28.5115
2026-03-30 11:39:28,931 | INFO | SFTrainer | Epoch 810 | total 28.5265 | rec_rna 3.6316 | rec_atac 7.9710 | clip 4.7949 | clip_weight 0.5000 | lr 1.00e-03 | best 28.4444
2026-03-30 11:39:29,738 | INFO | SFTrainer | Epoch 820 | total 28.4031 | rec_rna 3.6138 | rec_atac 7.9448 | clip 4.7784 | clip_weight 0.5000 | lr 1.00e-03 | best 28.3634
2026-03-30 11:39:30,544 | INFO | SFTrainer | Epoch 830 | total 28.2976 | rec_rna 3.6061 | rec_atac 7.8972 | clip 4.7397 | clip_weight 0.5000 | lr 1.00e-03 | best 28.2338
2026-03-30 11:39:31,341 | INFO | SFTrainer | Epoch 840 | total 28.2786 | rec_rna 3.6035 | rec_atac 7.9071 | clip 4.7084 | clip_weight 0.5000 | lr 1.00e-03 | best 28.2151
2026-03-30 11:39:32,196 | INFO | SFTrainer | Epoch 850 | total 28.1254 | rec_rna 3.5862 | rec_atac 7.8588 | clip 4.6710 | clip_weight 0.5000 | lr 1.00e-03 | best 28.1025
2026-03-30 11:39:33,113 | INFO | SFTrainer | Epoch 860 | total 28.0055 | rec_rna 3.5719 | rec_atac 7.8284 | clip 4.6347 | clip_weight 0.5000 | lr 1.00e-03 | best 28.0055
2026-03-30 11:39:33,938 | INFO | SFTrainer | Epoch 870 | total 27.9063 | rec_rna 3.5704 | rec_atac 7.7606 | clip 4.5879 | clip_weight 0.5000 | lr 1.00e-03 | best 27.9059
2026-03-30 11:39:34,753 | INFO | SFTrainer | Epoch 880 | total 27.8321 | rec_rna 3.5590 | rec_atac 7.7332 | clip 4.6078 | clip_weight 0.5000 | lr 1.00e-03 | best 27.8321
2026-03-30 11:39:35,587 | INFO | SFTrainer | Epoch 890 | total 27.7756 | rec_rna 3.5572 | rec_atac 7.7166 | clip 4.5463 | clip_weight 0.5000 | lr 1.00e-03 | best 27.7756
2026-03-30 11:39:36,473 | INFO | SFTrainer | Epoch 900 | total 27.7075 | rec_rna 3.5494 | rec_atac 7.6930 | clip 4.5353 | clip_weight 0.5000 | lr 1.00e-03 | best 27.6865
2026-03-30 11:39:37,328 | INFO | SFTrainer | Epoch 910 | total 27.6691 | rec_rna 3.5413 | rec_atac 7.7057 | clip 4.5134 | clip_weight 0.5000 | lr 1.00e-03 | best 27.5625
2026-03-30 11:39:38,098 | INFO | SFTrainer | Epoch 920 | total 27.5319 | rec_rna 3.5325 | rec_atac 7.6397 | clip 4.4592 | clip_weight 0.5000 | lr 1.00e-03 | best 27.4749
2026-03-30 11:39:38,914 | INFO | SFTrainer | Epoch 930 | total 27.5128 | rec_rna 3.5354 | rec_atac 7.6111 | clip 4.4493 | clip_weight 0.5000 | lr 1.00e-03 | best 27.3927
2026-03-30 11:39:39,696 | INFO | SFTrainer | Epoch 940 | total 27.3443 | rec_rna 3.5062 | rec_atac 7.6148 | clip 4.3968 | clip_weight 0.5000 | lr 1.00e-03 | best 27.3443
2026-03-30 11:39:40,561 | INFO | SFTrainer | Epoch 950 | total 27.2759 | rec_rna 3.5042 | rec_atac 7.5641 | clip 4.3820 | clip_weight 0.5000 | lr 1.00e-03 | best 27.2759
2026-03-30 11:39:41,491 | INFO | SFTrainer | Epoch 960 | total 27.2395 | rec_rna 3.4977 | rec_atac 7.5642 | clip 4.3732 | clip_weight 0.5000 | lr 1.00e-03 | best 27.1910
2026-03-30 11:39:42,323 | INFO | SFTrainer | Epoch 970 | total 27.1758 | rec_rna 3.4937 | rec_atac 7.5446 | clip 4.3253 | clip_weight 0.5000 | lr 1.00e-03 | best 27.1188
2026-03-30 11:39:43,177 | INFO | SFTrainer | Epoch 980 | total 27.1675 | rec_rna 3.4979 | rec_atac 7.5273 | clip 4.3010 | clip_weight 0.5000 | lr 1.00e-03 | best 27.0689
2026-03-30 11:39:43,999 | INFO | SFTrainer | Epoch 990 | total 26.9844 | rec_rna 3.4696 | rec_atac 7.5193 | clip 4.2345 | clip_weight 0.5000 | lr 1.00e-03 | best 26.9844
2026-03-30 11:39:44,840 | INFO | SFTrainer | Epoch 1000 | total 26.9897 | rec_rna 3.4710 | rec_atac 7.5169 | clip 4.2358 | clip_weight 0.5000 | lr 1.00e-03 | best 26.9328
2026-03-30 11:39:45,713 | INFO | SFTrainer | Epoch 1010 | total 26.8472 | rec_rna 3.4588 | rec_atac 7.4632 | clip 4.1804 | clip_weight 0.5000 | lr 1.00e-03 | best 26.8002
2026-03-30 11:39:46,416 | INFO | SFTrainer | Epoch 1020 | total 26.9814 | rec_rna 3.4793 | rec_atac 7.4853 | clip 4.1993 | clip_weight 0.5000 | lr 1.00e-03 | best 26.8002
2026-03-30 11:39:47,166 | INFO | SFTrainer | Epoch 1030 | total 26.7368 | rec_rna 3.4455 | rec_atac 7.4354 | clip 4.1477 | clip_weight 0.5000 | lr 1.00e-03 | best 26.7368
2026-03-30 11:39:48,010 | INFO | SFTrainer | Epoch 1040 | total 26.7094 | rec_rna 3.4483 | rec_atac 7.4094 | clip 4.1175 | clip_weight 0.5000 | lr 1.00e-03 | best 26.6481
2026-03-30 11:39:48,826 | INFO | SFTrainer | Epoch 1050 | total 26.6479 | rec_rna 3.4393 | rec_atac 7.4063 | clip 4.0907 | clip_weight 0.5000 | lr 1.00e-03 | best 26.5935
2026-03-30 11:39:49,686 | INFO | SFTrainer | Epoch 1060 | total 26.5724 | rec_rna 3.4324 | rec_atac 7.3784 | clip 4.0637 | clip_weight 0.5000 | lr 1.00e-03 | best 26.5556
2026-03-30 11:39:50,445 | INFO | SFTrainer | Epoch 1070 | total 26.4327 | rec_rna 3.4142 | rec_atac 7.3552 | clip 4.0126 | clip_weight 0.5000 | lr 1.00e-03 | best 26.4327
2026-03-30 11:39:51,173 | INFO | SFTrainer | Epoch 1080 | total 26.4697 | rec_rna 3.4241 | rec_atac 7.3571 | clip 3.9843 | clip_weight 0.5000 | lr 1.00e-03 | best 26.4327
2026-03-30 11:39:51,982 | INFO | SFTrainer | Epoch 1090 | total 26.3828 | rec_rna 3.4160 | rec_atac 7.3316 | clip 3.9419 | clip_weight 0.5000 | lr 1.00e-03 | best 26.3503
2026-03-30 11:39:52,722 | INFO | SFTrainer | Epoch 1100 | total 26.4049 | rec_rna 3.4196 | rec_atac 7.3358 | clip 3.9418 | clip_weight 0.5000 | lr 1.00e-03 | best 26.3277
2026-03-30 11:39:53,581 | INFO | SFTrainer | Epoch 1110 | total 26.2901 | rec_rna 3.4111 | rec_atac 7.2839 | clip 3.9013 | clip_weight 0.5000 | lr 1.00e-03 | best 26.2394
2026-03-30 11:39:54,427 | INFO | SFTrainer | Epoch 1120 | total 26.2582 | rec_rna 3.4057 | rec_atac 7.2933 | clip 3.8725 | clip_weight 0.5000 | lr 1.00e-03 | best 26.1260
2026-03-30 11:39:55,137 | INFO | SFTrainer | Epoch 1130 | total 26.2052 | rec_rna 3.3970 | rec_atac 7.2857 | clip 3.8687 | clip_weight 0.5000 | lr 1.00e-03 | best 26.1260
2026-03-30 11:39:55,992 | INFO | SFTrainer | Epoch 1140 | total 26.1433 | rec_rna 3.3988 | rec_atac 7.2482 | clip 3.8019 | clip_weight 0.5000 | lr 1.00e-03 | best 26.0978
2026-03-30 11:39:56,918 | INFO | SFTrainer | Epoch 1150 | total 26.0708 | rec_rna 3.3875 | rec_atac 7.2399 | clip 3.7866 | clip_weight 0.5000 | lr 1.00e-03 | best 25.9643
2026-03-30 11:39:57,641 | INFO | SFTrainer | Epoch 1160 | total 25.9768 | rec_rna 3.3762 | rec_atac 7.2256 | clip 3.7407 | clip_weight 0.5000 | lr 1.00e-03 | best 25.9643
2026-03-30 11:39:58,417 | INFO | SFTrainer | Epoch 1170 | total 25.9625 | rec_rna 3.3724 | rec_atac 7.2424 | clip 3.7159 | clip_weight 0.5000 | lr 1.00e-03 | best 25.9254
2026-03-30 11:39:59,358 | INFO | SFTrainer | Epoch 1180 | total 25.9477 | rec_rna 3.3779 | rec_atac 7.2151 | clip 3.6858 | clip_weight 0.5000 | lr 1.00e-03 | best 25.8297
2026-03-30 11:40:00,224 | INFO | SFTrainer | Epoch 1190 | total 25.8042 | rec_rna 3.3631 | rec_atac 7.1650 | clip 3.6471 | clip_weight 0.5000 | lr 1.00e-03 | best 25.8010
2026-03-30 11:40:01,080 | INFO | SFTrainer | Epoch 1200 | total 25.7239 | rec_rna 3.3495 | rec_atac 7.1716 | clip 3.6097 | clip_weight 0.5000 | lr 1.00e-03 | best 25.7239
2026-03-30 11:40:01,908 | INFO | SFTrainer | Epoch 1210 | total 25.6782 | rec_rna 3.3468 | rec_atac 7.1616 | clip 3.5654 | clip_weight 0.5000 | lr 1.00e-03 | best 25.6782
2026-03-30 11:40:02,678 | INFO | SFTrainer | Epoch 1220 | total 25.7500 | rec_rna 3.3602 | rec_atac 7.1695 | clip 3.5594 | clip_weight 0.5000 | lr 1.00e-03 | best 25.6604
2026-03-30 11:40:03,482 | INFO | SFTrainer | Epoch 1230 | total 25.6299 | rec_rna 3.3522 | rec_atac 7.1249 | clip 3.4882 | clip_weight 0.5000 | lr 1.00e-03 | best 25.5995
2026-03-30 11:40:04,268 | INFO | SFTrainer | Epoch 1240 | total 25.5242 | rec_rna 3.3338 | rec_atac 7.1235 | clip 3.4636 | clip_weight 0.5000 | lr 1.00e-03 | best 25.4701
2026-03-30 11:40:04,972 | INFO | SFTrainer | Epoch 1250 | total 25.5686 | rec_rna 3.3447 | rec_atac 7.1276 | clip 3.4351 | clip_weight 0.5000 | lr 1.00e-03 | best 25.4701
2026-03-30 11:40:05,787 | INFO | SFTrainer | Epoch 1260 | total 25.5282 | rec_rna 3.3402 | rec_atac 7.1088 | clip 3.4372 | clip_weight 0.5000 | lr 1.00e-03 | best 25.4485
2026-03-30 11:40:06,509 | INFO | SFTrainer | Epoch 1270 | total 25.5026 | rec_rna 3.3391 | rec_atac 7.1115 | clip 3.3917 | clip_weight 0.5000 | lr 1.00e-03 | best 25.4236
2026-03-30 11:40:07,293 | INFO | SFTrainer | Epoch 1280 | total 25.3106 | rec_rna 3.3142 | rec_atac 7.0639 | clip 3.3509 | clip_weight 0.5000 | lr 1.00e-03 | best 25.3106
2026-03-30 11:40:08,009 | INFO | SFTrainer | Epoch 1290 | total 25.3267 | rec_rna 3.3238 | rec_atac 7.0520 | clip 3.3115 | clip_weight 0.5000 | lr 1.00e-03 | best 25.2901
2026-03-30 11:40:08,855 | INFO | SFTrainer | Epoch 1300 | total 25.1691 | rec_rna 3.2974 | rec_atac 7.0518 | clip 3.2606 | clip_weight 0.5000 | lr 1.00e-03 | best 25.1691
2026-03-30 11:40:09,622 | INFO | SFTrainer | Epoch 1310 | total 25.2040 | rec_rna 3.3155 | rec_atac 7.0240 | clip 3.2048 | clip_weight 0.5000 | lr 1.00e-03 | best 25.1691
2026-03-30 11:40:10,368 | INFO | SFTrainer | Epoch 1320 | total 25.2066 | rec_rna 3.3051 | rec_atac 7.0564 | clip 3.2495 | clip_weight 0.5000 | lr 1.00e-03 | best 25.1662
2026-03-30 11:40:11,142 | INFO | SFTrainer | Epoch 1330 | total 25.1460 | rec_rna 3.3092 | rec_atac 7.0234 | clip 3.1532 | clip_weight 0.5000 | lr 1.00e-03 | best 25.0752
2026-03-30 11:40:11,893 | INFO | SFTrainer | Epoch 1340 | total 25.0771 | rec_rna 3.2975 | rec_atac 7.0253 | clip 3.1285 | clip_weight 0.5000 | lr 1.00e-03 | best 25.0332
2026-03-30 11:40:12,641 | INFO | SFTrainer | Epoch 1350 | total 25.1205 | rec_rna 3.2972 | rec_atac 7.0498 | clip 3.1695 | clip_weight 0.5000 | lr 1.00e-03 | best 25.0051
2026-03-30 11:40:13,449 | INFO | SFTrainer | Epoch 1360 | total 24.9751 | rec_rna 3.2886 | rec_atac 6.9967 | clip 3.0710 | clip_weight 0.5000 | lr 1.00e-03 | best 24.9721
2026-03-30 11:40:14,201 | INFO | SFTrainer | Epoch 1370 | total 25.0494 | rec_rna 3.3020 | rec_atac 7.0326 | clip 3.0137 | clip_weight 0.5000 | lr 1.00e-03 | best 24.9351
2026-03-30 11:40:15,004 | INFO | SFTrainer | Epoch 1380 | total 24.9253 | rec_rna 3.2893 | rec_atac 6.9866 | clip 2.9847 | clip_weight 0.5000 | lr 1.00e-03 | best 24.9035
2026-03-30 11:40:15,840 | INFO | SFTrainer | Epoch 1390 | total 24.9343 | rec_rna 3.3008 | rec_atac 6.9583 | clip 2.9444 | clip_weight 0.5000 | lr 1.00e-03 | best 24.8619
2026-03-30 11:40:16,732 | INFO | SFTrainer | Epoch 1400 | total 24.8181 | rec_rna 3.2781 | rec_atac 6.9732 | clip 2.9090 | clip_weight 0.5000 | lr 1.00e-03 | best 24.8181
2026-03-30 11:40:17,640 | INFO | SFTrainer | Epoch 1410 | total 24.7988 | rec_rna 3.2803 | rec_atac 6.9512 | clip 2.8927 | clip_weight 0.5000 | lr 1.00e-03 | best 24.7727
2026-03-30 11:40:18,491 | INFO | SFTrainer | Epoch 1420 | total 24.7432 | rec_rna 3.2748 | rec_atac 6.9649 | clip 2.8084 | clip_weight 0.5000 | lr 1.00e-03 | best 24.7230
2026-03-30 11:40:19,240 | INFO | SFTrainer | Epoch 1430 | total 24.7888 | rec_rna 3.2802 | rec_atac 6.9647 | clip 2.8461 | clip_weight 0.5000 | lr 1.00e-03 | best 24.6720
2026-03-30 11:40:19,996 | INFO | SFTrainer | Epoch 1440 | total 24.6041 | rec_rna 3.2578 | rec_atac 6.9214 | clip 2.7877 | clip_weight 0.5000 | lr 1.00e-03 | best 24.6041
2026-03-30 11:40:20,719 | INFO | SFTrainer | Epoch 1450 | total 24.6524 | rec_rna 3.2621 | rec_atac 6.9685 | clip 2.7467 | clip_weight 0.5000 | lr 1.00e-03 | best 24.5672
2026-03-30 11:40:21,473 | INFO | SFTrainer | Epoch 1460 | total 24.6223 | rec_rna 3.2724 | rec_atac 6.8907 | clip 2.7396 | clip_weight 0.5000 | lr 1.00e-03 | best 24.5564
2026-03-30 11:40:22,228 | INFO | SFTrainer | Epoch 1470 | total 24.5640 | rec_rna 3.2624 | rec_atac 6.9136 | clip 2.6767 | clip_weight 0.5000 | lr 1.00e-03 | best 24.5156
2026-03-30 11:40:22,988 | INFO | SFTrainer | Epoch 1480 | total 24.5130 | rec_rna 3.2594 | rec_atac 6.9036 | clip 2.6245 | clip_weight 0.5000 | lr 1.00e-03 | best 24.4673
2026-03-30 11:40:23,764 | INFO | SFTrainer | Epoch 1490 | total 24.4591 | rec_rna 3.2534 | rec_atac 6.8796 | clip 2.6245 | clip_weight 0.5000 | lr 1.00e-03 | best 24.4490
2026-03-30 11:40:24,513 | INFO | SFTrainer | Epoch 1500 | total 24.4028 | rec_rna 3.2434 | rec_atac 6.8949 | clip 2.5820 | clip_weight 0.5000 | lr 1.00e-03 | best 24.3766
2026-03-30 11:40:25,310 | INFO | SFTrainer | Epoch 1510 | total 24.4145 | rec_rna 3.2607 | rec_atac 6.8434 | clip 2.5355 | clip_weight 0.5000 | lr 1.00e-03 | best 24.3357
2026-03-30 11:40:26,161 | INFO | SFTrainer | Epoch 1520 | total 24.3583 | rec_rna 3.2511 | rec_atac 6.8536 | clip 2.4988 | clip_weight 0.5000 | lr 1.00e-03 | best 24.2970
2026-03-30 11:40:26,927 | INFO | SFTrainer | Epoch 1530 | total 24.3652 | rec_rna 3.2473 | rec_atac 6.9032 | clip 2.4511 | clip_weight 0.5000 | lr 1.00e-03 | best 24.2346
2026-03-30 11:40:27,629 | INFO | SFTrainer | Epoch 1540 | total 24.3410 | rec_rna 3.2468 | rec_atac 6.8939 | clip 2.4266 | clip_weight 0.5000 | lr 1.00e-03 | best 24.2346
2026-03-30 11:40:28,369 | INFO | SFTrainer | Epoch 1550 | total 24.2560 | rec_rna 3.2378 | rec_atac 6.8484 | clip 2.4367 | clip_weight 0.5000 | lr 1.00e-03 | best 24.2069
2026-03-30 11:40:29,196 | INFO | SFTrainer | Epoch 1560 | total 24.2456 | rec_rna 3.2471 | rec_atac 6.8346 | clip 2.3513 | clip_weight 0.5000 | lr 1.00e-03 | best 24.1044
2026-03-30 11:40:29,908 | INFO | SFTrainer | Epoch 1570 | total 24.1399 | rec_rna 3.2317 | rec_atac 6.8059 | clip 2.3505 | clip_weight 0.5000 | lr 1.00e-03 | best 24.1044
2026-03-30 11:40:30,745 | INFO | SFTrainer | Epoch 1580 | total 24.1397 | rec_rna 3.2314 | rec_atac 6.8485 | clip 2.2684 | clip_weight 0.5000 | lr 1.00e-03 | best 24.0628
2026-03-30 11:40:31,552 | INFO | SFTrainer | Epoch 1590 | total 24.0754 | rec_rna 3.2239 | rec_atac 6.8407 | clip 2.2299 | clip_weight 0.5000 | lr 1.00e-03 | best 24.0110
2026-03-30 11:40:32,362 | INFO | SFTrainer | Epoch 1600 | total 24.1089 | rec_rna 3.2261 | rec_atac 6.8357 | clip 2.2852 | clip_weight 0.5000 | lr 1.00e-03 | best 24.0092
2026-03-30 11:40:33,138 | INFO | SFTrainer | Epoch 1610 | total 24.0168 | rec_rna 3.2197 | rec_atac 6.8107 | clip 2.2155 | clip_weight 0.5000 | lr 1.00e-03 | best 23.9926
2026-03-30 11:40:33,947 | INFO | SFTrainer | Epoch 1620 | total 23.9950 | rec_rna 3.2263 | rec_atac 6.7895 | clip 2.1484 | clip_weight 0.5000 | lr 1.00e-03 | best 23.9673
2026-03-30 11:40:34,773 | INFO | SFTrainer | Epoch 1630 | total 24.0315 | rec_rna 3.2224 | rec_atac 6.8308 | clip 2.1772 | clip_weight 0.5000 | lr 1.00e-03 | best 23.9149
2026-03-30 11:40:35,602 | INFO | SFTrainer | Epoch 1640 | total 23.9680 | rec_rna 3.2215 | rec_atac 6.8137 | clip 2.0933 | clip_weight 0.5000 | lr 1.00e-03 | best 23.9123
2026-03-30 11:40:36,399 | INFO | SFTrainer | Epoch 1650 | total 23.9317 | rec_rna 3.2215 | rec_atac 6.7710 | clip 2.1058 | clip_weight 0.5000 | lr 1.00e-03 | best 23.8600
2026-03-30 11:40:37,295 | INFO | SFTrainer | Epoch 1660 | total 23.8251 | rec_rna 3.2136 | rec_atac 6.7777 | clip 1.9585 | clip_weight 0.5000 | lr 1.00e-03 | best 23.8110
2026-03-30 11:40:38,154 | INFO | SFTrainer | Epoch 1670 | total 23.7995 | rec_rna 3.2066 | rec_atac 6.7812 | clip 1.9710 | clip_weight 0.5000 | lr 1.00e-03 | best 23.7652
2026-03-30 11:40:39,030 | INFO | SFTrainer | Epoch 1680 | total 23.7544 | rec_rna 3.2017 | rec_atac 6.7500 | clip 1.9915 | clip_weight 0.5000 | lr 1.00e-03 | best 23.7544
2026-03-30 11:40:39,790 | INFO | SFTrainer | Epoch 1690 | total 23.7776 | rec_rna 3.2064 | rec_atac 6.7573 | clip 1.9762 | clip_weight 0.5000 | lr 1.00e-03 | best 23.7494
2026-03-30 11:40:40,640 | INFO | SFTrainer | Epoch 1700 | total 23.6930 | rec_rna 3.1968 | rec_atac 6.7628 | clip 1.8923 | clip_weight 0.5000 | lr 1.00e-03 | best 23.6930
2026-03-30 11:40:41,471 | INFO | SFTrainer | Epoch 1710 | total 23.6217 | rec_rna 3.1923 | rec_atac 6.7352 | clip 1.8503 | clip_weight 0.5000 | lr 1.00e-03 | best 23.6217
2026-03-30 11:40:42,269 | INFO | SFTrainer | Epoch 1720 | total 23.7886 | rec_rna 3.2150 | rec_atac 6.7910 | clip 1.8448 | clip_weight 0.5000 | lr 1.00e-03 | best 23.6148
2026-03-30 11:40:43,030 | INFO | SFTrainer | Epoch 1730 | total 23.5901 | rec_rna 3.1884 | rec_atac 6.7429 | clip 1.8104 | clip_weight 0.5000 | lr 1.00e-03 | best 23.5513
2026-03-30 11:40:43,767 | INFO | SFTrainer | Epoch 1740 | total 23.5588 | rec_rna 3.1940 | rec_atac 6.7005 | clip 1.7768 | clip_weight 0.5000 | lr 1.00e-03 | best 23.5513
2026-03-30 11:40:44,505 | INFO | SFTrainer | Epoch 1750 | total 23.5754 | rec_rna 3.1940 | rec_atac 6.7306 | clip 1.7493 | clip_weight 0.5000 | lr 1.00e-03 | best 23.5366
2026-03-30 11:40:45,286 | INFO | SFTrainer | Epoch 1760 | total 23.5412 | rec_rna 3.1847 | rec_atac 6.7418 | clip 1.7514 | clip_weight 0.5000 | lr 1.00e-03 | best 23.4546
2026-03-30 11:40:45,985 | INFO | SFTrainer | Epoch 1770 | total 23.4844 | rec_rna 3.1918 | rec_atac 6.6860 | clip 1.6787 | clip_weight 0.5000 | lr 1.00e-03 | best 23.4546
2026-03-30 11:40:46,747 | INFO | SFTrainer | Epoch 1780 | total 23.4444 | rec_rna 3.1788 | rec_atac 6.7220 | clip 1.6566 | clip_weight 0.5000 | lr 1.00e-03 | best 23.4304
2026-03-30 11:40:47,536 | INFO | SFTrainer | Epoch 1790 | total 23.4883 | rec_rna 3.1873 | rec_atac 6.7127 | clip 1.6781 | clip_weight 0.5000 | lr 1.00e-03 | best 23.3664
2026-03-30 11:40:48,232 | INFO | SFTrainer | Epoch 1800 | total 23.3986 | rec_rna 3.1808 | rec_atac 6.6749 | clip 1.6390 | clip_weight 0.5000 | lr 1.00e-03 | best 23.3664
2026-03-30 11:40:48,999 | INFO | SFTrainer | Epoch 1810 | total 23.4429 | rec_rna 3.1812 | rec_atac 6.7362 | clip 1.6013 | clip_weight 0.5000 | lr 1.00e-03 | best 23.3368
2026-03-30 11:40:49,690 | INFO | SFTrainer | Epoch 1820 | total 23.4080 | rec_rna 3.1849 | rec_atac 6.7077 | clip 1.5522 | clip_weight 0.5000 | lr 1.00e-03 | best 23.3368
2026-03-30 11:40:50,515 | INFO | SFTrainer | Epoch 1830 | total 23.3623 | rec_rna 3.1805 | rec_atac 6.6911 | clip 1.5373 | clip_weight 0.5000 | lr 1.00e-03 | best 23.3322
2026-03-30 11:40:51,249 | INFO | SFTrainer | Epoch 1840 | total 23.3497 | rec_rna 3.1832 | rec_atac 6.6663 | clip 1.5348 | clip_weight 0.5000 | lr 1.00e-03 | best 23.2421
2026-03-30 11:40:51,944 | INFO | SFTrainer | Epoch 1850 | total 23.2581 | rec_rna 3.1663 | rec_atac 6.6793 | clip 1.4948 | clip_weight 0.5000 | lr 1.00e-03 | best 23.2421
2026-03-30 11:40:52,743 | INFO | SFTrainer | Epoch 1860 | total 23.3513 | rec_rna 3.1766 | rec_atac 6.7005 | clip 1.5355 | clip_weight 0.5000 | lr 1.00e-03 | best 23.2421
2026-03-30 11:40:53,522 | INFO | SFTrainer | Epoch 1870 | total 23.2463 | rec_rna 3.1640 | rec_atac 6.7009 | clip 1.4510 | clip_weight 0.5000 | lr 1.00e-03 | best 23.2110
2026-03-30 11:40:54,328 | INFO | SFTrainer | Epoch 1880 | total 23.1404 | rec_rna 3.1582 | rec_atac 6.6570 | clip 1.3852 | clip_weight 0.5000 | lr 1.00e-03 | best 23.1113
2026-03-30 11:40:55,120 | INFO | SFTrainer | Epoch 1890 | total 23.2213 | rec_rna 3.1645 | rec_atac 6.6972 | clip 1.4035 | clip_weight 0.5000 | lr 1.00e-03 | best 23.1113
2026-03-30 11:40:55,862 | INFO | SFTrainer | Epoch 1900 | total 23.1833 | rec_rna 3.1667 | rec_atac 6.6518 | clip 1.3957 | clip_weight 0.5000 | lr 1.00e-03 | best 23.1113
2026-03-30 11:40:56,641 | INFO | SFTrainer | Epoch 1910 | total 23.1240 | rec_rna 3.1583 | rec_atac 6.6427 | clip 1.3799 | clip_weight 0.5000 | lr 1.00e-03 | best 23.1113
2026-03-30 11:40:57,490 | INFO | SFTrainer | Epoch 1920 | total 23.1482 | rec_rna 3.1588 | rec_atac 6.6703 | clip 1.3675 | clip_weight 0.5000 | lr 1.00e-03 | best 23.0415
2026-03-30 11:40:58,249 | INFO | SFTrainer | Epoch 1930 | total 23.0965 | rec_rna 3.1545 | rec_atac 6.6726 | clip 1.3025 | clip_weight 0.5000 | lr 1.00e-03 | best 22.9884
2026-03-30 11:40:59,010 | INFO | SFTrainer | Epoch 1940 | total 23.1208 | rec_rna 3.1578 | rec_atac 6.6656 | clip 1.3326 | clip_weight 0.5000 | lr 1.00e-03 | best 22.9837
2026-03-30 11:40:59,818 | INFO | SFTrainer | Epoch 1950 | total 23.0616 | rec_rna 3.1532 | rec_atac 6.6437 | clip 1.3034 | clip_weight 0.5000 | lr 1.00e-03 | best 22.9614
2026-03-30 11:41:00,637 | INFO | SFTrainer | Epoch 1960 | total 23.0067 | rec_rna 3.1448 | rec_atac 6.6279 | clip 1.3092 | clip_weight 0.5000 | lr 1.00e-03 | best 22.9509
2026-03-30 11:41:01,416 | INFO | SFTrainer | Epoch 1970 | total 22.9820 | rec_rna 3.1401 | rec_atac 6.6519 | clip 1.2589 | clip_weight 0.5000 | lr 1.00e-03 | best 22.9201
2026-03-30 11:41:02,163 | INFO | SFTrainer | Epoch 1980 | total 23.0029 | rec_rna 3.1414 | rec_atac 6.6579 | clip 1.2759 | clip_weight 0.5000 | lr 1.00e-03 | best 22.9201
2026-03-30 11:41:02,885 | INFO | SFTrainer | Epoch 1990 | total 22.9165 | rec_rna 3.1378 | rec_atac 6.5955 | clip 1.2642 | clip_weight 0.5000 | lr 1.00e-03 | best 22.9165
2026-03-30 11:41:03,604 | INFO | SFTrainer | Epoch 2000 | total 22.9049 | rec_rna 3.1489 | rec_atac 6.5690 | clip 1.1829 | clip_weight 0.5000 | lr 1.00e-04 | best 22.8247
2026-03-30 11:41:04,349 | INFO | SFTrainer | Epoch 2010 | total 22.8341 | rec_rna 3.1286 | rec_atac 6.5926 | clip 1.1977 | clip_weight 0.4995 | lr 1.00e-04 | best 22.8247
2026-03-30 11:41:05,201 | INFO | SFTrainer | Epoch 2020 | total 22.8042 | rec_rna 3.1271 | rec_atac 6.5634 | clip 1.2152 | clip_weight 0.4980 | lr 1.00e-04 | best 22.6965
2026-03-30 11:41:06,042 | INFO | SFTrainer | Epoch 2030 | total 22.6359 | rec_rna 3.0979 | rec_atac 6.5505 | clip 1.2025 | clip_weight 0.4956 | lr 1.00e-04 | best 22.6333
2026-03-30 11:41:06,802 | INFO | SFTrainer | Epoch 2040 | total 22.6190 | rec_rna 3.0960 | rec_atac 6.5603 | clip 1.1757 | clip_weight 0.4921 | lr 1.00e-04 | best 22.6016
2026-03-30 11:41:07,624 | INFO | SFTrainer | Epoch 2050 | total 22.5171 | rec_rna 3.0915 | rec_atac 6.4916 | clip 1.1647 | clip_weight 0.4878 | lr 1.00e-04 | best 22.5036
2026-03-30 11:41:08,374 | INFO | SFTrainer | Epoch 2060 | total 22.5985 | rec_rna 3.0947 | rec_atac 6.5521 | clip 1.1875 | clip_weight 0.4824 | lr 1.00e-04 | best 22.5036
2026-03-30 11:41:09,094 | INFO | SFTrainer | Epoch 2070 | total 22.5153 | rec_rna 3.0943 | rec_atac 6.5041 | clip 1.1335 | clip_weight 0.4762 | lr 1.00e-04 | best 22.4977
2026-03-30 11:41:09,917 | INFO | SFTrainer | Epoch 2080 | total 22.4581 | rec_rna 3.0761 | rec_atac 6.5325 | clip 1.1624 | clip_weight 0.4691 | lr 1.00e-04 | best 22.4483
2026-03-30 11:41:10,702 | INFO | SFTrainer | Epoch 2090 | total 22.4934 | rec_rna 3.0892 | rec_atac 6.5148 | clip 1.1551 | clip_weight 0.4611 | lr 1.00e-04 | best 22.3986
2026-03-30 11:41:11,447 | INFO | SFTrainer | Epoch 2100 | total 22.4357 | rec_rna 3.0835 | rec_atac 6.5153 | clip 1.1115 | clip_weight 0.4523 | lr 1.00e-04 | best 22.3986
2026-03-30 11:41:12,209 | INFO | SFTrainer | Epoch 2110 | total 22.4729 | rec_rna 3.0930 | rec_atac 6.5022 | clip 1.1430 | clip_weight 0.4426 | lr 1.00e-04 | best 22.3986
2026-03-30 11:41:13,062 | INFO | SFTrainer | Epoch 2120 | total 22.3874 | rec_rna 3.0844 | rec_atac 6.4812 | clip 1.1198 | clip_weight 0.4322 | lr 1.00e-04 | best 22.3323
2026-03-30 11:41:13,835 | INFO | SFTrainer | Epoch 2130 | total 22.3825 | rec_rna 3.0862 | rec_atac 6.4751 | clip 1.1311 | clip_weight 0.4211 | lr 1.00e-04 | best 22.3191
2026-03-30 11:41:14,624 | INFO | SFTrainer | Epoch 2140 | total 22.4217 | rec_rna 3.0947 | rec_atac 6.4728 | clip 1.1613 | clip_weight 0.4094 | lr 1.00e-04 | best 22.3020
2026-03-30 11:41:15,355 | INFO | SFTrainer | Epoch 2150 | total 22.3692 | rec_rna 3.0765 | rec_atac 6.5202 | clip 1.1749 | clip_weight 0.3969 | lr 1.00e-04 | best 22.3020
2026-03-30 11:41:16,152 | INFO | SFTrainer | Epoch 2160 | total 22.4131 | rec_rna 3.0938 | rec_atac 6.4995 | clip 1.1580 | clip_weight 0.3840 | lr 1.00e-04 | best 22.2994
2026-03-30 11:41:16,983 | INFO | SFTrainer | Epoch 2170 | total 22.2157 | rec_rna 3.0643 | rec_atac 6.4725 | clip 1.1387 | clip_weight 0.3704 | lr 1.00e-04 | best 22.2157
2026-03-30 11:41:17,706 | INFO | SFTrainer | Epoch 2180 | total 22.2507 | rec_rna 3.0747 | rec_atac 6.4717 | clip 1.1380 | clip_weight 0.3564 | lr 1.00e-04 | best 22.2157
2026-03-30 11:41:18,459 | INFO | SFTrainer | Epoch 2190 | total 22.2728 | rec_rna 3.0784 | rec_atac 6.4954 | clip 1.1261 | clip_weight 0.3420 | lr 1.00e-04 | best 22.2157
2026-03-30 11:41:19,258 | INFO | SFTrainer | Epoch 2200 | total 22.2345 | rec_rna 3.0714 | rec_atac 6.5071 | clip 1.1315 | clip_weight 0.3273 | lr 1.00e-04 | best 22.1806
2026-03-30 11:41:20,070 | INFO | SFTrainer | Epoch 2210 | total 22.2555 | rec_rna 3.0839 | rec_atac 6.4780 | clip 1.1464 | clip_weight 0.3122 | lr 1.00e-04 | best 22.1806
2026-03-30 11:41:20,905 | INFO | SFTrainer | Epoch 2220 | total 22.2058 | rec_rna 3.0796 | rec_atac 6.4778 | clip 1.1123 | clip_weight 0.2968 | lr 1.00e-04 | best 22.0853
2026-03-30 11:41:21,699 | INFO | SFTrainer | Epoch 2230 | total 22.2021 | rec_rna 3.0788 | rec_atac 6.4892 | clip 1.1344 | clip_weight 0.2813 | lr 1.00e-04 | best 22.0832
2026-03-30 11:41:22,412 | INFO | SFTrainer | Epoch 2240 | total 22.1604 | rec_rna 3.0777 | rec_atac 6.4551 | clip 1.1922 | clip_weight 0.2657 | lr 1.00e-04 | best 22.0832
2026-03-30 11:41:23,232 | INFO | SFTrainer | Epoch 2250 | total 22.1403 | rec_rna 3.0773 | rec_atac 6.4695 | clip 1.1375 | clip_weight 0.2500 | lr 1.00e-04 | best 22.0762
2026-03-30 11:41:24,030 | INFO | SFTrainer | Epoch 2260 | total 22.1468 | rec_rna 3.0823 | rec_atac 6.4728 | clip 1.1215 | clip_weight 0.2343 | lr 1.00e-04 | best 22.0762
2026-03-30 11:41:24,869 | INFO | SFTrainer | Epoch 2270 | total 22.0928 | rec_rna 3.0741 | rec_atac 6.4623 | clip 1.1895 | clip_weight 0.2187 | lr 1.00e-04 | best 22.0562
2026-03-30 11:41:25,664 | INFO | SFTrainer | Epoch 2280 | total 22.0080 | rec_rna 3.0664 | rec_atac 6.4443 | clip 1.1394 | clip_weight 0.2032 | lr 1.00e-04 | best 21.9966
2026-03-30 11:41:26,429 | INFO | SFTrainer | Epoch 2290 | total 22.0408 | rec_rna 3.0683 | rec_atac 6.4784 | clip 1.1760 | clip_weight 0.1878 | lr 1.00e-04 | best 21.9882
2026-03-30 11:41:27,182 | INFO | SFTrainer | Epoch 2300 | total 21.9937 | rec_rna 3.0669 | rec_atac 6.4566 | clip 1.1717 | clip_weight 0.1727 | lr 1.00e-04 | best 21.9882
2026-03-30 11:41:28,003 | INFO | SFTrainer | Epoch 2310 | total 22.0316 | rec_rna 3.0698 | rec_atac 6.4966 | clip 1.1783 | clip_weight 0.1580 | lr 1.00e-04 | best 21.9472
2026-03-30 11:41:28,690 | INFO | SFTrainer | Epoch 2320 | total 21.9735 | rec_rna 3.0724 | rec_atac 6.4485 | clip 1.1362 | clip_weight 0.1436 | lr 1.00e-04 | best 21.9472
2026-03-30 11:41:29,447 | INFO | SFTrainer | Epoch 2330 | total 22.0253 | rec_rna 3.0825 | rec_atac 6.4616 | clip 1.1652 | clip_weight 0.1296 | lr 1.00e-04 | best 21.9284
2026-03-30 11:41:30,202 | INFO | SFTrainer | Epoch 2340 | total 21.9340 | rec_rna 3.0641 | rec_atac 6.4794 | clip 1.1557 | clip_weight 0.1160 | lr 1.00e-04 | best 21.8754
2026-03-30 11:41:30,953 | INFO | SFTrainer | Epoch 2350 | total 21.9712 | rec_rna 3.0704 | rec_atac 6.4940 | clip 1.2164 | clip_weight 0.1031 | lr 1.00e-04 | best 21.8754
2026-03-30 11:41:31,773 | INFO | SFTrainer | Epoch 2360 | total 21.9589 | rec_rna 3.0735 | rec_atac 6.4800 | clip 1.2271 | clip_weight 0.0906 | lr 1.00e-04 | best 21.8642
2026-03-30 11:41:32,552 | INFO | SFTrainer | Epoch 2370 | total 21.9849 | rec_rna 3.0831 | rec_atac 6.4761 | clip 1.1800 | clip_weight 0.0789 | lr 1.00e-04 | best 21.7713
2026-03-30 11:41:33,355 | INFO | SFTrainer | Epoch 2380 | total 21.8560 | rec_rna 3.0621 | rec_atac 6.4635 | clip 1.2087 | clip_weight 0.0678 | lr 1.00e-04 | best 21.7713
2026-03-30 11:41:34,099 | INFO | SFTrainer | Epoch 2390 | total 21.9654 | rec_rna 3.0837 | rec_atac 6.4788 | clip 1.1922 | clip_weight 0.0574 | lr 1.00e-04 | best 21.7713
2026-03-30 11:41:34,865 | INFO | SFTrainer | Epoch 2400 | total 21.8574 | rec_rna 3.0686 | rec_atac 6.4586 | clip 1.1721 | clip_weight 0.0477 | lr 1.00e-04 | best 21.7713
2026-03-30 11:41:35,667 | INFO | SFTrainer | Epoch 2410 | total 21.9502 | rec_rna 3.0820 | rec_atac 6.4923 | clip 1.2255 | clip_weight 0.0389 | lr 1.00e-04 | best 21.7589
2026-03-30 11:41:36,415 | INFO | SFTrainer | Epoch 2420 | total 21.7717 | rec_rna 3.0598 | rec_atac 6.4352 | clip 1.2120 | clip_weight 0.0309 | lr 1.00e-04 | best 21.7589
2026-03-30 11:41:37,147 | INFO | SFTrainer | Epoch 2430 | total 21.8296 | rec_rna 3.0682 | rec_atac 6.4597 | clip 1.2194 | clip_weight 0.0238 | lr 1.00e-04 | best 21.7589
2026-03-30 11:41:37,940 | INFO | SFTrainer | Epoch 2440 | total 21.7134 | rec_rna 3.0536 | rec_atac 6.4236 | clip 1.2441 | clip_weight 0.0176 | lr 1.00e-04 | best 21.7134
2026-03-30 11:41:38,763 | INFO | SFTrainer | Epoch 2450 | total 21.7841 | rec_rna 3.0662 | rec_atac 6.4374 | clip 1.2674 | clip_weight 0.0122 | lr 1.00e-04 | best 21.7005
2026-03-30 11:41:39,568 | INFO | SFTrainer | Epoch 2460 | total 21.8321 | rec_rna 3.0691 | rec_atac 6.4766 | clip 1.2632 | clip_weight 0.0079 | lr 1.00e-04 | best 21.7005
2026-03-30 11:41:40,396 | INFO | SFTrainer | Epoch 2470 | total 21.8184 | rec_rna 3.0696 | rec_atac 6.4651 | clip 1.2547 | clip_weight 0.0044 | lr 1.00e-04 | best 21.6854
2026-03-30 11:41:41,180 | INFO | SFTrainer | Epoch 2480 | total 21.7862 | rec_rna 3.0636 | rec_atac 6.4659 | clip 1.1869 | clip_weight 0.0020 | lr 1.00e-04 | best 21.6830
2026-03-30 11:41:41,912 | INFO | SFTrainer | Epoch 2490 | total 21.8568 | rec_rna 3.0831 | rec_atac 6.4409 | clip 1.2756 | clip_weight 0.0005 | lr 1.00e-04 | best 21.6830
2026-03-30 11:41:42,618 | INFO | SFTrainer | Epoch 2500 | total 21.7709 | rec_rna 3.0675 | rec_atac 6.4333 | clip 0.0000 | clip_weight 0.0000 | lr 1.00e-04 | best 21.6830
2026-03-30 11:41:43,406 | INFO | SFTrainer | Epoch 2510 | total 21.7076 | rec_rna 3.0539 | rec_atac 6.4382 | clip 0.0000 | clip_weight 0.0000 | lr 1.00e-04 | best 21.6383
2026-03-30 11:41:44,114 | INFO | SFTrainer | Epoch 2520 | total 21.6929 | rec_rna 3.0511 | rec_atac 6.4374 | clip 0.0000 | clip_weight 0.0000 | lr 1.00e-04 | best 21.6383
2026-03-30 11:41:44,764 | INFO | SFTrainer | Epoch 2530 | total 21.7815 | rec_rna 3.0661 | rec_atac 6.4510 | clip 0.0000 | clip_weight 0.0000 | lr 1.00e-04 | best 21.6383
2026-03-30 11:41:45,475 | INFO | SFTrainer | Epoch 2540 | total 21.6980 | rec_rna 3.0542 | rec_atac 6.4270 | clip 0.0000 | clip_weight 0.0000 | lr 1.00e-04 | best 21.6383
2026-03-30 11:41:46,205 | INFO | SFTrainer | Epoch 2550 | total 21.7388 | rec_rna 3.0592 | rec_atac 6.4430 | clip 0.0000 | clip_weight 0.0000 | lr 1.00e-04 | best 21.6383
2026-03-30 11:41:46,916 | INFO | SFTrainer | Epoch 2560 | total 21.6641 | rec_rna 3.0461 | rec_atac 6.4335 | clip 0.0000 | clip_weight 0.0000 | lr 1.00e-04 | best 21.5992
2026-03-30 11:41:47,632 | INFO | SFTrainer | Epoch 2570 | total 21.7478 | rec_rna 3.0613 | rec_atac 6.4411 | clip 0.0000 | clip_weight 0.0000 | lr 1.00e-04 | best 21.5992
2026-03-30 11:41:48,372 | INFO | SFTrainer | Epoch 2580 | total 21.6542 | rec_rna 3.0510 | rec_atac 6.3990 | clip 0.0000 | clip_weight 0.0000 | lr 1.00e-04 | best 21.5992
2026-03-30 11:41:49,110 | INFO | SFTrainer | Epoch 2590 | total 21.6664 | rec_rna 3.0569 | rec_atac 6.3817 | clip 0.0000 | clip_weight 0.0000 | lr 1.00e-04 | best 21.5992
2026-03-30 11:41:49,834 | INFO | SFTrainer | Epoch 2600 | total 21.6688 | rec_rna 3.0457 | rec_atac 6.4402 | clip 0.0000 | clip_weight 0.0000 | lr 1.00e-04 | best 21.5992
2026-03-30 11:41:50,539 | INFO | SFTrainer | Epoch 2610 | total 21.6695 | rec_rna 3.0512 | rec_atac 6.4136 | clip 0.0000 | clip_weight 0.0000 | lr 1.00e-04 | best 21.5992
2026-03-30 11:41:51,210 | INFO | SFTrainer | Epoch 2620 | total 21.7336 | rec_rna 3.0583 | rec_atac 6.4422 | clip 0.0000 | clip_weight 0.0000 | lr 1.00e-04 | best 21.5992
2026-03-30 11:41:51,913 | INFO | SFTrainer | Epoch 2630 | total 21.6724 | rec_rna 3.0518 | rec_atac 6.4133 | clip 0.0000 | clip_weight 0.0000 | lr 1.00e-04 | best 21.5992
2026-03-30 11:41:52,561 | INFO | SFTrainer | Epoch 2640 | total 21.7367 | rec_rna 3.0590 | rec_atac 6.4418 | clip 0.0000 | clip_weight 0.0000 | lr 1.00e-04 | best 21.5992
2026-03-30 11:41:53,280 | INFO | SFTrainer | Epoch 2650 | total 21.7372 | rec_rna 3.0631 | rec_atac 6.4219 | clip 0.0000 | clip_weight 0.0000 | lr 1.00e-04 | best 21.5963
2026-03-30 11:41:54,038 | INFO | SFTrainer | Epoch 2660 | total 21.7130 | rec_rna 3.0572 | rec_atac 6.4269 | clip 0.0000 | clip_weight 0.0000 | lr 1.00e-04 | best 21.5963
2026-03-30 11:41:54,755 | INFO | SFTrainer | Epoch 2670 | total 21.7242 | rec_rna 3.0521 | rec_atac 6.4639 | clip 0.0000 | clip_weight 0.0000 | lr 1.00e-04 | best 21.5963
2026-03-30 11:41:55,439 | INFO | SFTrainer | Epoch 2680 | total 21.6441 | rec_rna 3.0435 | rec_atac 6.4267 | clip 0.0000 | clip_weight 0.0000 | lr 1.00e-04 | best 21.5963
2026-03-30 11:41:56,179 | INFO | SFTrainer | Epoch 2690 | total 21.7062 | rec_rna 3.0586 | rec_atac 6.4133 | clip 0.0000 | clip_weight 0.0000 | lr 1.00e-04 | best 21.5963
2026-03-30 11:41:56,885 | INFO | SFTrainer | Epoch 2700 | total 21.6532 | rec_rna 3.0480 | rec_atac 6.4133 | clip 0.0000 | clip_weight 0.0000 | lr 1.00e-04 | best 21.5963
2026-03-30 11:41:57,652 | INFO | SFTrainer | Epoch 2710 | total 21.6471 | rec_rna 3.0475 | rec_atac 6.4094 | clip 0.0000 | clip_weight 0.0000 | lr 1.00e-04 | best 21.5856
2026-03-30 11:41:58,388 | INFO | SFTrainer | Epoch 2720 | total 21.6760 | rec_rna 3.0484 | rec_atac 6.4340 | clip 0.0000 | clip_weight 0.0000 | lr 1.00e-04 | best 21.5856
2026-03-30 11:41:59,110 | INFO | SFTrainer | Epoch 2730 | total 21.5802 | rec_rna 3.0367 | rec_atac 6.3965 | clip 0.0000 | clip_weight 0.0000 | lr 1.00e-04 | best 21.5802
2026-03-30 11:41:59,785 | INFO | SFTrainer | Epoch 2740 | total 21.6650 | rec_rna 3.0558 | rec_atac 6.3862 | clip 0.0000 | clip_weight 0.0000 | lr 1.00e-04 | best 21.5802
2026-03-30 11:42:00,473 | INFO | SFTrainer | Epoch 2750 | total 21.6763 | rec_rna 3.0539 | rec_atac 6.4066 | clip 0.0000 | clip_weight 0.0000 | lr 1.00e-04 | best 21.5802
2026-03-30 11:42:01,150 | INFO | SFTrainer | Epoch 2760 | total 21.6858 | rec_rna 3.0545 | rec_atac 6.4134 | clip 0.0000 | clip_weight 0.0000 | lr 1.00e-04 | best 21.5802
2026-03-30 11:42:01,796 | INFO | SFTrainer | Epoch 2770 | total 21.6377 | rec_rna 3.0393 | rec_atac 6.4413 | clip 0.0000 | clip_weight 0.0000 | lr 1.00e-04 | best 21.5802
2026-03-30 11:42:02,511 | INFO | SFTrainer | Epoch 2780 | total 21.6886 | rec_rna 3.0544 | rec_atac 6.4167 | clip 0.0000 | clip_weight 0.0000 | lr 1.00e-04 | best 21.5605
2026-03-30 11:42:03,234 | INFO | SFTrainer | Epoch 2790 | total 21.6046 | rec_rna 3.0421 | rec_atac 6.3942 | clip 0.0000 | clip_weight 0.0000 | lr 1.00e-04 | best 21.5605
2026-03-30 11:42:03,895 | INFO | SFTrainer | Epoch 2800 | total 21.6478 | rec_rna 3.0497 | rec_atac 6.3994 | clip 0.0000 | clip_weight 0.0000 | lr 1.00e-04 | best 21.5605
2026-03-30 11:42:04,580 | INFO | SFTrainer | Epoch 2810 | total 21.6653 | rec_rna 3.0497 | rec_atac 6.4168 | clip 0.0000 | clip_weight 0.0000 | lr 1.00e-04 | best 21.5605
2026-03-30 11:42:05,228 | INFO | SFTrainer | Epoch 2820 | total 21.6693 | rec_rna 3.0531 | rec_atac 6.4040 | clip 0.0000 | clip_weight 0.0000 | lr 1.00e-04 | best 21.5605
2026-03-30 11:42:05,985 | INFO | SFTrainer | Epoch 2830 | total 21.6114 | rec_rna 3.0391 | rec_atac 6.4159 | clip 0.0000 | clip_weight 0.0000 | lr 1.00e-04 | best 21.5479
2026-03-30 11:42:06,703 | INFO | SFTrainer | Epoch 2840 | total 21.5793 | rec_rna 3.0371 | rec_atac 6.3938 | clip 0.0000 | clip_weight 0.0000 | lr 1.00e-04 | best 21.5295
2026-03-30 11:42:07,413 | INFO | SFTrainer | Epoch 2850 | total 21.5748 | rec_rna 3.0379 | rec_atac 6.3851 | clip 0.0000 | clip_weight 0.0000 | lr 1.00e-04 | best 21.5295
2026-03-30 11:42:08,112 | INFO | SFTrainer | Epoch 2860 | total 21.7327 | rec_rna 3.0654 | rec_atac 6.4056 | clip 0.0000 | clip_weight 0.0000 | lr 1.00e-04 | best 21.5295
2026-03-30 11:42:08,828 | INFO | SFTrainer | Epoch 2870 | total 21.6492 | rec_rna 3.0429 | rec_atac 6.4348 | clip 0.0000 | clip_weight 0.0000 | lr 1.00e-04 | best 21.5295
2026-03-30 11:42:09,532 | INFO | SFTrainer | Epoch 2880 | total 21.6257 | rec_rna 3.0476 | rec_atac 6.3876 | clip 0.0000 | clip_weight 0.0000 | lr 1.00e-04 | best 21.5295
2026-03-30 11:42:10,238 | INFO | SFTrainer | Epoch 2890 | total 21.6277 | rec_rna 3.0466 | rec_atac 6.3949 | clip 0.0000 | clip_weight 0.0000 | lr 1.00e-04 | best 21.5295
2026-03-30 11:42:10,956 | INFO | SFTrainer | Epoch 2900 | total 21.6340 | rec_rna 3.0481 | rec_atac 6.3936 | clip 0.0000 | clip_weight 0.0000 | lr 1.00e-04 | best 21.5295
2026-03-30 11:42:11,778 | INFO | SFTrainer | Epoch 2910 | total 21.6540 | rec_rna 3.0462 | rec_atac 6.4232 | clip 0.0000 | clip_weight 0.0000 | lr 1.00e-04 | best 21.5064
2026-03-30 11:42:12,468 | INFO | SFTrainer | Epoch 2920 | total 21.5741 | rec_rna 3.0315 | rec_atac 6.4168 | clip 0.0000 | clip_weight 0.0000 | lr 1.00e-04 | best 21.5064
2026-03-30 11:42:13,112 | INFO | SFTrainer | Epoch 2930 | total 21.6415 | rec_rna 3.0510 | rec_atac 6.3866 | clip 0.0000 | clip_weight 0.0000 | lr 1.00e-04 | best 21.5064
2026-03-30 11:42:13,817 | INFO | SFTrainer | Epoch 2940 | total 21.5895 | rec_rna 3.0359 | rec_atac 6.4101 | clip 0.0000 | clip_weight 0.0000 | lr 1.00e-04 | best 21.5064
2026-03-30 11:42:14,503 | INFO | SFTrainer | Epoch 2950 | total 21.6814 | rec_rna 3.0494 | rec_atac 6.4342 | clip 0.0000 | clip_weight 0.0000 | lr 1.00e-04 | best 21.5064
2026-03-30 11:42:15,199 | INFO | SFTrainer | Epoch 2960 | total 21.5203 | rec_rna 3.0260 | rec_atac 6.3903 | clip 0.0000 | clip_weight 0.0000 | lr 1.00e-04 | best 21.5064
2026-03-30 11:42:15,864 | INFO | SFTrainer | Epoch 2970 | total 21.5947 | rec_rna 3.0367 | rec_atac 6.4111 | clip 0.0000 | clip_weight 0.0000 | lr 1.00e-04 | best 21.5064
2026-03-30 11:42:16,536 | INFO | SFTrainer | Epoch 2980 | total 21.6140 | rec_rna 3.0401 | rec_atac 6.4135 | clip 0.0000 | clip_weight 0.0000 | lr 1.00e-04 | best 21.5064
2026-03-30 11:42:17,237 | INFO | SFTrainer | Epoch 2990 | total 21.5626 | rec_rna 3.0325 | rec_atac 6.4003 | clip 0.0000 | clip_weight 0.0000 | lr 1.00e-04 | best 21.5064
2026-03-30 11:42:17,901 | INFO | SFTrainer | Epoch 3000 | total 21.5403 | rec_rna 3.0330 | rec_atac 6.3751 | clip 0.0000 | clip_weight 0.0000 | lr 1.00e-04 | best 21.5064
2026-03-30 11:42:17,926 | INFO | SFTrainer | Training finished. Best loss=21.5064
2026-03-30 11:42:17,928 | INFO | SFTrainer | Training run complete.
2026-03-30 11:42:19,468 | INFO | SFPipeline | Step done: Train
2026-03-30 11:42:19,468 | INFO | SFPipeline | Step start: Evaluate
2026-03-30 11:42:31,501 | INFO | SFEvaluate | [Phase 3] Evaluation started.
2026-03-30 11:42:31,502 | INFO | SFEvaluate | Loading processed data...
2026-03-30 11:42:31,822 | INFO | SFEvaluate | Initializing model...
2026-03-30 11:42:31,994 | INFO | SFEvaluate | Loading checkpoint: ckpt_best.pth
2026-03-30 11:42:32,046 | INFO | SFEvaluate | Inference running...
2026-03-30 11:42:32,855 | INFO | SFEvaluate | Latent shape: torch.Size([2248, 128])
2026-03-30 11:42:57,229 | INFO | SFEvaluate | Artifacts: ./results/misar/misar_e18-5-s2/figures/spatial_analysis.pdf | ./results/misar/misar_e18-5-s2/predictions/embedding_joint.h5ad
2026-03-30 11:42:57,230 | INFO | SFEvaluate | GT metrics | ARI=0.4886 | NMI=0.5224 | AMI=0.5168 | HOM=0.4639 | n_valid=2248
2026-03-30 11:42:57,230 | INFO | SFEvaluate | Evaluation complete.
2026-03-30 11:42:59,405 | INFO | SFPipeline | Step done: Evaluate
2026-03-30 11:42:59,405 | INFO | SFPipeline | Pipeline finished successfully.

========================================================================================
2026-03-30 11:51:42,694 | INFO | SFEvaluateRange | [Range Evaluate] Started. epochs=[1500, 1600, 1700, 1800, 1900, 2000, 2100, 2200, 2300, 2400, 2500, 2600, 2700, 2800, 2900, 3000]
2026-03-30 11:51:42,695 | INFO | SFEvaluateRange | Loading processed data...
2026-03-30 11:51:43,043 | INFO | SFEvaluateRange | Initializing model...
2026-03-30 11:51:43,190 | INFO | SFEvaluateRange | Evaluating epoch 1500 with ckpt_1500.pth
2026-03-30 11:52:11,509 | INFO | SFEvaluateRange | GT metrics (epoch_1500) | ARI=0.4142 | NMI=0.5118 | AMI=0.5014 | HOM=0.5499 | n_valid=2248
2026-03-30 11:52:11,510 | INFO | SFEvaluateRange | Artifacts (epoch_1500): ./results/misar/misar_e18-5-s2/figures/spatial_analysis_epoch_1500.pdf | ./results/misar/misar_e18-5-s2/predictions/embedding_joint_epoch_1500.h5ad
2026-03-30 11:52:11,510 | INFO | SFEvaluateRange | Evaluating epoch 1600 with ckpt_1600.pth
2026-03-30 11:52:32,010 | INFO | SFEvaluateRange | GT metrics (epoch_1600) | ARI=0.4239 | NMI=0.5216 | AMI=0.5113 | HOM=0.5613 | n_valid=2248
2026-03-30 11:52:32,011 | INFO | SFEvaluateRange | Artifacts (epoch_1600): ./results/misar/misar_e18-5-s2/figures/spatial_analysis_epoch_1600.pdf | ./results/misar/misar_e18-5-s2/predictions/embedding_joint_epoch_1600.h5ad
2026-03-30 11:52:32,011 | INFO | SFEvaluateRange | Evaluating epoch 1700 with ckpt_1700.pth
2026-03-30 11:52:47,810 | INFO | SFEvaluateRange | GT metrics (epoch_1700) | ARI=0.3354 | NMI=0.4937 | AMI=0.4831 | HOM=0.5443 | n_valid=2248
2026-03-30 11:52:47,811 | INFO | SFEvaluateRange | Artifacts (epoch_1700): ./results/misar/misar_e18-5-s2/figures/spatial_analysis_epoch_1700.pdf | ./results/misar/misar_e18-5-s2/predictions/embedding_joint_epoch_1700.h5ad
2026-03-30 11:52:47,811 | INFO | SFEvaluateRange | Evaluating epoch 1800 with ckpt_1800.pth
2026-03-30 11:53:04,614 | INFO | SFEvaluateRange | GT metrics (epoch_1800) | ARI=0.4157 | NMI=0.5180 | AMI=0.5077 | HOM=0.5571 | n_valid=2248
2026-03-30 11:53:04,614 | INFO | SFEvaluateRange | Artifacts (epoch_1800): ./results/misar/misar_e18-5-s2/figures/spatial_analysis_epoch_1800.pdf | ./results/misar/misar_e18-5-s2/predictions/embedding_joint_epoch_1800.h5ad
2026-03-30 11:53:04,615 | INFO | SFEvaluateRange | Evaluating epoch 1900 with ckpt_1900.pth
2026-03-30 11:53:25,527 | INFO | SFEvaluateRange | GT metrics (epoch_1900) | ARI=0.4054 | NMI=0.5203 | AMI=0.5100 | HOM=0.5593 | n_valid=2248
2026-03-30 11:53:25,528 | INFO | SFEvaluateRange | Artifacts (epoch_1900): ./results/misar/misar_e18-5-s2/figures/spatial_analysis_epoch_1900.pdf | ./results/misar/misar_e18-5-s2/predictions/embedding_joint_epoch_1900.h5ad
2026-03-30 11:53:25,528 | INFO | SFEvaluateRange | Evaluating epoch 2000 with ckpt_2000.pth
2026-03-30 11:53:41,148 | INFO | SFEvaluateRange | GT metrics (epoch_2000) | ARI=0.3201 | NMI=0.4868 | AMI=0.4760 | HOM=0.5364 | n_valid=2248
2026-03-30 11:53:41,149 | INFO | SFEvaluateRange | Artifacts (epoch_2000): ./results/misar/misar_e18-5-s2/figures/spatial_analysis_epoch_2000.pdf | ./results/misar/misar_e18-5-s2/predictions/embedding_joint_epoch_2000.h5ad
2026-03-30 11:53:41,149 | INFO | SFEvaluateRange | Evaluating epoch 2100 with ckpt_2100.pth
2026-03-30 11:53:59,163 | INFO | SFEvaluateRange | GT metrics (epoch_2100) | ARI=0.2701 | NMI=0.4854 | AMI=0.4747 | HOM=0.5396 | n_valid=2248
2026-03-30 11:53:59,164 | INFO | SFEvaluateRange | Artifacts (epoch_2100): ./results/misar/misar_e18-5-s2/figures/spatial_analysis_epoch_2100.pdf | ./results/misar/misar_e18-5-s2/predictions/embedding_joint_epoch_2100.h5ad
2026-03-30 11:53:59,164 | INFO | SFEvaluateRange | Evaluating epoch 2200 with ckpt_2200.pth
2026-03-30 11:54:16,942 | INFO | SFEvaluateRange | GT metrics (epoch_2200) | ARI=0.4128 | NMI=0.5227 | AMI=0.5125 | HOM=0.5625 | n_valid=2248
2026-03-30 11:54:16,942 | INFO | SFEvaluateRange | Artifacts (epoch_2200): ./results/misar/misar_e18-5-s2/figures/spatial_analysis_epoch_2200.pdf | ./results/misar/misar_e18-5-s2/predictions/embedding_joint_epoch_2200.h5ad
2026-03-30 11:54:16,943 | INFO | SFEvaluateRange | Evaluating epoch 2300 with ckpt_2300.pth
2026-03-30 11:54:33,009 | INFO | SFEvaluateRange | GT metrics (epoch_2300) | ARI=0.4763 | NMI=0.5289 | AMI=0.5188 | HOM=0.5650 | n_valid=2248
2026-03-30 11:54:33,010 | INFO | SFEvaluateRange | Artifacts (epoch_2300): ./results/misar/misar_e18-5-s2/figures/spatial_analysis_epoch_2300.pdf | ./results/misar/misar_e18-5-s2/predictions/embedding_joint_epoch_2300.h5ad
2026-03-30 11:54:33,010 | INFO | SFEvaluateRange | Evaluating epoch 2400 with ckpt_2400.pth
2026-03-30 11:54:51,206 | INFO | SFEvaluateRange | GT metrics (epoch_2400) | ARI=0.4102 | NMI=0.5002 | AMI=0.4894 | HOM=0.5361 | n_valid=2248
2026-03-30 11:54:51,207 | INFO | SFEvaluateRange | Artifacts (epoch_2400): ./results/misar/misar_e18-5-s2/figures/spatial_analysis_epoch_2400.pdf | ./results/misar/misar_e18-5-s2/predictions/embedding_joint_epoch_2400.h5ad
2026-03-30 11:54:51,207 | INFO | SFEvaluateRange | Evaluating epoch 2500 with ckpt_2500.pth
2026-03-30 11:55:07,825 | INFO | SFEvaluateRange | GT metrics (epoch_2500) | ARI=0.3293 | NMI=0.5084 | AMI=0.4980 | HOM=0.5560 | n_valid=2248
2026-03-30 11:55:07,826 | INFO | SFEvaluateRange | Artifacts (epoch_2500): ./results/misar/misar_e18-5-s2/figures/spatial_analysis_epoch_2500.pdf | ./results/misar/misar_e18-5-s2/predictions/embedding_joint_epoch_2500.h5ad
2026-03-30 11:55:07,826 | INFO | SFEvaluateRange | Evaluating epoch 2600 with ckpt_2600.pth
2026-03-30 11:55:23,354 | INFO | SFEvaluateRange | GT metrics (epoch_2600) | ARI=0.4613 | NMI=0.5262 | AMI=0.5160 | HOM=0.5610 | n_valid=2248
2026-03-30 11:55:23,355 | INFO | SFEvaluateRange | Artifacts (epoch_2600): ./results/misar/misar_e18-5-s2/figures/spatial_analysis_epoch_2600.pdf | ./results/misar/misar_e18-5-s2/predictions/embedding_joint_epoch_2600.h5ad
2026-03-30 11:55:23,355 | INFO | SFEvaluateRange | Evaluating epoch 2700 with ckpt_2700.pth
2026-03-30 11:55:39,580 | INFO | SFEvaluateRange | GT metrics (epoch_2700) | ARI=0.4007 | NMI=0.4900 | AMI=0.4791 | HOM=0.5326 | n_valid=2248
2026-03-30 11:55:39,581 | INFO | SFEvaluateRange | Artifacts (epoch_2700): ./results/misar/misar_e18-5-s2/figures/spatial_analysis_epoch_2700.pdf | ./results/misar/misar_e18-5-s2/predictions/embedding_joint_epoch_2700.h5ad
2026-03-30 11:55:39,581 | INFO | SFEvaluateRange | Evaluating epoch 2800 with ckpt_2800.pth
2026-03-30 11:55:56,332 | INFO | SFEvaluateRange | GT metrics (epoch_2800) | ARI=0.3425 | NMI=0.5114 | AMI=0.5012 | HOM=0.5602 | n_valid=2248
2026-03-30 11:55:56,333 | INFO | SFEvaluateRange | Artifacts (epoch_2800): ./results/misar/misar_e18-5-s2/figures/spatial_analysis_epoch_2800.pdf | ./results/misar/misar_e18-5-s2/predictions/embedding_joint_epoch_2800.h5ad
2026-03-30 11:55:56,333 | INFO | SFEvaluateRange | Evaluating epoch 2900 with ckpt_2900.pth
2026-03-30 11:56:12,954 | INFO | SFEvaluateRange | GT metrics (epoch_2900) | ARI=0.2655 | NMI=0.4708 | AMI=0.4599 | HOM=0.5246 | n_valid=2248
2026-03-30 11:56:12,954 | INFO | SFEvaluateRange | Artifacts (epoch_2900): ./results/misar/misar_e18-5-s2/figures/spatial_analysis_epoch_2900.pdf | ./results/misar/misar_e18-5-s2/predictions/embedding_joint_epoch_2900.h5ad
2026-03-30 11:56:12,955 | INFO | SFEvaluateRange | Evaluating epoch 3000 with ckpt_best.pth
2026-03-30 11:56:29,696 | INFO | SFEvaluateRange | GT metrics (epoch_3000_best) | ARI=0.3296 | NMI=0.5029 | AMI=0.4925 | HOM=0.5557 | n_valid=2248
2026-03-30 11:56:29,697 | INFO | SFEvaluateRange | Artifacts (epoch_3000_best): ./results/misar/misar_e18-5-s2/figures/spatial_analysis_epoch_3000_best.pdf | ./results/misar/misar_e18-5-s2/predictions/embedding_joint_epoch_3000_best.h5ad
2026-03-30 11:56:29,697 | INFO | SFEvaluateRange | Range evaluation complete. Success=16 | Failed/Skipped=0

========================================================================================
