2026-04-02 19:09:06,313 | INFO | SFPreprocess | [Phase 1] Starting Data Preprocessing...
2026-04-02 19:09:06,314 | INFO | SFPreprocess | Loading raw data...
2026-04-02 19:09:06,314 | INFO | SFPreprocess | Data loader: paired h5ad
2026-04-02 19:09:54,576 | INFO | SFPreprocess | Aligned final cells: RNA=2129, ATAC=2129
2026-04-02 19:10:18,640 | INFO | SFPreprocess | Reduced shapes: RNA=(2129, 512), ATAC=(2129, 512)
2026-04-02 19:10:21,755 | INFO | SFPreprocess | Saving processed tensors...
2026-04-02 19:10:21,790 | INFO | SFPreprocess | Preprocessing complete: data/processed/tuning/e6/processed_data.pt

========================================================================================
2026-04-02 19:10:29,133 | INFO | SFTrainer | [Phase 2] Starting Model Training...
2026-04-02 19:10:29,133 | INFO | SFTrainer | Loading processed data...
2026-04-02 19:10:29,160 | INFO | SFTrainer | Data ready: RNA=torch.Size([2129, 512]), ATAC=torch.Size([2129, 512]), edges=21290
2026-04-02 19:10:29,160 | INFO | SFTrainer | Initializing model...
2026-04-02 19:10:29,572 | INFO | SFTrainer | Training started.
2026-04-02 19:10:29,572 | INFO | SFTrainer | Training started: epochs=3000
2026-04-02 19:10:31,893 | INFO | SFTrainer | Epoch 010 | total 71.5364 | rec_rna 8.6941 | rec_atac 24.2395 | clip 7.6530 | clip_weight 0.5000 | lr 1.00e-03 | best 71.5364
2026-04-02 19:10:33,354 | INFO | SFTrainer | Epoch 020 | total 67.1999 | rec_rna 8.4341 | rec_atac 21.2260 | clip 7.6066 | clip_weight 0.5000 | lr 1.00e-03 | best 67.1999
2026-04-02 19:10:34,762 | INFO | SFTrainer | Epoch 030 | total 65.7018 | rec_rna 8.3526 | rec_atac 20.2030 | clip 7.4717 | clip_weight 0.5000 | lr 1.00e-03 | best 65.7018
2026-04-02 19:10:36,183 | INFO | SFTrainer | Epoch 040 | total 65.0421 | rec_rna 8.2821 | rec_atac 19.9956 | clip 7.2716 | clip_weight 0.5000 | lr 1.00e-03 | best 65.0421
2026-04-02 19:10:37,587 | INFO | SFTrainer | Epoch 050 | total 63.9185 | rec_rna 8.1933 | rec_atac 19.4073 | clip 7.0898 | clip_weight 0.5000 | lr 1.00e-03 | best 63.9185
2026-04-02 19:10:39,070 | INFO | SFTrainer | Epoch 060 | total 62.2971 | rec_rna 8.0725 | rec_atac 18.4720 | clip 6.9253 | clip_weight 0.5000 | lr 1.00e-03 | best 62.2971
2026-04-02 19:10:40,563 | INFO | SFTrainer | Epoch 070 | total 61.0210 | rec_rna 7.9538 | rec_atac 17.8456 | clip 6.8130 | clip_weight 0.5000 | lr 1.00e-03 | best 61.0210
2026-04-02 19:10:41,998 | INFO | SFTrainer | Epoch 080 | total 59.9711 | rec_rna 7.8696 | rec_atac 17.2661 | clip 6.7135 | clip_weight 0.5000 | lr 1.00e-03 | best 59.9711
2026-04-02 19:10:43,424 | INFO | SFTrainer | Epoch 090 | total 58.9830 | rec_rna 7.7731 | rec_atac 16.8081 | clip 6.6192 | clip_weight 0.5000 | lr 1.00e-03 | best 58.9830
2026-04-02 19:10:44,863 | INFO | SFTrainer | Epoch 100 | total 58.1438 | rec_rna 7.6813 | rec_atac 16.4610 | clip 6.5528 | clip_weight 0.5000 | lr 1.00e-03 | best 58.1438
2026-04-02 19:10:46,349 | INFO | SFTrainer | Epoch 110 | total 57.2249 | rec_rna 7.5591 | rec_atac 16.1846 | clip 6.4894 | clip_weight 0.5000 | lr 1.00e-03 | best 57.2249
2026-04-02 19:10:47,766 | INFO | SFTrainer | Epoch 120 | total 56.4242 | rec_rna 7.4438 | rec_atac 15.9825 | clip 6.4455 | clip_weight 0.5000 | lr 1.00e-03 | best 56.4242
2026-04-02 19:10:49,185 | INFO | SFTrainer | Epoch 130 | total 55.5352 | rec_rna 7.3116 | rec_atac 15.7686 | clip 6.4175 | clip_weight 0.5000 | lr 1.00e-03 | best 55.5352
2026-04-02 19:10:50,611 | INFO | SFTrainer | Epoch 140 | total 54.6619 | rec_rna 7.1742 | rec_atac 15.6040 | clip 6.3735 | clip_weight 0.5000 | lr 1.00e-03 | best 54.6619
2026-04-02 19:10:52,065 | INFO | SFTrainer | Epoch 150 | total 53.7814 | rec_rna 7.0326 | rec_atac 15.4436 | clip 6.3491 | clip_weight 0.5000 | lr 1.00e-03 | best 53.7814
2026-04-02 19:10:53,518 | INFO | SFTrainer | Epoch 160 | total 52.9772 | rec_rna 6.9023 | rec_atac 15.3104 | clip 6.3109 | clip_weight 0.5000 | lr 1.00e-03 | best 52.9772
2026-04-02 19:10:54,908 | INFO | SFTrainer | Epoch 170 | total 52.1051 | rec_rna 6.7645 | rec_atac 15.1404 | clip 6.2848 | clip_weight 0.5000 | lr 1.00e-03 | best 52.0846
2026-04-02 19:10:56,378 | INFO | SFTrainer | Epoch 180 | total 51.2448 | rec_rna 6.6279 | rec_atac 14.9745 | clip 6.2615 | clip_weight 0.5000 | lr 1.00e-03 | best 51.2448
2026-04-02 19:10:57,801 | INFO | SFTrainer | Epoch 190 | total 50.4227 | rec_rna 6.5019 | rec_atac 14.7940 | clip 6.2385 | clip_weight 0.5000 | lr 1.00e-03 | best 50.4227
2026-04-02 19:10:59,239 | INFO | SFTrainer | Epoch 200 | total 49.6140 | rec_rna 6.3715 | rec_atac 14.6472 | clip 6.2190 | clip_weight 0.5000 | lr 1.00e-03 | best 49.6140
2026-04-02 19:11:00,700 | INFO | SFTrainer | Epoch 210 | total 48.8313 | rec_rna 6.2546 | rec_atac 14.4670 | clip 6.1828 | clip_weight 0.5000 | lr 1.00e-03 | best 48.8313
2026-04-02 19:11:02,062 | INFO | SFTrainer | Epoch 220 | total 48.1124 | rec_rna 6.1403 | rec_atac 14.3308 | clip 6.1604 | clip_weight 0.5000 | lr 1.00e-03 | best 48.1124
2026-04-02 19:11:03,461 | INFO | SFTrainer | Epoch 230 | total 47.3938 | rec_rna 6.0290 | rec_atac 14.1789 | clip 6.1396 | clip_weight 0.5000 | lr 1.00e-03 | best 47.3938
2026-04-02 19:11:04,868 | INFO | SFTrainer | Epoch 240 | total 46.6917 | rec_rna 5.9307 | rec_atac 13.9800 | clip 6.1163 | clip_weight 0.5000 | lr 1.00e-03 | best 46.6917
2026-04-02 19:11:06,264 | INFO | SFTrainer | Epoch 250 | total 45.9865 | rec_rna 5.8248 | rec_atac 13.8194 | clip 6.0866 | clip_weight 0.5000 | lr 1.00e-03 | best 45.9865
2026-04-02 19:11:07,713 | INFO | SFTrainer | Epoch 260 | total 45.3240 | rec_rna 5.7285 | rec_atac 13.6517 | clip 6.0597 | clip_weight 0.5000 | lr 1.00e-03 | best 45.3240
2026-04-02 19:11:09,067 | INFO | SFTrainer | Epoch 270 | total 44.7257 | rec_rna 5.6410 | rec_atac 13.5018 | clip 6.0377 | clip_weight 0.5000 | lr 1.00e-03 | best 44.7257
2026-04-02 19:11:10,433 | INFO | SFTrainer | Epoch 280 | total 44.0699 | rec_rna 5.5500 | rec_atac 13.3040 | clip 6.0315 | clip_weight 0.5000 | lr 1.00e-03 | best 44.0699
2026-04-02 19:11:11,865 | INFO | SFTrainer | Epoch 290 | total 43.3687 | rec_rna 5.4510 | rec_atac 13.1172 | clip 5.9928 | clip_weight 0.5000 | lr 1.00e-03 | best 43.3687
2026-04-02 19:11:13,261 | INFO | SFTrainer | Epoch 300 | total 42.7375 | rec_rna 5.3643 | rec_atac 12.9324 | clip 5.9669 | clip_weight 0.5000 | lr 1.00e-03 | best 42.7375
2026-04-02 19:11:14,676 | INFO | SFTrainer | Epoch 310 | total 42.2584 | rec_rna 5.3049 | rec_atac 12.7589 | clip 5.9500 | clip_weight 0.5000 | lr 1.00e-03 | best 42.2584
2026-04-02 19:11:16,069 | INFO | SFTrainer | Epoch 320 | total 41.6251 | rec_rna 5.2175 | rec_atac 12.5759 | clip 5.9237 | clip_weight 0.5000 | lr 1.00e-03 | best 41.6251
2026-04-02 19:11:17,467 | INFO | SFTrainer | Epoch 330 | total 41.1542 | rec_rna 5.1611 | rec_atac 12.4007 | clip 5.8960 | clip_weight 0.5000 | lr 1.00e-03 | best 41.1209
2026-04-02 19:11:18,871 | INFO | SFTrainer | Epoch 340 | total 40.6177 | rec_rna 5.0901 | rec_atac 12.2235 | clip 5.8870 | clip_weight 0.5000 | lr 1.00e-03 | best 40.6177
2026-04-02 19:11:20,183 | INFO | SFTrainer | Epoch 350 | total 39.9804 | rec_rna 5.0080 | rec_atac 12.0174 | clip 5.8457 | clip_weight 0.5000 | lr 1.00e-03 | best 39.9804
2026-04-02 19:11:21,653 | INFO | SFTrainer | Epoch 360 | total 39.5393 | rec_rna 4.9571 | rec_atac 11.8429 | clip 5.8223 | clip_weight 0.5000 | lr 1.00e-03 | best 39.5393
2026-04-02 19:11:23,031 | INFO | SFTrainer | Epoch 370 | total 39.1117 | rec_rna 4.9064 | rec_atac 11.6764 | clip 5.8067 | clip_weight 0.5000 | lr 1.00e-03 | best 39.1117
2026-04-02 19:11:24,407 | INFO | SFTrainer | Epoch 380 | total 38.6311 | rec_rna 4.8415 | rec_atac 11.5190 | clip 5.8088 | clip_weight 0.5000 | lr 1.00e-03 | best 38.6311
2026-04-02 19:11:25,785 | INFO | SFTrainer | Epoch 390 | total 38.1574 | rec_rna 4.7868 | rec_atac 11.3526 | clip 5.7419 | clip_weight 0.5000 | lr 1.00e-03 | best 38.1574
2026-04-02 19:11:27,097 | INFO | SFTrainer | Epoch 400 | total 37.7873 | rec_rna 4.7434 | rec_atac 11.1992 | clip 5.7425 | clip_weight 0.5000 | lr 1.00e-03 | best 37.7873
2026-04-02 19:11:28,436 | INFO | SFTrainer | Epoch 410 | total 37.3859 | rec_rna 4.7015 | rec_atac 11.0219 | clip 5.7129 | clip_weight 0.5000 | lr 1.00e-03 | best 37.3629
2026-04-02 19:11:29,741 | INFO | SFTrainer | Epoch 420 | total 36.9433 | rec_rna 4.6468 | rec_atac 10.8673 | clip 5.6843 | clip_weight 0.5000 | lr 1.00e-03 | best 36.9433
2026-04-02 19:11:31,068 | INFO | SFTrainer | Epoch 430 | total 36.5564 | rec_rna 4.6017 | rec_atac 10.7053 | clip 5.6848 | clip_weight 0.5000 | lr 1.00e-03 | best 36.5447
2026-04-02 19:11:32,502 | INFO | SFTrainer | Epoch 440 | total 36.1782 | rec_rna 4.5544 | rec_atac 10.5836 | clip 5.6446 | clip_weight 0.5000 | lr 1.00e-03 | best 36.1782
2026-04-02 19:11:33,879 | INFO | SFTrainer | Epoch 450 | total 35.7798 | rec_rna 4.5059 | rec_atac 10.4355 | clip 5.6298 | clip_weight 0.5000 | lr 1.00e-03 | best 35.7798
2026-04-02 19:11:35,181 | INFO | SFTrainer | Epoch 460 | total 35.4912 | rec_rna 4.4767 | rec_atac 10.3033 | clip 5.6091 | clip_weight 0.5000 | lr 1.00e-03 | best 35.4912
2026-04-02 19:11:36,464 | INFO | SFTrainer | Epoch 470 | total 35.1670 | rec_rna 4.4375 | rec_atac 10.1850 | clip 5.5893 | clip_weight 0.5000 | lr 1.00e-03 | best 35.1670
2026-04-02 19:11:37,779 | INFO | SFTrainer | Epoch 480 | total 34.8295 | rec_rna 4.3957 | rec_atac 10.0661 | clip 5.5694 | clip_weight 0.5000 | lr 1.00e-03 | best 34.8295
2026-04-02 19:11:38,990 | INFO | SFTrainer | Epoch 490 | total 34.4894 | rec_rna 4.3620 | rec_atac 9.9246 | clip 5.5098 | clip_weight 0.5000 | lr 1.00e-03 | best 34.4894
2026-04-02 19:11:40,326 | INFO | SFTrainer | Epoch 500 | total 34.2709 | rec_rna 4.3359 | rec_atac 9.8335 | clip 5.5161 | clip_weight 0.5000 | lr 1.00e-03 | best 34.2343
2026-04-02 19:11:41,545 | INFO | SFTrainer | Epoch 510 | total 34.0751 | rec_rna 4.3120 | rec_atac 9.7684 | clip 5.4932 | clip_weight 0.5000 | lr 1.00e-03 | best 33.9243
2026-04-02 19:11:42,849 | INFO | SFTrainer | Epoch 520 | total 33.7464 | rec_rna 4.2757 | rec_atac 9.6371 | clip 5.4612 | clip_weight 0.5000 | lr 1.00e-03 | best 33.7319
2026-04-02 19:11:44,110 | INFO | SFTrainer | Epoch 530 | total 33.4206 | rec_rna 4.2393 | rec_atac 9.5121 | clip 5.4235 | clip_weight 0.5000 | lr 1.00e-03 | best 33.4206
2026-04-02 19:11:45,312 | INFO | SFTrainer | Epoch 540 | total 33.1637 | rec_rna 4.2073 | rec_atac 9.4145 | clip 5.4248 | clip_weight 0.5000 | lr 1.00e-03 | best 33.1637
2026-04-02 19:11:46,576 | INFO | SFTrainer | Epoch 550 | total 32.9658 | rec_rna 4.1854 | rec_atac 9.3451 | clip 5.3872 | clip_weight 0.5000 | lr 1.00e-03 | best 32.9658
2026-04-02 19:11:47,827 | INFO | SFTrainer | Epoch 560 | total 32.8221 | rec_rna 4.1725 | rec_atac 9.2725 | clip 5.3743 | clip_weight 0.5000 | lr 1.00e-03 | best 32.7783
2026-04-02 19:11:49,060 | INFO | SFTrainer | Epoch 570 | total 32.5740 | rec_rna 4.1454 | rec_atac 9.1831 | clip 5.3280 | clip_weight 0.5000 | lr 1.00e-03 | best 32.5462
2026-04-02 19:11:50,282 | INFO | SFTrainer | Epoch 580 | total 32.4028 | rec_rna 4.1277 | rec_atac 9.1069 | clip 5.3146 | clip_weight 0.5000 | lr 1.00e-03 | best 32.4028
2026-04-02 19:11:51,557 | INFO | SFTrainer | Epoch 590 | total 32.0864 | rec_rna 4.0867 | rec_atac 9.0067 | clip 5.2924 | clip_weight 0.5000 | lr 1.00e-03 | best 32.0864
2026-04-02 19:11:52,762 | INFO | SFTrainer | Epoch 600 | total 31.9971 | rec_rna 4.0827 | rec_atac 8.9470 | clip 5.2733 | clip_weight 0.5000 | lr 1.00e-03 | best 31.9971
2026-04-02 19:11:53,843 | INFO | SFTrainer | Epoch 610 | total 31.9076 | rec_rna 4.0636 | rec_atac 8.9559 | clip 5.2673 | clip_weight 0.5000 | lr 1.00e-03 | best 31.7692
2026-04-02 19:11:55,110 | INFO | SFTrainer | Epoch 620 | total 31.5860 | rec_rna 4.0329 | rec_atac 8.8177 | clip 5.2072 | clip_weight 0.5000 | lr 1.00e-03 | best 31.5447
2026-04-02 19:11:56,316 | INFO | SFTrainer | Epoch 630 | total 31.4094 | rec_rna 4.0133 | rec_atac 8.7367 | clip 5.2121 | clip_weight 0.5000 | lr 1.00e-03 | best 31.4094
2026-04-02 19:11:57,549 | INFO | SFTrainer | Epoch 640 | total 31.2657 | rec_rna 4.0009 | rec_atac 8.6788 | clip 5.1648 | clip_weight 0.5000 | lr 1.00e-03 | best 31.2657
2026-04-02 19:11:58,829 | INFO | SFTrainer | Epoch 650 | total 31.1337 | rec_rna 3.9868 | rec_atac 8.6275 | clip 5.1444 | clip_weight 0.5000 | lr 1.00e-03 | best 31.0850
2026-04-02 19:11:59,977 | INFO | SFTrainer | Epoch 660 | total 31.0024 | rec_rna 3.9721 | rec_atac 8.5831 | clip 5.1171 | clip_weight 0.5000 | lr 1.00e-03 | best 30.9043
2026-04-02 19:12:01,147 | INFO | SFTrainer | Epoch 670 | total 30.7746 | rec_rna 3.9444 | rec_atac 8.5013 | clip 5.1030 | clip_weight 0.5000 | lr 1.00e-03 | best 30.7684
2026-04-02 19:12:02,344 | INFO | SFTrainer | Epoch 680 | total 30.6669 | rec_rna 3.9299 | rec_atac 8.4896 | clip 5.0560 | clip_weight 0.5000 | lr 1.00e-03 | best 30.6298
2026-04-02 19:12:03,576 | INFO | SFTrainer | Epoch 690 | total 30.5608 | rec_rna 3.9233 | rec_atac 8.4168 | clip 5.0548 | clip_weight 0.5000 | lr 1.00e-03 | best 30.4754
2026-04-02 19:12:04,764 | INFO | SFTrainer | Epoch 700 | total 30.4285 | rec_rna 3.9031 | rec_atac 8.3968 | clip 5.0321 | clip_weight 0.5000 | lr 1.00e-03 | best 30.3529
2026-04-02 19:12:05,989 | INFO | SFTrainer | Epoch 710 | total 30.2216 | rec_rna 3.8841 | rec_atac 8.3114 | clip 4.9798 | clip_weight 0.5000 | lr 1.00e-03 | best 30.2033
2026-04-02 19:12:07,157 | INFO | SFTrainer | Epoch 720 | total 30.1248 | rec_rna 3.8744 | rec_atac 8.2627 | clip 4.9798 | clip_weight 0.5000 | lr 1.00e-03 | best 30.0281
2026-04-02 19:12:08,378 | INFO | SFTrainer | Epoch 730 | total 29.8725 | rec_rna 3.8406 | rec_atac 8.1972 | clip 4.9450 | clip_weight 0.5000 | lr 1.00e-03 | best 29.8725
2026-04-02 19:12:09,501 | INFO | SFTrainer | Epoch 740 | total 29.8630 | rec_rna 3.8443 | rec_atac 8.1729 | clip 4.9370 | clip_weight 0.5000 | lr 1.00e-03 | best 29.8372
2026-04-02 19:12:10,828 | INFO | SFTrainer | Epoch 750 | total 29.6740 | rec_rna 3.8190 | rec_atac 8.1257 | clip 4.9069 | clip_weight 0.5000 | lr 1.00e-03 | best 29.6740
2026-04-02 19:12:12,063 | INFO | SFTrainer | Epoch 760 | total 29.6482 | rec_rna 3.8251 | rec_atac 8.0910 | clip 4.8637 | clip_weight 0.5000 | lr 1.00e-03 | best 29.5722
2026-04-02 19:12:13,231 | INFO | SFTrainer | Epoch 770 | total 29.4411 | rec_rna 3.8006 | rec_atac 8.0212 | clip 4.8343 | clip_weight 0.5000 | lr 1.00e-03 | best 29.4411
2026-04-02 19:12:14,381 | INFO | SFTrainer | Epoch 780 | total 29.3769 | rec_rna 3.7951 | rec_atac 7.9903 | clip 4.8225 | clip_weight 0.5000 | lr 1.00e-03 | best 29.3769
2026-04-02 19:12:15,668 | INFO | SFTrainer | Epoch 790 | total 29.1847 | rec_rna 3.7639 | rec_atac 7.9720 | clip 4.7863 | clip_weight 0.5000 | lr 1.00e-03 | best 29.1847
2026-04-02 19:12:16,748 | INFO | SFTrainer | Epoch 800 | total 29.1662 | rec_rna 3.7645 | rec_atac 7.9694 | clip 4.7484 | clip_weight 0.5000 | lr 1.00e-03 | best 29.1265
2026-04-02 19:12:17,874 | INFO | SFTrainer | Epoch 810 | total 29.0646 | rec_rna 3.7507 | rec_atac 7.9269 | clip 4.7686 | clip_weight 0.5000 | lr 1.00e-03 | best 29.0206
2026-04-02 19:12:18,946 | INFO | SFTrainer | Epoch 820 | total 29.0101 | rec_rna 3.7532 | rec_atac 7.8880 | clip 4.7124 | clip_weight 0.5000 | lr 1.00e-03 | best 28.9534
2026-04-02 19:12:20,229 | INFO | SFTrainer | Epoch 830 | total 28.7827 | rec_rna 3.7223 | rec_atac 7.8226 | clip 4.6975 | clip_weight 0.5000 | lr 1.00e-03 | best 28.7827
2026-04-02 19:12:21,344 | INFO | SFTrainer | Epoch 840 | total 28.7868 | rec_rna 3.7269 | rec_atac 7.8187 | clip 4.6672 | clip_weight 0.5000 | lr 1.00e-03 | best 28.6837
2026-04-02 19:12:22,449 | INFO | SFTrainer | Epoch 850 | total 28.6509 | rec_rna 3.7057 | rec_atac 7.8002 | clip 4.6445 | clip_weight 0.5000 | lr 1.00e-03 | best 28.6212
2026-04-02 19:12:23,643 | INFO | SFTrainer | Epoch 860 | total 28.5463 | rec_rna 3.6980 | rec_atac 7.7509 | clip 4.6104 | clip_weight 0.5000 | lr 1.00e-03 | best 28.5425
2026-04-02 19:12:24,790 | INFO | SFTrainer | Epoch 870 | total 28.5408 | rec_rna 3.7050 | rec_atac 7.7093 | clip 4.6132 | clip_weight 0.5000 | lr 1.00e-03 | best 28.3952
2026-04-02 19:12:25,933 | INFO | SFTrainer | Epoch 880 | total 28.4078 | rec_rna 3.6847 | rec_atac 7.7040 | clip 4.5608 | clip_weight 0.5000 | lr 1.00e-03 | best 28.3805
2026-04-02 19:12:27,029 | INFO | SFTrainer | Epoch 890 | total 28.3266 | rec_rna 3.6827 | rec_atac 7.6530 | clip 4.5199 | clip_weight 0.5000 | lr 1.00e-03 | best 28.3170
2026-04-02 19:12:28,141 | INFO | SFTrainer | Epoch 900 | total 28.3176 | rec_rna 3.6846 | rec_atac 7.6373 | clip 4.5150 | clip_weight 0.5000 | lr 1.00e-03 | best 28.1641
2026-04-02 19:12:29,295 | INFO | SFTrainer | Epoch 910 | total 28.0424 | rec_rna 3.6395 | rec_atac 7.6020 | clip 4.4855 | clip_weight 0.5000 | lr 1.00e-03 | best 28.0424
2026-04-02 19:12:30,346 | INFO | SFTrainer | Epoch 920 | total 28.1068 | rec_rna 3.6559 | rec_atac 7.5899 | clip 4.4749 | clip_weight 0.5000 | lr 1.00e-03 | best 28.0207
2026-04-02 19:12:31,449 | INFO | SFTrainer | Epoch 930 | total 27.9747 | rec_rna 3.6390 | rec_atac 7.5626 | clip 4.4345 | clip_weight 0.5000 | lr 1.00e-03 | best 27.9304
2026-04-02 19:12:32,579 | INFO | SFTrainer | Epoch 940 | total 27.8896 | rec_rna 3.6348 | rec_atac 7.5258 | clip 4.3795 | clip_weight 0.5000 | lr 1.00e-03 | best 27.8896
2026-04-02 19:12:33,749 | INFO | SFTrainer | Epoch 950 | total 27.8663 | rec_rna 3.6277 | rec_atac 7.5400 | clip 4.3753 | clip_weight 0.5000 | lr 1.00e-03 | best 27.7964
2026-04-02 19:12:34,844 | INFO | SFTrainer | Epoch 960 | total 27.7184 | rec_rna 3.6136 | rec_atac 7.4763 | clip 4.3481 | clip_weight 0.5000 | lr 1.00e-03 | best 27.7023
2026-04-02 19:12:36,041 | INFO | SFTrainer | Epoch 970 | total 27.6698 | rec_rna 3.6031 | rec_atac 7.4815 | clip 4.3459 | clip_weight 0.5000 | lr 1.00e-03 | best 27.5949
2026-04-02 19:12:37,055 | INFO | SFTrainer | Epoch 980 | total 27.6059 | rec_rna 3.6040 | rec_atac 7.4392 | clip 4.2931 | clip_weight 0.5000 | lr 1.00e-03 | best 27.5105
2026-04-02 19:12:38,045 | INFO | SFTrainer | Epoch 990 | total 27.5106 | rec_rna 3.5945 | rec_atac 7.4111 | clip 4.2547 | clip_weight 0.5000 | lr 1.00e-03 | best 27.5105
2026-04-02 19:12:39,321 | INFO | SFTrainer | Epoch 1000 | total 27.4478 | rec_rna 3.5848 | rec_atac 7.3917 | clip 4.2644 | clip_weight 0.5000 | lr 1.00e-03 | best 27.4245
2026-04-02 19:12:40,510 | INFO | SFTrainer | Epoch 1010 | total 27.3601 | rec_rna 3.5789 | rec_atac 7.3517 | clip 4.2275 | clip_weight 0.5000 | lr 1.00e-03 | best 27.3601
2026-04-02 19:12:41,616 | INFO | SFTrainer | Epoch 1020 | total 27.3528 | rec_rna 3.5758 | rec_atac 7.3683 | clip 4.2113 | clip_weight 0.5000 | lr 1.00e-03 | best 27.2039
2026-04-02 19:12:42,671 | INFO | SFTrainer | Epoch 1030 | total 27.2615 | rec_rna 3.5618 | rec_atac 7.3616 | clip 4.1820 | clip_weight 0.5000 | lr 1.00e-03 | best 27.1995
2026-04-02 19:12:43,844 | INFO | SFTrainer | Epoch 1040 | total 27.1763 | rec_rna 3.5514 | rec_atac 7.3484 | clip 4.1419 | clip_weight 0.5000 | lr 1.00e-03 | best 27.1564
2026-04-02 19:12:44,978 | INFO | SFTrainer | Epoch 1050 | total 26.9904 | rec_rna 3.5320 | rec_atac 7.2758 | clip 4.1095 | clip_weight 0.5000 | lr 1.00e-03 | best 26.9904
2026-04-02 19:12:46,045 | INFO | SFTrainer | Epoch 1060 | total 27.1159 | rec_rna 3.5518 | rec_atac 7.3035 | clip 4.1071 | clip_weight 0.5000 | lr 1.00e-03 | best 26.9904
2026-04-02 19:12:47,118 | INFO | SFTrainer | Epoch 1070 | total 26.9887 | rec_rna 3.5347 | rec_atac 7.2869 | clip 4.0566 | clip_weight 0.5000 | lr 1.00e-03 | best 26.9603
2026-04-02 19:12:48,321 | INFO | SFTrainer | Epoch 1080 | total 26.8586 | rec_rna 3.5178 | rec_atac 7.2416 | clip 4.0564 | clip_weight 0.5000 | lr 1.00e-03 | best 26.8586
2026-04-02 19:12:49,441 | INFO | SFTrainer | Epoch 1090 | total 26.8827 | rec_rna 3.5305 | rec_atac 7.2267 | clip 4.0069 | clip_weight 0.5000 | lr 1.00e-03 | best 26.8418
2026-04-02 19:12:50,514 | INFO | SFTrainer | Epoch 1100 | total 26.9315 | rec_rna 3.5354 | rec_atac 7.2453 | clip 4.0185 | clip_weight 0.5000 | lr 1.00e-03 | best 26.8243
2026-04-02 19:12:51,680 | INFO | SFTrainer | Epoch 1110 | total 26.6970 | rec_rna 3.5031 | rec_atac 7.1954 | clip 3.9723 | clip_weight 0.5000 | lr 1.00e-03 | best 26.6970
2026-04-02 19:12:52,841 | INFO | SFTrainer | Epoch 1120 | total 26.7827 | rec_rna 3.5198 | rec_atac 7.2152 | clip 3.9375 | clip_weight 0.5000 | lr 1.00e-03 | best 26.6771
2026-04-02 19:12:53,938 | INFO | SFTrainer | Epoch 1130 | total 26.6400 | rec_rna 3.5025 | rec_atac 7.1630 | clip 3.9292 | clip_weight 0.5000 | lr 1.00e-03 | best 26.5449
2026-04-02 19:12:54,944 | INFO | SFTrainer | Epoch 1140 | total 26.6107 | rec_rna 3.5021 | rec_atac 7.1441 | clip 3.9122 | clip_weight 0.5000 | lr 1.00e-03 | best 26.5449
2026-04-02 19:12:55,948 | INFO | SFTrainer | Epoch 1150 | total 26.5861 | rec_rna 3.5016 | rec_atac 7.1447 | clip 3.8672 | clip_weight 0.5000 | lr 1.00e-03 | best 26.5449
2026-04-02 19:12:57,048 | INFO | SFTrainer | Epoch 1160 | total 26.5093 | rec_rna 3.4877 | rec_atac 7.1466 | clip 3.8480 | clip_weight 0.5000 | lr 1.00e-03 | best 26.4081
2026-04-02 19:12:58,228 | INFO | SFTrainer | Epoch 1170 | total 26.4148 | rec_rna 3.4741 | rec_atac 7.1380 | clip 3.8123 | clip_weight 0.5000 | lr 1.00e-03 | best 26.3795
2026-04-02 19:12:59,369 | INFO | SFTrainer | Epoch 1180 | total 26.3583 | rec_rna 3.4756 | rec_atac 7.0886 | clip 3.7832 | clip_weight 0.5000 | lr 1.00e-03 | best 26.3458
2026-04-02 19:13:00,580 | INFO | SFTrainer | Epoch 1190 | total 26.2635 | rec_rna 3.4558 | rec_atac 7.1065 | clip 3.7558 | clip_weight 0.5000 | lr 1.00e-03 | best 26.2635
2026-04-02 19:13:01,723 | INFO | SFTrainer | Epoch 1200 | total 26.2805 | rec_rna 3.4710 | rec_atac 7.0590 | clip 3.7335 | clip_weight 0.5000 | lr 1.00e-03 | best 26.2016
2026-04-02 19:13:02,725 | INFO | SFTrainer | Epoch 1210 | total 26.3578 | rec_rna 3.4850 | rec_atac 7.0875 | clip 3.6907 | clip_weight 0.5000 | lr 1.00e-03 | best 26.2016
2026-04-02 19:13:03,875 | INFO | SFTrainer | Epoch 1220 | total 26.2734 | rec_rna 3.4701 | rec_atac 7.0688 | clip 3.7087 | clip_weight 0.5000 | lr 1.00e-03 | best 26.1391
2026-04-02 19:13:05,049 | INFO | SFTrainer | Epoch 1230 | total 26.1479 | rec_rna 3.4529 | rec_atac 7.0511 | clip 3.6646 | clip_weight 0.5000 | lr 1.00e-03 | best 26.0219
2026-04-02 19:13:06,099 | INFO | SFTrainer | Epoch 1240 | total 26.1235 | rec_rna 3.4584 | rec_atac 7.0151 | clip 3.6333 | clip_weight 0.5000 | lr 1.00e-03 | best 25.9991
2026-04-02 19:13:07,182 | INFO | SFTrainer | Epoch 1250 | total 26.0684 | rec_rna 3.4488 | rec_atac 7.0186 | clip 3.6113 | clip_weight 0.5000 | lr 1.00e-03 | best 25.9672
2026-04-02 19:13:08,327 | INFO | SFTrainer | Epoch 1260 | total 25.9949 | rec_rna 3.4359 | rec_atac 7.0309 | clip 3.5689 | clip_weight 0.5000 | lr 1.00e-03 | best 25.9671
2026-04-02 19:13:09,445 | INFO | SFTrainer | Epoch 1270 | total 25.9812 | rec_rna 3.4439 | rec_atac 6.9888 | clip 3.5452 | clip_weight 0.5000 | lr 1.00e-03 | best 25.9236
2026-04-02 19:13:10,618 | INFO | SFTrainer | Epoch 1280 | total 25.9770 | rec_rna 3.4438 | rec_atac 6.9981 | clip 3.5196 | clip_weight 0.5000 | lr 1.00e-03 | best 25.8366
2026-04-02 19:13:11,661 | INFO | SFTrainer | Epoch 1290 | total 25.9150 | rec_rna 3.4366 | rec_atac 7.0036 | clip 3.4570 | clip_weight 0.5000 | lr 1.00e-03 | best 25.8175
2026-04-02 19:13:12,744 | INFO | SFTrainer | Epoch 1300 | total 25.8066 | rec_rna 3.4272 | rec_atac 6.9567 | clip 3.4278 | clip_weight 0.5000 | lr 1.00e-03 | best 25.7407
2026-04-02 19:13:13,861 | INFO | SFTrainer | Epoch 1310 | total 25.8126 | rec_rna 3.4355 | rec_atac 6.9306 | clip 3.4090 | clip_weight 0.5000 | lr 1.00e-03 | best 25.6887
2026-04-02 19:13:14,906 | INFO | SFTrainer | Epoch 1320 | total 25.6946 | rec_rna 3.4090 | rec_atac 6.9626 | clip 3.3741 | clip_weight 0.5000 | lr 1.00e-03 | best 25.6858
2026-04-02 19:13:16,072 | INFO | SFTrainer | Epoch 1330 | total 25.6481 | rec_rna 3.4141 | rec_atac 6.9305 | clip 3.2947 | clip_weight 0.5000 | lr 1.00e-03 | best 25.5940
2026-04-02 19:13:17,270 | INFO | SFTrainer | Epoch 1340 | total 25.6904 | rec_rna 3.4119 | rec_atac 6.9608 | clip 3.3399 | clip_weight 0.5000 | lr 1.00e-03 | best 25.5282
2026-04-02 19:13:18,431 | INFO | SFTrainer | Epoch 1350 | total 25.4863 | rec_rna 3.3953 | rec_atac 6.8966 | clip 3.2266 | clip_weight 0.5000 | lr 1.00e-03 | best 25.4863
2026-04-02 19:13:19,472 | INFO | SFTrainer | Epoch 1360 | total 25.4708 | rec_rna 3.4021 | rec_atac 6.8731 | clip 3.1742 | clip_weight 0.5000 | lr 1.00e-03 | best 25.4270
2026-04-02 19:13:20,565 | INFO | SFTrainer | Epoch 1370 | total 25.4593 | rec_rna 3.3983 | rec_atac 6.8879 | clip 3.1601 | clip_weight 0.5000 | lr 1.00e-03 | best 25.3860
2026-04-02 19:13:21,646 | INFO | SFTrainer | Epoch 1380 | total 25.4242 | rec_rna 3.3920 | rec_atac 6.8956 | clip 3.1371 | clip_weight 0.5000 | lr 1.00e-03 | best 25.3391
2026-04-02 19:13:22,682 | INFO | SFTrainer | Epoch 1390 | total 25.3284 | rec_rna 3.3915 | rec_atac 6.8308 | clip 3.0798 | clip_weight 0.5000 | lr 1.00e-03 | best 25.3048
2026-04-02 19:13:23,743 | INFO | SFTrainer | Epoch 1400 | total 25.3131 | rec_rna 3.3858 | rec_atac 6.8346 | clip 3.0988 | clip_weight 0.5000 | lr 1.00e-03 | best 25.2750
2026-04-02 19:13:24,876 | INFO | SFTrainer | Epoch 1410 | total 25.3263 | rec_rna 3.3914 | rec_atac 6.8485 | clip 3.0414 | clip_weight 0.5000 | lr 1.00e-03 | best 25.2124
2026-04-02 19:13:25,944 | INFO | SFTrainer | Epoch 1420 | total 25.2928 | rec_rna 3.3908 | rec_atac 6.8413 | clip 2.9947 | clip_weight 0.5000 | lr 1.00e-03 | best 25.1722
2026-04-02 19:13:26,945 | INFO | SFTrainer | Epoch 1430 | total 25.2263 | rec_rna 3.3821 | rec_atac 6.8315 | clip 2.9690 | clip_weight 0.5000 | lr 1.00e-03 | best 25.1415
2026-04-02 19:13:27,973 | INFO | SFTrainer | Epoch 1440 | total 25.1977 | rec_rna 3.3798 | rec_atac 6.8356 | clip 2.9266 | clip_weight 0.5000 | lr 1.00e-03 | best 25.1261
2026-04-02 19:13:29,082 | INFO | SFTrainer | Epoch 1450 | total 25.1774 | rec_rna 3.3808 | rec_atac 6.8293 | clip 2.8881 | clip_weight 0.5000 | lr 1.00e-03 | best 25.0280
2026-04-02 19:13:30,143 | INFO | SFTrainer | Epoch 1460 | total 25.1147 | rec_rna 3.3712 | rec_atac 6.8394 | clip 2.8387 | clip_weight 0.5000 | lr 1.00e-03 | best 25.0280
2026-04-02 19:13:31,246 | INFO | SFTrainer | Epoch 1470 | total 25.0308 | rec_rna 3.3624 | rec_atac 6.8156 | clip 2.8066 | clip_weight 0.5000 | lr 1.00e-03 | best 24.9763
2026-04-02 19:13:32,259 | INFO | SFTrainer | Epoch 1480 | total 24.9965 | rec_rna 3.3583 | rec_atac 6.8038 | clip 2.8027 | clip_weight 0.5000 | lr 1.00e-03 | best 24.9419
2026-04-02 19:13:33,386 | INFO | SFTrainer | Epoch 1490 | total 24.8086 | rec_rna 3.3358 | rec_atac 6.7707 | clip 2.7183 | clip_weight 0.5000 | lr 1.00e-03 | best 24.8086
2026-04-02 19:13:34,446 | INFO | SFTrainer | Epoch 1500 | total 25.0272 | rec_rna 3.3700 | rec_atac 6.8179 | clip 2.7188 | clip_weight 0.5000 | lr 1.00e-03 | best 24.8086
2026-04-02 19:13:35,465 | INFO | SFTrainer | Epoch 1510 | total 24.8662 | rec_rna 3.3553 | rec_atac 6.7586 | clip 2.6627 | clip_weight 0.5000 | lr 1.00e-03 | best 24.8086
2026-04-02 19:13:36,483 | INFO | SFTrainer | Epoch 1520 | total 24.7485 | rec_rna 3.3439 | rec_atac 6.7374 | clip 2.5837 | clip_weight 0.5000 | lr 1.00e-03 | best 24.7485
2026-04-02 19:13:37,585 | INFO | SFTrainer | Epoch 1530 | total 24.8589 | rec_rna 3.3521 | rec_atac 6.7924 | clip 2.6116 | clip_weight 0.5000 | lr 1.00e-03 | best 24.6399
2026-04-02 19:13:38,640 | INFO | SFTrainer | Epoch 1540 | total 24.8044 | rec_rna 3.3538 | rec_atac 6.7670 | clip 2.5368 | clip_weight 0.5000 | lr 1.00e-03 | best 24.6399
2026-04-02 19:13:39,668 | INFO | SFTrainer | Epoch 1550 | total 24.5945 | rec_rna 3.3255 | rec_atac 6.7150 | clip 2.5038 | clip_weight 0.5000 | lr 1.00e-03 | best 24.5945
2026-04-02 19:13:40,781 | INFO | SFTrainer | Epoch 1560 | total 24.6747 | rec_rna 3.3425 | rec_atac 6.7175 | clip 2.4896 | clip_weight 0.5000 | lr 1.00e-03 | best 24.5222
2026-04-02 19:13:41,850 | INFO | SFTrainer | Epoch 1570 | total 24.6817 | rec_rna 3.3434 | rec_atac 6.7299 | clip 2.4694 | clip_weight 0.5000 | lr 1.00e-03 | best 24.5222
2026-04-02 19:13:42,844 | INFO | SFTrainer | Epoch 1580 | total 24.5763 | rec_rna 3.3305 | rec_atac 6.7296 | clip 2.3885 | clip_weight 0.5000 | lr 1.00e-03 | best 24.5222
2026-04-02 19:13:43,927 | INFO | SFTrainer | Epoch 1590 | total 24.5455 | rec_rna 3.3286 | rec_atac 6.7125 | clip 2.3795 | clip_weight 0.5000 | lr 1.00e-03 | best 24.4792
2026-04-02 19:13:44,983 | INFO | SFTrainer | Epoch 1600 | total 24.4415 | rec_rna 3.3236 | rec_atac 6.6524 | clip 2.3423 | clip_weight 0.5000 | lr 1.00e-03 | best 24.4415
2026-04-02 19:13:46,147 | INFO | SFTrainer | Epoch 1610 | total 24.4892 | rec_rna 3.3256 | rec_atac 6.7212 | clip 2.2798 | clip_weight 0.5000 | lr 1.00e-03 | best 24.3991
2026-04-02 19:13:47,276 | INFO | SFTrainer | Epoch 1620 | total 24.3707 | rec_rna 3.3127 | rec_atac 6.6783 | clip 2.2579 | clip_weight 0.5000 | lr 1.00e-03 | best 24.3707
2026-04-02 19:13:48,346 | INFO | SFTrainer | Epoch 1630 | total 24.4538 | rec_rna 3.3227 | rec_atac 6.7235 | clip 2.2331 | clip_weight 0.5000 | lr 1.00e-03 | best 24.3093
2026-04-02 19:13:49,436 | INFO | SFTrainer | Epoch 1640 | total 24.4138 | rec_rna 3.3226 | rec_atac 6.6966 | clip 2.2081 | clip_weight 0.5000 | lr 1.00e-03 | best 24.2161
2026-04-02 19:13:50,448 | INFO | SFTrainer | Epoch 1650 | total 24.3331 | rec_rna 3.3258 | rec_atac 6.6575 | clip 2.0935 | clip_weight 0.5000 | lr 1.00e-03 | best 24.2161
2026-04-02 19:13:51,454 | INFO | SFTrainer | Epoch 1660 | total 24.3018 | rec_rna 3.3182 | rec_atac 6.6463 | clip 2.1289 | clip_weight 0.5000 | lr 1.00e-03 | best 24.2161
2026-04-02 19:13:52,446 | INFO | SFTrainer | Epoch 1670 | total 24.2328 | rec_rna 3.3096 | rec_atac 6.6705 | clip 2.0283 | clip_weight 0.5000 | lr 1.00e-03 | best 24.2161
2026-04-02 19:13:53,528 | INFO | SFTrainer | Epoch 1680 | total 24.2336 | rec_rna 3.3131 | rec_atac 6.6765 | clip 1.9830 | clip_weight 0.5000 | lr 1.00e-03 | best 24.1451
2026-04-02 19:13:54,628 | INFO | SFTrainer | Epoch 1690 | total 24.1361 | rec_rna 3.3013 | rec_atac 6.6649 | clip 1.9296 | clip_weight 0.5000 | lr 1.00e-03 | best 24.0781
2026-04-02 19:13:55,657 | INFO | SFTrainer | Epoch 1700 | total 24.0824 | rec_rna 3.2948 | rec_atac 6.6561 | clip 1.9041 | clip_weight 0.5000 | lr 1.00e-03 | best 24.0644
2026-04-02 19:13:56,745 | INFO | SFTrainer | Epoch 1710 | total 24.1208 | rec_rna 3.3042 | rec_atac 6.6531 | clip 1.8932 | clip_weight 0.5000 | lr 1.00e-03 | best 24.0435
2026-04-02 19:13:57,858 | INFO | SFTrainer | Epoch 1720 | total 24.0501 | rec_rna 3.2968 | rec_atac 6.6433 | clip 1.8457 | clip_weight 0.5000 | lr 1.00e-03 | best 23.9872
2026-04-02 19:13:58,978 | INFO | SFTrainer | Epoch 1730 | total 23.9663 | rec_rna 3.2921 | rec_atac 6.6043 | clip 1.8035 | clip_weight 0.5000 | lr 1.00e-03 | best 23.9663
2026-04-02 19:14:00,137 | INFO | SFTrainer | Epoch 1740 | total 23.9689 | rec_rna 3.2944 | rec_atac 6.6290 | clip 1.7360 | clip_weight 0.5000 | lr 1.00e-03 | best 23.9250
2026-04-02 19:14:01,262 | INFO | SFTrainer | Epoch 1750 | total 23.9359 | rec_rna 3.2935 | rec_atac 6.5891 | clip 1.7582 | clip_weight 0.5000 | lr 1.00e-03 | best 23.8611
2026-04-02 19:14:02,384 | INFO | SFTrainer | Epoch 1760 | total 23.8392 | rec_rna 3.2776 | rec_atac 6.5926 | clip 1.7172 | clip_weight 0.5000 | lr 1.00e-03 | best 23.8392
2026-04-02 19:14:03,455 | INFO | SFTrainer | Epoch 1770 | total 23.9109 | rec_rna 3.2900 | rec_atac 6.6124 | clip 1.6966 | clip_weight 0.5000 | lr 1.00e-03 | best 23.8043
2026-04-02 19:14:04,488 | INFO | SFTrainer | Epoch 1780 | total 23.7597 | rec_rna 3.2751 | rec_atac 6.5707 | clip 1.6274 | clip_weight 0.5000 | lr 1.00e-03 | best 23.7597
2026-04-02 19:14:05,548 | INFO | SFTrainer | Epoch 1790 | total 23.8035 | rec_rna 3.2889 | rec_atac 6.5869 | clip 1.5442 | clip_weight 0.5000 | lr 1.00e-03 | best 23.7588
2026-04-02 19:14:06,648 | INFO | SFTrainer | Epoch 1800 | total 23.8668 | rec_rna 3.2928 | rec_atac 6.6070 | clip 1.5913 | clip_weight 0.5000 | lr 1.00e-03 | best 23.7228
2026-04-02 19:14:07,826 | INFO | SFTrainer | Epoch 1810 | total 23.7957 | rec_rna 3.2852 | rec_atac 6.5877 | clip 1.5643 | clip_weight 0.5000 | lr 1.00e-03 | best 23.7099
2026-04-02 19:14:08,979 | INFO | SFTrainer | Epoch 1820 | total 23.6858 | rec_rna 3.2708 | rec_atac 6.5596 | clip 1.5442 | clip_weight 0.5000 | lr 1.00e-03 | best 23.6656
2026-04-02 19:14:09,949 | INFO | SFTrainer | Epoch 1830 | total 23.6853 | rec_rna 3.2698 | rec_atac 6.5746 | clip 1.5239 | clip_weight 0.5000 | lr 1.00e-03 | best 23.6656
2026-04-02 19:14:11,022 | INFO | SFTrainer | Epoch 1840 | total 23.6644 | rec_rna 3.2740 | rec_atac 6.5524 | clip 1.4843 | clip_weight 0.5000 | lr 1.00e-03 | best 23.5972
2026-04-02 19:14:12,139 | INFO | SFTrainer | Epoch 1850 | total 23.5976 | rec_rna 3.2676 | rec_atac 6.5607 | clip 1.3978 | clip_weight 0.5000 | lr 1.00e-03 | best 23.5651
2026-04-02 19:14:13,200 | INFO | SFTrainer | Epoch 1860 | total 23.6229 | rec_rna 3.2702 | rec_atac 6.5628 | clip 1.4178 | clip_weight 0.5000 | lr 1.00e-03 | best 23.5612
2026-04-02 19:14:14,347 | INFO | SFTrainer | Epoch 1870 | total 23.5491 | rec_rna 3.2623 | rec_atac 6.5429 | clip 1.3895 | clip_weight 0.5000 | lr 1.00e-03 | best 23.5042
2026-04-02 19:14:15,441 | INFO | SFTrainer | Epoch 1880 | total 23.5839 | rec_rna 3.2725 | rec_atac 6.5576 | clip 1.3274 | clip_weight 0.5000 | lr 1.00e-03 | best 23.4837
2026-04-02 19:14:16,546 | INFO | SFTrainer | Epoch 1890 | total 23.4961 | rec_rna 3.2541 | rec_atac 6.5335 | clip 1.3842 | clip_weight 0.5000 | lr 1.00e-03 | best 23.4511
2026-04-02 19:14:17,649 | INFO | SFTrainer | Epoch 1900 | total 23.4840 | rec_rna 3.2542 | rec_atac 6.5502 | clip 1.3260 | clip_weight 0.5000 | lr 1.00e-03 | best 23.3968
2026-04-02 19:14:18,750 | INFO | SFTrainer | Epoch 1910 | total 23.4827 | rec_rna 3.2582 | rec_atac 6.5346 | clip 1.3139 | clip_weight 0.5000 | lr 1.00e-03 | best 23.3517
2026-04-02 19:14:19,779 | INFO | SFTrainer | Epoch 1920 | total 23.4337 | rec_rna 3.2502 | rec_atac 6.5515 | clip 1.2622 | clip_weight 0.5000 | lr 1.00e-03 | best 23.3500
2026-04-02 19:14:20,858 | INFO | SFTrainer | Epoch 1930 | total 23.3634 | rec_rna 3.2502 | rec_atac 6.5064 | clip 1.2115 | clip_weight 0.5000 | lr 1.00e-03 | best 23.3414
2026-04-02 19:14:21,899 | INFO | SFTrainer | Epoch 1940 | total 23.4898 | rec_rna 3.2592 | rec_atac 6.5411 | clip 1.3058 | clip_weight 0.5000 | lr 1.00e-03 | best 23.3230
2026-04-02 19:14:22,949 | INFO | SFTrainer | Epoch 1950 | total 23.3790 | rec_rna 3.2470 | rec_atac 6.5402 | clip 1.2073 | clip_weight 0.5000 | lr 1.00e-03 | best 23.3213
2026-04-02 19:14:24,151 | INFO | SFTrainer | Epoch 1960 | total 23.2788 | rec_rna 3.2291 | rec_atac 6.5263 | clip 1.2145 | clip_weight 0.5000 | lr 1.00e-03 | best 23.2788
2026-04-02 19:14:25,263 | INFO | SFTrainer | Epoch 1970 | total 23.3129 | rec_rna 3.2460 | rec_atac 6.4878 | clip 1.1896 | clip_weight 0.5000 | lr 1.00e-03 | best 23.2390
2026-04-02 19:14:26,246 | INFO | SFTrainer | Epoch 1980 | total 23.3587 | rec_rna 3.2570 | rec_atac 6.5161 | clip 1.1158 | clip_weight 0.5000 | lr 1.00e-03 | best 23.2390
2026-04-02 19:14:27,293 | INFO | SFTrainer | Epoch 1990 | total 23.3277 | rec_rna 3.2434 | rec_atac 6.5330 | clip 1.1550 | clip_weight 0.5000 | lr 1.00e-03 | best 23.2248
2026-04-02 19:14:28,536 | INFO | SFTrainer | Epoch 2000 | total 23.2915 | rec_rna 3.2476 | rec_atac 6.4946 | clip 1.1183 | clip_weight 0.5000 | lr 1.00e-04 | best 23.1391
2026-04-02 19:14:29,586 | INFO | SFTrainer | Epoch 2010 | total 23.2168 | rec_rna 3.2371 | rec_atac 6.4821 | clip 1.0992 | clip_weight 0.4995 | lr 1.00e-04 | best 23.1021
2026-04-02 19:14:30,776 | INFO | SFTrainer | Epoch 2020 | total 23.0529 | rec_rna 3.2121 | rec_atac 6.4433 | clip 1.1021 | clip_weight 0.4980 | lr 1.00e-04 | best 23.0510
2026-04-02 19:14:31,972 | INFO | SFTrainer | Epoch 2030 | total 22.9696 | rec_rna 3.2031 | rec_atac 6.4149 | clip 1.0884 | clip_weight 0.4956 | lr 1.00e-04 | best 22.8917
2026-04-02 19:14:33,160 | INFO | SFTrainer | Epoch 2040 | total 22.7807 | rec_rna 3.1772 | rec_atac 6.3798 | clip 1.0464 | clip_weight 0.4921 | lr 1.00e-04 | best 22.7807
2026-04-02 19:14:34,148 | INFO | SFTrainer | Epoch 2050 | total 22.8730 | rec_rna 3.1927 | rec_atac 6.3928 | clip 1.0591 | clip_weight 0.4878 | lr 1.00e-04 | best 22.7807
2026-04-02 19:14:35,153 | INFO | SFTrainer | Epoch 2060 | total 22.8045 | rec_rna 3.1775 | rec_atac 6.3910 | clip 1.0907 | clip_weight 0.4824 | lr 1.00e-04 | best 22.7807
2026-04-02 19:14:36,198 | INFO | SFTrainer | Epoch 2070 | total 22.8189 | rec_rna 3.1816 | rec_atac 6.4053 | clip 1.0616 | clip_weight 0.4762 | lr 1.00e-04 | best 22.7773
2026-04-02 19:14:37,338 | INFO | SFTrainer | Epoch 2080 | total 22.7690 | rec_rna 3.1770 | rec_atac 6.3827 | clip 1.0687 | clip_weight 0.4691 | lr 1.00e-04 | best 22.7491
2026-04-02 19:14:38,474 | INFO | SFTrainer | Epoch 2090 | total 22.7999 | rec_rna 3.1817 | rec_atac 6.4018 | clip 1.0622 | clip_weight 0.4611 | lr 1.00e-04 | best 22.7188
2026-04-02 19:14:39,545 | INFO | SFTrainer | Epoch 2100 | total 22.7292 | rec_rna 3.1807 | rec_atac 6.3627 | clip 1.0235 | clip_weight 0.4523 | lr 1.00e-04 | best 22.7119
2026-04-02 19:14:40,647 | INFO | SFTrainer | Epoch 2110 | total 22.7539 | rec_rna 3.1806 | rec_atac 6.3840 | clip 1.0552 | clip_weight 0.4426 | lr 1.00e-04 | best 22.6570
2026-04-02 19:14:41,807 | INFO | SFTrainer | Epoch 2120 | total 22.6303 | rec_rna 3.1686 | rec_atac 6.3391 | clip 1.0373 | clip_weight 0.4322 | lr 1.00e-04 | best 22.6260
2026-04-02 19:14:42,851 | INFO | SFTrainer | Epoch 2130 | total 22.6773 | rec_rna 3.1755 | rec_atac 6.3706 | clip 1.0192 | clip_weight 0.4211 | lr 1.00e-04 | best 22.6260
2026-04-02 19:14:43,938 | INFO | SFTrainer | Epoch 2140 | total 22.7751 | rec_rna 3.1997 | rec_atac 6.3470 | clip 1.0488 | clip_weight 0.4094 | lr 1.00e-04 | best 22.6241
2026-04-02 19:14:44,997 | INFO | SFTrainer | Epoch 2150 | total 22.6089 | rec_rna 3.1674 | rec_atac 6.3715 | clip 1.0085 | clip_weight 0.3969 | lr 1.00e-04 | best 22.5990
2026-04-02 19:14:46,054 | INFO | SFTrainer | Epoch 2160 | total 22.6178 | rec_rna 3.1727 | rec_atac 6.3450 | clip 1.0654 | clip_weight 0.3840 | lr 1.00e-04 | best 22.5251
2026-04-02 19:14:47,083 | INFO | SFTrainer | Epoch 2170 | total 22.5761 | rec_rna 3.1648 | rec_atac 6.3681 | clip 1.0368 | clip_weight 0.3704 | lr 1.00e-04 | best 22.5251
2026-04-02 19:14:48,247 | INFO | SFTrainer | Epoch 2180 | total 22.5656 | rec_rna 3.1706 | rec_atac 6.3450 | clip 1.0321 | clip_weight 0.3564 | lr 1.00e-04 | best 22.5218
2026-04-02 19:14:49,344 | INFO | SFTrainer | Epoch 2190 | total 22.6393 | rec_rna 3.1848 | rec_atac 6.3542 | clip 1.0558 | clip_weight 0.3420 | lr 1.00e-04 | best 22.4955
2026-04-02 19:14:50,409 | INFO | SFTrainer | Epoch 2200 | total 22.5899 | rec_rna 3.1758 | rec_atac 6.3571 | clip 1.0809 | clip_weight 0.3273 | lr 1.00e-04 | best 22.4632
2026-04-02 19:14:51,454 | INFO | SFTrainer | Epoch 2210 | total 22.4847 | rec_rna 3.1636 | rec_atac 6.3407 | clip 1.0440 | clip_weight 0.3122 | lr 1.00e-04 | best 22.4632
2026-04-02 19:14:52,439 | INFO | SFTrainer | Epoch 2220 | total 22.5337 | rec_rna 3.1720 | rec_atac 6.3630 | clip 1.0457 | clip_weight 0.2968 | lr 1.00e-04 | best 22.4632
2026-04-02 19:14:53,489 | INFO | SFTrainer | Epoch 2230 | total 22.4591 | rec_rna 3.1651 | rec_atac 6.3382 | clip 1.0498 | clip_weight 0.2813 | lr 1.00e-04 | best 22.4591
2026-04-02 19:14:54,582 | INFO | SFTrainer | Epoch 2240 | total 22.4343 | rec_rna 3.1619 | rec_atac 6.3357 | clip 1.0879 | clip_weight 0.2657 | lr 1.00e-04 | best 22.4343
2026-04-02 19:14:55,661 | INFO | SFTrainer | Epoch 2250 | total 22.4580 | rec_rna 3.1681 | rec_atac 6.3582 | clip 1.0374 | clip_weight 0.2500 | lr 1.00e-04 | best 22.4286
2026-04-02 19:14:56,750 | INFO | SFTrainer | Epoch 2260 | total 22.4346 | rec_rna 3.1625 | rec_atac 6.3648 | clip 1.0995 | clip_weight 0.2343 | lr 1.00e-04 | best 22.4138
2026-04-02 19:14:57,849 | INFO | SFTrainer | Epoch 2270 | total 22.5230 | rec_rna 3.1889 | rec_atac 6.3519 | clip 1.0356 | clip_weight 0.2187 | lr 1.00e-04 | best 22.4097
2026-04-02 19:14:58,979 | INFO | SFTrainer | Epoch 2280 | total 22.3191 | rec_rna 3.1503 | rec_atac 6.3470 | clip 1.0849 | clip_weight 0.2032 | lr 1.00e-04 | best 22.3191
2026-04-02 19:15:00,051 | INFO | SFTrainer | Epoch 2290 | total 22.3883 | rec_rna 3.1684 | rec_atac 6.3458 | clip 1.0671 | clip_weight 0.1878 | lr 1.00e-04 | best 22.3191
2026-04-02 19:15:01,149 | INFO | SFTrainer | Epoch 2300 | total 22.3399 | rec_rna 3.1665 | rec_atac 6.3222 | clip 1.0706 | clip_weight 0.1727 | lr 1.00e-04 | best 22.2703
2026-04-02 19:15:02,149 | INFO | SFTrainer | Epoch 2310 | total 22.3014 | rec_rna 3.1597 | rec_atac 6.3380 | clip 1.0447 | clip_weight 0.1580 | lr 1.00e-04 | best 22.2703
2026-04-02 19:15:03,145 | INFO | SFTrainer | Epoch 2320 | total 22.3017 | rec_rna 3.1653 | rec_atac 6.3211 | clip 1.0719 | clip_weight 0.1436 | lr 1.00e-04 | best 22.2703
2026-04-02 19:15:04,294 | INFO | SFTrainer | Epoch 2330 | total 22.2174 | rec_rna 3.1523 | rec_atac 6.3193 | clip 1.0549 | clip_weight 0.1296 | lr 1.00e-04 | best 22.2174
2026-04-02 19:15:05,371 | INFO | SFTrainer | Epoch 2340 | total 22.2662 | rec_rna 3.1630 | rec_atac 6.3276 | clip 1.0660 | clip_weight 0.1160 | lr 1.00e-04 | best 22.2139
2026-04-02 19:15:06,349 | INFO | SFTrainer | Epoch 2350 | total 22.2268 | rec_rna 3.1589 | rec_atac 6.3179 | clip 1.1082 | clip_weight 0.1031 | lr 1.00e-04 | best 22.2139
2026-04-02 19:15:07,342 | INFO | SFTrainer | Epoch 2360 | total 22.2685 | rec_rna 3.1639 | rec_atac 6.3513 | clip 1.0806 | clip_weight 0.0906 | lr 1.00e-04 | best 22.2139
2026-04-02 19:15:08,536 | INFO | SFTrainer | Epoch 2370 | total 22.2311 | rec_rna 3.1602 | rec_atac 6.3453 | clip 1.0759 | clip_weight 0.0789 | lr 1.00e-04 | best 22.1483
2026-04-02 19:15:09,534 | INFO | SFTrainer | Epoch 2380 | total 22.1875 | rec_rna 3.1558 | rec_atac 6.3372 | clip 1.0546 | clip_weight 0.0678 | lr 1.00e-04 | best 22.1483
2026-04-02 19:15:10,643 | INFO | SFTrainer | Epoch 2390 | total 22.2498 | rec_rna 3.1640 | rec_atac 6.3640 | clip 1.1485 | clip_weight 0.0574 | lr 1.00e-04 | best 22.0454
2026-04-02 19:15:11,649 | INFO | SFTrainer | Epoch 2400 | total 22.1728 | rec_rna 3.1593 | rec_atac 6.3230 | clip 1.1173 | clip_weight 0.0477 | lr 1.00e-04 | best 22.0454
2026-04-02 19:15:12,680 | INFO | SFTrainer | Epoch 2410 | total 22.0055 | rec_rna 3.1278 | rec_atac 6.3238 | clip 1.1016 | clip_weight 0.0389 | lr 1.00e-04 | best 22.0055
2026-04-02 19:15:13,746 | INFO | SFTrainer | Epoch 2420 | total 22.0653 | rec_rna 3.1432 | rec_atac 6.3145 | clip 1.1286 | clip_weight 0.0309 | lr 1.00e-04 | best 22.0055
2026-04-02 19:15:14,745 | INFO | SFTrainer | Epoch 2430 | total 22.1994 | rec_rna 3.1659 | rec_atac 6.3444 | clip 1.0656 | clip_weight 0.0238 | lr 1.00e-04 | best 22.0055
2026-04-02 19:15:15,750 | INFO | SFTrainer | Epoch 2440 | total 22.1679 | rec_rna 3.1623 | rec_atac 6.3365 | clip 1.1405 | clip_weight 0.0176 | lr 1.00e-04 | best 22.0055
2026-04-02 19:15:16,751 | INFO | SFTrainer | Epoch 2450 | total 22.1138 | rec_rna 3.1572 | rec_atac 6.3138 | clip 1.1204 | clip_weight 0.0122 | lr 1.00e-04 | best 22.0055
2026-04-02 19:15:17,844 | INFO | SFTrainer | Epoch 2460 | total 22.1613 | rec_rna 3.1588 | rec_atac 6.3585 | clip 1.1216 | clip_weight 0.0079 | lr 1.00e-04 | best 22.0024
2026-04-02 19:15:18,851 | INFO | SFTrainer | Epoch 2470 | total 22.1349 | rec_rna 3.1576 | rec_atac 6.3418 | clip 1.1486 | clip_weight 0.0044 | lr 1.00e-04 | best 22.0024
2026-04-02 19:15:19,855 | INFO | SFTrainer | Epoch 2480 | total 22.1166 | rec_rna 3.1564 | rec_atac 6.3322 | clip 1.1281 | clip_weight 0.0020 | lr 1.00e-04 | best 22.0024
2026-04-02 19:15:20,853 | INFO | SFTrainer | Epoch 2490 | total 22.0899 | rec_rna 3.1490 | rec_atac 6.3441 | clip 1.1899 | clip_weight 0.0005 | lr 1.00e-04 | best 22.0024
2026-04-02 19:15:21,977 | INFO | SFTrainer | Epoch 2500 | total 21.9614 | rec_rna 3.1375 | rec_atac 6.2737 | clip 0.0000 | clip_weight 0.0000 | lr 1.00e-04 | best 21.9614
2026-04-02 19:15:23,043 | INFO | SFTrainer | Epoch 2510 | total 22.1275 | rec_rna 3.1572 | rec_atac 6.3416 | clip 0.0000 | clip_weight 0.0000 | lr 1.00e-04 | best 21.9614
2026-04-02 19:15:24,037 | INFO | SFTrainer | Epoch 2520 | total 22.0980 | rec_rna 3.1570 | rec_atac 6.3130 | clip 0.0000 | clip_weight 0.0000 | lr 1.00e-04 | best 21.9614
2026-04-02 19:15:25,049 | INFO | SFTrainer | Epoch 2530 | total 22.1062 | rec_rna 3.1528 | rec_atac 6.3420 | clip 0.0000 | clip_weight 0.0000 | lr 1.00e-04 | best 21.9614
2026-04-02 19:15:26,041 | INFO | SFTrainer | Epoch 2540 | total 22.0358 | rec_rna 3.1436 | rec_atac 6.3175 | clip 0.0000 | clip_weight 0.0000 | lr 1.00e-04 | best 21.9614
2026-04-02 19:15:27,038 | INFO | SFTrainer | Epoch 2550 | total 22.0516 | rec_rna 3.1518 | rec_atac 6.2928 | clip 0.0000 | clip_weight 0.0000 | lr 1.00e-04 | best 21.9614
2026-04-02 19:15:28,041 | INFO | SFTrainer | Epoch 2560 | total 22.0511 | rec_rna 3.1468 | rec_atac 6.3173 | clip 0.0000 | clip_weight 0.0000 | lr 1.00e-04 | best 21.9614
2026-04-02 19:15:29,034 | INFO | SFTrainer | Epoch 2570 | total 22.0392 | rec_rna 3.1426 | rec_atac 6.3264 | clip 0.0000 | clip_weight 0.0000 | lr 1.00e-04 | best 21.9614
2026-04-02 19:15:30,064 | INFO | SFTrainer | Epoch 2580 | total 22.0258 | rec_rna 3.1403 | rec_atac 6.3242 | clip 0.0000 | clip_weight 0.0000 | lr 1.00e-04 | best 21.9281
2026-04-02 19:15:31,034 | INFO | SFTrainer | Epoch 2590 | total 22.0308 | rec_rna 3.1422 | rec_atac 6.3197 | clip 0.0000 | clip_weight 0.0000 | lr 1.00e-04 | best 21.9281
2026-04-02 19:15:32,036 | INFO | SFTrainer | Epoch 2600 | total 21.9913 | rec_rna 3.1388 | rec_atac 6.2972 | clip 0.0000 | clip_weight 0.0000 | lr 1.00e-04 | best 21.9281
2026-04-02 19:15:33,038 | INFO | SFTrainer | Epoch 2610 | total 22.0442 | rec_rna 3.1517 | rec_atac 6.2858 | clip 0.0000 | clip_weight 0.0000 | lr 1.00e-04 | best 21.9281
2026-04-02 19:15:34,036 | INFO | SFTrainer | Epoch 2620 | total 22.0120 | rec_rna 3.1452 | rec_atac 6.2860 | clip 0.0000 | clip_weight 0.0000 | lr 1.00e-04 | best 21.9281
2026-04-02 19:15:35,044 | INFO | SFTrainer | Epoch 2630 | total 22.0076 | rec_rna 3.1398 | rec_atac 6.3084 | clip 0.0000 | clip_weight 0.0000 | lr 1.00e-04 | best 21.9281
2026-04-02 19:15:36,038 | INFO | SFTrainer | Epoch 2640 | total 22.0107 | rec_rna 3.1394 | rec_atac 6.3138 | clip 0.0000 | clip_weight 0.0000 | lr 1.00e-04 | best 21.9281
2026-04-02 19:15:37,058 | INFO | SFTrainer | Epoch 2650 | total 22.0745 | rec_rna 3.1485 | rec_atac 6.3320 | clip 0.0000 | clip_weight 0.0000 | lr 1.00e-04 | best 21.8990
2026-04-02 19:15:38,037 | INFO | SFTrainer | Epoch 2660 | total 21.9791 | rec_rna 3.1389 | rec_atac 6.2844 | clip 0.0000 | clip_weight 0.0000 | lr 1.00e-04 | best 21.8990
2026-04-02 19:15:39,038 | INFO | SFTrainer | Epoch 2670 | total 22.0688 | rec_rna 3.1469 | rec_atac 6.3344 | clip 0.0000 | clip_weight 0.0000 | lr 1.00e-04 | best 21.8990
2026-04-02 19:15:40,039 | INFO | SFTrainer | Epoch 2680 | total 22.0280 | rec_rna 3.1443 | rec_atac 6.3068 | clip 0.0000 | clip_weight 0.0000 | lr 1.00e-04 | best 21.8990
2026-04-02 19:15:41,041 | INFO | SFTrainer | Epoch 2690 | total 21.9701 | rec_rna 3.1347 | rec_atac 6.2967 | clip 0.0000 | clip_weight 0.0000 | lr 1.00e-04 | best 21.8990
2026-04-02 19:15:42,045 | INFO | SFTrainer | Epoch 2700 | total 21.9622 | rec_rna 3.1300 | rec_atac 6.3121 | clip 0.0000 | clip_weight 0.0000 | lr 1.00e-04 | best 21.8673
2026-04-02 19:15:43,041 | INFO | SFTrainer | Epoch 2710 | total 21.9672 | rec_rna 3.1356 | rec_atac 6.2895 | clip 0.0000 | clip_weight 0.0000 | lr 1.00e-04 | best 21.8673
2026-04-02 19:15:44,038 | INFO | SFTrainer | Epoch 2720 | total 22.0050 | rec_rna 3.1428 | rec_atac 6.2910 | clip 0.0000 | clip_weight 0.0000 | lr 1.00e-04 | best 21.8673
2026-04-02 19:15:45,044 | INFO | SFTrainer | Epoch 2730 | total 22.0696 | rec_rna 3.1518 | rec_atac 6.3108 | clip 0.0000 | clip_weight 0.0000 | lr 1.00e-04 | best 21.8673
2026-04-02 19:15:46,035 | INFO | SFTrainer | Epoch 2740 | total 21.9711 | rec_rna 3.1358 | rec_atac 6.2921 | clip 0.0000 | clip_weight 0.0000 | lr 1.00e-04 | best 21.8673
2026-04-02 19:15:47,025 | INFO | SFTrainer | Epoch 2750 | total 22.0194 | rec_rna 3.1479 | rec_atac 6.2800 | clip 0.0000 | clip_weight 0.0000 | lr 1.00e-04 | best 21.8673
2026-04-02 19:15:48,036 | INFO | SFTrainer | Epoch 2760 | total 21.9394 | rec_rna 3.1300 | rec_atac 6.2893 | clip 0.0000 | clip_weight 0.0000 | lr 1.00e-04 | best 21.8673
2026-04-02 19:15:49,038 | INFO | SFTrainer | Epoch 2770 | total 21.9904 | rec_rna 3.1406 | rec_atac 6.2874 | clip 0.0000 | clip_weight 0.0000 | lr 1.00e-04 | best 21.8673
2026-04-02 19:15:50,040 | INFO | SFTrainer | Epoch 2780 | total 21.9350 | rec_rna 3.1300 | rec_atac 6.2850 | clip 0.0000 | clip_weight 0.0000 | lr 1.00e-04 | best 21.8673
2026-04-02 19:15:51,042 | INFO | SFTrainer | Epoch 2790 | total 21.9410 | rec_rna 3.1323 | rec_atac 6.2797 | clip 0.0000 | clip_weight 0.0000 | lr 1.00e-04 | best 21.8673
2026-04-02 19:15:52,035 | INFO | SFTrainer | Epoch 2800 | total 21.9858 | rec_rna 3.1355 | rec_atac 6.3084 | clip 0.0000 | clip_weight 0.0000 | lr 1.00e-04 | best 21.8673
2026-04-02 19:15:53,043 | INFO | SFTrainer | Epoch 2810 | total 22.0511 | rec_rna 3.1480 | rec_atac 6.3109 | clip 0.0000 | clip_weight 0.0000 | lr 1.00e-04 | best 21.8673
2026-04-02 19:15:54,041 | INFO | SFTrainer | Epoch 2820 | total 21.9406 | rec_rna 3.1323 | rec_atac 6.2791 | clip 0.0000 | clip_weight 0.0000 | lr 1.00e-04 | best 21.8673
2026-04-02 19:15:55,087 | INFO | SFTrainer | Epoch 2830 | total 21.9191 | rec_rna 3.1352 | rec_atac 6.2429 | clip 0.0000 | clip_weight 0.0000 | lr 1.00e-04 | best 21.8587
2026-04-02 19:15:56,137 | INFO | SFTrainer | Epoch 2840 | total 21.9168 | rec_rna 3.1297 | rec_atac 6.2681 | clip 0.0000 | clip_weight 0.0000 | lr 1.00e-04 | best 21.8587
2026-04-02 19:15:57,139 | INFO | SFTrainer | Epoch 2850 | total 22.0210 | rec_rna 3.1429 | rec_atac 6.3066 | clip 0.0000 | clip_weight 0.0000 | lr 1.00e-04 | best 21.8587
2026-04-02 19:15:58,138 | INFO | SFTrainer | Epoch 2860 | total 21.9131 | rec_rna 3.1263 | rec_atac 6.2817 | clip 0.0000 | clip_weight 0.0000 | lr 1.00e-04 | best 21.8334
2026-04-02 19:15:59,136 | INFO | SFTrainer | Epoch 2870 | total 21.9865 | rec_rna 3.1403 | rec_atac 6.2849 | clip 0.0000 | clip_weight 0.0000 | lr 1.00e-04 | best 21.8334
2026-04-02 19:16:00,145 | INFO | SFTrainer | Epoch 2880 | total 21.9425 | rec_rna 3.1331 | rec_atac 6.2770 | clip 0.0000 | clip_weight 0.0000 | lr 1.00e-04 | best 21.8334
2026-04-02 19:16:01,141 | INFO | SFTrainer | Epoch 2890 | total 21.9820 | rec_rna 3.1408 | rec_atac 6.2782 | clip 0.0000 | clip_weight 0.0000 | lr 1.00e-04 | best 21.8334
2026-04-02 19:16:02,140 | INFO | SFTrainer | Epoch 2900 | total 21.8983 | rec_rna 3.1243 | rec_atac 6.2770 | clip 0.0000 | clip_weight 0.0000 | lr 1.00e-04 | best 21.8334
2026-04-02 19:16:03,103 | INFO | SFTrainer | Epoch 2910 | total 21.8843 | rec_rna 3.1227 | rec_atac 6.2710 | clip 0.0000 | clip_weight 0.0000 | lr 1.00e-04 | best 21.8334
2026-04-02 19:16:04,139 | INFO | SFTrainer | Epoch 2920 | total 21.9312 | rec_rna 3.1238 | rec_atac 6.3124 | clip 0.0000 | clip_weight 0.0000 | lr 1.00e-04 | best 21.8334
2026-04-02 19:16:05,137 | INFO | SFTrainer | Epoch 2930 | total 21.9384 | rec_rna 3.1296 | rec_atac 6.2904 | clip 0.0000 | clip_weight 0.0000 | lr 1.00e-04 | best 21.8334
2026-04-02 19:16:06,142 | INFO | SFTrainer | Epoch 2940 | total 21.9335 | rec_rna 3.1342 | rec_atac 6.2626 | clip 0.0000 | clip_weight 0.0000 | lr 1.00e-04 | best 21.8334
2026-04-02 19:16:07,148 | INFO | SFTrainer | Epoch 2950 | total 21.9436 | rec_rna 3.1374 | rec_atac 6.2563 | clip 0.0000 | clip_weight 0.0000 | lr 1.00e-04 | best 21.8334
2026-04-02 19:16:08,139 | INFO | SFTrainer | Epoch 2960 | total 21.8398 | rec_rna 3.1167 | rec_atac 6.2561 | clip 0.0000 | clip_weight 0.0000 | lr 1.00e-04 | best 21.8334
2026-04-02 19:16:09,140 | INFO | SFTrainer | Epoch 2970 | total 21.8434 | rec_rna 3.1187 | rec_atac 6.2499 | clip 0.0000 | clip_weight 0.0000 | lr 1.00e-04 | best 21.8334
2026-04-02 19:16:10,137 | INFO | SFTrainer | Epoch 2980 | total 21.8715 | rec_rna 3.1167 | rec_atac 6.2880 | clip 0.0000 | clip_weight 0.0000 | lr 1.00e-04 | best 21.8334
2026-04-02 19:16:11,142 | INFO | SFTrainer | Epoch 2990 | total 21.9271 | rec_rna 3.1312 | rec_atac 6.2712 | clip 0.0000 | clip_weight 0.0000 | lr 1.00e-04 | best 21.8334
2026-04-02 19:16:12,137 | INFO | SFTrainer | Epoch 3000 | total 21.9100 | rec_rna 3.1304 | rec_atac 6.2579 | clip 0.0000 | clip_weight 0.0000 | lr 1.00e-04 | best 21.8334
2026-04-02 19:16:12,159 | INFO | SFTrainer | Training finished. Best loss=21.8334
2026-04-02 19:16:12,160 | INFO | SFTrainer | Training run complete.

========================================================================================
2026-04-02 19:16:27,833 | INFO | SFEvaluate | [Phase 3] Evaluation started.
2026-04-02 19:16:27,833 | INFO | SFEvaluate | Loading processed data...
2026-04-02 19:16:28,210 | INFO | SFEvaluate | Initializing model...
2026-04-02 19:16:28,348 | INFO | SFEvaluate | Loading checkpoint: ckpt_best.pth
2026-04-02 19:16:28,414 | INFO | SFEvaluate | Inference running...
2026-04-02 19:16:29,557 | INFO | SFEvaluate | Latent shape: torch.Size([2129, 128])
2026-04-02 19:16:59,693 | INFO | SFEvaluate | Artifacts: ./results/tuning/e6/figures/spatial_analysis.pdf | ./results/tuning/e6/predictions/embedding_joint.h5ad
2026-04-02 19:16:59,693 | INFO | SFEvaluate | Eval metrics | checkpoint=ckpt_best.pth | epoch=BEST (Epoch 3000) | latent_moran=0.4113 | cluster_moran=0.6802
2026-04-02 19:16:59,693 | INFO | SFEvaluate | GT metrics | checkpoint=ckpt_best.pth | epoch=BEST (Epoch 3000) | ARI=0.4837 | NMI=0.6013 | AMI=0.5941 | HOM=0.6488 | n_valid=2129
2026-04-02 19:16:59,694 | INFO | SFEvaluate | Evaluation complete.

========================================================================================
2026-04-02 19:17:15,765 | INFO | SFEvaluateRange | [Range Evaluate] Started. epochs=[1500, 1600, 1700, 1800, 1900, 2000, 2100, 2200, 2300, 2400, 2500, 2600, 2700, 2800, 2900, 3000]
2026-04-02 19:17:15,766 | INFO | SFEvaluateRange | Loading processed data...
2026-04-02 19:17:16,061 | INFO | SFEvaluateRange | Initializing model...
2026-04-02 19:17:16,205 | INFO | SFEvaluateRange | Evaluating epoch 1500 with ckpt_1500.pth
2026-04-02 19:17:48,123 | INFO | SFEvaluateRange | Eval metrics (epoch_1500) | checkpoint=ckpt_1500.pth | epoch=Epoch 1500 | latent_moran=0.3975 | cluster_moran=0.6459
2026-04-02 19:17:48,123 | INFO | SFEvaluateRange | GT metrics (epoch_1500) | checkpoint=ckpt_1500.pth | epoch=Epoch 1500 | ARI=0.3952 | NMI=0.6004 | AMI=0.5932 | HOM=0.6524 | n_valid=2129
2026-04-02 19:17:48,123 | INFO | SFEvaluateRange | Artifacts (epoch_1500): ./results/tuning/e6/figures/spatial_analysis_epoch_1500.pdf | ./results/tuning/e6/predictions/embedding_joint_epoch_1500.h5ad
2026-04-02 19:17:48,124 | INFO | SFEvaluateRange | Evaluating epoch 1600 with ckpt_1600.pth
2026-04-02 19:18:04,370 | INFO | SFEvaluateRange | Eval metrics (epoch_1600) | checkpoint=ckpt_1600.pth | epoch=Epoch 1600 | latent_moran=0.4010 | cluster_moran=0.6607
2026-04-02 19:18:04,371 | INFO | SFEvaluateRange | GT metrics (epoch_1600) | checkpoint=ckpt_1600.pth | epoch=Epoch 1600 | ARI=0.4840 | NMI=0.6032 | AMI=0.5959 | HOM=0.6449 | n_valid=2129
2026-04-02 19:18:04,371 | INFO | SFEvaluateRange | Artifacts (epoch_1600): ./results/tuning/e6/figures/spatial_analysis_epoch_1600.pdf | ./results/tuning/e6/predictions/embedding_joint_epoch_1600.h5ad
2026-04-02 19:18:04,371 | INFO | SFEvaluateRange | Evaluating epoch 1700 with ckpt_1700.pth
2026-04-02 19:18:21,885 | INFO | SFEvaluateRange | Eval metrics (epoch_1700) | checkpoint=ckpt_1700.pth | epoch=Epoch 1700 | latent_moran=0.4010 | cluster_moran=0.6663
2026-04-02 19:18:21,885 | INFO | SFEvaluateRange | GT metrics (epoch_1700) | checkpoint=ckpt_1700.pth | epoch=Epoch 1700 | ARI=0.4177 | NMI=0.5901 | AMI=0.5827 | HOM=0.6378 | n_valid=2129
2026-04-02 19:18:21,886 | INFO | SFEvaluateRange | Artifacts (epoch_1700): ./results/tuning/e6/figures/spatial_analysis_epoch_1700.pdf | ./results/tuning/e6/predictions/embedding_joint_epoch_1700.h5ad
2026-04-02 19:18:21,886 | INFO | SFEvaluateRange | Evaluating epoch 1800 with ckpt_1800.pth
2026-04-02 19:18:39,682 | INFO | SFEvaluateRange | Eval metrics (epoch_1800) | checkpoint=ckpt_1800.pth | epoch=Epoch 1800 | latent_moran=0.4021 | cluster_moran=0.6506
2026-04-02 19:18:39,682 | INFO | SFEvaluateRange | GT metrics (epoch_1800) | checkpoint=ckpt_1800.pth | epoch=Epoch 1800 | ARI=0.3632 | NMI=0.5844 | AMI=0.5769 | HOM=0.6387 | n_valid=2129
2026-04-02 19:18:39,683 | INFO | SFEvaluateRange | Artifacts (epoch_1800): ./results/tuning/e6/figures/spatial_analysis_epoch_1800.pdf | ./results/tuning/e6/predictions/embedding_joint_epoch_1800.h5ad
2026-04-02 19:18:39,683 | INFO | SFEvaluateRange | Evaluating epoch 1900 with ckpt_1900.pth
2026-04-02 19:18:57,565 | INFO | SFEvaluateRange | Eval metrics (epoch_1900) | checkpoint=ckpt_1900.pth | epoch=Epoch 1900 | latent_moran=0.4023 | cluster_moran=0.6713
2026-04-02 19:18:57,566 | INFO | SFEvaluateRange | GT metrics (epoch_1900) | checkpoint=ckpt_1900.pth | epoch=Epoch 1900 | ARI=0.4739 | NMI=0.5980 | AMI=0.5907 | HOM=0.6420 | n_valid=2129
2026-04-02 19:18:57,566 | INFO | SFEvaluateRange | Artifacts (epoch_1900): ./results/tuning/e6/figures/spatial_analysis_epoch_1900.pdf | ./results/tuning/e6/predictions/embedding_joint_epoch_1900.h5ad
2026-04-02 19:18:57,566 | INFO | SFEvaluateRange | Evaluating epoch 2000 with ckpt_best.pth
2026-04-02 19:19:14,554 | INFO | SFEvaluateRange | Eval metrics (epoch_2000_best) | checkpoint=ckpt_best.pth | epoch=Epoch 2000 (BEST) | latent_moran=0.4113 | cluster_moran=0.6802
2026-04-02 19:19:14,554 | INFO | SFEvaluateRange | GT metrics (epoch_2000_best) | checkpoint=ckpt_best.pth | epoch=Epoch 2000 (BEST) | ARI=0.4837 | NMI=0.6013 | AMI=0.5941 | HOM=0.6488 | n_valid=2129
2026-04-02 19:19:14,555 | INFO | SFEvaluateRange | Artifacts (epoch_2000_best): ./results/tuning/e6/figures/spatial_analysis_epoch_2000_best.pdf | ./results/tuning/e6/predictions/embedding_joint_epoch_2000_best.h5ad
2026-04-02 19:19:14,555 | INFO | SFEvaluateRange | Evaluating epoch 2100 with ckpt_2100.pth
2026-04-02 19:19:32,190 | INFO | SFEvaluateRange | Eval metrics (epoch_2100) | checkpoint=ckpt_2100.pth | epoch=Epoch 2100 | latent_moran=0.4055 | cluster_moran=0.6673
2026-04-02 19:19:32,190 | INFO | SFEvaluateRange | GT metrics (epoch_2100) | checkpoint=ckpt_2100.pth | epoch=Epoch 2100 | ARI=0.4800 | NMI=0.6050 | AMI=0.5978 | HOM=0.6446 | n_valid=2129
2026-04-02 19:19:32,191 | INFO | SFEvaluateRange | Artifacts (epoch_2100): ./results/tuning/e6/figures/spatial_analysis_epoch_2100.pdf | ./results/tuning/e6/predictions/embedding_joint_epoch_2100.h5ad
2026-04-02 19:19:32,191 | INFO | SFEvaluateRange | Evaluating epoch 2200 with ckpt_2200.pth
2026-04-02 19:19:49,526 | INFO | SFEvaluateRange | Eval metrics (epoch_2200) | checkpoint=ckpt_2200.pth | epoch=Epoch 2200 | latent_moran=0.4068 | cluster_moran=0.6529
2026-04-02 19:19:49,526 | INFO | SFEvaluateRange | GT metrics (epoch_2200) | checkpoint=ckpt_2200.pth | epoch=Epoch 2200 | ARI=0.3830 | NMI=0.5907 | AMI=0.5833 | HOM=0.6435 | n_valid=2129
2026-04-02 19:19:49,527 | INFO | SFEvaluateRange | Artifacts (epoch_2200): ./results/tuning/e6/figures/spatial_analysis_epoch_2200.pdf | ./results/tuning/e6/predictions/embedding_joint_epoch_2200.h5ad
2026-04-02 19:19:49,527 | INFO | SFEvaluateRange | Evaluating epoch 2300 with ckpt_2300.pth
2026-04-02 19:20:07,789 | INFO | SFEvaluateRange | Eval metrics (epoch_2300) | checkpoint=ckpt_2300.pth | epoch=Epoch 2300 | latent_moran=0.4081 | cluster_moran=0.6905
2026-04-02 19:20:07,789 | INFO | SFEvaluateRange | GT metrics (epoch_2300) | checkpoint=ckpt_2300.pth | epoch=Epoch 2300 | ARI=0.4815 | NMI=0.6085 | AMI=0.6014 | HOM=0.6529 | n_valid=2129
2026-04-02 19:20:07,790 | INFO | SFEvaluateRange | Artifacts (epoch_2300): ./results/tuning/e6/figures/spatial_analysis_epoch_2300.pdf | ./results/tuning/e6/predictions/embedding_joint_epoch_2300.h5ad
2026-04-02 19:20:07,790 | INFO | SFEvaluateRange | Evaluating epoch 2400 with ckpt_2400.pth
2026-04-02 19:20:25,270 | INFO | SFEvaluateRange | Eval metrics (epoch_2400) | checkpoint=ckpt_2400.pth | epoch=Epoch 2400 | latent_moran=0.4086 | cluster_moran=0.6772
2026-04-02 19:20:25,271 | INFO | SFEvaluateRange | GT metrics (epoch_2400) | checkpoint=ckpt_2400.pth | epoch=Epoch 2400 | ARI=0.4852 | NMI=0.6016 | AMI=0.5944 | HOM=0.6448 | n_valid=2129
2026-04-02 19:20:25,271 | INFO | SFEvaluateRange | Artifacts (epoch_2400): ./results/tuning/e6/figures/spatial_analysis_epoch_2400.pdf | ./results/tuning/e6/predictions/embedding_joint_epoch_2400.h5ad
2026-04-02 19:20:25,271 | INFO | SFEvaluateRange | Evaluating epoch 2500 with ckpt_2500.pth
2026-04-02 19:20:43,194 | INFO | SFEvaluateRange | Eval metrics (epoch_2500) | checkpoint=ckpt_2500.pth | epoch=Epoch 2500 | latent_moran=0.4097 | cluster_moran=0.6703
2026-04-02 19:20:43,195 | INFO | SFEvaluateRange | GT metrics (epoch_2500) | checkpoint=ckpt_2500.pth | epoch=Epoch 2500 | ARI=0.4652 | NMI=0.5971 | AMI=0.5898 | HOM=0.6400 | n_valid=2129
2026-04-02 19:20:43,195 | INFO | SFEvaluateRange | Artifacts (epoch_2500): ./results/tuning/e6/figures/spatial_analysis_epoch_2500.pdf | ./results/tuning/e6/predictions/embedding_joint_epoch_2500.h5ad
2026-04-02 19:20:43,196 | INFO | SFEvaluateRange | Evaluating epoch 2600 with ckpt_2600.pth
2026-04-02 19:21:00,399 | INFO | SFEvaluateRange | Eval metrics (epoch_2600) | checkpoint=ckpt_2600.pth | epoch=Epoch 2600 | latent_moran=0.4103 | cluster_moran=0.6635
2026-04-02 19:21:00,400 | INFO | SFEvaluateRange | GT metrics (epoch_2600) | checkpoint=ckpt_2600.pth | epoch=Epoch 2600 | ARI=0.3859 | NMI=0.5945 | AMI=0.5872 | HOM=0.6421 | n_valid=2129
2026-04-02 19:21:00,400 | INFO | SFEvaluateRange | Artifacts (epoch_2600): ./results/tuning/e6/figures/spatial_analysis_epoch_2600.pdf | ./results/tuning/e6/predictions/embedding_joint_epoch_2600.h5ad
2026-04-02 19:21:00,401 | INFO | SFEvaluateRange | Evaluating epoch 2700 with ckpt_2700.pth
2026-04-02 19:21:16,987 | INFO | SFEvaluateRange | Eval metrics (epoch_2700) | checkpoint=ckpt_2700.pth | epoch=Epoch 2700 | latent_moran=0.4111 | cluster_moran=0.6708
2026-04-02 19:21:16,988 | INFO | SFEvaluateRange | GT metrics (epoch_2700) | checkpoint=ckpt_2700.pth | epoch=Epoch 2700 | ARI=0.4635 | NMI=0.5972 | AMI=0.5899 | HOM=0.6401 | n_valid=2129
2026-04-02 19:21:16,988 | INFO | SFEvaluateRange | Artifacts (epoch_2700): ./results/tuning/e6/figures/spatial_analysis_epoch_2700.pdf | ./results/tuning/e6/predictions/embedding_joint_epoch_2700.h5ad
2026-04-02 19:21:16,989 | INFO | SFEvaluateRange | Evaluating epoch 2800 with ckpt_2800.pth
2026-04-02 19:21:33,638 | INFO | SFEvaluateRange | Eval metrics (epoch_2800) | checkpoint=ckpt_2800.pth | epoch=Epoch 2800 | latent_moran=0.4111 | cluster_moran=0.6879
2026-04-02 19:21:33,638 | INFO | SFEvaluateRange | GT metrics (epoch_2800) | checkpoint=ckpt_2800.pth | epoch=Epoch 2800 | ARI=0.3753 | NMI=0.5842 | AMI=0.5767 | HOM=0.6360 | n_valid=2129
2026-04-02 19:21:33,639 | INFO | SFEvaluateRange | Artifacts (epoch_2800): ./results/tuning/e6/figures/spatial_analysis_epoch_2800.pdf | ./results/tuning/e6/predictions/embedding_joint_epoch_2800.h5ad
2026-04-02 19:21:33,639 | INFO | SFEvaluateRange | Evaluating epoch 2900 with ckpt_2900.pth
2026-04-02 19:21:51,122 | INFO | SFEvaluateRange | Eval metrics (epoch_2900) | checkpoint=ckpt_2900.pth | epoch=Epoch 2900 | latent_moran=0.4125 | cluster_moran=0.6690
2026-04-02 19:21:51,122 | INFO | SFEvaluateRange | GT metrics (epoch_2900) | checkpoint=ckpt_2900.pth | epoch=Epoch 2900 | ARI=0.3632 | NMI=0.5883 | AMI=0.5809 | HOM=0.6388 | n_valid=2129
2026-04-02 19:21:51,123 | INFO | SFEvaluateRange | Artifacts (epoch_2900): ./results/tuning/e6/figures/spatial_analysis_epoch_2900.pdf | ./results/tuning/e6/predictions/embedding_joint_epoch_2900.h5ad
2026-04-02 19:21:51,123 | INFO | SFEvaluateRange | Evaluating epoch 3000 with ckpt_3000.pth
2026-04-02 19:22:08,189 | INFO | SFEvaluateRange | Eval metrics (epoch_3000) | checkpoint=ckpt_3000.pth | epoch=Epoch 3000 | latent_moran=0.4131 | cluster_moran=0.6757
2026-04-02 19:22:08,190 | INFO | SFEvaluateRange | GT metrics (epoch_3000) | checkpoint=ckpt_3000.pth | epoch=Epoch 3000 | ARI=0.4329 | NMI=0.5921 | AMI=0.5847 | HOM=0.6385 | n_valid=2129
2026-04-02 19:22:08,190 | INFO | SFEvaluateRange | Artifacts (epoch_3000): ./results/tuning/e6/figures/spatial_analysis_epoch_3000.pdf | ./results/tuning/e6/predictions/embedding_joint_epoch_3000.h5ad
2026-04-02 19:22:08,190 | INFO | SFEvaluateRange | Range evaluation complete. Success=16 | Failed/Skipped=0

========================================================================================
