2026-04-03 09:43:01,162 | INFO | SFPreprocess | [Phase 1] Starting Data Preprocessing...
2026-04-03 09:43:01,162 | INFO | SFPreprocess | Loading raw data...
2026-04-03 09:43:01,162 | INFO | SFPreprocess | Data loader: paired h5ad
2026-04-03 09:43:41,465 | INFO | SFPreprocess | Aligned final cells: RNA=2129, ATAC=2129
2026-04-03 09:44:03,218 | INFO | SFPreprocess | Reduced shapes: RNA=(2129, 512), ATAC=(2129, 512)
2026-04-03 09:44:06,060 | INFO | SFPreprocess | Saving processed tensors...
2026-04-03 09:44:06,093 | INFO | SFPreprocess | Preprocessing complete: data/processed/tuning/e12/processed_data.pt

========================================================================================
2026-04-03 09:44:12,294 | INFO | SFTrainer | [Phase 2] Starting Model Training...
2026-04-03 09:44:12,294 | INFO | SFTrainer | Loading processed data...
2026-04-03 09:44:12,323 | INFO | SFTrainer | Data ready: RNA=torch.Size([2129, 512]), ATAC=torch.Size([2129, 512]), edges=19161
2026-04-03 09:44:12,323 | INFO | SFTrainer | Initializing model...
2026-04-03 09:44:12,671 | INFO | SFTrainer | Training started.
2026-04-03 09:44:12,671 | INFO | SFTrainer | Training started: epochs=3000
2026-04-03 09:44:14,669 | INFO | SFTrainer | Epoch 010 | total 71.3161 | rec_rna 8.6758 | rec_atac 24.1105 | clip 7.6530 | clip_weight 0.5000 | lr 1.00e-03 | best 71.3161
2026-04-03 09:44:15,865 | INFO | SFTrainer | Epoch 020 | total 67.2711 | rec_rna 8.4519 | rec_atac 21.2065 | clip 7.6104 | clip_weight 0.5000 | lr 1.00e-03 | best 67.2711
2026-04-03 09:44:17,060 | INFO | SFTrainer | Epoch 030 | total 65.9116 | rec_rna 8.3975 | rec_atac 20.1829 | clip 7.4827 | clip_weight 0.5000 | lr 1.00e-03 | best 65.9116
2026-04-03 09:44:18,270 | INFO | SFTrainer | Epoch 040 | total 65.3237 | rec_rna 8.3576 | rec_atac 19.9005 | clip 7.2707 | clip_weight 0.5000 | lr 1.00e-03 | best 65.3237
2026-04-03 09:44:19,546 | INFO | SFTrainer | Epoch 050 | total 64.1398 | rec_rna 8.3140 | rec_atac 19.0287 | clip 7.0825 | clip_weight 0.5000 | lr 1.00e-03 | best 64.1398
2026-04-03 09:44:20,836 | INFO | SFTrainer | Epoch 060 | total 62.7086 | rec_rna 8.2304 | rec_atac 18.1034 | clip 6.9060 | clip_weight 0.5000 | lr 1.00e-03 | best 62.7086
2026-04-03 09:44:22,077 | INFO | SFTrainer | Epoch 070 | total 61.1197 | rec_rna 8.0362 | rec_atac 17.5435 | clip 6.7902 | clip_weight 0.5000 | lr 1.00e-03 | best 61.1197
2026-04-03 09:44:23,337 | INFO | SFTrainer | Epoch 080 | total 59.8055 | rec_rna 7.8862 | rec_atac 17.0330 | clip 6.6827 | clip_weight 0.5000 | lr 1.00e-03 | best 59.8055
2026-04-03 09:44:24,571 | INFO | SFTrainer | Epoch 090 | total 58.6965 | rec_rna 7.7550 | rec_atac 16.6219 | clip 6.5996 | clip_weight 0.5000 | lr 1.00e-03 | best 58.6965
2026-04-03 09:44:25,814 | INFO | SFTrainer | Epoch 100 | total 57.7226 | rec_rna 7.6266 | rec_atac 16.3217 | clip 6.5361 | clip_weight 0.5000 | lr 1.00e-03 | best 57.7226
2026-04-03 09:44:27,069 | INFO | SFTrainer | Epoch 110 | total 56.8204 | rec_rna 7.5009 | rec_atac 16.0728 | clip 6.4860 | clip_weight 0.5000 | lr 1.00e-03 | best 56.8204
2026-04-03 09:44:28,254 | INFO | SFTrainer | Epoch 120 | total 55.8923 | rec_rna 7.3468 | rec_atac 15.9299 | clip 6.4565 | clip_weight 0.5000 | lr 1.00e-03 | best 55.8923
2026-04-03 09:44:29,508 | INFO | SFTrainer | Epoch 130 | total 54.9009 | rec_rna 7.1993 | rec_atac 15.7009 | clip 6.4071 | clip_weight 0.5000 | lr 1.00e-03 | best 54.9009
2026-04-03 09:44:30,736 | INFO | SFTrainer | Epoch 140 | total 53.9658 | rec_rna 7.0480 | rec_atac 15.5363 | clip 6.3793 | clip_weight 0.5000 | lr 1.00e-03 | best 53.9658
2026-04-03 09:44:31,986 | INFO | SFTrainer | Epoch 150 | total 53.1321 | rec_rna 6.9156 | rec_atac 15.3722 | clip 6.3641 | clip_weight 0.5000 | lr 1.00e-03 | best 53.1321
2026-04-03 09:44:33,251 | INFO | SFTrainer | Epoch 160 | total 52.2096 | rec_rna 6.7640 | rec_atac 15.2198 | clip 6.3401 | clip_weight 0.5000 | lr 1.00e-03 | best 52.2096
2026-04-03 09:44:34,485 | INFO | SFTrainer | Epoch 170 | total 51.4279 | rec_rna 6.6455 | rec_atac 15.0479 | clip 6.3055 | clip_weight 0.5000 | lr 1.00e-03 | best 51.4279
2026-04-03 09:44:35,732 | INFO | SFTrainer | Epoch 180 | total 50.6018 | rec_rna 6.5155 | rec_atac 14.8856 | clip 6.2780 | clip_weight 0.5000 | lr 1.00e-03 | best 50.6018
2026-04-03 09:44:36,925 | INFO | SFTrainer | Epoch 190 | total 49.7774 | rec_rna 6.3861 | rec_atac 14.7211 | clip 6.2511 | clip_weight 0.5000 | lr 1.00e-03 | best 49.7774
2026-04-03 09:44:38,115 | INFO | SFTrainer | Epoch 200 | total 49.1026 | rec_rna 6.2867 | rec_atac 14.5495 | clip 6.2387 | clip_weight 0.5000 | lr 1.00e-03 | best 49.1026
2026-04-03 09:44:39,278 | INFO | SFTrainer | Epoch 210 | total 48.2432 | rec_rna 6.1533 | rec_atac 14.3804 | clip 6.1929 | clip_weight 0.5000 | lr 1.00e-03 | best 48.2432
2026-04-03 09:44:40,485 | INFO | SFTrainer | Epoch 220 | total 47.5021 | rec_rna 6.0403 | rec_atac 14.2085 | clip 6.1844 | clip_weight 0.5000 | lr 1.00e-03 | best 47.5021
2026-04-03 09:44:41,618 | INFO | SFTrainer | Epoch 230 | total 46.8128 | rec_rna 5.9382 | rec_atac 14.0466 | clip 6.1501 | clip_weight 0.5000 | lr 1.00e-03 | best 46.8128
2026-04-03 09:44:42,833 | INFO | SFTrainer | Epoch 240 | total 46.2663 | rec_rna 5.8605 | rec_atac 13.8881 | clip 6.1511 | clip_weight 0.5000 | lr 1.00e-03 | best 46.2663
2026-04-03 09:44:43,981 | INFO | SFTrainer | Epoch 250 | total 45.5808 | rec_rna 5.7620 | rec_atac 13.7120 | clip 6.1172 | clip_weight 0.5000 | lr 1.00e-03 | best 45.5808
2026-04-03 09:44:45,240 | INFO | SFTrainer | Epoch 260 | total 44.8717 | rec_rna 5.6580 | rec_atac 13.5310 | clip 6.1019 | clip_weight 0.5000 | lr 1.00e-03 | best 44.8717
2026-04-03 09:44:46,439 | INFO | SFTrainer | Epoch 270 | total 44.1843 | rec_rna 5.5615 | rec_atac 13.3487 | clip 6.0558 | clip_weight 0.5000 | lr 1.00e-03 | best 44.1843
2026-04-03 09:44:47,702 | INFO | SFTrainer | Epoch 280 | total 43.6032 | rec_rna 5.4797 | rec_atac 13.1755 | clip 6.0581 | clip_weight 0.5000 | lr 1.00e-03 | best 43.6032
2026-04-03 09:44:48,878 | INFO | SFTrainer | Epoch 290 | total 43.0578 | rec_rna 5.4090 | rec_atac 13.0031 | clip 6.0191 | clip_weight 0.5000 | lr 1.00e-03 | best 43.0507
2026-04-03 09:44:50,099 | INFO | SFTrainer | Epoch 300 | total 42.3874 | rec_rna 5.3167 | rec_atac 12.8043 | clip 5.9989 | clip_weight 0.5000 | lr 1.00e-03 | best 42.3874
2026-04-03 09:44:51,291 | INFO | SFTrainer | Epoch 310 | total 41.8357 | rec_rna 5.2420 | rec_atac 12.6345 | clip 5.9821 | clip_weight 0.5000 | lr 1.00e-03 | best 41.8357
2026-04-03 09:44:52,479 | INFO | SFTrainer | Epoch 320 | total 41.1719 | rec_rna 5.1548 | rec_atac 12.4264 | clip 5.9428 | clip_weight 0.5000 | lr 1.00e-03 | best 41.1719
2026-04-03 09:44:53,678 | INFO | SFTrainer | Epoch 330 | total 40.6536 | rec_rna 5.0928 | rec_atac 12.2243 | clip 5.9310 | clip_weight 0.5000 | lr 1.00e-03 | best 40.6536
2026-04-03 09:44:54,914 | INFO | SFTrainer | Epoch 340 | total 40.1449 | rec_rna 5.0271 | rec_atac 12.0581 | clip 5.9022 | clip_weight 0.5000 | lr 1.00e-03 | best 40.1449
2026-04-03 09:44:55,974 | INFO | SFTrainer | Epoch 350 | total 39.6031 | rec_rna 4.9576 | rec_atac 11.8805 | clip 5.8689 | clip_weight 0.5000 | lr 1.00e-03 | best 39.6031
2026-04-03 09:44:57,129 | INFO | SFTrainer | Epoch 360 | total 39.1056 | rec_rna 4.9001 | rec_atac 11.6787 | clip 5.8524 | clip_weight 0.5000 | lr 1.00e-03 | best 39.1056
2026-04-03 09:44:58,183 | INFO | SFTrainer | Epoch 370 | total 38.7051 | rec_rna 4.8577 | rec_atac 11.4980 | clip 5.8376 | clip_weight 0.5000 | lr 1.00e-03 | best 38.6971
2026-04-03 09:44:59,280 | INFO | SFTrainer | Epoch 380 | total 38.3154 | rec_rna 4.8088 | rec_atac 11.3640 | clip 5.8152 | clip_weight 0.5000 | lr 1.00e-03 | best 38.2898
2026-04-03 09:45:00,434 | INFO | SFTrainer | Epoch 390 | total 37.7416 | rec_rna 4.7397 | rec_atac 11.1561 | clip 5.7735 | clip_weight 0.5000 | lr 1.00e-03 | best 37.7416
2026-04-03 09:45:01,598 | INFO | SFTrainer | Epoch 400 | total 37.3709 | rec_rna 4.6900 | rec_atac 11.0340 | clip 5.7740 | clip_weight 0.5000 | lr 1.00e-03 | best 37.3709
2026-04-03 09:45:02,738 | INFO | SFTrainer | Epoch 410 | total 36.9223 | rec_rna 4.6446 | rec_atac 10.8335 | clip 5.7314 | clip_weight 0.5000 | lr 1.00e-03 | best 36.9166
2026-04-03 09:45:03,932 | INFO | SFTrainer | Epoch 420 | total 36.5760 | rec_rna 4.6009 | rec_atac 10.7111 | clip 5.7209 | clip_weight 0.5000 | lr 1.00e-03 | best 36.5760
2026-04-03 09:45:05,153 | INFO | SFTrainer | Epoch 430 | total 36.2530 | rec_rna 4.5637 | rec_atac 10.5820 | clip 5.7051 | clip_weight 0.5000 | lr 1.00e-03 | best 36.1401
2026-04-03 09:45:06,176 | INFO | SFTrainer | Epoch 440 | total 35.9011 | rec_rna 4.5230 | rec_atac 10.4581 | clip 5.6557 | clip_weight 0.5000 | lr 1.00e-03 | best 35.8674
2026-04-03 09:45:07,286 | INFO | SFTrainer | Epoch 450 | total 35.5060 | rec_rna 4.4811 | rec_atac 10.2792 | clip 5.6428 | clip_weight 0.5000 | lr 1.00e-03 | best 35.5060
2026-04-03 09:45:08,425 | INFO | SFTrainer | Epoch 460 | total 35.1829 | rec_rna 4.4420 | rec_atac 10.1640 | clip 5.6179 | clip_weight 0.5000 | lr 1.00e-03 | best 35.1829
2026-04-03 09:45:09,467 | INFO | SFTrainer | Epoch 470 | total 34.8215 | rec_rna 4.3975 | rec_atac 10.0265 | clip 5.6146 | clip_weight 0.5000 | lr 1.00e-03 | best 34.8134
2026-04-03 09:45:10,487 | INFO | SFTrainer | Epoch 480 | total 34.6249 | rec_rna 4.3746 | rec_atac 9.9648 | clip 5.5738 | clip_weight 0.5000 | lr 1.00e-03 | best 34.5481
2026-04-03 09:45:11,510 | INFO | SFTrainer | Epoch 490 | total 34.2417 | rec_rna 4.3308 | rec_atac 9.8205 | clip 5.5339 | clip_weight 0.5000 | lr 1.00e-03 | best 34.2417
2026-04-03 09:45:12,612 | INFO | SFTrainer | Epoch 500 | total 33.8958 | rec_rna 4.2922 | rec_atac 9.6809 | clip 5.5084 | clip_weight 0.5000 | lr 1.00e-03 | best 33.8958
2026-04-03 09:45:13,612 | INFO | SFTrainer | Epoch 510 | total 33.6802 | rec_rna 4.2678 | rec_atac 9.5805 | clip 5.5217 | clip_weight 0.5000 | lr 1.00e-03 | best 33.6802
2026-04-03 09:45:14,643 | INFO | SFTrainer | Epoch 520 | total 33.5271 | rec_rna 4.2553 | rec_atac 9.5128 | clip 5.4751 | clip_weight 0.5000 | lr 1.00e-03 | best 33.4519
2026-04-03 09:45:15,726 | INFO | SFTrainer | Epoch 530 | total 33.1173 | rec_rna 4.1992 | rec_atac 9.3957 | clip 5.4511 | clip_weight 0.5000 | lr 1.00e-03 | best 33.1173
2026-04-03 09:45:16,723 | INFO | SFTrainer | Epoch 540 | total 32.9349 | rec_rna 4.1847 | rec_atac 9.3039 | clip 5.4149 | clip_weight 0.5000 | lr 1.00e-03 | best 32.9349
2026-04-03 09:45:17,775 | INFO | SFTrainer | Epoch 550 | total 32.7061 | rec_rna 4.1568 | rec_atac 9.2170 | clip 5.4104 | clip_weight 0.5000 | lr 1.00e-03 | best 32.7061
2026-04-03 09:45:18,902 | INFO | SFTrainer | Epoch 560 | total 32.5243 | rec_rna 4.1387 | rec_atac 9.1407 | clip 5.3799 | clip_weight 0.5000 | lr 1.00e-03 | best 32.5060
2026-04-03 09:45:19,899 | INFO | SFTrainer | Epoch 570 | total 32.3342 | rec_rna 4.1148 | rec_atac 9.0847 | clip 5.3507 | clip_weight 0.5000 | lr 1.00e-03 | best 32.3240
2026-04-03 09:45:20,964 | INFO | SFTrainer | Epoch 580 | total 32.1244 | rec_rna 4.0942 | rec_atac 8.9926 | clip 5.3212 | clip_weight 0.5000 | lr 1.00e-03 | best 32.1224
2026-04-03 09:45:22,010 | INFO | SFTrainer | Epoch 590 | total 31.8952 | rec_rna 4.0598 | rec_atac 8.9378 | clip 5.3168 | clip_weight 0.5000 | lr 1.00e-03 | best 31.8848
2026-04-03 09:45:22,975 | INFO | SFTrainer | Epoch 600 | total 31.7986 | rec_rna 4.0533 | rec_atac 8.8934 | clip 5.2777 | clip_weight 0.5000 | lr 1.00e-03 | best 31.7547
2026-04-03 09:45:24,025 | INFO | SFTrainer | Epoch 610 | total 31.5584 | rec_rna 4.0217 | rec_atac 8.8131 | clip 5.2738 | clip_weight 0.5000 | lr 1.00e-03 | best 31.5584
2026-04-03 09:45:24,976 | INFO | SFTrainer | Epoch 620 | total 31.3987 | rec_rna 4.0120 | rec_atac 8.7227 | clip 5.2323 | clip_weight 0.5000 | lr 1.00e-03 | best 31.3987
2026-04-03 09:45:26,050 | INFO | SFTrainer | Epoch 630 | total 31.2286 | rec_rna 3.9948 | rec_atac 8.6357 | clip 5.2382 | clip_weight 0.5000 | lr 1.00e-03 | best 31.1999
2026-04-03 09:45:27,061 | INFO | SFTrainer | Epoch 640 | total 31.0169 | rec_rna 3.9643 | rec_atac 8.6007 | clip 5.1898 | clip_weight 0.5000 | lr 1.00e-03 | best 31.0169
2026-04-03 09:45:28,089 | INFO | SFTrainer | Epoch 650 | total 30.9662 | rec_rna 3.9611 | rec_atac 8.5653 | clip 5.1905 | clip_weight 0.5000 | lr 1.00e-03 | best 30.8940
2026-04-03 09:45:29,166 | INFO | SFTrainer | Epoch 660 | total 30.7918 | rec_rna 3.9406 | rec_atac 8.5093 | clip 5.1585 | clip_weight 0.5000 | lr 1.00e-03 | best 30.7634
2026-04-03 09:45:30,200 | INFO | SFTrainer | Epoch 670 | total 30.5910 | rec_rna 3.9170 | rec_atac 8.4484 | clip 5.1148 | clip_weight 0.5000 | lr 1.00e-03 | best 30.5440
2026-04-03 09:45:31,090 | INFO | SFTrainer | Epoch 680 | total 30.5169 | rec_rna 3.9122 | rec_atac 8.4103 | clip 5.0906 | clip_weight 0.5000 | lr 1.00e-03 | best 30.4347
2026-04-03 09:45:32,040 | INFO | SFTrainer | Epoch 690 | total 30.3138 | rec_rna 3.8883 | rec_atac 8.3447 | clip 5.0552 | clip_weight 0.5000 | lr 1.00e-03 | best 30.3138
2026-04-03 09:45:32,987 | INFO | SFTrainer | Epoch 700 | total 30.2214 | rec_rna 3.8746 | rec_atac 8.3191 | clip 5.0587 | clip_weight 0.5000 | lr 1.00e-03 | best 30.1526
2026-04-03 09:45:34,010 | INFO | SFTrainer | Epoch 710 | total 30.0251 | rec_rna 3.8493 | rec_atac 8.2803 | clip 4.9969 | clip_weight 0.5000 | lr 1.00e-03 | best 29.9846
2026-04-03 09:45:35,098 | INFO | SFTrainer | Epoch 720 | total 29.7922 | rec_rna 3.8230 | rec_atac 8.1828 | clip 4.9890 | clip_weight 0.5000 | lr 1.00e-03 | best 29.7922
2026-04-03 09:45:36,017 | INFO | SFTrainer | Epoch 730 | total 29.7037 | rec_rna 3.8179 | rec_atac 8.1344 | clip 4.9599 | clip_weight 0.5000 | lr 1.00e-03 | best 29.7037
2026-04-03 09:45:36,927 | INFO | SFTrainer | Epoch 740 | total 29.6742 | rec_rna 3.8139 | rec_atac 8.1336 | clip 4.9426 | clip_weight 0.5000 | lr 1.00e-03 | best 29.6614
2026-04-03 09:45:37,874 | INFO | SFTrainer | Epoch 750 | total 29.5287 | rec_rna 3.7979 | rec_atac 8.0834 | clip 4.9113 | clip_weight 0.5000 | lr 1.00e-03 | best 29.5287
2026-04-03 09:45:38,859 | INFO | SFTrainer | Epoch 760 | total 29.4658 | rec_rna 3.7998 | rec_atac 8.0239 | clip 4.8859 | clip_weight 0.5000 | lr 1.00e-03 | best 29.4132
2026-04-03 09:45:39,931 | INFO | SFTrainer | Epoch 770 | total 29.3274 | rec_rna 3.7810 | rec_atac 7.9924 | clip 4.8598 | clip_weight 0.5000 | lr 1.00e-03 | best 29.3274
2026-04-03 09:45:40,913 | INFO | SFTrainer | Epoch 780 | total 29.2232 | rec_rna 3.7721 | rec_atac 7.9508 | clip 4.8243 | clip_weight 0.5000 | lr 1.00e-03 | best 29.1979
2026-04-03 09:45:41,901 | INFO | SFTrainer | Epoch 790 | total 29.0182 | rec_rna 3.7498 | rec_atac 7.8818 | clip 4.7748 | clip_weight 0.5000 | lr 1.00e-03 | best 29.0143
2026-04-03 09:45:42,811 | INFO | SFTrainer | Epoch 800 | total 28.9313 | rec_rna 3.7352 | rec_atac 7.8737 | clip 4.7632 | clip_weight 0.5000 | lr 1.00e-03 | best 28.9313
2026-04-03 09:45:43,805 | INFO | SFTrainer | Epoch 810 | total 28.9585 | rec_rna 3.7390 | rec_atac 7.8733 | clip 4.7800 | clip_weight 0.5000 | lr 1.00e-03 | best 28.8621
2026-04-03 09:45:44,710 | INFO | SFTrainer | Epoch 820 | total 28.8567 | rec_rna 3.7308 | rec_atac 7.8401 | clip 4.7250 | clip_weight 0.5000 | lr 1.00e-03 | best 28.7863
2026-04-03 09:45:45,700 | INFO | SFTrainer | Epoch 830 | total 28.6972 | rec_rna 3.7104 | rec_atac 7.7899 | clip 4.7105 | clip_weight 0.5000 | lr 1.00e-03 | best 28.6972
2026-04-03 09:45:46,651 | INFO | SFTrainer | Epoch 840 | total 28.6841 | rec_rna 3.7116 | rec_atac 7.7902 | clip 4.6719 | clip_weight 0.5000 | lr 1.00e-03 | best 28.5479
2026-04-03 09:45:47,602 | INFO | SFTrainer | Epoch 850 | total 28.4992 | rec_rna 3.6855 | rec_atac 7.7451 | clip 4.6530 | clip_weight 0.5000 | lr 1.00e-03 | best 28.4389
2026-04-03 09:45:48,524 | INFO | SFTrainer | Epoch 860 | total 28.3347 | rec_rna 3.6686 | rec_atac 7.6879 | clip 4.6074 | clip_weight 0.5000 | lr 1.00e-03 | best 28.3347
2026-04-03 09:45:49,510 | INFO | SFTrainer | Epoch 870 | total 28.3193 | rec_rna 3.6691 | rec_atac 7.6620 | clip 4.6233 | clip_weight 0.5000 | lr 1.00e-03 | best 28.2253
2026-04-03 09:45:50,432 | INFO | SFTrainer | Epoch 880 | total 28.1825 | rec_rna 3.6506 | rec_atac 7.6504 | clip 4.5580 | clip_weight 0.5000 | lr 1.00e-03 | best 28.1825
2026-04-03 09:45:51,371 | INFO | SFTrainer | Epoch 890 | total 28.1313 | rec_rna 3.6504 | rec_atac 7.6122 | clip 4.5340 | clip_weight 0.5000 | lr 1.00e-03 | best 28.1270
2026-04-03 09:45:52,275 | INFO | SFTrainer | Epoch 900 | total 28.1686 | rec_rna 3.6626 | rec_atac 7.6054 | clip 4.5004 | clip_weight 0.5000 | lr 1.00e-03 | best 28.0233
2026-04-03 09:45:53,237 | INFO | SFTrainer | Epoch 910 | total 27.9485 | rec_rna 3.6301 | rec_atac 7.5479 | clip 4.4999 | clip_weight 0.5000 | lr 1.00e-03 | best 27.9485
2026-04-03 09:45:54,191 | INFO | SFTrainer | Epoch 920 | total 28.0348 | rec_rna 3.6472 | rec_atac 7.5745 | clip 4.4485 | clip_weight 0.5000 | lr 1.00e-03 | best 27.8801
2026-04-03 09:45:55,118 | INFO | SFTrainer | Epoch 930 | total 27.9694 | rec_rna 3.6341 | rec_atac 7.5711 | clip 4.4555 | clip_weight 0.5000 | lr 1.00e-03 | best 27.7934
2026-04-03 09:45:56,036 | INFO | SFTrainer | Epoch 940 | total 27.8613 | rec_rna 3.6241 | rec_atac 7.5198 | clip 4.4422 | clip_weight 0.5000 | lr 1.00e-03 | best 27.7429
2026-04-03 09:45:57,071 | INFO | SFTrainer | Epoch 950 | total 27.6405 | rec_rna 3.5954 | rec_atac 7.4694 | clip 4.3881 | clip_weight 0.5000 | lr 1.00e-03 | best 27.6405
2026-04-03 09:45:57,959 | INFO | SFTrainer | Epoch 960 | total 27.5819 | rec_rna 3.5846 | rec_atac 7.4720 | clip 4.3737 | clip_weight 0.5000 | lr 1.00e-03 | best 27.5137
2026-04-03 09:45:58,891 | INFO | SFTrainer | Epoch 970 | total 27.5169 | rec_rna 3.5794 | rec_atac 7.4522 | clip 4.3349 | clip_weight 0.5000 | lr 1.00e-03 | best 27.4660
2026-04-03 09:45:59,710 | INFO | SFTrainer | Epoch 980 | total 27.5449 | rec_rna 3.5958 | rec_atac 7.3948 | clip 4.3420 | clip_weight 0.5000 | lr 1.00e-03 | best 27.4660
2026-04-03 09:46:00,702 | INFO | SFTrainer | Epoch 990 | total 27.3545 | rec_rna 3.5678 | rec_atac 7.3783 | clip 4.2746 | clip_weight 0.5000 | lr 1.00e-03 | best 27.3545
2026-04-03 09:46:01,611 | INFO | SFTrainer | Epoch 1000 | total 27.3924 | rec_rna 3.5774 | rec_atac 7.3675 | clip 4.2756 | clip_weight 0.5000 | lr 1.00e-03 | best 27.1989
2026-04-03 09:46:02,455 | INFO | SFTrainer | Epoch 1010 | total 27.2167 | rec_rna 3.5499 | rec_atac 7.3336 | clip 4.2668 | clip_weight 0.5000 | lr 1.00e-03 | best 27.1989
2026-04-03 09:46:03,375 | INFO | SFTrainer | Epoch 1020 | total 27.3057 | rec_rna 3.5686 | rec_atac 7.3500 | clip 4.2250 | clip_weight 0.5000 | lr 1.00e-03 | best 27.1395
2026-04-03 09:46:04,274 | INFO | SFTrainer | Epoch 1030 | total 27.1765 | rec_rna 3.5500 | rec_atac 7.3283 | clip 4.1959 | clip_weight 0.5000 | lr 1.00e-03 | best 27.1073
2026-04-03 09:46:05,245 | INFO | SFTrainer | Epoch 1040 | total 27.0551 | rec_rna 3.5342 | rec_atac 7.3056 | clip 4.1570 | clip_weight 0.5000 | lr 1.00e-03 | best 27.0551
2026-04-03 09:46:06,300 | INFO | SFTrainer | Epoch 1050 | total 26.9952 | rec_rna 3.5281 | rec_atac 7.2832 | clip 4.1431 | clip_weight 0.5000 | lr 1.00e-03 | best 26.9952
2026-04-03 09:46:07,248 | INFO | SFTrainer | Epoch 1060 | total 26.8640 | rec_rna 3.5095 | rec_atac 7.2617 | clip 4.1097 | clip_weight 0.5000 | lr 1.00e-03 | best 26.8640
2026-04-03 09:46:08,158 | INFO | SFTrainer | Epoch 1070 | total 26.8258 | rec_rna 3.5168 | rec_atac 7.2156 | clip 4.0523 | clip_weight 0.5000 | lr 1.00e-03 | best 26.8258
2026-04-03 09:46:09,076 | INFO | SFTrainer | Epoch 1080 | total 26.7452 | rec_rna 3.5024 | rec_atac 7.2073 | clip 4.0515 | clip_weight 0.5000 | lr 1.00e-03 | best 26.7084
2026-04-03 09:46:09,917 | INFO | SFTrainer | Epoch 1090 | total 26.7919 | rec_rna 3.5176 | rec_atac 7.1868 | clip 4.0339 | clip_weight 0.5000 | lr 1.00e-03 | best 26.7084
2026-04-03 09:46:10,905 | INFO | SFTrainer | Epoch 1100 | total 26.7537 | rec_rna 3.5041 | rec_atac 7.2218 | clip 4.0228 | clip_weight 0.5000 | lr 1.00e-03 | best 26.6709
2026-04-03 09:46:11,893 | INFO | SFTrainer | Epoch 1110 | total 26.6100 | rec_rna 3.4973 | rec_atac 7.1525 | clip 3.9417 | clip_weight 0.5000 | lr 1.00e-03 | best 26.6100
2026-04-03 09:46:12,881 | INFO | SFTrainer | Epoch 1120 | total 26.6230 | rec_rna 3.4977 | rec_atac 7.1694 | clip 3.9298 | clip_weight 0.5000 | lr 1.00e-03 | best 26.5330
2026-04-03 09:46:13,833 | INFO | SFTrainer | Epoch 1130 | total 26.4909 | rec_rna 3.4830 | rec_atac 7.1271 | clip 3.8975 | clip_weight 0.5000 | lr 1.00e-03 | best 26.4909
2026-04-03 09:46:14,710 | INFO | SFTrainer | Epoch 1140 | total 26.4861 | rec_rna 3.4853 | rec_atac 7.1167 | clip 3.8854 | clip_weight 0.5000 | lr 1.00e-03 | best 26.4243
2026-04-03 09:46:15,618 | INFO | SFTrainer | Epoch 1150 | total 26.4315 | rec_rna 3.4798 | rec_atac 7.1073 | clip 3.8503 | clip_weight 0.5000 | lr 1.00e-03 | best 26.4002
2026-04-03 09:46:16,572 | INFO | SFTrainer | Epoch 1160 | total 26.3370 | rec_rna 3.4628 | rec_atac 7.1141 | clip 3.8181 | clip_weight 0.5000 | lr 1.00e-03 | best 26.2746
2026-04-03 09:46:17,499 | INFO | SFTrainer | Epoch 1170 | total 26.2465 | rec_rna 3.4509 | rec_atac 7.0950 | clip 3.7936 | clip_weight 0.5000 | lr 1.00e-03 | best 26.2259
2026-04-03 09:46:18,339 | INFO | SFTrainer | Epoch 1180 | total 26.2507 | rec_rna 3.4570 | rec_atac 7.0983 | clip 3.7352 | clip_weight 0.5000 | lr 1.00e-03 | best 26.2259
2026-04-03 09:46:19,317 | INFO | SFTrainer | Epoch 1190 | total 26.2286 | rec_rna 3.4524 | rec_atac 7.1001 | clip 3.7335 | clip_weight 0.5000 | lr 1.00e-03 | best 26.1654
2026-04-03 09:46:20,318 | INFO | SFTrainer | Epoch 1200 | total 26.1033 | rec_rna 3.4476 | rec_atac 7.0209 | clip 3.6888 | clip_weight 0.5000 | lr 1.00e-03 | best 26.1033
2026-04-03 09:46:21,328 | INFO | SFTrainer | Epoch 1210 | total 26.0656 | rec_rna 3.4435 | rec_atac 7.0245 | clip 3.6470 | clip_weight 0.5000 | lr 1.00e-03 | best 26.0656
2026-04-03 09:46:22,273 | INFO | SFTrainer | Epoch 1220 | total 26.1089 | rec_rna 3.4577 | rec_atac 7.0239 | clip 3.5926 | clip_weight 0.5000 | lr 1.00e-03 | best 26.0385
2026-04-03 09:46:23,185 | INFO | SFTrainer | Epoch 1230 | total 26.0044 | rec_rna 3.4338 | rec_atac 7.0471 | clip 3.5772 | clip_weight 0.5000 | lr 1.00e-03 | best 25.9269
2026-04-03 09:46:23,995 | INFO | SFTrainer | Epoch 1240 | total 25.9552 | rec_rna 3.4370 | rec_atac 6.9895 | clip 3.5612 | clip_weight 0.5000 | lr 1.00e-03 | best 25.9269
2026-04-03 09:46:24,949 | INFO | SFTrainer | Epoch 1250 | total 25.9466 | rec_rna 3.4353 | rec_atac 7.0128 | clip 3.5141 | clip_weight 0.5000 | lr 1.00e-03 | best 25.8240
2026-04-03 09:46:25,847 | INFO | SFTrainer | Epoch 1260 | total 25.8779 | rec_rna 3.4269 | rec_atac 7.0034 | clip 3.4805 | clip_weight 0.5000 | lr 1.00e-03 | best 25.8096
2026-04-03 09:46:26,739 | INFO | SFTrainer | Epoch 1270 | total 25.7740 | rec_rna 3.4160 | rec_atac 6.9626 | clip 3.4622 | clip_weight 0.5000 | lr 1.00e-03 | best 25.7740
2026-04-03 09:46:27,645 | INFO | SFTrainer | Epoch 1280 | total 25.8572 | rec_rna 3.4337 | rec_atac 6.9784 | clip 3.4203 | clip_weight 0.5000 | lr 1.00e-03 | best 25.6616
2026-04-03 09:46:28,447 | INFO | SFTrainer | Epoch 1290 | total 25.7235 | rec_rna 3.4223 | rec_atac 6.9330 | clip 3.3582 | clip_weight 0.5000 | lr 1.00e-03 | best 25.6616
2026-04-03 09:46:29,366 | INFO | SFTrainer | Epoch 1300 | total 25.6445 | rec_rna 3.4021 | rec_atac 6.9542 | clip 3.3599 | clip_weight 0.5000 | lr 1.00e-03 | best 25.6439
2026-04-03 09:46:30,365 | INFO | SFTrainer | Epoch 1310 | total 25.5220 | rec_rna 3.3915 | rec_atac 6.9125 | clip 3.3036 | clip_weight 0.5000 | lr 1.00e-03 | best 25.5220
2026-04-03 09:46:31,188 | INFO | SFTrainer | Epoch 1320 | total 25.6114 | rec_rna 3.4118 | rec_atac 6.9228 | clip 3.2591 | clip_weight 0.5000 | lr 1.00e-03 | best 25.5220
2026-04-03 09:46:32,048 | INFO | SFTrainer | Epoch 1330 | total 25.5436 | rec_rna 3.3971 | rec_atac 6.9409 | clip 3.2344 | clip_weight 0.5000 | lr 1.00e-03 | best 25.4796
2026-04-03 09:46:33,026 | INFO | SFTrainer | Epoch 1340 | total 25.4384 | rec_rna 3.3881 | rec_atac 6.9049 | clip 3.1863 | clip_weight 0.5000 | lr 1.00e-03 | best 25.4384
2026-04-03 09:46:33,947 | INFO | SFTrainer | Epoch 1350 | total 25.4291 | rec_rna 3.3885 | rec_atac 6.8868 | clip 3.1994 | clip_weight 0.5000 | lr 1.00e-03 | best 25.3676
2026-04-03 09:46:34,864 | INFO | SFTrainer | Epoch 1360 | total 25.4588 | rec_rna 3.4016 | rec_atac 6.8840 | clip 3.1332 | clip_weight 0.5000 | lr 1.00e-03 | best 25.3449
2026-04-03 09:46:35,772 | INFO | SFTrainer | Epoch 1370 | total 25.3478 | rec_rna 3.3890 | rec_atac 6.8604 | clip 3.0850 | clip_weight 0.5000 | lr 1.00e-03 | best 25.2792
2026-04-03 09:46:36,651 | INFO | SFTrainer | Epoch 1380 | total 25.3361 | rec_rna 3.3853 | rec_atac 6.8829 | clip 3.0531 | clip_weight 0.5000 | lr 1.00e-03 | best 25.2785
2026-04-03 09:46:37,510 | INFO | SFTrainer | Epoch 1390 | total 25.2660 | rec_rna 3.3836 | rec_atac 6.8375 | clip 3.0211 | clip_weight 0.5000 | lr 1.00e-03 | best 25.2609
2026-04-03 09:46:38,379 | INFO | SFTrainer | Epoch 1400 | total 25.2735 | rec_rna 3.3882 | rec_atac 6.8409 | clip 2.9835 | clip_weight 0.5000 | lr 1.00e-03 | best 25.1974
2026-04-03 09:46:39,365 | INFO | SFTrainer | Epoch 1410 | total 25.1940 | rec_rna 3.3748 | rec_atac 6.8350 | clip 2.9702 | clip_weight 0.5000 | lr 1.00e-03 | best 25.1673
2026-04-03 09:46:40,270 | INFO | SFTrainer | Epoch 1420 | total 25.1731 | rec_rna 3.3760 | rec_atac 6.8345 | clip 2.9167 | clip_weight 0.5000 | lr 1.00e-03 | best 25.0858
2026-04-03 09:46:41,163 | INFO | SFTrainer | Epoch 1430 | total 25.1438 | rec_rna 3.3695 | rec_atac 6.8500 | clip 2.8929 | clip_weight 0.5000 | lr 1.00e-03 | best 25.0337
2026-04-03 09:46:42,061 | INFO | SFTrainer | Epoch 1440 | total 25.0614 | rec_rna 3.3664 | rec_atac 6.8068 | clip 2.8449 | clip_weight 0.5000 | lr 1.00e-03 | best 25.0254
2026-04-03 09:46:42,964 | INFO | SFTrainer | Epoch 1450 | total 25.0324 | rec_rna 3.3647 | rec_atac 6.7876 | clip 2.8421 | clip_weight 0.5000 | lr 1.00e-03 | best 24.9540
2026-04-03 09:46:43,876 | INFO | SFTrainer | Epoch 1460 | total 25.0215 | rec_rna 3.3628 | rec_atac 6.8181 | clip 2.7787 | clip_weight 0.5000 | lr 1.00e-03 | best 24.9347
2026-04-03 09:46:44,768 | INFO | SFTrainer | Epoch 1470 | total 24.9012 | rec_rna 3.3542 | rec_atac 6.7656 | clip 2.7287 | clip_weight 0.5000 | lr 1.00e-03 | best 24.9012
2026-04-03 09:46:45,741 | INFO | SFTrainer | Epoch 1480 | total 24.8534 | rec_rna 3.3456 | rec_atac 6.7776 | clip 2.6950 | clip_weight 0.5000 | lr 1.00e-03 | best 24.7752
2026-04-03 09:46:46,554 | INFO | SFTrainer | Epoch 1490 | total 24.7838 | rec_rna 3.3365 | rec_atac 6.7701 | clip 2.6624 | clip_weight 0.5000 | lr 1.00e-03 | best 24.7752
2026-04-03 09:46:47,465 | INFO | SFTrainer | Epoch 1500 | total 24.7895 | rec_rna 3.3455 | rec_atac 6.7389 | clip 2.6465 | clip_weight 0.5000 | lr 1.00e-03 | best 24.7470
2026-04-03 09:46:48,333 | INFO | SFTrainer | Epoch 1510 | total 24.7403 | rec_rna 3.3413 | rec_atac 6.7402 | clip 2.5871 | clip_weight 0.5000 | lr 1.00e-03 | best 24.7403
2026-04-03 09:46:49,275 | INFO | SFTrainer | Epoch 1520 | total 24.6590 | rec_rna 3.3377 | rec_atac 6.7228 | clip 2.4954 | clip_weight 0.5000 | lr 1.00e-03 | best 24.6483
2026-04-03 09:46:50,236 | INFO | SFTrainer | Epoch 1530 | total 24.7864 | rec_rna 3.3551 | rec_atac 6.7587 | clip 2.5042 | clip_weight 0.5000 | lr 1.00e-03 | best 24.5573
2026-04-03 09:46:51,090 | INFO | SFTrainer | Epoch 1540 | total 24.6379 | rec_rna 3.3328 | rec_atac 6.7307 | clip 2.4863 | clip_weight 0.5000 | lr 1.00e-03 | best 24.5573
2026-04-03 09:46:52,030 | INFO | SFTrainer | Epoch 1550 | total 24.4790 | rec_rna 3.3156 | rec_atac 6.7029 | clip 2.3966 | clip_weight 0.5000 | lr 1.00e-03 | best 24.4790
2026-04-03 09:46:52,924 | INFO | SFTrainer | Epoch 1560 | total 24.5039 | rec_rna 3.3223 | rec_atac 6.7021 | clip 2.3811 | clip_weight 0.5000 | lr 1.00e-03 | best 24.4720
2026-04-03 09:46:53,788 | INFO | SFTrainer | Epoch 1570 | total 24.4767 | rec_rna 3.3181 | rec_atac 6.7126 | clip 2.3466 | clip_weight 0.5000 | lr 1.00e-03 | best 24.4216
2026-04-03 09:46:54,597 | INFO | SFTrainer | Epoch 1580 | total 24.4827 | rec_rna 3.3263 | rec_atac 6.7012 | clip 2.2998 | clip_weight 0.5000 | lr 1.00e-03 | best 24.4216
2026-04-03 09:46:55,463 | INFO | SFTrainer | Epoch 1590 | total 24.4846 | rec_rna 3.3240 | rec_atac 6.7285 | clip 2.2721 | clip_weight 0.5000 | lr 1.00e-03 | best 24.3571
2026-04-03 09:46:56,279 | INFO | SFTrainer | Epoch 1600 | total 24.4297 | rec_rna 3.3243 | rec_atac 6.6801 | clip 2.2563 | clip_weight 0.5000 | lr 1.00e-03 | best 24.3571
2026-04-03 09:46:57,291 | INFO | SFTrainer | Epoch 1610 | total 24.3560 | rec_rna 3.3074 | rec_atac 6.7115 | clip 2.2144 | clip_weight 0.5000 | lr 1.00e-03 | best 24.2919
2026-04-03 09:46:58,142 | INFO | SFTrainer | Epoch 1620 | total 24.2845 | rec_rna 3.3082 | rec_atac 6.6728 | clip 2.1409 | clip_weight 0.5000 | lr 1.00e-03 | best 24.2845
2026-04-03 09:46:59,047 | INFO | SFTrainer | Epoch 1630 | total 24.2897 | rec_rna 3.3063 | rec_atac 6.6923 | clip 2.1316 | clip_weight 0.5000 | lr 1.00e-03 | best 24.2248
2026-04-03 09:46:59,942 | INFO | SFTrainer | Epoch 1640 | total 24.2879 | rec_rna 3.3064 | rec_atac 6.7017 | clip 2.1087 | clip_weight 0.5000 | lr 1.00e-03 | best 24.1861
2026-04-03 09:47:00,850 | INFO | SFTrainer | Epoch 1650 | total 24.1173 | rec_rna 3.2933 | rec_atac 6.6424 | clip 2.0167 | clip_weight 0.5000 | lr 1.00e-03 | best 24.1173
2026-04-03 09:47:01,778 | INFO | SFTrainer | Epoch 1660 | total 24.0731 | rec_rna 3.2952 | rec_atac 6.6263 | clip 1.9416 | clip_weight 0.5000 | lr 1.00e-03 | best 24.0731
2026-04-03 09:47:02,665 | INFO | SFTrainer | Epoch 1670 | total 24.1505 | rec_rna 3.3068 | rec_atac 6.6285 | clip 1.9764 | clip_weight 0.5000 | lr 1.00e-03 | best 24.0698
2026-04-03 09:47:03,555 | INFO | SFTrainer | Epoch 1680 | total 24.0779 | rec_rna 3.2987 | rec_atac 6.6404 | clip 1.8882 | clip_weight 0.5000 | lr 1.00e-03 | best 24.0038
2026-04-03 09:47:04,370 | INFO | SFTrainer | Epoch 1690 | total 24.0465 | rec_rna 3.2979 | rec_atac 6.6428 | clip 1.8280 | clip_weight 0.5000 | lr 1.00e-03 | best 24.0038
2026-04-03 09:47:05,349 | INFO | SFTrainer | Epoch 1700 | total 23.9774 | rec_rna 3.2904 | rec_atac 6.6067 | clip 1.8375 | clip_weight 0.5000 | lr 1.00e-03 | best 23.9506
2026-04-03 09:47:06,189 | INFO | SFTrainer | Epoch 1710 | total 24.0248 | rec_rna 3.2985 | rec_atac 6.6361 | clip 1.7922 | clip_weight 0.5000 | lr 1.00e-03 | best 23.9506
2026-04-03 09:47:07,043 | INFO | SFTrainer | Epoch 1720 | total 23.9637 | rec_rna 3.2888 | rec_atac 6.6436 | clip 1.7524 | clip_weight 0.5000 | lr 1.00e-03 | best 23.8953
2026-04-03 09:47:07,916 | INFO | SFTrainer | Epoch 1730 | total 23.8975 | rec_rna 3.2812 | rec_atac 6.6110 | clip 1.7612 | clip_weight 0.5000 | lr 1.00e-03 | best 23.8398
2026-04-03 09:47:08,771 | INFO | SFTrainer | Epoch 1740 | total 23.8090 | rec_rna 3.2771 | rec_atac 6.5839 | clip 1.6790 | clip_weight 0.5000 | lr 1.00e-03 | best 23.8090
2026-04-03 09:47:09,677 | INFO | SFTrainer | Epoch 1750 | total 23.9256 | rec_rna 3.2960 | rec_atac 6.6103 | clip 1.6705 | clip_weight 0.5000 | lr 1.00e-03 | best 23.7836
2026-04-03 09:47:10,566 | INFO | SFTrainer | Epoch 1760 | total 23.8585 | rec_rna 3.2800 | rec_atac 6.6145 | clip 1.6877 | clip_weight 0.5000 | lr 1.00e-03 | best 23.7185
2026-04-03 09:47:11,423 | INFO | SFTrainer | Epoch 1770 | total 23.7554 | rec_rna 3.2806 | rec_atac 6.5720 | clip 1.5610 | clip_weight 0.5000 | lr 1.00e-03 | best 23.7031
2026-04-03 09:47:12,343 | INFO | SFTrainer | Epoch 1780 | total 23.7477 | rec_rna 3.2803 | rec_atac 6.5559 | clip 1.5805 | clip_weight 0.5000 | lr 1.00e-03 | best 23.6736
2026-04-03 09:47:13,184 | INFO | SFTrainer | Epoch 1790 | total 23.7316 | rec_rna 3.2778 | rec_atac 6.5778 | clip 1.5295 | clip_weight 0.5000 | lr 1.00e-03 | best 23.6736
2026-04-03 09:47:14,042 | INFO | SFTrainer | Epoch 1800 | total 23.6789 | rec_rna 3.2699 | rec_atac 6.5717 | clip 1.5153 | clip_weight 0.5000 | lr 1.00e-03 | best 23.6625
2026-04-03 09:47:14,972 | INFO | SFTrainer | Epoch 1810 | total 23.7071 | rec_rna 3.2723 | rec_atac 6.6055 | clip 1.4806 | clip_weight 0.5000 | lr 1.00e-03 | best 23.6107
2026-04-03 09:47:15,928 | INFO | SFTrainer | Epoch 1820 | total 23.5478 | rec_rna 3.2535 | rec_atac 6.5566 | clip 1.4471 | clip_weight 0.5000 | lr 1.00e-03 | best 23.5478
2026-04-03 09:47:16,843 | INFO | SFTrainer | Epoch 1830 | total 23.6206 | rec_rna 3.2706 | rec_atac 6.5537 | clip 1.4283 | clip_weight 0.5000 | lr 1.00e-03 | best 23.5328
2026-04-03 09:47:17,693 | INFO | SFTrainer | Epoch 1840 | total 23.5294 | rec_rna 3.2589 | rec_atac 6.5394 | clip 1.3913 | clip_weight 0.5000 | lr 1.00e-03 | best 23.5208
2026-04-03 09:47:18,649 | INFO | SFTrainer | Epoch 1850 | total 23.4054 | rec_rna 3.2398 | rec_atac 6.5374 | clip 1.3379 | clip_weight 0.5000 | lr 1.00e-03 | best 23.4054
2026-04-03 09:47:19,497 | INFO | SFTrainer | Epoch 1860 | total 23.6249 | rec_rna 3.2782 | rec_atac 6.5489 | clip 1.3701 | clip_weight 0.5000 | lr 1.00e-03 | best 23.4054
2026-04-03 09:47:20,317 | INFO | SFTrainer | Epoch 1870 | total 23.5282 | rec_rna 3.2628 | rec_atac 6.5594 | clip 1.3092 | clip_weight 0.5000 | lr 1.00e-03 | best 23.4054
2026-04-03 09:47:21,184 | INFO | SFTrainer | Epoch 1880 | total 23.3419 | rec_rna 3.2400 | rec_atac 6.5140 | clip 1.2557 | clip_weight 0.5000 | lr 1.00e-03 | best 23.3419
2026-04-03 09:47:21,991 | INFO | SFTrainer | Epoch 1890 | total 23.4790 | rec_rna 3.2632 | rec_atac 6.5201 | clip 1.2858 | clip_weight 0.5000 | lr 1.00e-03 | best 23.3419
2026-04-03 09:47:22,804 | INFO | SFTrainer | Epoch 1900 | total 23.3871 | rec_rna 3.2485 | rec_atac 6.5425 | clip 1.2035 | clip_weight 0.5000 | lr 1.00e-03 | best 23.3419
2026-04-03 09:47:23,721 | INFO | SFTrainer | Epoch 1910 | total 23.4080 | rec_rna 3.2488 | rec_atac 6.5333 | clip 1.2612 | clip_weight 0.5000 | lr 1.00e-03 | best 23.3032
2026-04-03 09:47:24,613 | INFO | SFTrainer | Epoch 1920 | total 23.3961 | rec_rna 3.2568 | rec_atac 6.5122 | clip 1.1996 | clip_weight 0.5000 | lr 1.00e-03 | best 23.2867
2026-04-03 09:47:25,474 | INFO | SFTrainer | Epoch 1930 | total 23.4304 | rec_rna 3.2603 | rec_atac 6.5399 | clip 1.1781 | clip_weight 0.5000 | lr 1.00e-03 | best 23.2405
2026-04-03 09:47:26,347 | INFO | SFTrainer | Epoch 1940 | total 23.3445 | rec_rna 3.2476 | rec_atac 6.5313 | clip 1.1503 | clip_weight 0.5000 | lr 1.00e-03 | best 23.2047
2026-04-03 09:47:27,169 | INFO | SFTrainer | Epoch 1950 | total 23.3882 | rec_rna 3.2529 | rec_atac 6.5376 | clip 1.1718 | clip_weight 0.5000 | lr 1.00e-03 | best 23.2047
2026-04-03 09:47:28,002 | INFO | SFTrainer | Epoch 1960 | total 23.2199 | rec_rna 3.2290 | rec_atac 6.4963 | clip 1.1569 | clip_weight 0.5000 | lr 1.00e-03 | best 23.2047
2026-04-03 09:47:28,854 | INFO | SFTrainer | Epoch 1970 | total 23.1839 | rec_rna 3.2318 | rec_atac 6.4684 | clip 1.1125 | clip_weight 0.5000 | lr 1.00e-03 | best 23.1504
2026-04-03 09:47:29,671 | INFO | SFTrainer | Epoch 1980 | total 23.2421 | rec_rna 3.2358 | rec_atac 6.5120 | clip 1.1020 | clip_weight 0.5000 | lr 1.00e-03 | best 23.1504
2026-04-03 09:47:30,538 | INFO | SFTrainer | Epoch 1990 | total 23.1970 | rec_rna 3.2332 | rec_atac 6.4885 | clip 1.0856 | clip_weight 0.5000 | lr 1.00e-03 | best 23.1136
2026-04-03 09:47:31,445 | INFO | SFTrainer | Epoch 2000 | total 23.2067 | rec_rna 3.2344 | rec_atac 6.4973 | clip 1.0748 | clip_weight 0.5000 | lr 1.00e-04 | best 23.0787
2026-04-03 09:47:32,320 | INFO | SFTrainer | Epoch 2010 | total 23.1140 | rec_rna 3.2194 | rec_atac 6.4661 | clip 1.1033 | clip_weight 0.4995 | lr 1.00e-04 | best 23.0352
2026-04-03 09:47:33,309 | INFO | SFTrainer | Epoch 2020 | total 22.9827 | rec_rna 3.2074 | rec_atac 6.4111 | clip 1.0730 | clip_weight 0.4980 | lr 1.00e-04 | best 22.8862
2026-04-03 09:47:34,192 | INFO | SFTrainer | Epoch 2030 | total 22.8856 | rec_rna 3.1966 | rec_atac 6.3915 | clip 1.0316 | clip_weight 0.4956 | lr 1.00e-04 | best 22.8585
2026-04-03 09:47:35,101 | INFO | SFTrainer | Epoch 2040 | total 22.8508 | rec_rna 3.1890 | rec_atac 6.3919 | clip 1.0440 | clip_weight 0.4921 | lr 1.00e-04 | best 22.7919
2026-04-03 09:47:36,055 | INFO | SFTrainer | Epoch 2050 | total 22.8205 | rec_rna 3.1814 | rec_atac 6.4201 | clip 1.0112 | clip_weight 0.4878 | lr 1.00e-04 | best 22.7349
2026-04-03 09:47:36,980 | INFO | SFTrainer | Epoch 2060 | total 22.7235 | rec_rna 3.1722 | rec_atac 6.3830 | clip 0.9940 | clip_weight 0.4824 | lr 1.00e-04 | best 22.7046
2026-04-03 09:47:37,894 | INFO | SFTrainer | Epoch 2070 | total 22.7468 | rec_rna 3.1796 | rec_atac 6.3695 | clip 1.0059 | clip_weight 0.4762 | lr 1.00e-04 | best 22.6691
2026-04-03 09:47:38,761 | INFO | SFTrainer | Epoch 2080 | total 22.5815 | rec_rna 3.1522 | rec_atac 6.3598 | clip 0.9826 | clip_weight 0.4691 | lr 1.00e-04 | best 22.5815
2026-04-03 09:47:39,581 | INFO | SFTrainer | Epoch 2090 | total 22.7291 | rec_rna 3.1854 | rec_atac 6.3563 | clip 0.9664 | clip_weight 0.4611 | lr 1.00e-04 | best 22.5815
2026-04-03 09:47:40,453 | INFO | SFTrainer | Epoch 2100 | total 22.5969 | rec_rna 3.1654 | rec_atac 6.3469 | clip 0.9355 | clip_weight 0.4523 | lr 1.00e-04 | best 22.5268
2026-04-03 09:47:41,294 | INFO | SFTrainer | Epoch 2110 | total 22.6930 | rec_rna 3.1796 | rec_atac 6.3659 | clip 0.9692 | clip_weight 0.4426 | lr 1.00e-04 | best 22.5268
2026-04-03 09:47:42,158 | INFO | SFTrainer | Epoch 2120 | total 22.5410 | rec_rna 3.1555 | rec_atac 6.3347 | clip 0.9924 | clip_weight 0.4322 | lr 1.00e-04 | best 22.5268
2026-04-03 09:47:43,034 | INFO | SFTrainer | Epoch 2130 | total 22.6524 | rec_rna 3.1732 | rec_atac 6.3625 | clip 1.0069 | clip_weight 0.4211 | lr 1.00e-04 | best 22.5165
2026-04-03 09:47:43,852 | INFO | SFTrainer | Epoch 2140 | total 22.6873 | rec_rna 3.1798 | rec_atac 6.3902 | clip 0.9724 | clip_weight 0.4094 | lr 1.00e-04 | best 22.5165
2026-04-03 09:47:44,687 | INFO | SFTrainer | Epoch 2150 | total 22.6122 | rec_rna 3.1740 | rec_atac 6.3522 | clip 0.9828 | clip_weight 0.3969 | lr 1.00e-04 | best 22.5165
2026-04-03 09:47:45,620 | INFO | SFTrainer | Epoch 2160 | total 22.5650 | rec_rna 3.1692 | rec_atac 6.3489 | clip 0.9638 | clip_weight 0.3840 | lr 1.00e-04 | best 22.4957
2026-04-03 09:47:46,530 | INFO | SFTrainer | Epoch 2170 | total 22.5270 | rec_rna 3.1621 | rec_atac 6.3489 | clip 0.9916 | clip_weight 0.3704 | lr 1.00e-04 | best 22.4618
2026-04-03 09:47:47,373 | INFO | SFTrainer | Epoch 2180 | total 22.5259 | rec_rna 3.1657 | rec_atac 6.3437 | clip 0.9917 | clip_weight 0.3564 | lr 1.00e-04 | best 22.4618
2026-04-03 09:47:48,331 | INFO | SFTrainer | Epoch 2190 | total 22.4057 | rec_rna 3.1477 | rec_atac 6.3215 | clip 1.0100 | clip_weight 0.3420 | lr 1.00e-04 | best 22.4057
2026-04-03 09:47:49,209 | INFO | SFTrainer | Epoch 2200 | total 22.5269 | rec_rna 3.1654 | rec_atac 6.3636 | clip 1.0279 | clip_weight 0.3273 | lr 1.00e-04 | best 22.4057
2026-04-03 09:47:50,056 | INFO | SFTrainer | Epoch 2210 | total 22.4366 | rec_rna 3.1594 | rec_atac 6.3436 | clip 0.9482 | clip_weight 0.3122 | lr 1.00e-04 | best 22.4057
2026-04-03 09:47:50,934 | INFO | SFTrainer | Epoch 2220 | total 22.4347 | rec_rna 3.1586 | rec_atac 6.3527 | clip 0.9738 | clip_weight 0.2968 | lr 1.00e-04 | best 22.4057
2026-04-03 09:47:51,819 | INFO | SFTrainer | Epoch 2230 | total 22.4205 | rec_rna 3.1575 | rec_atac 6.3648 | clip 0.9536 | clip_weight 0.2813 | lr 1.00e-04 | best 22.3748
2026-04-03 09:47:52,775 | INFO | SFTrainer | Epoch 2240 | total 22.4535 | rec_rna 3.1689 | rec_atac 6.3493 | clip 0.9780 | clip_weight 0.2657 | lr 1.00e-04 | best 22.3486
2026-04-03 09:47:53,690 | INFO | SFTrainer | Epoch 2250 | total 22.4258 | rec_rna 3.1609 | rec_atac 6.3751 | clip 0.9837 | clip_weight 0.2500 | lr 1.00e-04 | best 22.3343
2026-04-03 09:47:54,621 | INFO | SFTrainer | Epoch 2260 | total 22.3818 | rec_rna 3.1555 | rec_atac 6.3724 | clip 0.9899 | clip_weight 0.2343 | lr 1.00e-04 | best 22.3128
2026-04-03 09:47:55,528 | INFO | SFTrainer | Epoch 2270 | total 22.4000 | rec_rna 3.1625 | rec_atac 6.3679 | clip 1.0048 | clip_weight 0.2187 | lr 1.00e-04 | best 22.2631
2026-04-03 09:47:56,396 | INFO | SFTrainer | Epoch 2280 | total 22.3001 | rec_rna 3.1544 | rec_atac 6.3216 | clip 1.0152 | clip_weight 0.2032 | lr 1.00e-04 | best 22.2631
2026-04-03 09:47:57,253 | INFO | SFTrainer | Epoch 2290 | total 22.3149 | rec_rna 3.1563 | rec_atac 6.3512 | clip 0.9712 | clip_weight 0.1878 | lr 1.00e-04 | best 22.2530
2026-04-03 09:47:58,173 | INFO | SFTrainer | Epoch 2300 | total 22.3263 | rec_rna 3.1635 | rec_atac 6.3316 | clip 1.0257 | clip_weight 0.1727 | lr 1.00e-04 | best 22.1992
2026-04-03 09:47:59,017 | INFO | SFTrainer | Epoch 2310 | total 22.2869 | rec_rna 3.1639 | rec_atac 6.3121 | clip 0.9843 | clip_weight 0.1580 | lr 1.00e-04 | best 22.1992
2026-04-03 09:47:59,897 | INFO | SFTrainer | Epoch 2320 | total 22.2409 | rec_rna 3.1483 | rec_atac 6.3491 | clip 1.0477 | clip_weight 0.1436 | lr 1.00e-04 | best 22.1848
2026-04-03 09:48:00,830 | INFO | SFTrainer | Epoch 2330 | total 22.1957 | rec_rna 3.1492 | rec_atac 6.3243 | clip 0.9685 | clip_weight 0.1296 | lr 1.00e-04 | best 22.1798
2026-04-03 09:48:01,794 | INFO | SFTrainer | Epoch 2340 | total 22.2406 | rec_rna 3.1540 | rec_atac 6.3518 | clip 1.0227 | clip_weight 0.1160 | lr 1.00e-04 | best 22.1366
2026-04-03 09:48:02,709 | INFO | SFTrainer | Epoch 2350 | total 22.1357 | rec_rna 3.1444 | rec_atac 6.3079 | clip 1.0269 | clip_weight 0.1031 | lr 1.00e-04 | best 22.1357
2026-04-03 09:48:03,612 | INFO | SFTrainer | Epoch 2360 | total 22.3351 | rec_rna 3.1800 | rec_atac 6.3441 | clip 1.0038 | clip_weight 0.0906 | lr 1.00e-04 | best 22.1273
2026-04-03 09:48:04,541 | INFO | SFTrainer | Epoch 2370 | total 22.1809 | rec_rna 3.1504 | rec_atac 6.3485 | clip 1.0218 | clip_weight 0.0789 | lr 1.00e-04 | best 22.0960
2026-04-03 09:48:05,373 | INFO | SFTrainer | Epoch 2380 | total 22.1331 | rec_rna 3.1522 | rec_atac 6.3009 | clip 1.0479 | clip_weight 0.0678 | lr 1.00e-04 | best 22.0960
2026-04-03 09:48:06,264 | INFO | SFTrainer | Epoch 2390 | total 22.1506 | rec_rna 3.1534 | rec_atac 6.3235 | clip 1.0482 | clip_weight 0.0574 | lr 1.00e-04 | best 22.0334
2026-04-03 09:48:07,137 | INFO | SFTrainer | Epoch 2400 | total 22.0945 | rec_rna 3.1470 | rec_atac 6.3106 | clip 1.0248 | clip_weight 0.0477 | lr 1.00e-04 | best 22.0085
2026-04-03 09:48:08,044 | INFO | SFTrainer | Epoch 2410 | total 22.0792 | rec_rna 3.1430 | rec_atac 6.3217 | clip 1.0896 | clip_weight 0.0389 | lr 1.00e-04 | best 22.0026
2026-04-03 09:48:08,880 | INFO | SFTrainer | Epoch 2420 | total 22.0866 | rec_rna 3.1521 | rec_atac 6.2950 | clip 1.0105 | clip_weight 0.0309 | lr 1.00e-04 | best 22.0026
2026-04-03 09:48:09,711 | INFO | SFTrainer | Epoch 2430 | total 22.0713 | rec_rna 3.1453 | rec_atac 6.3203 | clip 1.0365 | clip_weight 0.0238 | lr 1.00e-04 | best 22.0026
2026-04-03 09:48:10,542 | INFO | SFTrainer | Epoch 2440 | total 22.0466 | rec_rna 3.1389 | rec_atac 6.3330 | clip 1.0988 | clip_weight 0.0176 | lr 1.00e-04 | best 22.0026
2026-04-03 09:48:11,373 | INFO | SFTrainer | Epoch 2450 | total 22.1213 | rec_rna 3.1596 | rec_atac 6.3101 | clip 1.0667 | clip_weight 0.0122 | lr 1.00e-04 | best 22.0026
2026-04-03 09:48:12,227 | INFO | SFTrainer | Epoch 2460 | total 22.1051 | rec_rna 3.1578 | rec_atac 6.3078 | clip 1.0537 | clip_weight 0.0079 | lr 1.00e-04 | best 22.0026
2026-04-03 09:48:13,181 | INFO | SFTrainer | Epoch 2470 | total 21.9774 | rec_rna 3.1354 | rec_atac 6.2958 | clip 1.0648 | clip_weight 0.0044 | lr 1.00e-04 | best 21.9366
2026-04-03 09:48:14,060 | INFO | SFTrainer | Epoch 2480 | total 22.0564 | rec_rna 3.1447 | rec_atac 6.3306 | clip 1.1575 | clip_weight 0.0020 | lr 1.00e-04 | best 21.9322
2026-04-03 09:48:14,890 | INFO | SFTrainer | Epoch 2490 | total 22.0335 | rec_rna 3.1422 | rec_atac 6.3219 | clip 1.1233 | clip_weight 0.0005 | lr 1.00e-04 | best 21.9322
2026-04-03 09:48:15,721 | INFO | SFTrainer | Epoch 2500 | total 22.0890 | rec_rna 3.1554 | rec_atac 6.3120 | clip 0.0000 | clip_weight 0.0000 | lr 1.00e-04 | best 21.9322
2026-04-03 09:48:16,580 | INFO | SFTrainer | Epoch 2510 | total 22.0401 | rec_rna 3.1373 | rec_atac 6.3535 | clip 0.0000 | clip_weight 0.0000 | lr 1.00e-04 | best 21.9322
2026-04-03 09:48:17,438 | INFO | SFTrainer | Epoch 2520 | total 22.0149 | rec_rna 3.1422 | rec_atac 6.3040 | clip 0.0000 | clip_weight 0.0000 | lr 1.00e-04 | best 21.9004
2026-04-03 09:48:18,246 | INFO | SFTrainer | Epoch 2530 | total 22.1225 | rec_rna 3.1614 | rec_atac 6.3155 | clip 0.0000 | clip_weight 0.0000 | lr 1.00e-04 | best 21.9004
2026-04-03 09:48:19,090 | INFO | SFTrainer | Epoch 2540 | total 21.8907 | rec_rna 3.1238 | rec_atac 6.2715 | clip 0.0000 | clip_weight 0.0000 | lr 1.00e-04 | best 21.8907
2026-04-03 09:48:19,892 | INFO | SFTrainer | Epoch 2550 | total 22.0421 | rec_rna 3.1477 | rec_atac 6.3039 | clip 0.0000 | clip_weight 0.0000 | lr 1.00e-04 | best 21.8907
2026-04-03 09:48:20,754 | INFO | SFTrainer | Epoch 2560 | total 21.9312 | rec_rna 3.1327 | rec_atac 6.2676 | clip 0.0000 | clip_weight 0.0000 | lr 1.00e-04 | best 21.8907
2026-04-03 09:48:21,555 | INFO | SFTrainer | Epoch 2570 | total 21.9618 | rec_rna 3.1322 | rec_atac 6.3006 | clip 0.0000 | clip_weight 0.0000 | lr 1.00e-04 | best 21.8907
2026-04-03 09:48:22,346 | INFO | SFTrainer | Epoch 2580 | total 21.9637 | rec_rna 3.1308 | rec_atac 6.3097 | clip 0.0000 | clip_weight 0.0000 | lr 1.00e-04 | best 21.8907
2026-04-03 09:48:23,135 | INFO | SFTrainer | Epoch 2590 | total 21.9905 | rec_rna 3.1374 | rec_atac 6.3033 | clip 0.0000 | clip_weight 0.0000 | lr 1.00e-04 | best 21.8907
2026-04-03 09:48:23,942 | INFO | SFTrainer | Epoch 2600 | total 21.9517 | rec_rna 3.1334 | rec_atac 6.2844 | clip 0.0000 | clip_weight 0.0000 | lr 1.00e-04 | best 21.8907
2026-04-03 09:48:24,803 | INFO | SFTrainer | Epoch 2610 | total 22.0094 | rec_rna 3.1457 | rec_atac 6.2811 | clip 0.0000 | clip_weight 0.0000 | lr 1.00e-04 | best 21.8696
2026-04-03 09:48:25,591 | INFO | SFTrainer | Epoch 2620 | total 21.9942 | rec_rna 3.1457 | rec_atac 6.2657 | clip 0.0000 | clip_weight 0.0000 | lr 1.00e-04 | best 21.8696
2026-04-03 09:48:26,382 | INFO | SFTrainer | Epoch 2630 | total 21.9627 | rec_rna 3.1341 | rec_atac 6.2921 | clip 0.0000 | clip_weight 0.0000 | lr 1.00e-04 | best 21.8696
2026-04-03 09:48:27,212 | INFO | SFTrainer | Epoch 2640 | total 21.9101 | rec_rna 3.1300 | rec_atac 6.2600 | clip 0.0000 | clip_weight 0.0000 | lr 1.00e-04 | best 21.8696
2026-04-03 09:48:28,018 | INFO | SFTrainer | Epoch 2650 | total 21.9878 | rec_rna 3.1357 | rec_atac 6.3095 | clip 0.0000 | clip_weight 0.0000 | lr 1.00e-04 | best 21.8696
2026-04-03 09:48:28,834 | INFO | SFTrainer | Epoch 2660 | total 21.9208 | rec_rna 3.1269 | rec_atac 6.2865 | clip 0.0000 | clip_weight 0.0000 | lr 1.00e-04 | best 21.8696
2026-04-03 09:48:29,631 | INFO | SFTrainer | Epoch 2670 | total 21.9141 | rec_rna 3.1291 | rec_atac 6.2685 | clip 0.0000 | clip_weight 0.0000 | lr 1.00e-04 | best 21.8696
2026-04-03 09:48:30,426 | INFO | SFTrainer | Epoch 2680 | total 21.9836 | rec_rna 3.1396 | rec_atac 6.2853 | clip 0.0000 | clip_weight 0.0000 | lr 1.00e-04 | best 21.8696
2026-04-03 09:48:31,213 | INFO | SFTrainer | Epoch 2690 | total 21.9205 | rec_rna 3.1297 | rec_atac 6.2722 | clip 0.0000 | clip_weight 0.0000 | lr 1.00e-04 | best 21.8696
2026-04-03 09:48:32,020 | INFO | SFTrainer | Epoch 2700 | total 22.0592 | rec_rna 3.1501 | rec_atac 6.3087 | clip 0.0000 | clip_weight 0.0000 | lr 1.00e-04 | best 21.8696
2026-04-03 09:48:32,874 | INFO | SFTrainer | Epoch 2710 | total 22.0640 | rec_rna 3.1550 | rec_atac 6.2888 | clip 0.0000 | clip_weight 0.0000 | lr 1.00e-04 | best 21.8266
2026-04-03 09:48:33,660 | INFO | SFTrainer | Epoch 2720 | total 21.9436 | rec_rna 3.1303 | rec_atac 6.2919 | clip 0.0000 | clip_weight 0.0000 | lr 1.00e-04 | best 21.8266
2026-04-03 09:48:34,448 | INFO | SFTrainer | Epoch 2730 | total 21.9074 | rec_rna 3.1242 | rec_atac 6.2866 | clip 0.0000 | clip_weight 0.0000 | lr 1.00e-04 | best 21.8266
2026-04-03 09:48:35,237 | INFO | SFTrainer | Epoch 2740 | total 21.9865 | rec_rna 3.1447 | rec_atac 6.2629 | clip 0.0000 | clip_weight 0.0000 | lr 1.00e-04 | best 21.8266
2026-04-03 09:48:36,063 | INFO | SFTrainer | Epoch 2750 | total 21.9319 | rec_rna 3.1257 | rec_atac 6.3033 | clip 0.0000 | clip_weight 0.0000 | lr 1.00e-04 | best 21.8266
2026-04-03 09:48:36,892 | INFO | SFTrainer | Epoch 2760 | total 21.9444 | rec_rna 3.1359 | rec_atac 6.2647 | clip 0.0000 | clip_weight 0.0000 | lr 1.00e-04 | best 21.8266
2026-04-03 09:48:37,750 | INFO | SFTrainer | Epoch 2770 | total 21.8323 | rec_rna 3.1099 | rec_atac 6.2826 | clip 0.0000 | clip_weight 0.0000 | lr 1.00e-04 | best 21.8118
2026-04-03 09:48:38,556 | INFO | SFTrainer | Epoch 2780 | total 21.8815 | rec_rna 3.1201 | rec_atac 6.2808 | clip 0.0000 | clip_weight 0.0000 | lr 1.00e-04 | best 21.8118
2026-04-03 09:48:39,345 | INFO | SFTrainer | Epoch 2790 | total 21.8975 | rec_rna 3.1250 | rec_atac 6.2724 | clip 0.0000 | clip_weight 0.0000 | lr 1.00e-04 | best 21.8118
2026-04-03 09:48:40,133 | INFO | SFTrainer | Epoch 2800 | total 21.8181 | rec_rna 3.1089 | rec_atac 6.2736 | clip 0.0000 | clip_weight 0.0000 | lr 1.00e-04 | best 21.8118
2026-04-03 09:48:40,953 | INFO | SFTrainer | Epoch 2810 | total 21.9904 | rec_rna 3.1399 | rec_atac 6.2908 | clip 0.0000 | clip_weight 0.0000 | lr 1.00e-04 | best 21.8118
2026-04-03 09:48:41,752 | INFO | SFTrainer | Epoch 2820 | total 21.8567 | rec_rna 3.1178 | rec_atac 6.2678 | clip 0.0000 | clip_weight 0.0000 | lr 1.00e-04 | best 21.8118
2026-04-03 09:48:42,538 | INFO | SFTrainer | Epoch 2830 | total 21.8623 | rec_rna 3.1249 | rec_atac 6.2378 | clip 0.0000 | clip_weight 0.0000 | lr 1.00e-04 | best 21.8118
2026-04-03 09:48:43,318 | INFO | SFTrainer | Epoch 2840 | total 21.9253 | rec_rna 3.1268 | rec_atac 6.2913 | clip 0.0000 | clip_weight 0.0000 | lr 1.00e-04 | best 21.8118
2026-04-03 09:48:44,121 | INFO | SFTrainer | Epoch 2850 | total 21.9345 | rec_rna 3.1331 | rec_atac 6.2691 | clip 0.0000 | clip_weight 0.0000 | lr 1.00e-04 | best 21.8118
2026-04-03 09:48:44,925 | INFO | SFTrainer | Epoch 2860 | total 21.9628 | rec_rna 3.1377 | rec_atac 6.2743 | clip 0.0000 | clip_weight 0.0000 | lr 1.00e-04 | best 21.8118
2026-04-03 09:48:45,730 | INFO | SFTrainer | Epoch 2870 | total 21.8769 | rec_rna 3.1230 | rec_atac 6.2618 | clip 0.0000 | clip_weight 0.0000 | lr 1.00e-04 | best 21.8118
2026-04-03 09:48:46,547 | INFO | SFTrainer | Epoch 2880 | total 21.8884 | rec_rna 3.1259 | rec_atac 6.2591 | clip 0.0000 | clip_weight 0.0000 | lr 1.00e-04 | best 21.8104
2026-04-03 09:48:47,327 | INFO | SFTrainer | Epoch 2890 | total 21.9652 | rec_rna 3.1357 | rec_atac 6.2869 | clip 0.0000 | clip_weight 0.0000 | lr 1.00e-04 | best 21.8104
2026-04-03 09:48:48,100 | INFO | SFTrainer | Epoch 2900 | total 21.8468 | rec_rna 3.1142 | rec_atac 6.2760 | clip 0.0000 | clip_weight 0.0000 | lr 1.00e-04 | best 21.8104
2026-04-03 09:48:48,892 | INFO | SFTrainer | Epoch 2910 | total 21.8919 | rec_rna 3.1175 | rec_atac 6.3046 | clip 0.0000 | clip_weight 0.0000 | lr 1.00e-04 | best 21.8104
2026-04-03 09:48:49,670 | INFO | SFTrainer | Epoch 2920 | total 21.8786 | rec_rna 3.1263 | rec_atac 6.2473 | clip 0.0000 | clip_weight 0.0000 | lr 1.00e-04 | best 21.8104
2026-04-03 09:48:50,494 | INFO | SFTrainer | Epoch 2930 | total 21.9299 | rec_rna 3.1280 | rec_atac 6.2898 | clip 0.0000 | clip_weight 0.0000 | lr 1.00e-04 | best 21.7964
2026-04-03 09:48:51,300 | INFO | SFTrainer | Epoch 2940 | total 21.8246 | rec_rna 3.1094 | rec_atac 6.2775 | clip 0.0000 | clip_weight 0.0000 | lr 1.00e-04 | best 21.7964
2026-04-03 09:48:52,080 | INFO | SFTrainer | Epoch 2950 | total 21.8753 | rec_rna 3.1231 | rec_atac 6.2598 | clip 0.0000 | clip_weight 0.0000 | lr 1.00e-04 | best 21.7964
2026-04-03 09:48:52,871 | INFO | SFTrainer | Epoch 2960 | total 21.8545 | rec_rna 3.1209 | rec_atac 6.2498 | clip 0.0000 | clip_weight 0.0000 | lr 1.00e-04 | best 21.7964
2026-04-03 09:48:53,663 | INFO | SFTrainer | Epoch 2970 | total 21.8914 | rec_rna 3.1241 | rec_atac 6.2712 | clip 0.0000 | clip_weight 0.0000 | lr 1.00e-04 | best 21.7964
2026-04-03 09:48:54,520 | INFO | SFTrainer | Epoch 2980 | total 21.8515 | rec_rna 3.1182 | rec_atac 6.2606 | clip 0.0000 | clip_weight 0.0000 | lr 1.00e-04 | best 21.7811
2026-04-03 09:48:55,310 | INFO | SFTrainer | Epoch 2990 | total 21.9648 | rec_rna 3.1383 | rec_atac 6.2732 | clip 0.0000 | clip_weight 0.0000 | lr 1.00e-04 | best 21.7811
2026-04-03 09:48:56,117 | INFO | SFTrainer | Epoch 3000 | total 21.8040 | rec_rna 3.1063 | rec_atac 6.2727 | clip 0.0000 | clip_weight 0.0000 | lr 1.00e-04 | best 21.7811
2026-04-03 09:48:56,146 | INFO | SFTrainer | Training finished. Best loss=21.7811
2026-04-03 09:48:56,147 | INFO | SFTrainer | Training run complete.

========================================================================================
2026-04-03 09:49:08,254 | INFO | SFEvaluate | [Phase 3] Evaluation started.
2026-04-03 09:49:08,254 | INFO | SFEvaluate | Loading processed data...
2026-04-03 09:49:08,537 | INFO | SFEvaluate | Initializing model...
2026-04-03 09:49:08,643 | INFO | SFEvaluate | Loading checkpoint: ckpt_best.pth
2026-04-03 09:49:08,691 | INFO | SFEvaluate | Inference running...
2026-04-03 09:49:09,270 | INFO | SFEvaluate | Latent shape: torch.Size([2129, 128])
2026-04-03 09:49:32,221 | INFO | SFEvaluate | Artifacts: ./results/tuning/e12/figures/spatial_analysis.pdf | ./results/tuning/e12/predictions/embedding_joint.h5ad
2026-04-03 09:49:32,221 | INFO | SFEvaluate | Eval metrics | checkpoint=ckpt_best.pth | epoch=BEST (Epoch 3000) | latent_moran=0.4093 | cluster_moran=0.6640
2026-04-03 09:49:32,221 | INFO | SFEvaluate | GT metrics | checkpoint=ckpt_best.pth | epoch=BEST (Epoch 3000) | ARI=0.3646 | NMI=0.5867 | AMI=0.5793 | HOM=0.6321 | n_valid=2129
2026-04-03 09:49:32,222 | INFO | SFEvaluate | Evaluation complete.

========================================================================================
2026-04-03 09:49:44,947 | INFO | SFEvaluateRange | [Range Evaluate] Started. epochs=[1500, 1600, 1700, 1800, 1900, 2000, 2100, 2200, 2300, 2400, 2500, 2600, 2700, 2800, 2900, 3000]
2026-04-03 09:49:44,949 | INFO | SFEvaluateRange | Loading processed data...
2026-04-03 09:49:45,226 | INFO | SFEvaluateRange | Initializing model...
2026-04-03 09:49:45,326 | INFO | SFEvaluateRange | Evaluating epoch 1500 with ckpt_1500.pth
2026-04-03 09:50:09,788 | INFO | SFEvaluateRange | Eval metrics (epoch_1500) | checkpoint=ckpt_1500.pth | epoch=Epoch 1500 | latent_moran=0.3926 | cluster_moran=0.6655
2026-04-03 09:50:09,788 | INFO | SFEvaluateRange | GT metrics (epoch_1500) | checkpoint=ckpt_1500.pth | epoch=Epoch 1500 | ARI=0.3380 | NMI=0.5789 | AMI=0.5714 | HOM=0.6331 | n_valid=2129
2026-04-03 09:50:09,789 | INFO | SFEvaluateRange | Artifacts (epoch_1500): ./results/tuning/e12/figures/spatial_analysis_epoch_1500.pdf | ./results/tuning/e12/predictions/embedding_joint_epoch_1500.h5ad
2026-04-03 09:50:09,789 | INFO | SFEvaluateRange | Evaluating epoch 1600 with ckpt_1600.pth
2026-04-03 09:50:23,779 | INFO | SFEvaluateRange | Eval metrics (epoch_1600) | checkpoint=ckpt_1600.pth | epoch=Epoch 1600 | latent_moran=0.3959 | cluster_moran=0.6869
2026-04-03 09:50:23,779 | INFO | SFEvaluateRange | GT metrics (epoch_1600) | checkpoint=ckpt_1600.pth | epoch=Epoch 1600 | ARI=0.3552 | NMI=0.5837 | AMI=0.5763 | HOM=0.6367 | n_valid=2129
2026-04-03 09:50:23,779 | INFO | SFEvaluateRange | Artifacts (epoch_1600): ./results/tuning/e12/figures/spatial_analysis_epoch_1600.pdf | ./results/tuning/e12/predictions/embedding_joint_epoch_1600.h5ad
2026-04-03 09:50:23,779 | INFO | SFEvaluateRange | Evaluating epoch 1700 with ckpt_1700.pth
2026-04-03 09:50:40,356 | INFO | SFEvaluateRange | Eval metrics (epoch_1700) | checkpoint=ckpt_1700.pth | epoch=Epoch 1700 | latent_moran=0.3965 | cluster_moran=0.6948
2026-04-03 09:50:40,357 | INFO | SFEvaluateRange | GT metrics (epoch_1700) | checkpoint=ckpt_1700.pth | epoch=Epoch 1700 | ARI=0.4548 | NMI=0.5962 | AMI=0.5889 | HOM=0.6449 | n_valid=2129
2026-04-03 09:50:40,357 | INFO | SFEvaluateRange | Artifacts (epoch_1700): ./results/tuning/e12/figures/spatial_analysis_epoch_1700.pdf | ./results/tuning/e12/predictions/embedding_joint_epoch_1700.h5ad
2026-04-03 09:50:40,357 | INFO | SFEvaluateRange | Evaluating epoch 1800 with ckpt_1800.pth
2026-04-03 09:51:02,425 | INFO | SFEvaluateRange | Eval metrics (epoch_1800) | checkpoint=ckpt_1800.pth | epoch=Epoch 1800 | latent_moran=0.3981 | cluster_moran=0.7011
2026-04-03 09:51:02,425 | INFO | SFEvaluateRange | GT metrics (epoch_1800) | checkpoint=ckpt_1800.pth | epoch=Epoch 1800 | ARI=0.5089 | NMI=0.6036 | AMI=0.5963 | HOM=0.6460 | n_valid=2129
2026-04-03 09:51:02,426 | INFO | SFEvaluateRange | Artifacts (epoch_1800): ./results/tuning/e12/figures/spatial_analysis_epoch_1800.pdf | ./results/tuning/e12/predictions/embedding_joint_epoch_1800.h5ad
2026-04-03 09:51:02,426 | INFO | SFEvaluateRange | Evaluating epoch 1900 with ckpt_1900.pth
2026-04-03 09:51:16,475 | INFO | SFEvaluateRange | Eval metrics (epoch_1900) | checkpoint=ckpt_1900.pth | epoch=Epoch 1900 | latent_moran=0.3993 | cluster_moran=0.6874
2026-04-03 09:51:16,475 | INFO | SFEvaluateRange | GT metrics (epoch_1900) | checkpoint=ckpt_1900.pth | epoch=Epoch 1900 | ARI=0.5018 | NMI=0.6052 | AMI=0.5980 | HOM=0.6406 | n_valid=2129
2026-04-03 09:51:16,476 | INFO | SFEvaluateRange | Artifacts (epoch_1900): ./results/tuning/e12/figures/spatial_analysis_epoch_1900.pdf | ./results/tuning/e12/predictions/embedding_joint_epoch_1900.h5ad
2026-04-03 09:51:16,476 | INFO | SFEvaluateRange | Evaluating epoch 2000 with ckpt_best.pth
2026-04-03 09:51:29,649 | INFO | SFEvaluateRange | Eval metrics (epoch_2000_best) | checkpoint=ckpt_best.pth | epoch=Epoch 2000 (BEST) | latent_moran=0.4093 | cluster_moran=0.6640
2026-04-03 09:51:29,649 | INFO | SFEvaluateRange | GT metrics (epoch_2000_best) | checkpoint=ckpt_best.pth | epoch=Epoch 2000 (BEST) | ARI=0.3646 | NMI=0.5867 | AMI=0.5793 | HOM=0.6321 | n_valid=2129
2026-04-03 09:51:29,649 | INFO | SFEvaluateRange | Artifacts (epoch_2000_best): ./results/tuning/e12/figures/spatial_analysis_epoch_2000_best.pdf | ./results/tuning/e12/predictions/embedding_joint_epoch_2000_best.h5ad
2026-04-03 09:51:29,649 | INFO | SFEvaluateRange | Evaluating epoch 2100 with ckpt_2100.pth
2026-04-03 09:51:42,270 | INFO | SFEvaluateRange | Eval metrics (epoch_2100) | checkpoint=ckpt_2100.pth | epoch=Epoch 2100 | latent_moran=0.4020 | cluster_moran=0.6753
2026-04-03 09:51:42,270 | INFO | SFEvaluateRange | GT metrics (epoch_2100) | checkpoint=ckpt_2100.pth | epoch=Epoch 2100 | ARI=0.5066 | NMI=0.6097 | AMI=0.6025 | HOM=0.6428 | n_valid=2129
2026-04-03 09:51:42,270 | INFO | SFEvaluateRange | Artifacts (epoch_2100): ./results/tuning/e12/figures/spatial_analysis_epoch_2100.pdf | ./results/tuning/e12/predictions/embedding_joint_epoch_2100.h5ad
2026-04-03 09:51:42,271 | INFO | SFEvaluateRange | Evaluating epoch 2200 with ckpt_2200.pth
2026-04-03 09:52:02,167 | INFO | SFEvaluateRange | Eval metrics (epoch_2200) | checkpoint=ckpt_2200.pth | epoch=Epoch 2200 | latent_moran=0.4032 | cluster_moran=0.7012
2026-04-03 09:52:02,167 | INFO | SFEvaluateRange | GT metrics (epoch_2200) | checkpoint=ckpt_2200.pth | epoch=Epoch 2200 | ARI=0.5027 | NMI=0.6056 | AMI=0.5984 | HOM=0.6480 | n_valid=2129
2026-04-03 09:52:02,167 | INFO | SFEvaluateRange | Artifacts (epoch_2200): ./results/tuning/e12/figures/spatial_analysis_epoch_2200.pdf | ./results/tuning/e12/predictions/embedding_joint_epoch_2200.h5ad
2026-04-03 09:52:02,167 | INFO | SFEvaluateRange | Evaluating epoch 2300 with ckpt_2300.pth
2026-04-03 09:52:17,974 | INFO | SFEvaluateRange | Eval metrics (epoch_2300) | checkpoint=ckpt_2300.pth | epoch=Epoch 2300 | latent_moran=0.4049 | cluster_moran=0.7016
2026-04-03 09:52:17,974 | INFO | SFEvaluateRange | GT metrics (epoch_2300) | checkpoint=ckpt_2300.pth | epoch=Epoch 2300 | ARI=0.4961 | NMI=0.6086 | AMI=0.6015 | HOM=0.6514 | n_valid=2129
2026-04-03 09:52:17,975 | INFO | SFEvaluateRange | Artifacts (epoch_2300): ./results/tuning/e12/figures/spatial_analysis_epoch_2300.pdf | ./results/tuning/e12/predictions/embedding_joint_epoch_2300.h5ad
2026-04-03 09:52:17,975 | INFO | SFEvaluateRange | Evaluating epoch 2400 with ckpt_2400.pth
2026-04-03 09:52:31,239 | INFO | SFEvaluateRange | Eval metrics (epoch_2400) | checkpoint=ckpt_2400.pth | epoch=Epoch 2400 | latent_moran=0.4055 | cluster_moran=0.6865
2026-04-03 09:52:31,239 | INFO | SFEvaluateRange | GT metrics (epoch_2400) | checkpoint=ckpt_2400.pth | epoch=Epoch 2400 | ARI=0.5018 | NMI=0.6040 | AMI=0.5967 | HOM=0.6397 | n_valid=2129
2026-04-03 09:52:31,239 | INFO | SFEvaluateRange | Artifacts (epoch_2400): ./results/tuning/e12/figures/spatial_analysis_epoch_2400.pdf | ./results/tuning/e12/predictions/embedding_joint_epoch_2400.h5ad
2026-04-03 09:52:31,239 | INFO | SFEvaluateRange | Evaluating epoch 2500 with ckpt_2500.pth
2026-04-03 09:52:45,404 | INFO | SFEvaluateRange | Eval metrics (epoch_2500) | checkpoint=ckpt_2500.pth | epoch=Epoch 2500 | latent_moran=0.4065 | cluster_moran=0.6901
2026-04-03 09:52:45,405 | INFO | SFEvaluateRange | GT metrics (epoch_2500) | checkpoint=ckpt_2500.pth | epoch=Epoch 2500 | ARI=0.5296 | NMI=0.6183 | AMI=0.6113 | HOM=0.6615 | n_valid=2129
2026-04-03 09:52:45,405 | INFO | SFEvaluateRange | Artifacts (epoch_2500): ./results/tuning/e12/figures/spatial_analysis_epoch_2500.pdf | ./results/tuning/e12/predictions/embedding_joint_epoch_2500.h5ad
2026-04-03 09:52:45,405 | INFO | SFEvaluateRange | Evaluating epoch 2600 with ckpt_2600.pth
2026-04-03 09:52:58,584 | INFO | SFEvaluateRange | Eval metrics (epoch_2600) | checkpoint=ckpt_2600.pth | epoch=Epoch 2600 | latent_moran=0.4072 | cluster_moran=0.7070
2026-04-03 09:52:58,584 | INFO | SFEvaluateRange | GT metrics (epoch_2600) | checkpoint=ckpt_2600.pth | epoch=Epoch 2600 | ARI=0.5033 | NMI=0.6084 | AMI=0.6013 | HOM=0.6506 | n_valid=2129
2026-04-03 09:52:58,585 | INFO | SFEvaluateRange | Artifacts (epoch_2600): ./results/tuning/e12/figures/spatial_analysis_epoch_2600.pdf | ./results/tuning/e12/predictions/embedding_joint_epoch_2600.h5ad
2026-04-03 09:52:58,585 | INFO | SFEvaluateRange | Evaluating epoch 2700 with ckpt_2700.pth
2026-04-03 09:53:11,883 | INFO | SFEvaluateRange | Eval metrics (epoch_2700) | checkpoint=ckpt_2700.pth | epoch=Epoch 2700 | latent_moran=0.4082 | cluster_moran=0.7070
2026-04-03 09:53:11,883 | INFO | SFEvaluateRange | GT metrics (epoch_2700) | checkpoint=ckpt_2700.pth | epoch=Epoch 2700 | ARI=0.4977 | NMI=0.6086 | AMI=0.6014 | HOM=0.6513 | n_valid=2129
2026-04-03 09:53:11,884 | INFO | SFEvaluateRange | Artifacts (epoch_2700): ./results/tuning/e12/figures/spatial_analysis_epoch_2700.pdf | ./results/tuning/e12/predictions/embedding_joint_epoch_2700.h5ad
2026-04-03 09:53:11,884 | INFO | SFEvaluateRange | Evaluating epoch 2800 with ckpt_2800.pth
2026-04-03 09:53:25,441 | INFO | SFEvaluateRange | Eval metrics (epoch_2800) | checkpoint=ckpt_2800.pth | epoch=Epoch 2800 | latent_moran=0.4079 | cluster_moran=0.6943
2026-04-03 09:53:25,442 | INFO | SFEvaluateRange | GT metrics (epoch_2800) | checkpoint=ckpt_2800.pth | epoch=Epoch 2800 | ARI=0.5347 | NMI=0.6227 | AMI=0.6158 | HOM=0.6656 | n_valid=2129
2026-04-03 09:53:25,442 | INFO | SFEvaluateRange | Artifacts (epoch_2800): ./results/tuning/e12/figures/spatial_analysis_epoch_2800.pdf | ./results/tuning/e12/predictions/embedding_joint_epoch_2800.h5ad
2026-04-03 09:53:25,443 | INFO | SFEvaluateRange | Evaluating epoch 2900 with ckpt_2900.pth
2026-04-03 09:53:38,043 | INFO | SFEvaluateRange | Eval metrics (epoch_2900) | checkpoint=ckpt_2900.pth | epoch=Epoch 2900 | latent_moran=0.4092 | cluster_moran=0.6794
2026-04-03 09:53:38,043 | INFO | SFEvaluateRange | GT metrics (epoch_2900) | checkpoint=ckpt_2900.pth | epoch=Epoch 2900 | ARI=0.4960 | NMI=0.6072 | AMI=0.6001 | HOM=0.6467 | n_valid=2129
2026-04-03 09:53:38,043 | INFO | SFEvaluateRange | Artifacts (epoch_2900): ./results/tuning/e12/figures/spatial_analysis_epoch_2900.pdf | ./results/tuning/e12/predictions/embedding_joint_epoch_2900.h5ad
2026-04-03 09:53:38,043 | INFO | SFEvaluateRange | Evaluating epoch 3000 with ckpt_3000.pth
2026-04-03 09:53:51,505 | INFO | SFEvaluateRange | Eval metrics (epoch_3000) | checkpoint=ckpt_3000.pth | epoch=Epoch 3000 | latent_moran=0.4098 | cluster_moran=0.6882
2026-04-03 09:53:51,506 | INFO | SFEvaluateRange | GT metrics (epoch_3000) | checkpoint=ckpt_3000.pth | epoch=Epoch 3000 | ARI=0.3833 | NMI=0.5951 | AMI=0.5879 | HOM=0.6513 | n_valid=2129
2026-04-03 09:53:51,506 | INFO | SFEvaluateRange | Artifacts (epoch_3000): ./results/tuning/e12/figures/spatial_analysis_epoch_3000.pdf | ./results/tuning/e12/predictions/embedding_joint_epoch_3000.h5ad
2026-04-03 09:53:51,506 | INFO | SFEvaluateRange | Range evaluation complete. Success=16 | Failed/Skipped=0

========================================================================================
