2026-04-03 09:31:35,997 | INFO | SFPreprocess | [Phase 1] Starting Data Preprocessing...
2026-04-03 09:31:35,997 | INFO | SFPreprocess | Loading raw data...
2026-04-03 09:31:35,997 | INFO | SFPreprocess | Data loader: paired h5ad
2026-04-03 09:32:14,622 | INFO | SFPreprocess | Aligned final cells: RNA=2129, ATAC=2129
2026-04-03 09:32:34,824 | INFO | SFPreprocess | Reduced shapes: RNA=(2129, 512), ATAC=(2129, 512)
2026-04-03 09:32:37,577 | INFO | SFPreprocess | Saving processed tensors...
2026-04-03 09:32:37,613 | INFO | SFPreprocess | Preprocessing complete: data/processed/tuning/e11/processed_data.pt

========================================================================================
2026-04-03 09:32:44,429 | INFO | SFTrainer | [Phase 2] Starting Model Training...
2026-04-03 09:32:44,429 | INFO | SFTrainer | Loading processed data...
2026-04-03 09:32:44,458 | INFO | SFTrainer | Data ready: RNA=torch.Size([2129, 512]), ATAC=torch.Size([2129, 512]), edges=14903
2026-04-03 09:32:44,458 | INFO | SFTrainer | Initializing model...
2026-04-03 09:32:44,808 | INFO | SFTrainer | Training started.
2026-04-03 09:32:44,808 | INFO | SFTrainer | Training started: epochs=3000
2026-04-03 09:32:46,813 | INFO | SFTrainer | Epoch 010 | total 71.3970 | rec_rna 8.6748 | rec_atac 24.1972 | clip 7.6513 | clip_weight 0.5000 | lr 1.00e-03 | best 71.3970
2026-04-03 09:32:47,945 | INFO | SFTrainer | Epoch 020 | total 67.1141 | rec_rna 8.4232 | rec_atac 21.1957 | clip 7.6048 | clip_weight 0.5000 | lr 1.00e-03 | best 67.1141
2026-04-03 09:32:49,116 | INFO | SFTrainer | Epoch 030 | total 65.5967 | rec_rna 8.3421 | rec_atac 20.1514 | clip 7.4695 | clip_weight 0.5000 | lr 1.00e-03 | best 65.5967
2026-04-03 09:32:50,328 | INFO | SFTrainer | Epoch 040 | total 64.8245 | rec_rna 8.2663 | rec_atac 19.8588 | clip 7.2686 | clip_weight 0.5000 | lr 1.00e-03 | best 64.8245
2026-04-03 09:32:51,516 | INFO | SFTrainer | Epoch 050 | total 63.0999 | rec_rna 8.1420 | rec_atac 18.8462 | clip 7.0879 | clip_weight 0.5000 | lr 1.00e-03 | best 63.0999
2026-04-03 09:32:52,706 | INFO | SFTrainer | Epoch 060 | total 61.7235 | rec_rna 8.0228 | rec_atac 18.1495 | clip 6.9196 | clip_weight 0.5000 | lr 1.00e-03 | best 61.7235
2026-04-03 09:32:53,878 | INFO | SFTrainer | Epoch 070 | total 60.5612 | rec_rna 7.9195 | rec_atac 17.5561 | clip 6.8155 | clip_weight 0.5000 | lr 1.00e-03 | best 60.5612
2026-04-03 09:32:55,048 | INFO | SFTrainer | Epoch 080 | total 59.5275 | rec_rna 7.8290 | rec_atac 17.0313 | clip 6.7020 | clip_weight 0.5000 | lr 1.00e-03 | best 59.5275
2026-04-03 09:32:56,225 | INFO | SFTrainer | Epoch 090 | total 58.5857 | rec_rna 7.7269 | rec_atac 16.6411 | clip 6.6199 | clip_weight 0.5000 | lr 1.00e-03 | best 58.5857
2026-04-03 09:32:57,418 | INFO | SFTrainer | Epoch 100 | total 57.7443 | rec_rna 7.6214 | rec_atac 16.3635 | clip 6.5479 | clip_weight 0.5000 | lr 1.00e-03 | best 57.7443
2026-04-03 09:32:58,627 | INFO | SFTrainer | Epoch 110 | total 56.8643 | rec_rna 7.5014 | rec_atac 16.1076 | clip 6.4991 | clip_weight 0.5000 | lr 1.00e-03 | best 56.8643
2026-04-03 09:32:59,767 | INFO | SFTrainer | Epoch 120 | total 56.0128 | rec_rna 7.3716 | rec_atac 15.9308 | clip 6.4476 | clip_weight 0.5000 | lr 1.00e-03 | best 56.0128
2026-04-03 09:33:00,978 | INFO | SFTrainer | Epoch 130 | total 55.1022 | rec_rna 7.2307 | rec_atac 15.7423 | clip 6.4122 | clip_weight 0.5000 | lr 1.00e-03 | best 55.1022
2026-04-03 09:33:02,149 | INFO | SFTrainer | Epoch 140 | total 54.1532 | rec_rna 7.0811 | rec_atac 15.5593 | clip 6.3767 | clip_weight 0.5000 | lr 1.00e-03 | best 54.1532
2026-04-03 09:33:03,349 | INFO | SFTrainer | Epoch 150 | total 53.2901 | rec_rna 6.9434 | rec_atac 15.3997 | clip 6.3469 | clip_weight 0.5000 | lr 1.00e-03 | best 53.2901
2026-04-03 09:33:04,540 | INFO | SFTrainer | Epoch 160 | total 52.4135 | rec_rna 6.8011 | rec_atac 15.2504 | clip 6.3150 | clip_weight 0.5000 | lr 1.00e-03 | best 52.4135
2026-04-03 09:33:05,751 | INFO | SFTrainer | Epoch 170 | total 51.5727 | rec_rna 6.6698 | rec_atac 15.0774 | clip 6.2922 | clip_weight 0.5000 | lr 1.00e-03 | best 51.5727
2026-04-03 09:33:06,950 | INFO | SFTrainer | Epoch 180 | total 50.7281 | rec_rna 6.5369 | rec_atac 14.9083 | clip 6.2707 | clip_weight 0.5000 | lr 1.00e-03 | best 50.7281
2026-04-03 09:33:08,132 | INFO | SFTrainer | Epoch 190 | total 49.9414 | rec_rna 6.4101 | rec_atac 14.7771 | clip 6.2272 | clip_weight 0.5000 | lr 1.00e-03 | best 49.9414
2026-04-03 09:33:09,331 | INFO | SFTrainer | Epoch 200 | total 49.1387 | rec_rna 6.2868 | rec_atac 14.6009 | clip 6.2074 | clip_weight 0.5000 | lr 1.00e-03 | best 49.1387
2026-04-03 09:33:10,523 | INFO | SFTrainer | Epoch 210 | total 48.3290 | rec_rna 6.1623 | rec_atac 14.4309 | clip 6.1736 | clip_weight 0.5000 | lr 1.00e-03 | best 48.3290
2026-04-03 09:33:11,749 | INFO | SFTrainer | Epoch 220 | total 47.6320 | rec_rna 6.0587 | rec_atac 14.2596 | clip 6.1575 | clip_weight 0.5000 | lr 1.00e-03 | best 47.6320
2026-04-03 09:33:13,141 | INFO | SFTrainer | Epoch 230 | total 46.9229 | rec_rna 5.9455 | rec_atac 14.1198 | clip 6.1509 | clip_weight 0.5000 | lr 1.00e-03 | best 46.9229
2026-04-03 09:33:14,354 | INFO | SFTrainer | Epoch 240 | total 46.1937 | rec_rna 5.8409 | rec_atac 13.9323 | clip 6.1142 | clip_weight 0.5000 | lr 1.00e-03 | best 46.1937
2026-04-03 09:33:15,520 | INFO | SFTrainer | Epoch 250 | total 45.5819 | rec_rna 5.7580 | rec_atac 13.7512 | clip 6.0816 | clip_weight 0.5000 | lr 1.00e-03 | best 45.5819
2026-04-03 09:33:16,704 | INFO | SFTrainer | Epoch 260 | total 44.8693 | rec_rna 5.6533 | rec_atac 13.5679 | clip 6.0698 | clip_weight 0.5000 | lr 1.00e-03 | best 44.8693
2026-04-03 09:33:17,837 | INFO | SFTrainer | Epoch 270 | total 44.1824 | rec_rna 5.5517 | rec_atac 13.4041 | clip 6.0391 | clip_weight 0.5000 | lr 1.00e-03 | best 44.1824
2026-04-03 09:33:18,992 | INFO | SFTrainer | Epoch 280 | total 43.5541 | rec_rna 5.4638 | rec_atac 13.2215 | clip 6.0277 | clip_weight 0.5000 | lr 1.00e-03 | best 43.5541
2026-04-03 09:33:20,190 | INFO | SFTrainer | Epoch 290 | total 42.9334 | rec_rna 5.3842 | rec_atac 13.0119 | clip 6.0011 | clip_weight 0.5000 | lr 1.00e-03 | best 42.9334
2026-04-03 09:33:21,356 | INFO | SFTrainer | Epoch 300 | total 42.3513 | rec_rna 5.3061 | rec_atac 12.8383 | clip 5.9649 | clip_weight 0.5000 | lr 1.00e-03 | best 42.3513
2026-04-03 09:33:22,541 | INFO | SFTrainer | Epoch 310 | total 41.8277 | rec_rna 5.2367 | rec_atac 12.6628 | clip 5.9630 | clip_weight 0.5000 | lr 1.00e-03 | best 41.8277
2026-04-03 09:33:23,578 | INFO | SFTrainer | Epoch 320 | total 41.1377 | rec_rna 5.1441 | rec_atac 12.4576 | clip 5.9190 | clip_weight 0.5000 | lr 1.00e-03 | best 41.1377
2026-04-03 09:33:24,676 | INFO | SFTrainer | Epoch 330 | total 40.6551 | rec_rna 5.0884 | rec_atac 12.2536 | clip 5.9192 | clip_weight 0.5000 | lr 1.00e-03 | best 40.6551
2026-04-03 09:33:25,845 | INFO | SFTrainer | Epoch 340 | total 40.2179 | rec_rna 5.0366 | rec_atac 12.0864 | clip 5.8965 | clip_weight 0.5000 | lr 1.00e-03 | best 40.1914
2026-04-03 09:33:26,949 | INFO | SFTrainer | Epoch 350 | total 39.5857 | rec_rna 4.9540 | rec_atac 11.8827 | clip 5.8662 | clip_weight 0.5000 | lr 1.00e-03 | best 39.5857
2026-04-03 09:33:28,038 | INFO | SFTrainer | Epoch 360 | total 39.0833 | rec_rna 4.8927 | rec_atac 11.6947 | clip 5.8503 | clip_weight 0.5000 | lr 1.00e-03 | best 39.0833
2026-04-03 09:33:29,176 | INFO | SFTrainer | Epoch 370 | total 38.7072 | rec_rna 4.8519 | rec_atac 11.5390 | clip 5.8177 | clip_weight 0.5000 | lr 1.00e-03 | best 38.6937
2026-04-03 09:33:30,429 | INFO | SFTrainer | Epoch 380 | total 38.2116 | rec_rna 4.7851 | rec_atac 11.3697 | clip 5.8325 | clip_weight 0.5000 | lr 1.00e-03 | best 38.2116
2026-04-03 09:33:31,594 | INFO | SFTrainer | Epoch 390 | total 37.7143 | rec_rna 4.7254 | rec_atac 11.1937 | clip 5.7870 | clip_weight 0.5000 | lr 1.00e-03 | best 37.7143
2026-04-03 09:33:32,674 | INFO | SFTrainer | Epoch 400 | total 37.4069 | rec_rna 4.6946 | rec_atac 11.0496 | clip 5.7681 | clip_weight 0.5000 | lr 1.00e-03 | best 37.3500
2026-04-03 09:33:33,819 | INFO | SFTrainer | Epoch 410 | total 36.9479 | rec_rna 4.6419 | rec_atac 10.8694 | clip 5.7376 | clip_weight 0.5000 | lr 1.00e-03 | best 36.9339
2026-04-03 09:33:35,002 | INFO | SFTrainer | Epoch 420 | total 36.5660 | rec_rna 4.5957 | rec_atac 10.7308 | clip 5.7139 | clip_weight 0.5000 | lr 1.00e-03 | best 36.5660
2026-04-03 09:33:36,007 | INFO | SFTrainer | Epoch 430 | total 37.0982 | rec_rna 4.6705 | rec_atac 10.8677 | clip 5.7565 | clip_weight 0.5000 | lr 1.00e-03 | best 36.2655
2026-04-03 09:33:36,845 | INFO | SFTrainer | Epoch 440 | total 36.6379 | rec_rna 4.6232 | rec_atac 10.6291 | clip 5.7857 | clip_weight 0.5000 | lr 1.00e-03 | best 36.2655
2026-04-03 09:33:37,851 | INFO | SFTrainer | Epoch 450 | total 35.9541 | rec_rna 4.5310 | rec_atac 10.4338 | clip 5.7305 | clip_weight 0.5000 | lr 1.00e-03 | best 35.9541
2026-04-03 09:33:38,942 | INFO | SFTrainer | Epoch 460 | total 35.5097 | rec_rna 4.4819 | rec_atac 10.2532 | clip 5.6935 | clip_weight 0.5000 | lr 1.00e-03 | best 35.4990
2026-04-03 09:33:39,986 | INFO | SFTrainer | Epoch 470 | total 34.9917 | rec_rna 4.4140 | rec_atac 10.1022 | clip 5.6389 | clip_weight 0.5000 | lr 1.00e-03 | best 34.9917
2026-04-03 09:33:41,010 | INFO | SFTrainer | Epoch 480 | total 34.6968 | rec_rna 4.3805 | rec_atac 9.9851 | clip 5.6182 | clip_weight 0.5000 | lr 1.00e-03 | best 34.6823
2026-04-03 09:33:42,108 | INFO | SFTrainer | Epoch 490 | total 34.3772 | rec_rna 4.3477 | rec_atac 9.8593 | clip 5.5583 | clip_weight 0.5000 | lr 1.00e-03 | best 34.3527
2026-04-03 09:33:43,232 | INFO | SFTrainer | Epoch 500 | total 34.0166 | rec_rna 4.2996 | rec_atac 9.7488 | clip 5.5398 | clip_weight 0.5000 | lr 1.00e-03 | best 34.0166
2026-04-03 09:33:44,217 | INFO | SFTrainer | Epoch 510 | total 33.7782 | rec_rna 4.2767 | rec_atac 9.6321 | clip 5.5252 | clip_weight 0.5000 | lr 1.00e-03 | best 33.7782
2026-04-03 09:33:45,288 | INFO | SFTrainer | Epoch 520 | total 33.5532 | rec_rna 4.2513 | rec_atac 9.5567 | clip 5.4796 | clip_weight 0.5000 | lr 1.00e-03 | best 33.4700
2026-04-03 09:33:46,351 | INFO | SFTrainer | Epoch 530 | total 33.2529 | rec_rna 4.2132 | rec_atac 9.4486 | clip 5.4763 | clip_weight 0.5000 | lr 1.00e-03 | best 33.2529
2026-04-03 09:33:47,415 | INFO | SFTrainer | Epoch 540 | total 32.9764 | rec_rna 4.1882 | rec_atac 9.3175 | clip 5.4354 | clip_weight 0.5000 | lr 1.00e-03 | best 32.9764
2026-04-03 09:33:48,437 | INFO | SFTrainer | Epoch 550 | total 32.8048 | rec_rna 4.1657 | rec_atac 9.2652 | clip 5.4221 | clip_weight 0.5000 | lr 1.00e-03 | best 32.8048
2026-04-03 09:33:49,471 | INFO | SFTrainer | Epoch 560 | total 32.6093 | rec_rna 4.1459 | rec_atac 9.1801 | clip 5.3996 | clip_weight 0.5000 | lr 1.00e-03 | best 32.6093
2026-04-03 09:33:50,530 | INFO | SFTrainer | Epoch 570 | total 32.3989 | rec_rna 4.1262 | rec_atac 9.0897 | clip 5.3565 | clip_weight 0.5000 | lr 1.00e-03 | best 32.3989
2026-04-03 09:33:51,495 | INFO | SFTrainer | Epoch 580 | total 32.1970 | rec_rna 4.1008 | rec_atac 9.0284 | clip 5.3288 | clip_weight 0.5000 | lr 1.00e-03 | best 32.1362
2026-04-03 09:33:52,533 | INFO | SFTrainer | Epoch 590 | total 31.9671 | rec_rna 4.0720 | rec_atac 8.9499 | clip 5.3147 | clip_weight 0.5000 | lr 1.00e-03 | best 31.9666
2026-04-03 09:33:53,549 | INFO | SFTrainer | Epoch 600 | total 31.7807 | rec_rna 4.0484 | rec_atac 8.8867 | clip 5.3036 | clip_weight 0.5000 | lr 1.00e-03 | best 31.7807
2026-04-03 09:33:54,473 | INFO | SFTrainer | Epoch 610 | total 31.6898 | rec_rna 4.0416 | rec_atac 8.8333 | clip 5.2972 | clip_weight 0.5000 | lr 1.00e-03 | best 31.6355
2026-04-03 09:33:55,525 | INFO | SFTrainer | Epoch 620 | total 31.3740 | rec_rna 4.0087 | rec_atac 8.7107 | clip 5.2397 | clip_weight 0.5000 | lr 1.00e-03 | best 31.3740
2026-04-03 09:33:56,508 | INFO | SFTrainer | Epoch 630 | total 31.2529 | rec_rna 3.9961 | rec_atac 8.6564 | clip 5.2317 | clip_weight 0.5000 | lr 1.00e-03 | best 31.2529
2026-04-03 09:33:57,598 | INFO | SFTrainer | Epoch 640 | total 31.1175 | rec_rna 3.9760 | rec_atac 8.6370 | clip 5.2012 | clip_weight 0.5000 | lr 1.00e-03 | best 31.1175
2026-04-03 09:33:58,604 | INFO | SFTrainer | Epoch 650 | total 30.9585 | rec_rna 3.9625 | rec_atac 8.5705 | clip 5.1508 | clip_weight 0.5000 | lr 1.00e-03 | best 30.9566
2026-04-03 09:33:59,602 | INFO | SFTrainer | Epoch 660 | total 30.8014 | rec_rna 3.9435 | rec_atac 8.5055 | clip 5.1569 | clip_weight 0.5000 | lr 1.00e-03 | best 30.8014
2026-04-03 09:34:00,642 | INFO | SFTrainer | Epoch 670 | total 30.5674 | rec_rna 3.9119 | rec_atac 8.4448 | clip 5.1259 | clip_weight 0.5000 | lr 1.00e-03 | best 30.5674
2026-04-03 09:34:01,499 | INFO | SFTrainer | Epoch 680 | total 30.5936 | rec_rna 3.9243 | rec_atac 8.4233 | clip 5.0981 | clip_weight 0.5000 | lr 1.00e-03 | best 30.4853
2026-04-03 09:34:02,450 | INFO | SFTrainer | Epoch 690 | total 30.4175 | rec_rna 3.9051 | rec_atac 8.3492 | clip 5.0855 | clip_weight 0.5000 | lr 1.00e-03 | best 30.3364
2026-04-03 09:34:03,395 | INFO | SFTrainer | Epoch 700 | total 30.2312 | rec_rna 3.8780 | rec_atac 8.3194 | clip 5.0437 | clip_weight 0.5000 | lr 1.00e-03 | best 30.1830
2026-04-03 09:34:04,451 | INFO | SFTrainer | Epoch 710 | total 30.0158 | rec_rna 3.8550 | rec_atac 8.2424 | clip 4.9966 | clip_weight 0.5000 | lr 1.00e-03 | best 30.0158
2026-04-03 09:34:05,420 | INFO | SFTrainer | Epoch 720 | total 29.8910 | rec_rna 3.8398 | rec_atac 8.1960 | clip 4.9921 | clip_weight 0.5000 | lr 1.00e-03 | best 29.8910
2026-04-03 09:34:06,399 | INFO | SFTrainer | Epoch 730 | total 29.8063 | rec_rna 3.8302 | rec_atac 8.1666 | clip 4.9778 | clip_weight 0.5000 | lr 1.00e-03 | best 29.7528
2026-04-03 09:34:07,349 | INFO | SFTrainer | Epoch 740 | total 29.7558 | rec_rna 3.8273 | rec_atac 8.1487 | clip 4.9413 | clip_weight 0.5000 | lr 1.00e-03 | best 29.6713
2026-04-03 09:34:08,290 | INFO | SFTrainer | Epoch 750 | total 29.5318 | rec_rna 3.8024 | rec_atac 8.0625 | clip 4.9149 | clip_weight 0.5000 | lr 1.00e-03 | best 29.5318
2026-04-03 09:34:09,233 | INFO | SFTrainer | Epoch 760 | total 29.5020 | rec_rna 3.8022 | rec_atac 8.0456 | clip 4.8904 | clip_weight 0.5000 | lr 1.00e-03 | best 29.4883
2026-04-03 09:34:10,263 | INFO | SFTrainer | Epoch 770 | total 29.3519 | rec_rna 3.7872 | rec_atac 7.9858 | clip 4.8600 | clip_weight 0.5000 | lr 1.00e-03 | best 29.3519
2026-04-03 09:34:11,256 | INFO | SFTrainer | Epoch 780 | total 29.1997 | rec_rna 3.7641 | rec_atac 7.9581 | clip 4.8422 | clip_weight 0.5000 | lr 1.00e-03 | best 29.1997
2026-04-03 09:34:12,185 | INFO | SFTrainer | Epoch 790 | total 29.0806 | rec_rna 3.7490 | rec_atac 7.9405 | clip 4.7897 | clip_weight 0.5000 | lr 1.00e-03 | best 29.0806
2026-04-03 09:34:13,129 | INFO | SFTrainer | Epoch 800 | total 28.9672 | rec_rna 3.7388 | rec_atac 7.8883 | clip 4.7701 | clip_weight 0.5000 | lr 1.00e-03 | best 28.9672
2026-04-03 09:34:13,996 | INFO | SFTrainer | Epoch 810 | total 28.9895 | rec_rna 3.7447 | rec_atac 7.8781 | clip 4.7759 | clip_weight 0.5000 | lr 1.00e-03 | best 28.8966
2026-04-03 09:34:14,927 | INFO | SFTrainer | Epoch 820 | total 28.8842 | rec_rna 3.7319 | rec_atac 7.8532 | clip 4.7428 | clip_weight 0.5000 | lr 1.00e-03 | best 28.8562
2026-04-03 09:34:15,891 | INFO | SFTrainer | Epoch 830 | total 28.7626 | rec_rna 3.7208 | rec_atac 7.8000 | clip 4.7168 | clip_weight 0.5000 | lr 1.00e-03 | best 28.6940
2026-04-03 09:34:16,807 | INFO | SFTrainer | Epoch 840 | total 28.6007 | rec_rna 3.6972 | rec_atac 7.7742 | clip 4.6812 | clip_weight 0.5000 | lr 1.00e-03 | best 28.5851
2026-04-03 09:34:17,807 | INFO | SFTrainer | Epoch 850 | total 28.5685 | rec_rna 3.6970 | rec_atac 7.7656 | clip 4.6353 | clip_weight 0.5000 | lr 1.00e-03 | best 28.4625
2026-04-03 09:34:18,732 | INFO | SFTrainer | Epoch 860 | total 28.4119 | rec_rna 3.6764 | rec_atac 7.7120 | clip 4.6357 | clip_weight 0.5000 | lr 1.00e-03 | best 28.3929
2026-04-03 09:34:19,719 | INFO | SFTrainer | Epoch 870 | total 28.3561 | rec_rna 3.6733 | rec_atac 7.6822 | clip 4.6143 | clip_weight 0.5000 | lr 1.00e-03 | best 28.3131
2026-04-03 09:34:20,681 | INFO | SFTrainer | Epoch 880 | total 28.1807 | rec_rna 3.6507 | rec_atac 7.6417 | clip 4.5708 | clip_weight 0.5000 | lr 1.00e-03 | best 28.1807
2026-04-03 09:34:21,607 | INFO | SFTrainer | Epoch 890 | total 28.1854 | rec_rna 3.6535 | rec_atac 7.6414 | clip 4.5531 | clip_weight 0.5000 | lr 1.00e-03 | best 28.1449
2026-04-03 09:34:22,478 | INFO | SFTrainer | Epoch 900 | total 28.1587 | rec_rna 3.6573 | rec_atac 7.6075 | clip 4.5299 | clip_weight 0.5000 | lr 1.00e-03 | best 28.0271
2026-04-03 09:34:23,326 | INFO | SFTrainer | Epoch 910 | total 28.1063 | rec_rna 3.6509 | rec_atac 7.5982 | clip 4.5068 | clip_weight 0.5000 | lr 1.00e-03 | best 28.0271
2026-04-03 09:34:24,289 | INFO | SFTrainer | Epoch 920 | total 27.9818 | rec_rna 3.6348 | rec_atac 7.5703 | clip 4.4753 | clip_weight 0.5000 | lr 1.00e-03 | best 27.9359
2026-04-03 09:34:25,230 | INFO | SFTrainer | Epoch 930 | total 27.9239 | rec_rna 3.6284 | rec_atac 7.5411 | clip 4.4813 | clip_weight 0.5000 | lr 1.00e-03 | best 27.8336
2026-04-03 09:34:26,209 | INFO | SFTrainer | Epoch 940 | total 27.7355 | rec_rna 3.6081 | rec_atac 7.4808 | clip 4.4286 | clip_weight 0.5000 | lr 1.00e-03 | best 27.7355
2026-04-03 09:34:27,161 | INFO | SFTrainer | Epoch 950 | total 27.6458 | rec_rna 3.5989 | rec_atac 7.4616 | clip 4.3788 | clip_weight 0.5000 | lr 1.00e-03 | best 27.6392
2026-04-03 09:34:28,132 | INFO | SFTrainer | Epoch 960 | total 27.6386 | rec_rna 3.6014 | rec_atac 7.4460 | clip 4.3714 | clip_weight 0.5000 | lr 1.00e-03 | best 27.5731
2026-04-03 09:34:29,028 | INFO | SFTrainer | Epoch 970 | total 27.5472 | rec_rna 3.5898 | rec_atac 7.4226 | clip 4.3515 | clip_weight 0.5000 | lr 1.00e-03 | best 27.4779
2026-04-03 09:34:29,926 | INFO | SFTrainer | Epoch 980 | total 27.5141 | rec_rna 3.5862 | rec_atac 7.4249 | clip 4.3160 | clip_weight 0.5000 | lr 1.00e-03 | best 27.4328
2026-04-03 09:34:30,831 | INFO | SFTrainer | Epoch 990 | total 27.4445 | rec_rna 3.5836 | rec_atac 7.3850 | clip 4.2833 | clip_weight 0.5000 | lr 1.00e-03 | best 27.3912
2026-04-03 09:34:31,786 | INFO | SFTrainer | Epoch 1000 | total 27.4374 | rec_rna 3.5821 | rec_atac 7.3891 | clip 4.2757 | clip_weight 0.5000 | lr 1.00e-03 | best 27.2932
2026-04-03 09:34:32,710 | INFO | SFTrainer | Epoch 1010 | total 27.2214 | rec_rna 3.5590 | rec_atac 7.3068 | clip 4.2387 | clip_weight 0.5000 | lr 1.00e-03 | best 27.2214
2026-04-03 09:34:33,619 | INFO | SFTrainer | Epoch 1020 | total 27.2521 | rec_rna 3.5621 | rec_atac 7.3321 | clip 4.2190 | clip_weight 0.5000 | lr 1.00e-03 | best 27.1911
2026-04-03 09:34:34,591 | INFO | SFTrainer | Epoch 1030 | total 27.2308 | rec_rna 3.5566 | rec_atac 7.3554 | clip 4.1849 | clip_weight 0.5000 | lr 1.00e-03 | best 27.0995
2026-04-03 09:34:35,520 | INFO | SFTrainer | Epoch 1040 | total 27.0319 | rec_rna 3.5263 | rec_atac 7.3239 | clip 4.1525 | clip_weight 0.5000 | lr 1.00e-03 | best 27.0319
2026-04-03 09:34:36,419 | INFO | SFTrainer | Epoch 1050 | total 26.8926 | rec_rna 3.5168 | rec_atac 7.2449 | clip 4.1270 | clip_weight 0.5000 | lr 1.00e-03 | best 26.8926
2026-04-03 09:34:37,251 | INFO | SFTrainer | Epoch 1060 | total 26.9631 | rec_rna 3.5328 | rec_atac 7.2446 | clip 4.1092 | clip_weight 0.5000 | lr 1.00e-03 | best 26.8926
2026-04-03 09:34:38,096 | INFO | SFTrainer | Epoch 1070 | total 26.8315 | rec_rna 3.5167 | rec_atac 7.2217 | clip 4.0530 | clip_weight 0.5000 | lr 1.00e-03 | best 26.8315
2026-04-03 09:34:38,977 | INFO | SFTrainer | Epoch 1080 | total 26.8475 | rec_rna 3.5210 | rec_atac 7.2069 | clip 4.0715 | clip_weight 0.5000 | lr 1.00e-03 | best 26.7657
2026-04-03 09:34:39,857 | INFO | SFTrainer | Epoch 1090 | total 26.8083 | rec_rna 3.5214 | rec_atac 7.1938 | clip 4.0153 | clip_weight 0.5000 | lr 1.00e-03 | best 26.7255
2026-04-03 09:34:40,725 | INFO | SFTrainer | Epoch 1100 | total 26.8303 | rec_rna 3.5238 | rec_atac 7.1946 | clip 4.0336 | clip_weight 0.5000 | lr 1.00e-03 | best 26.6709
2026-04-03 09:34:41,630 | INFO | SFTrainer | Epoch 1110 | total 26.5627 | rec_rna 3.4848 | rec_atac 7.1628 | clip 3.9513 | clip_weight 0.5000 | lr 1.00e-03 | best 26.5627
2026-04-03 09:34:42,455 | INFO | SFTrainer | Epoch 1120 | total 26.7007 | rec_rna 3.5127 | rec_atac 7.1699 | clip 3.9341 | clip_weight 0.5000 | lr 1.00e-03 | best 26.5235
2026-04-03 09:34:43,295 | INFO | SFTrainer | Epoch 1130 | total 26.5130 | rec_rna 3.4796 | rec_atac 7.1570 | clip 3.9160 | clip_weight 0.5000 | lr 1.00e-03 | best 26.4994
2026-04-03 09:34:44,196 | INFO | SFTrainer | Epoch 1140 | total 26.4554 | rec_rna 3.4752 | rec_atac 7.1269 | clip 3.9053 | clip_weight 0.5000 | lr 1.00e-03 | best 26.4545
2026-04-03 09:34:45,062 | INFO | SFTrainer | Epoch 1150 | total 26.4285 | rec_rna 3.4788 | rec_atac 7.1045 | clip 3.8598 | clip_weight 0.5000 | lr 1.00e-03 | best 26.3838
2026-04-03 09:34:45,975 | INFO | SFTrainer | Epoch 1160 | total 26.3521 | rec_rna 3.4646 | rec_atac 7.1114 | clip 3.8358 | clip_weight 0.5000 | lr 1.00e-03 | best 26.3521
2026-04-03 09:34:46,839 | INFO | SFTrainer | Epoch 1170 | total 26.2536 | rec_rna 3.4546 | rec_atac 7.0732 | clip 3.8149 | clip_weight 0.5000 | lr 1.00e-03 | best 26.2536
2026-04-03 09:34:47,679 | INFO | SFTrainer | Epoch 1180 | total 26.3191 | rec_rna 3.4718 | rec_atac 7.0629 | clip 3.7940 | clip_weight 0.5000 | lr 1.00e-03 | best 26.2379
2026-04-03 09:34:48,571 | INFO | SFTrainer | Epoch 1190 | total 26.2051 | rec_rna 3.4538 | rec_atac 7.0495 | clip 3.7734 | clip_weight 0.5000 | lr 1.00e-03 | best 26.1202
2026-04-03 09:34:49,395 | INFO | SFTrainer | Epoch 1200 | total 26.1829 | rec_rna 3.4538 | rec_atac 7.0525 | clip 3.7223 | clip_weight 0.5000 | lr 1.00e-03 | best 26.1202
2026-04-03 09:34:50,213 | INFO | SFTrainer | Epoch 1210 | total 26.1475 | rec_rna 3.4512 | rec_atac 7.0412 | clip 3.7001 | clip_weight 0.5000 | lr 1.00e-03 | best 26.1202
2026-04-03 09:34:51,118 | INFO | SFTrainer | Epoch 1220 | total 26.0754 | rec_rna 3.4399 | rec_atac 7.0386 | clip 3.6744 | clip_weight 0.5000 | lr 1.00e-03 | best 26.0754
2026-04-03 09:34:51,988 | INFO | SFTrainer | Epoch 1230 | total 26.0927 | rec_rna 3.4445 | rec_atac 7.0379 | clip 3.6651 | clip_weight 0.5000 | lr 1.00e-03 | best 25.9694
2026-04-03 09:34:52,806 | INFO | SFTrainer | Epoch 1240 | total 25.9374 | rec_rna 3.4254 | rec_atac 6.9908 | clip 3.6393 | clip_weight 0.5000 | lr 1.00e-03 | best 25.8916
2026-04-03 09:34:53,619 | INFO | SFTrainer | Epoch 1250 | total 26.0163 | rec_rna 3.4447 | rec_atac 6.9950 | clip 3.5956 | clip_weight 0.5000 | lr 1.00e-03 | best 25.8460
2026-04-03 09:34:54,476 | INFO | SFTrainer | Epoch 1260 | total 25.8126 | rec_rna 3.4136 | rec_atac 6.9678 | clip 3.5537 | clip_weight 0.5000 | lr 1.00e-03 | best 25.8126
2026-04-03 09:34:55,295 | INFO | SFTrainer | Epoch 1270 | total 25.8866 | rec_rna 3.4342 | rec_atac 6.9531 | clip 3.5249 | clip_weight 0.5000 | lr 1.00e-03 | best 25.7969
2026-04-03 09:34:56,153 | INFO | SFTrainer | Epoch 1280 | total 25.7810 | rec_rna 3.4165 | rec_atac 6.9593 | clip 3.4787 | clip_weight 0.5000 | lr 1.00e-03 | best 25.7444
2026-04-03 09:34:56,966 | INFO | SFTrainer | Epoch 1290 | total 25.7988 | rec_rna 3.4213 | rec_atac 6.9633 | clip 3.4583 | clip_weight 0.5000 | lr 1.00e-03 | best 25.6921
2026-04-03 09:34:57,807 | INFO | SFTrainer | Epoch 1300 | total 25.7610 | rec_rna 3.4241 | rec_atac 6.9198 | clip 3.4419 | clip_weight 0.5000 | lr 1.00e-03 | best 25.6510
2026-04-03 09:34:58,682 | INFO | SFTrainer | Epoch 1310 | total 25.6412 | rec_rna 3.4044 | rec_atac 6.9216 | clip 3.3954 | clip_weight 0.5000 | lr 1.00e-03 | best 25.6157
2026-04-03 09:34:59,537 | INFO | SFTrainer | Epoch 1320 | total 25.6704 | rec_rna 3.4051 | rec_atac 6.9481 | clip 3.3940 | clip_weight 0.5000 | lr 1.00e-03 | best 25.5462
2026-04-03 09:35:00,322 | INFO | SFTrainer | Epoch 1330 | total 25.6061 | rec_rna 3.4050 | rec_atac 6.9129 | clip 3.3362 | clip_weight 0.5000 | lr 1.00e-03 | best 25.5462
2026-04-03 09:35:01,261 | INFO | SFTrainer | Epoch 1340 | total 25.4643 | rec_rna 3.3843 | rec_atac 6.8830 | clip 3.3199 | clip_weight 0.5000 | lr 1.00e-03 | best 25.4643
2026-04-03 09:35:02,162 | INFO | SFTrainer | Epoch 1350 | total 25.5266 | rec_rna 3.3985 | rec_atac 6.8928 | clip 3.2828 | clip_weight 0.5000 | lr 1.00e-03 | best 25.4473
2026-04-03 09:35:03,053 | INFO | SFTrainer | Epoch 1360 | total 25.4360 | rec_rna 3.3885 | rec_atac 6.8656 | clip 3.2554 | clip_weight 0.5000 | lr 1.00e-03 | best 25.3742
2026-04-03 09:35:03,886 | INFO | SFTrainer | Epoch 1370 | total 25.4039 | rec_rna 3.3803 | rec_atac 6.8928 | clip 3.2196 | clip_weight 0.5000 | lr 1.00e-03 | best 25.3620
2026-04-03 09:35:04,739 | INFO | SFTrainer | Epoch 1380 | total 25.3356 | rec_rna 3.3766 | rec_atac 6.8595 | clip 3.1864 | clip_weight 0.5000 | lr 1.00e-03 | best 25.3228
2026-04-03 09:35:05,629 | INFO | SFTrainer | Epoch 1390 | total 25.3629 | rec_rna 3.3868 | rec_atac 6.8507 | clip 3.1568 | clip_weight 0.5000 | lr 1.00e-03 | best 25.2694
2026-04-03 09:35:06,463 | INFO | SFTrainer | Epoch 1400 | total 25.2640 | rec_rna 3.3780 | rec_atac 6.8327 | clip 3.0828 | clip_weight 0.5000 | lr 1.00e-03 | best 25.2234
2026-04-03 09:35:07,322 | INFO | SFTrainer | Epoch 1410 | total 25.2667 | rec_rna 3.3788 | rec_atac 6.8332 | clip 3.0787 | clip_weight 0.5000 | lr 1.00e-03 | best 25.2128
2026-04-03 09:35:08,289 | INFO | SFTrainer | Epoch 1420 | total 25.2185 | rec_rna 3.3757 | rec_atac 6.8238 | clip 3.0325 | clip_weight 0.5000 | lr 1.00e-03 | best 25.1509
2026-04-03 09:35:09,137 | INFO | SFTrainer | Epoch 1430 | total 25.2194 | rec_rna 3.3771 | rec_atac 6.8058 | clip 3.0561 | clip_weight 0.5000 | lr 1.00e-03 | best 25.0972
2026-04-03 09:35:10,066 | INFO | SFTrainer | Epoch 1440 | total 25.1652 | rec_rna 3.3693 | rec_atac 6.8208 | clip 2.9959 | clip_weight 0.5000 | lr 1.00e-03 | best 25.0300
2026-04-03 09:35:10,878 | INFO | SFTrainer | Epoch 1450 | total 25.1258 | rec_rna 3.3678 | rec_atac 6.8033 | clip 2.9666 | clip_weight 0.5000 | lr 1.00e-03 | best 25.0051
2026-04-03 09:35:11,765 | INFO | SFTrainer | Epoch 1460 | total 25.0611 | rec_rna 3.3538 | rec_atac 6.8267 | clip 2.9312 | clip_weight 0.5000 | lr 1.00e-03 | best 24.9692
2026-04-03 09:35:12,626 | INFO | SFTrainer | Epoch 1470 | total 24.9627 | rec_rna 3.3453 | rec_atac 6.7960 | clip 2.8801 | clip_weight 0.5000 | lr 1.00e-03 | best 24.9257
2026-04-03 09:35:13,434 | INFO | SFTrainer | Epoch 1480 | total 24.9443 | rec_rna 3.3494 | rec_atac 6.7767 | clip 2.8408 | clip_weight 0.5000 | lr 1.00e-03 | best 24.8295
2026-04-03 09:35:14,208 | INFO | SFTrainer | Epoch 1490 | total 24.8741 | rec_rna 3.3337 | rec_atac 6.8061 | clip 2.7989 | clip_weight 0.5000 | lr 1.00e-03 | best 24.8295
2026-04-03 09:35:15,026 | INFO | SFTrainer | Epoch 1500 | total 24.8673 | rec_rna 3.3477 | rec_atac 6.7447 | clip 2.7681 | clip_weight 0.5000 | lr 1.00e-03 | best 24.7928
2026-04-03 09:35:15,831 | INFO | SFTrainer | Epoch 1510 | total 24.7975 | rec_rna 3.3434 | rec_atac 6.7148 | clip 2.7309 | clip_weight 0.5000 | lr 1.00e-03 | best 24.7928
2026-04-03 09:35:16,703 | INFO | SFTrainer | Epoch 1520 | total 24.7829 | rec_rna 3.3420 | rec_atac 6.7351 | clip 2.6758 | clip_weight 0.5000 | lr 1.00e-03 | best 24.7829
2026-04-03 09:35:17,640 | INFO | SFTrainer | Epoch 1530 | total 24.8083 | rec_rna 3.3481 | rec_atac 6.7363 | clip 2.6628 | clip_weight 0.5000 | lr 1.00e-03 | best 24.6334
2026-04-03 09:35:18,445 | INFO | SFTrainer | Epoch 1540 | total 24.7361 | rec_rna 3.3396 | rec_atac 6.7393 | clip 2.5975 | clip_weight 0.5000 | lr 1.00e-03 | best 24.6334
2026-04-03 09:35:19,305 | INFO | SFTrainer | Epoch 1550 | total 24.6027 | rec_rna 3.3287 | rec_atac 6.6890 | clip 2.5401 | clip_weight 0.5000 | lr 1.00e-03 | best 24.6027
2026-04-03 09:35:20,169 | INFO | SFTrainer | Epoch 1560 | total 24.5145 | rec_rna 3.3140 | rec_atac 6.6973 | clip 2.4942 | clip_weight 0.5000 | lr 1.00e-03 | best 24.5145
2026-04-03 09:35:20,951 | INFO | SFTrainer | Epoch 1570 | total 24.5710 | rec_rna 3.3268 | rec_atac 6.6888 | clip 2.4958 | clip_weight 0.5000 | lr 1.00e-03 | best 24.5145
2026-04-03 09:35:21,862 | INFO | SFTrainer | Epoch 1580 | total 24.5217 | rec_rna 3.3218 | rec_atac 6.6969 | clip 2.4316 | clip_weight 0.5000 | lr 1.00e-03 | best 24.4736
2026-04-03 09:35:22,731 | INFO | SFTrainer | Epoch 1590 | total 24.5444 | rec_rna 3.3212 | rec_atac 6.7144 | clip 2.4483 | clip_weight 0.5000 | lr 1.00e-03 | best 24.4374
2026-04-03 09:35:23,606 | INFO | SFTrainer | Epoch 1600 | total 24.4585 | rec_rna 3.3159 | rec_atac 6.6910 | clip 2.3760 | clip_weight 0.5000 | lr 1.00e-03 | best 24.4050
2026-04-03 09:35:24,502 | INFO | SFTrainer | Epoch 1610 | total 24.4774 | rec_rna 3.3215 | rec_atac 6.7179 | clip 2.3046 | clip_weight 0.5000 | lr 1.00e-03 | best 24.2771
2026-04-03 09:35:25,315 | INFO | SFTrainer | Epoch 1620 | total 24.2732 | rec_rna 3.2973 | rec_atac 6.6711 | clip 2.2309 | clip_weight 0.5000 | lr 1.00e-03 | best 24.2732
2026-04-03 09:35:26,161 | INFO | SFTrainer | Epoch 1630 | total 24.2428 | rec_rna 3.2910 | rec_atac 6.6586 | clip 2.2588 | clip_weight 0.5000 | lr 1.00e-03 | best 24.2428
2026-04-03 09:35:26,991 | INFO | SFTrainer | Epoch 1640 | total 24.4083 | rec_rna 3.3165 | rec_atac 6.7037 | clip 2.2442 | clip_weight 0.5000 | lr 1.00e-03 | best 24.1868
2026-04-03 09:35:27,828 | INFO | SFTrainer | Epoch 1650 | total 24.2451 | rec_rna 3.3134 | rec_atac 6.6175 | clip 2.1216 | clip_weight 0.5000 | lr 1.00e-03 | best 24.1778
2026-04-03 09:35:28,758 | INFO | SFTrainer | Epoch 1660 | total 24.2118 | rec_rna 3.2993 | rec_atac 6.6463 | clip 2.1385 | clip_weight 0.5000 | lr 1.00e-03 | best 24.0845
2026-04-03 09:35:29,531 | INFO | SFTrainer | Epoch 1670 | total 24.2198 | rec_rna 3.3082 | rec_atac 6.6306 | clip 2.0960 | clip_weight 0.5000 | lr 1.00e-03 | best 24.0845
2026-04-03 09:35:30,299 | INFO | SFTrainer | Epoch 1680 | total 24.1809 | rec_rna 3.3045 | rec_atac 6.6438 | clip 2.0292 | clip_weight 0.5000 | lr 1.00e-03 | best 24.0845
2026-04-03 09:35:31,126 | INFO | SFTrainer | Epoch 1690 | total 24.1812 | rec_rna 3.3051 | rec_atac 6.6643 | clip 1.9825 | clip_weight 0.5000 | lr 1.00e-03 | best 24.0722
2026-04-03 09:35:31,948 | INFO | SFTrainer | Epoch 1700 | total 24.0615 | rec_rna 3.2927 | rec_atac 6.6321 | clip 1.9315 | clip_weight 0.5000 | lr 1.00e-03 | best 24.0213
2026-04-03 09:35:32,807 | INFO | SFTrainer | Epoch 1710 | total 24.0140 | rec_rna 3.2914 | rec_atac 6.6011 | clip 1.9122 | clip_weight 0.5000 | lr 1.00e-03 | best 24.0061
2026-04-03 09:35:33,646 | INFO | SFTrainer | Epoch 1720 | total 24.0289 | rec_rna 3.2878 | rec_atac 6.6484 | clip 1.8834 | clip_weight 0.5000 | lr 1.00e-03 | best 23.9638
2026-04-03 09:35:34,472 | INFO | SFTrainer | Epoch 1730 | total 23.9509 | rec_rna 3.2874 | rec_atac 6.5998 | clip 1.8286 | clip_weight 0.5000 | lr 1.00e-03 | best 23.9509
2026-04-03 09:35:35,331 | INFO | SFTrainer | Epoch 1740 | total 23.9505 | rec_rna 3.2892 | rec_atac 6.6067 | clip 1.7959 | clip_weight 0.5000 | lr 1.00e-03 | best 23.8882
2026-04-03 09:35:36,154 | INFO | SFTrainer | Epoch 1750 | total 23.9435 | rec_rna 3.2969 | rec_atac 6.5966 | clip 1.7246 | clip_weight 0.5000 | lr 1.00e-03 | best 23.8475
2026-04-03 09:35:37,070 | INFO | SFTrainer | Epoch 1760 | total 23.8454 | rec_rna 3.2738 | rec_atac 6.6094 | clip 1.7338 | clip_weight 0.5000 | lr 1.00e-03 | best 23.7876
2026-04-03 09:35:37,938 | INFO | SFTrainer | Epoch 1770 | total 23.8666 | rec_rna 3.2918 | rec_atac 6.5627 | clip 1.6898 | clip_weight 0.5000 | lr 1.00e-03 | best 23.7735
2026-04-03 09:35:38,790 | INFO | SFTrainer | Epoch 1780 | total 23.7982 | rec_rna 3.2749 | rec_atac 6.5757 | clip 1.6966 | clip_weight 0.5000 | lr 1.00e-03 | best 23.7352
2026-04-03 09:35:39,629 | INFO | SFTrainer | Epoch 1790 | total 23.7351 | rec_rna 3.2742 | rec_atac 6.5710 | clip 1.5865 | clip_weight 0.5000 | lr 1.00e-03 | best 23.6974
2026-04-03 09:35:40,491 | INFO | SFTrainer | Epoch 1800 | total 23.7730 | rec_rna 3.2781 | rec_atac 6.5932 | clip 1.5786 | clip_weight 0.5000 | lr 1.00e-03 | best 23.6660
2026-04-03 09:35:41,355 | INFO | SFTrainer | Epoch 1810 | total 23.8014 | rec_rna 3.2840 | rec_atac 6.5800 | clip 1.6030 | clip_weight 0.5000 | lr 1.00e-03 | best 23.6335
2026-04-03 09:35:42,166 | INFO | SFTrainer | Epoch 1820 | total 23.5817 | rec_rna 3.2554 | rec_atac 6.5441 | clip 1.5210 | clip_weight 0.5000 | lr 1.00e-03 | best 23.5817
2026-04-03 09:35:43,019 | INFO | SFTrainer | Epoch 1830 | total 23.6620 | rec_rna 3.2650 | rec_atac 6.5646 | clip 1.5452 | clip_weight 0.5000 | lr 1.00e-03 | best 23.5648
2026-04-03 09:35:43,824 | INFO | SFTrainer | Epoch 1840 | total 23.5938 | rec_rna 3.2642 | rec_atac 6.5276 | clip 1.4904 | clip_weight 0.5000 | lr 1.00e-03 | best 23.5648
2026-04-03 09:35:44,723 | INFO | SFTrainer | Epoch 1850 | total 23.5212 | rec_rna 3.2579 | rec_atac 6.5341 | clip 1.3950 | clip_weight 0.5000 | lr 1.00e-03 | best 23.5101
2026-04-03 09:35:45,568 | INFO | SFTrainer | Epoch 1860 | total 23.5536 | rec_rna 3.2599 | rec_atac 6.5609 | clip 1.3865 | clip_weight 0.5000 | lr 1.00e-03 | best 23.4495
2026-04-03 09:35:46,323 | INFO | SFTrainer | Epoch 1870 | total 23.5293 | rec_rna 3.2586 | rec_atac 6.5320 | clip 1.4088 | clip_weight 0.5000 | lr 1.00e-03 | best 23.4495
2026-04-03 09:35:47,176 | INFO | SFTrainer | Epoch 1880 | total 23.5449 | rec_rna 3.2602 | rec_atac 6.5578 | clip 1.3719 | clip_weight 0.5000 | lr 1.00e-03 | best 23.4192
2026-04-03 09:35:47,974 | INFO | SFTrainer | Epoch 1890 | total 23.4917 | rec_rna 3.2626 | rec_atac 6.5074 | clip 1.3426 | clip_weight 0.5000 | lr 1.00e-03 | best 23.4192
2026-04-03 09:35:48,827 | INFO | SFTrainer | Epoch 1900 | total 23.3489 | rec_rna 3.2383 | rec_atac 6.5063 | clip 1.3021 | clip_weight 0.5000 | lr 1.00e-03 | best 23.3489
2026-04-03 09:35:49,626 | INFO | SFTrainer | Epoch 1910 | total 23.3995 | rec_rna 3.2414 | rec_atac 6.5295 | clip 1.3263 | clip_weight 0.5000 | lr 1.00e-03 | best 23.3489
2026-04-03 09:35:50,454 | INFO | SFTrainer | Epoch 1920 | total 23.4512 | rec_rna 3.2523 | rec_atac 6.5591 | clip 1.2612 | clip_weight 0.5000 | lr 1.00e-03 | best 23.3038
2026-04-03 09:35:51,264 | INFO | SFTrainer | Epoch 1930 | total 23.3932 | rec_rna 3.2468 | rec_atac 6.5189 | clip 1.2810 | clip_weight 0.5000 | lr 1.00e-03 | best 23.2748
2026-04-03 09:35:52,017 | INFO | SFTrainer | Epoch 1940 | total 23.4207 | rec_rna 3.2540 | rec_atac 6.5333 | clip 1.2350 | clip_weight 0.5000 | lr 1.00e-03 | best 23.2748
2026-04-03 09:35:52,869 | INFO | SFTrainer | Epoch 1950 | total 23.3286 | rec_rna 3.2378 | rec_atac 6.5213 | clip 1.2362 | clip_weight 0.5000 | lr 1.00e-03 | best 23.2058
2026-04-03 09:35:53,700 | INFO | SFTrainer | Epoch 1960 | total 23.3261 | rec_rna 3.2433 | rec_atac 6.4992 | clip 1.2206 | clip_weight 0.5000 | lr 1.00e-03 | best 23.2058
2026-04-03 09:35:54,488 | INFO | SFTrainer | Epoch 1970 | total 23.2196 | rec_rna 3.2303 | rec_atac 6.4890 | clip 1.1578 | clip_weight 0.5000 | lr 1.00e-03 | best 23.2058
2026-04-03 09:35:55,302 | INFO | SFTrainer | Epoch 1980 | total 23.3037 | rec_rna 3.2389 | rec_atac 6.5157 | clip 1.1870 | clip_weight 0.5000 | lr 1.00e-03 | best 23.2058
2026-04-03 09:35:56,131 | INFO | SFTrainer | Epoch 1990 | total 23.3566 | rec_rna 3.2525 | rec_atac 6.5047 | clip 1.1792 | clip_weight 0.5000 | lr 1.00e-03 | best 23.1858
2026-04-03 09:35:56,995 | INFO | SFTrainer | Epoch 2000 | total 23.1586 | rec_rna 3.2277 | rec_atac 6.4627 | clip 1.1147 | clip_weight 0.5000 | lr 1.00e-04 | best 23.1193
2026-04-03 09:35:57,803 | INFO | SFTrainer | Epoch 2010 | total 23.1364 | rec_rna 3.2207 | rec_atac 6.4715 | clip 1.1243 | clip_weight 0.4995 | lr 1.00e-04 | best 23.1193
2026-04-03 09:35:58,725 | INFO | SFTrainer | Epoch 2020 | total 22.9375 | rec_rna 3.1953 | rec_atac 6.4138 | clip 1.0988 | clip_weight 0.4980 | lr 1.00e-04 | best 22.9375
2026-04-03 09:35:59,590 | INFO | SFTrainer | Epoch 2030 | total 22.9314 | rec_rna 3.1953 | rec_atac 6.4132 | clip 1.0933 | clip_weight 0.4956 | lr 1.00e-04 | best 22.8580
2026-04-03 09:36:00,532 | INFO | SFTrainer | Epoch 2040 | total 22.7746 | rec_rna 3.1726 | rec_atac 6.3816 | clip 1.0771 | clip_weight 0.4921 | lr 1.00e-04 | best 22.7746
2026-04-03 09:36:01,325 | INFO | SFTrainer | Epoch 2050 | total 22.8250 | rec_rna 3.1790 | rec_atac 6.4037 | clip 1.0787 | clip_weight 0.4878 | lr 1.00e-04 | best 22.7746
2026-04-03 09:36:02,210 | INFO | SFTrainer | Epoch 2060 | total 22.8846 | rec_rna 3.1921 | rec_atac 6.4021 | clip 1.0819 | clip_weight 0.4824 | lr 1.00e-04 | best 22.7523
2026-04-03 09:36:03,090 | INFO | SFTrainer | Epoch 2070 | total 22.8439 | rec_rna 3.1885 | rec_atac 6.3838 | clip 1.0875 | clip_weight 0.4762 | lr 1.00e-04 | best 22.7204
2026-04-03 09:36:03,890 | INFO | SFTrainer | Epoch 2080 | total 22.7246 | rec_rna 3.1795 | rec_atac 6.3426 | clip 1.0331 | clip_weight 0.4691 | lr 1.00e-04 | best 22.7204
2026-04-03 09:36:04,812 | INFO | SFTrainer | Epoch 2090 | total 22.7990 | rec_rna 3.1865 | rec_atac 6.3853 | clip 1.0434 | clip_weight 0.4611 | lr 1.00e-04 | best 22.7031
2026-04-03 09:36:05,750 | INFO | SFTrainer | Epoch 2100 | total 22.6339 | rec_rna 3.1631 | rec_atac 6.3701 | clip 0.9916 | clip_weight 0.4523 | lr 1.00e-04 | best 22.6285
2026-04-03 09:36:06,641 | INFO | SFTrainer | Epoch 2110 | total 22.7103 | rec_rna 3.1793 | rec_atac 6.3576 | clip 1.0302 | clip_weight 0.4426 | lr 1.00e-04 | best 22.5679
2026-04-03 09:36:07,452 | INFO | SFTrainer | Epoch 2120 | total 22.6728 | rec_rna 3.1703 | rec_atac 6.3711 | clip 1.0417 | clip_weight 0.4322 | lr 1.00e-04 | best 22.5679
2026-04-03 09:36:08,306 | INFO | SFTrainer | Epoch 2130 | total 22.5483 | rec_rna 3.1577 | rec_atac 6.3313 | clip 1.0181 | clip_weight 0.4211 | lr 1.00e-04 | best 22.5483
2026-04-03 09:36:09,153 | INFO | SFTrainer | Epoch 2140 | total 22.6562 | rec_rna 3.1755 | rec_atac 6.3504 | clip 1.0467 | clip_weight 0.4094 | lr 1.00e-04 | best 22.5483
2026-04-03 09:36:10,046 | INFO | SFTrainer | Epoch 2150 | total 22.6190 | rec_rna 3.1719 | rec_atac 6.3374 | clip 1.0632 | clip_weight 0.3969 | lr 1.00e-04 | best 22.4991
2026-04-03 09:36:10,894 | INFO | SFTrainer | Epoch 2160 | total 22.5798 | rec_rna 3.1653 | rec_atac 6.3486 | clip 1.0546 | clip_weight 0.3840 | lr 1.00e-04 | best 22.4991
2026-04-03 09:36:11,773 | INFO | SFTrainer | Epoch 2170 | total 22.5828 | rec_rna 3.1706 | rec_atac 6.3462 | clip 1.0360 | clip_weight 0.3704 | lr 1.00e-04 | best 22.4900
2026-04-03 09:36:12,573 | INFO | SFTrainer | Epoch 2180 | total 22.4915 | rec_rna 3.1609 | rec_atac 6.3177 | clip 1.0356 | clip_weight 0.3564 | lr 1.00e-04 | best 22.4900
2026-04-03 09:36:13,397 | INFO | SFTrainer | Epoch 2190 | total 22.5472 | rec_rna 3.1671 | rec_atac 6.3539 | clip 1.0467 | clip_weight 0.3420 | lr 1.00e-04 | best 22.4610
2026-04-03 09:36:14,268 | INFO | SFTrainer | Epoch 2200 | total 22.6134 | rec_rna 3.1742 | rec_atac 6.3953 | clip 1.0607 | clip_weight 0.3273 | lr 1.00e-04 | best 22.4237
2026-04-03 09:36:15,134 | INFO | SFTrainer | Epoch 2210 | total 22.5404 | rec_rna 3.1716 | rec_atac 6.3573 | clip 1.0418 | clip_weight 0.3122 | lr 1.00e-04 | best 22.3787
2026-04-03 09:36:15,944 | INFO | SFTrainer | Epoch 2220 | total 22.5311 | rec_rna 3.1722 | rec_atac 6.3501 | clip 1.0779 | clip_weight 0.2968 | lr 1.00e-04 | best 22.3787
2026-04-03 09:36:16,825 | INFO | SFTrainer | Epoch 2230 | total 22.4072 | rec_rna 3.1547 | rec_atac 6.3504 | clip 1.0074 | clip_weight 0.2813 | lr 1.00e-04 | best 22.3711
2026-04-03 09:36:17,642 | INFO | SFTrainer | Epoch 2240 | total 22.4650 | rec_rna 3.1704 | rec_atac 6.3342 | clip 1.0489 | clip_weight 0.2657 | lr 1.00e-04 | best 22.3000
2026-04-03 09:36:18,437 | INFO | SFTrainer | Epoch 2250 | total 22.3252 | rec_rna 3.1471 | rec_atac 6.3336 | clip 1.0253 | clip_weight 0.2500 | lr 1.00e-04 | best 22.3000
2026-04-03 09:36:19,263 | INFO | SFTrainer | Epoch 2260 | total 22.3738 | rec_rna 3.1562 | rec_atac 6.3452 | clip 1.0555 | clip_weight 0.2343 | lr 1.00e-04 | best 22.3000
2026-04-03 09:36:20,053 | INFO | SFTrainer | Epoch 2270 | total 22.4373 | rec_rna 3.1682 | rec_atac 6.3699 | clip 1.0357 | clip_weight 0.2187 | lr 1.00e-04 | best 22.3000
2026-04-03 09:36:20,926 | INFO | SFTrainer | Epoch 2280 | total 22.3504 | rec_rna 3.1624 | rec_atac 6.3266 | clip 1.0423 | clip_weight 0.2032 | lr 1.00e-04 | best 22.2686
2026-04-03 09:36:21,849 | INFO | SFTrainer | Epoch 2290 | total 22.2294 | rec_rna 3.1498 | rec_atac 6.2861 | clip 1.0343 | clip_weight 0.1878 | lr 1.00e-04 | best 22.2294
2026-04-03 09:36:22,639 | INFO | SFTrainer | Epoch 2300 | total 22.3457 | rec_rna 3.1638 | rec_atac 6.3377 | clip 1.0930 | clip_weight 0.1727 | lr 1.00e-04 | best 22.2294
2026-04-03 09:36:23,441 | INFO | SFTrainer | Epoch 2310 | total 22.2798 | rec_rna 3.1626 | rec_atac 6.3003 | clip 1.0543 | clip_weight 0.1580 | lr 1.00e-04 | best 22.2294
2026-04-03 09:36:24,298 | INFO | SFTrainer | Epoch 2320 | total 22.2820 | rec_rna 3.1576 | rec_atac 6.3395 | clip 1.0757 | clip_weight 0.1436 | lr 1.00e-04 | best 22.2096
2026-04-03 09:36:25,140 | INFO | SFTrainer | Epoch 2330 | total 22.2261 | rec_rna 3.1534 | rec_atac 6.3238 | clip 1.0455 | clip_weight 0.1296 | lr 1.00e-04 | best 22.2096
2026-04-03 09:36:25,999 | INFO | SFTrainer | Epoch 2340 | total 22.1540 | rec_rna 3.1387 | rec_atac 6.3335 | clip 1.0948 | clip_weight 0.1160 | lr 1.00e-04 | best 22.1322
2026-04-03 09:36:26,809 | INFO | SFTrainer | Epoch 2350 | total 22.2857 | rec_rna 3.1677 | rec_atac 6.3338 | clip 1.1027 | clip_weight 0.1031 | lr 1.00e-04 | best 22.1322
2026-04-03 09:36:27,708 | INFO | SFTrainer | Epoch 2360 | total 22.2694 | rec_rna 3.1606 | rec_atac 6.3704 | clip 1.0579 | clip_weight 0.0906 | lr 1.00e-04 | best 22.0833
2026-04-03 09:36:28,513 | INFO | SFTrainer | Epoch 2370 | total 22.2065 | rec_rna 3.1576 | rec_atac 6.3334 | clip 1.0807 | clip_weight 0.0789 | lr 1.00e-04 | best 22.0833
2026-04-03 09:36:29,318 | INFO | SFTrainer | Epoch 2380 | total 22.1582 | rec_rna 3.1544 | rec_atac 6.3157 | clip 1.0439 | clip_weight 0.0678 | lr 1.00e-04 | best 22.0833
2026-04-03 09:36:30,273 | INFO | SFTrainer | Epoch 2390 | total 22.2109 | rec_rna 3.1629 | rec_atac 6.3325 | clip 1.1173 | clip_weight 0.0574 | lr 1.00e-04 | best 22.0399
2026-04-03 09:36:31,113 | INFO | SFTrainer | Epoch 2400 | total 22.0800 | rec_rna 3.1404 | rec_atac 6.3244 | clip 1.1200 | clip_weight 0.0477 | lr 1.00e-04 | best 22.0399
2026-04-03 09:36:32,039 | INFO | SFTrainer | Epoch 2410 | total 22.1114 | rec_rna 3.1478 | rec_atac 6.3293 | clip 1.1124 | clip_weight 0.0389 | lr 1.00e-04 | best 22.0399
2026-04-03 09:36:32,910 | INFO | SFTrainer | Epoch 2420 | total 22.0264 | rec_rna 3.1381 | rec_atac 6.3018 | clip 1.1017 | clip_weight 0.0309 | lr 1.00e-04 | best 22.0252
2026-04-03 09:36:33,781 | INFO | SFTrainer | Epoch 2430 | total 22.1822 | rec_rna 3.1577 | rec_atac 6.3683 | clip 1.0721 | clip_weight 0.0238 | lr 1.00e-04 | best 22.0070
2026-04-03 09:36:34,635 | INFO | SFTrainer | Epoch 2440 | total 22.1077 | rec_rna 3.1522 | rec_atac 6.3275 | clip 1.0972 | clip_weight 0.0176 | lr 1.00e-04 | best 22.0070
2026-04-03 09:36:35,426 | INFO | SFTrainer | Epoch 2450 | total 22.0237 | rec_rna 3.1379 | rec_atac 6.3206 | clip 1.1249 | clip_weight 0.0122 | lr 1.00e-04 | best 22.0070
2026-04-03 09:36:36,415 | INFO | SFTrainer | Epoch 2460 | total 22.0580 | rec_rna 3.1460 | rec_atac 6.3188 | clip 1.1449 | clip_weight 0.0079 | lr 1.00e-04 | best 21.9718
2026-04-03 09:36:37,257 | INFO | SFTrainer | Epoch 2470 | total 22.0587 | rec_rna 3.1500 | rec_atac 6.3039 | clip 1.1149 | clip_weight 0.0044 | lr 1.00e-04 | best 21.9693
2026-04-03 09:36:38,038 | INFO | SFTrainer | Epoch 2480 | total 22.0988 | rec_rna 3.1560 | rec_atac 6.3163 | clip 1.1618 | clip_weight 0.0020 | lr 1.00e-04 | best 21.9693
2026-04-03 09:36:38,895 | INFO | SFTrainer | Epoch 2490 | total 22.0362 | rec_rna 3.1435 | rec_atac 6.3179 | clip 1.1795 | clip_weight 0.0005 | lr 1.00e-04 | best 21.9342
2026-04-03 09:36:39,686 | INFO | SFTrainer | Epoch 2500 | total 22.0189 | rec_rna 3.1394 | rec_atac 6.3218 | clip 0.0000 | clip_weight 0.0000 | lr 1.00e-04 | best 21.9342
2026-04-03 09:36:40,482 | INFO | SFTrainer | Epoch 2510 | total 22.0547 | rec_rna 3.1461 | rec_atac 6.3244 | clip 0.0000 | clip_weight 0.0000 | lr 1.00e-04 | best 21.9342
2026-04-03 09:36:41,248 | INFO | SFTrainer | Epoch 2520 | total 21.9353 | rec_rna 3.1290 | rec_atac 6.2905 | clip 0.0000 | clip_weight 0.0000 | lr 1.00e-04 | best 21.9342
2026-04-03 09:36:42,038 | INFO | SFTrainer | Epoch 2530 | total 21.9433 | rec_rna 3.1329 | rec_atac 6.2787 | clip 0.0000 | clip_weight 0.0000 | lr 1.00e-04 | best 21.9086
2026-04-03 09:36:42,784 | INFO | SFTrainer | Epoch 2540 | total 21.9693 | rec_rna 3.1356 | rec_atac 6.2914 | clip 0.0000 | clip_weight 0.0000 | lr 1.00e-04 | best 21.9086
2026-04-03 09:36:43,536 | INFO | SFTrainer | Epoch 2550 | total 21.9745 | rec_rna 3.1394 | rec_atac 6.2773 | clip 0.0000 | clip_weight 0.0000 | lr 1.00e-04 | best 21.9086
2026-04-03 09:36:44,305 | INFO | SFTrainer | Epoch 2560 | total 22.0637 | rec_rna 3.1541 | rec_atac 6.2932 | clip 0.0000 | clip_weight 0.0000 | lr 1.00e-04 | best 21.9086
2026-04-03 09:36:45,064 | INFO | SFTrainer | Epoch 2570 | total 21.9963 | rec_rna 3.1462 | rec_atac 6.2654 | clip 0.0000 | clip_weight 0.0000 | lr 1.00e-04 | best 21.9086
2026-04-03 09:36:45,868 | INFO | SFTrainer | Epoch 2580 | total 21.9950 | rec_rna 3.1391 | rec_atac 6.2995 | clip 0.0000 | clip_weight 0.0000 | lr 1.00e-04 | best 21.8996
2026-04-03 09:36:46,659 | INFO | SFTrainer | Epoch 2590 | total 22.0330 | rec_rna 3.1466 | rec_atac 6.3001 | clip 0.0000 | clip_weight 0.0000 | lr 1.00e-04 | best 21.8996
2026-04-03 09:36:47,531 | INFO | SFTrainer | Epoch 2600 | total 21.9786 | rec_rna 3.1390 | rec_atac 6.2835 | clip 0.0000 | clip_weight 0.0000 | lr 1.00e-04 | best 21.8846
2026-04-03 09:36:48,398 | INFO | SFTrainer | Epoch 2610 | total 22.0141 | rec_rna 3.1361 | rec_atac 6.3334 | clip 0.0000 | clip_weight 0.0000 | lr 1.00e-04 | best 21.8846
2026-04-03 09:36:49,188 | INFO | SFTrainer | Epoch 2620 | total 21.9999 | rec_rna 3.1445 | rec_atac 6.2773 | clip 0.0000 | clip_weight 0.0000 | lr 1.00e-04 | best 21.8846
2026-04-03 09:36:49,942 | INFO | SFTrainer | Epoch 2630 | total 21.9691 | rec_rna 3.1383 | rec_atac 6.2776 | clip 0.0000 | clip_weight 0.0000 | lr 1.00e-04 | best 21.8846
2026-04-03 09:36:50,694 | INFO | SFTrainer | Epoch 2640 | total 21.9021 | rec_rna 3.1283 | rec_atac 6.2605 | clip 0.0000 | clip_weight 0.0000 | lr 1.00e-04 | best 21.8846
2026-04-03 09:36:51,435 | INFO | SFTrainer | Epoch 2650 | total 21.9980 | rec_rna 3.1380 | rec_atac 6.3079 | clip 0.0000 | clip_weight 0.0000 | lr 1.00e-04 | best 21.8846
2026-04-03 09:36:52,347 | INFO | SFTrainer | Epoch 2660 | total 21.8941 | rec_rna 3.1248 | rec_atac 6.2704 | clip 0.0000 | clip_weight 0.0000 | lr 1.00e-04 | best 21.8846
2026-04-03 09:36:53,119 | INFO | SFTrainer | Epoch 2670 | total 21.9785 | rec_rna 3.1347 | rec_atac 6.3050 | clip 0.0000 | clip_weight 0.0000 | lr 1.00e-04 | best 21.8846
2026-04-03 09:36:53,923 | INFO | SFTrainer | Epoch 2680 | total 22.0299 | rec_rna 3.1455 | rec_atac 6.3024 | clip 0.0000 | clip_weight 0.0000 | lr 1.00e-04 | best 21.8652
2026-04-03 09:36:54,739 | INFO | SFTrainer | Epoch 2690 | total 21.8136 | rec_rna 3.1107 | rec_atac 6.2600 | clip 0.0000 | clip_weight 0.0000 | lr 1.00e-04 | best 21.8136
2026-04-03 09:36:55,483 | INFO | SFTrainer | Epoch 2700 | total 21.9735 | rec_rna 3.1384 | rec_atac 6.2817 | clip 0.0000 | clip_weight 0.0000 | lr 1.00e-04 | best 21.8136
2026-04-03 09:36:56,262 | INFO | SFTrainer | Epoch 2710 | total 22.0092 | rec_rna 3.1395 | rec_atac 6.3117 | clip 0.0000 | clip_weight 0.0000 | lr 1.00e-04 | best 21.8136
2026-04-03 09:36:57,007 | INFO | SFTrainer | Epoch 2720 | total 21.8989 | rec_rna 3.1222 | rec_atac 6.2880 | clip 0.0000 | clip_weight 0.0000 | lr 1.00e-04 | best 21.8136
2026-04-03 09:36:57,762 | INFO | SFTrainer | Epoch 2730 | total 21.9266 | rec_rna 3.1298 | rec_atac 6.2777 | clip 0.0000 | clip_weight 0.0000 | lr 1.00e-04 | best 21.8136
2026-04-03 09:36:58,504 | INFO | SFTrainer | Epoch 2740 | total 21.9343 | rec_rna 3.1274 | rec_atac 6.2971 | clip 0.0000 | clip_weight 0.0000 | lr 1.00e-04 | best 21.8136
2026-04-03 09:36:59,262 | INFO | SFTrainer | Epoch 2750 | total 21.9297 | rec_rna 3.1320 | rec_atac 6.2697 | clip 0.0000 | clip_weight 0.0000 | lr 1.00e-04 | best 21.8136
2026-04-03 09:37:00,056 | INFO | SFTrainer | Epoch 2760 | total 22.0153 | rec_rna 3.1427 | rec_atac 6.3020 | clip 0.0000 | clip_weight 0.0000 | lr 1.00e-04 | best 21.8136
2026-04-03 09:37:00,784 | INFO | SFTrainer | Epoch 2770 | total 21.9166 | rec_rna 3.1326 | rec_atac 6.2538 | clip 0.0000 | clip_weight 0.0000 | lr 1.00e-04 | best 21.8136
2026-04-03 09:37:01,522 | INFO | SFTrainer | Epoch 2780 | total 21.9177 | rec_rna 3.1266 | rec_atac 6.2845 | clip 0.0000 | clip_weight 0.0000 | lr 1.00e-04 | best 21.8136
2026-04-03 09:37:02,290 | INFO | SFTrainer | Epoch 2790 | total 22.0355 | rec_rna 3.1505 | rec_atac 6.2829 | clip 0.0000 | clip_weight 0.0000 | lr 1.00e-04 | best 21.7761
2026-04-03 09:37:03,002 | INFO | SFTrainer | Epoch 2800 | total 21.8950 | rec_rna 3.1236 | rec_atac 6.2769 | clip 0.0000 | clip_weight 0.0000 | lr 1.00e-04 | best 21.7761
2026-04-03 09:37:03,748 | INFO | SFTrainer | Epoch 2810 | total 21.9314 | rec_rna 3.1349 | rec_atac 6.2567 | clip 0.0000 | clip_weight 0.0000 | lr 1.00e-04 | best 21.7761
2026-04-03 09:37:04,502 | INFO | SFTrainer | Epoch 2820 | total 21.9572 | rec_rna 3.1334 | rec_atac 6.2904 | clip 0.0000 | clip_weight 0.0000 | lr 1.00e-04 | best 21.7761
2026-04-03 09:37:05,237 | INFO | SFTrainer | Epoch 2830 | total 21.8898 | rec_rna 3.1271 | rec_atac 6.2544 | clip 0.0000 | clip_weight 0.0000 | lr 1.00e-04 | best 21.7761
2026-04-03 09:37:06,051 | INFO | SFTrainer | Epoch 2840 | total 21.8529 | rec_rna 3.1186 | rec_atac 6.2601 | clip 0.0000 | clip_weight 0.0000 | lr 1.00e-04 | best 21.7761
2026-04-03 09:37:06,812 | INFO | SFTrainer | Epoch 2850 | total 21.9717 | rec_rna 3.1329 | rec_atac 6.3070 | clip 0.0000 | clip_weight 0.0000 | lr 1.00e-04 | best 21.7761
2026-04-03 09:37:07,568 | INFO | SFTrainer | Epoch 2860 | total 21.9203 | rec_rna 3.1215 | rec_atac 6.3126 | clip 0.0000 | clip_weight 0.0000 | lr 1.00e-04 | best 21.7761
2026-04-03 09:37:08,312 | INFO | SFTrainer | Epoch 2870 | total 21.8828 | rec_rna 3.1225 | rec_atac 6.2704 | clip 0.0000 | clip_weight 0.0000 | lr 1.00e-04 | best 21.7761
2026-04-03 09:37:09,049 | INFO | SFTrainer | Epoch 2880 | total 21.7969 | rec_rna 3.1092 | rec_atac 6.2508 | clip 0.0000 | clip_weight 0.0000 | lr 1.00e-04 | best 21.7761
2026-04-03 09:37:09,786 | INFO | SFTrainer | Epoch 2890 | total 21.8959 | rec_rna 3.1256 | rec_atac 6.2679 | clip 0.0000 | clip_weight 0.0000 | lr 1.00e-04 | best 21.7761
2026-04-03 09:37:10,555 | INFO | SFTrainer | Epoch 2900 | total 21.8609 | rec_rna 3.1195 | rec_atac 6.2633 | clip 0.0000 | clip_weight 0.0000 | lr 1.00e-04 | best 21.7761
2026-04-03 09:37:11,314 | INFO | SFTrainer | Epoch 2910 | total 21.8212 | rec_rna 3.1099 | rec_atac 6.2718 | clip 0.0000 | clip_weight 0.0000 | lr 1.00e-04 | best 21.7761
2026-04-03 09:37:12,107 | INFO | SFTrainer | Epoch 2920 | total 21.9557 | rec_rna 3.1317 | rec_atac 6.2973 | clip 0.0000 | clip_weight 0.0000 | lr 1.00e-04 | best 21.6889
2026-04-03 09:37:12,833 | INFO | SFTrainer | Epoch 2930 | total 21.9349 | rec_rna 3.1242 | rec_atac 6.3139 | clip 0.0000 | clip_weight 0.0000 | lr 1.00e-04 | best 21.6889
2026-04-03 09:37:13,552 | INFO | SFTrainer | Epoch 2940 | total 21.8616 | rec_rna 3.1224 | rec_atac 6.2498 | clip 0.0000 | clip_weight 0.0000 | lr 1.00e-04 | best 21.6889
2026-04-03 09:37:14,281 | INFO | SFTrainer | Epoch 2950 | total 21.9070 | rec_rna 3.1228 | rec_atac 6.2929 | clip 0.0000 | clip_weight 0.0000 | lr 1.00e-04 | best 21.6889
2026-04-03 09:37:15,087 | INFO | SFTrainer | Epoch 2960 | total 21.8622 | rec_rna 3.1186 | rec_atac 6.2693 | clip 0.0000 | clip_weight 0.0000 | lr 1.00e-04 | best 21.6889
2026-04-03 09:37:15,860 | INFO | SFTrainer | Epoch 2970 | total 21.8115 | rec_rna 3.1107 | rec_atac 6.2579 | clip 0.0000 | clip_weight 0.0000 | lr 1.00e-04 | best 21.6889
2026-04-03 09:37:16,716 | INFO | SFTrainer | Epoch 2980 | total 21.8167 | rec_rna 3.1171 | rec_atac 6.2310 | clip 0.0000 | clip_weight 0.0000 | lr 1.00e-04 | best 21.6889
2026-04-03 09:37:17,480 | INFO | SFTrainer | Epoch 2990 | total 21.8408 | rec_rna 3.1133 | rec_atac 6.2744 | clip 0.0000 | clip_weight 0.0000 | lr 1.00e-04 | best 21.6889
2026-04-03 09:37:18,221 | INFO | SFTrainer | Epoch 3000 | total 21.8306 | rec_rna 3.1205 | rec_atac 6.2279 | clip 0.0000 | clip_weight 0.0000 | lr 1.00e-04 | best 21.6889
2026-04-03 09:37:18,243 | INFO | SFTrainer | Training finished. Best loss=21.6889
2026-04-03 09:37:18,244 | INFO | SFTrainer | Training run complete.

========================================================================================
2026-04-03 09:37:31,117 | INFO | SFEvaluate | [Phase 3] Evaluation started.
2026-04-03 09:37:31,117 | INFO | SFEvaluate | Loading processed data...
2026-04-03 09:37:31,378 | INFO | SFEvaluate | Initializing model...
2026-04-03 09:37:31,477 | INFO | SFEvaluate | Loading checkpoint: ckpt_best.pth
2026-04-03 09:37:31,523 | INFO | SFEvaluate | Inference running...
2026-04-03 09:37:32,122 | INFO | SFEvaluate | Latent shape: torch.Size([2129, 128])
2026-04-03 09:37:55,954 | INFO | SFEvaluate | Artifacts: ./results/tuning/e11/figures/spatial_analysis.pdf | ./results/tuning/e11/predictions/embedding_joint.h5ad
2026-04-03 09:37:55,954 | INFO | SFEvaluate | Eval metrics | checkpoint=ckpt_best.pth | epoch=BEST (Epoch 3000) | latent_moran=0.4100 | cluster_moran=0.6679
2026-04-03 09:37:55,955 | INFO | SFEvaluate | GT metrics | checkpoint=ckpt_best.pth | epoch=BEST (Epoch 3000) | ARI=0.3661 | NMI=0.5969 | AMI=0.5896 | HOM=0.6424 | n_valid=2129
2026-04-03 09:37:55,955 | INFO | SFEvaluate | Evaluation complete.

========================================================================================
2026-04-03 09:38:08,788 | INFO | SFEvaluateRange | [Range Evaluate] Started. epochs=[1500, 1600, 1700, 1800, 1900, 2000, 2100, 2200, 2300, 2400, 2500, 2600, 2700, 2800, 2900, 3000]
2026-04-03 09:38:08,789 | INFO | SFEvaluateRange | Loading processed data...
2026-04-03 09:38:09,081 | INFO | SFEvaluateRange | Initializing model...
2026-04-03 09:38:09,180 | INFO | SFEvaluateRange | Evaluating epoch 1500 with ckpt_1500.pth
2026-04-03 09:38:33,630 | INFO | SFEvaluateRange | Eval metrics (epoch_1500) | checkpoint=ckpt_1500.pth | epoch=Epoch 1500 | latent_moran=0.3960 | cluster_moran=0.6638
2026-04-03 09:38:33,631 | INFO | SFEvaluateRange | GT metrics (epoch_1500) | checkpoint=ckpt_1500.pth | epoch=Epoch 1500 | ARI=0.4892 | NMI=0.6008 | AMI=0.5935 | HOM=0.6424 | n_valid=2129
2026-04-03 09:38:33,631 | INFO | SFEvaluateRange | Artifacts (epoch_1500): ./results/tuning/e11/figures/spatial_analysis_epoch_1500.pdf | ./results/tuning/e11/predictions/embedding_joint_epoch_1500.h5ad
2026-04-03 09:38:33,631 | INFO | SFEvaluateRange | Evaluating epoch 1600 with ckpt_1600.pth
2026-04-03 09:38:46,872 | INFO | SFEvaluateRange | Eval metrics (epoch_1600) | checkpoint=ckpt_1600.pth | epoch=Epoch 1600 | latent_moran=0.3982 | cluster_moran=0.6333
2026-04-03 09:38:46,872 | INFO | SFEvaluateRange | GT metrics (epoch_1600) | checkpoint=ckpt_1600.pth | epoch=Epoch 1600 | ARI=0.3746 | NMI=0.6005 | AMI=0.5934 | HOM=0.6550 | n_valid=2129
2026-04-03 09:38:46,872 | INFO | SFEvaluateRange | Artifacts (epoch_1600): ./results/tuning/e11/figures/spatial_analysis_epoch_1600.pdf | ./results/tuning/e11/predictions/embedding_joint_epoch_1600.h5ad
2026-04-03 09:38:46,873 | INFO | SFEvaluateRange | Evaluating epoch 1700 with ckpt_1700.pth
2026-04-03 09:39:05,208 | INFO | SFEvaluateRange | Eval metrics (epoch_1700) | checkpoint=ckpt_1700.pth | epoch=Epoch 1700 | latent_moran=0.3975 | cluster_moran=0.6685
2026-04-03 09:39:05,208 | INFO | SFEvaluateRange | GT metrics (epoch_1700) | checkpoint=ckpt_1700.pth | epoch=Epoch 1700 | ARI=0.3265 | NMI=0.5780 | AMI=0.5704 | HOM=0.6263 | n_valid=2129
2026-04-03 09:39:05,208 | INFO | SFEvaluateRange | Artifacts (epoch_1700): ./results/tuning/e11/figures/spatial_analysis_epoch_1700.pdf | ./results/tuning/e11/predictions/embedding_joint_epoch_1700.h5ad
2026-04-03 09:39:05,208 | INFO | SFEvaluateRange | Evaluating epoch 1800 with ckpt_1800.pth
2026-04-03 09:39:18,810 | INFO | SFEvaluateRange | Eval metrics (epoch_1800) | checkpoint=ckpt_1800.pth | epoch=Epoch 1800 | latent_moran=0.4005 | cluster_moran=0.6615
2026-04-03 09:39:18,810 | INFO | SFEvaluateRange | GT metrics (epoch_1800) | checkpoint=ckpt_1800.pth | epoch=Epoch 1800 | ARI=0.3449 | NMI=0.5757 | AMI=0.5681 | HOM=0.6266 | n_valid=2129
2026-04-03 09:39:18,811 | INFO | SFEvaluateRange | Artifacts (epoch_1800): ./results/tuning/e11/figures/spatial_analysis_epoch_1800.pdf | ./results/tuning/e11/predictions/embedding_joint_epoch_1800.h5ad
2026-04-03 09:39:18,811 | INFO | SFEvaluateRange | Evaluating epoch 1900 with ckpt_1900.pth
2026-04-03 09:39:32,470 | INFO | SFEvaluateRange | Eval metrics (epoch_1900) | checkpoint=ckpt_1900.pth | epoch=Epoch 1900 | latent_moran=0.4005 | cluster_moran=0.6789
2026-04-03 09:39:32,471 | INFO | SFEvaluateRange | GT metrics (epoch_1900) | checkpoint=ckpt_1900.pth | epoch=Epoch 1900 | ARI=0.4224 | NMI=0.6073 | AMI=0.6001 | HOM=0.6464 | n_valid=2129
2026-04-03 09:39:32,471 | INFO | SFEvaluateRange | Artifacts (epoch_1900): ./results/tuning/e11/figures/spatial_analysis_epoch_1900.pdf | ./results/tuning/e11/predictions/embedding_joint_epoch_1900.h5ad
2026-04-03 09:39:32,471 | INFO | SFEvaluateRange | Evaluating epoch 2000 with ckpt_best.pth
2026-04-03 09:39:46,248 | INFO | SFEvaluateRange | Eval metrics (epoch_2000_best) | checkpoint=ckpt_best.pth | epoch=Epoch 2000 (BEST) | latent_moran=0.4100 | cluster_moran=0.6679
2026-04-03 09:39:46,248 | INFO | SFEvaluateRange | GT metrics (epoch_2000_best) | checkpoint=ckpt_best.pth | epoch=Epoch 2000 (BEST) | ARI=0.3661 | NMI=0.5969 | AMI=0.5896 | HOM=0.6424 | n_valid=2129
2026-04-03 09:39:46,249 | INFO | SFEvaluateRange | Artifacts (epoch_2000_best): ./results/tuning/e11/figures/spatial_analysis_epoch_2000_best.pdf | ./results/tuning/e11/predictions/embedding_joint_epoch_2000_best.h5ad
2026-04-03 09:39:46,249 | INFO | SFEvaluateRange | Evaluating epoch 2100 with ckpt_2100.pth
2026-04-03 09:40:00,699 | INFO | SFEvaluateRange | Eval metrics (epoch_2100) | checkpoint=ckpt_2100.pth | epoch=Epoch 2100 | latent_moran=0.4028 | cluster_moran=0.6746
2026-04-03 09:40:00,700 | INFO | SFEvaluateRange | GT metrics (epoch_2100) | checkpoint=ckpt_2100.pth | epoch=Epoch 2100 | ARI=0.5054 | NMI=0.6173 | AMI=0.6104 | HOM=0.6637 | n_valid=2129
2026-04-03 09:40:00,700 | INFO | SFEvaluateRange | Artifacts (epoch_2100): ./results/tuning/e11/figures/spatial_analysis_epoch_2100.pdf | ./results/tuning/e11/predictions/embedding_joint_epoch_2100.h5ad
2026-04-03 09:40:00,700 | INFO | SFEvaluateRange | Evaluating epoch 2200 with ckpt_2200.pth
2026-04-03 09:40:14,197 | INFO | SFEvaluateRange | Eval metrics (epoch_2200) | checkpoint=ckpt_2200.pth | epoch=Epoch 2200 | latent_moran=0.4039 | cluster_moran=0.6638
2026-04-03 09:40:14,197 | INFO | SFEvaluateRange | GT metrics (epoch_2200) | checkpoint=ckpt_2200.pth | epoch=Epoch 2200 | ARI=0.3348 | NMI=0.5723 | AMI=0.5646 | HOM=0.6255 | n_valid=2129
2026-04-03 09:40:14,198 | INFO | SFEvaluateRange | Artifacts (epoch_2200): ./results/tuning/e11/figures/spatial_analysis_epoch_2200.pdf | ./results/tuning/e11/predictions/embedding_joint_epoch_2200.h5ad
2026-04-03 09:40:14,198 | INFO | SFEvaluateRange | Evaluating epoch 2300 with ckpt_2300.pth
2026-04-03 09:40:27,677 | INFO | SFEvaluateRange | Eval metrics (epoch_2300) | checkpoint=ckpt_2300.pth | epoch=Epoch 2300 | latent_moran=0.4052 | cluster_moran=0.6548
2026-04-03 09:40:27,677 | INFO | SFEvaluateRange | GT metrics (epoch_2300) | checkpoint=ckpt_2300.pth | epoch=Epoch 2300 | ARI=0.3477 | NMI=0.5828 | AMI=0.5754 | HOM=0.6393 | n_valid=2129
2026-04-03 09:40:27,678 | INFO | SFEvaluateRange | Artifacts (epoch_2300): ./results/tuning/e11/figures/spatial_analysis_epoch_2300.pdf | ./results/tuning/e11/predictions/embedding_joint_epoch_2300.h5ad
2026-04-03 09:40:27,678 | INFO | SFEvaluateRange | Evaluating epoch 2400 with ckpt_2400.pth
2026-04-03 09:40:41,192 | INFO | SFEvaluateRange | Eval metrics (epoch_2400) | checkpoint=ckpt_2400.pth | epoch=Epoch 2400 | latent_moran=0.4062 | cluster_moran=0.6598
2026-04-03 09:40:41,192 | INFO | SFEvaluateRange | GT metrics (epoch_2400) | checkpoint=ckpt_2400.pth | epoch=Epoch 2400 | ARI=0.4003 | NMI=0.5961 | AMI=0.5887 | HOM=0.6425 | n_valid=2129
2026-04-03 09:40:41,193 | INFO | SFEvaluateRange | Artifacts (epoch_2400): ./results/tuning/e11/figures/spatial_analysis_epoch_2400.pdf | ./results/tuning/e11/predictions/embedding_joint_epoch_2400.h5ad
2026-04-03 09:40:41,193 | INFO | SFEvaluateRange | Evaluating epoch 2500 with ckpt_2500.pth
2026-04-03 09:40:56,887 | INFO | SFEvaluateRange | Eval metrics (epoch_2500) | checkpoint=ckpt_2500.pth | epoch=Epoch 2500 | latent_moran=0.4071 | cluster_moran=0.6340
2026-04-03 09:40:56,887 | INFO | SFEvaluateRange | GT metrics (epoch_2500) | checkpoint=ckpt_2500.pth | epoch=Epoch 2500 | ARI=0.3744 | NMI=0.5931 | AMI=0.5858 | HOM=0.6493 | n_valid=2129
2026-04-03 09:40:56,888 | INFO | SFEvaluateRange | Artifacts (epoch_2500): ./results/tuning/e11/figures/spatial_analysis_epoch_2500.pdf | ./results/tuning/e11/predictions/embedding_joint_epoch_2500.h5ad
2026-04-03 09:40:56,888 | INFO | SFEvaluateRange | Evaluating epoch 2600 with ckpt_2600.pth
2026-04-03 09:41:11,921 | INFO | SFEvaluateRange | Eval metrics (epoch_2600) | checkpoint=ckpt_2600.pth | epoch=Epoch 2600 | latent_moran=0.4075 | cluster_moran=0.6430
2026-04-03 09:41:11,921 | INFO | SFEvaluateRange | GT metrics (epoch_2600) | checkpoint=ckpt_2600.pth | epoch=Epoch 2600 | ARI=0.4194 | NMI=0.6026 | AMI=0.5955 | HOM=0.6569 | n_valid=2129
2026-04-03 09:41:11,922 | INFO | SFEvaluateRange | Artifacts (epoch_2600): ./results/tuning/e11/figures/spatial_analysis_epoch_2600.pdf | ./results/tuning/e11/predictions/embedding_joint_epoch_2600.h5ad
2026-04-03 09:41:11,922 | INFO | SFEvaluateRange | Evaluating epoch 2700 with ckpt_2700.pth
2026-04-03 09:41:28,464 | INFO | SFEvaluateRange | Eval metrics (epoch_2700) | checkpoint=ckpt_2700.pth | epoch=Epoch 2700 | latent_moran=0.4086 | cluster_moran=0.6666
2026-04-03 09:41:28,464 | INFO | SFEvaluateRange | GT metrics (epoch_2700) | checkpoint=ckpt_2700.pth | epoch=Epoch 2700 | ARI=0.3462 | NMI=0.5756 | AMI=0.5679 | HOM=0.6181 | n_valid=2129
2026-04-03 09:41:28,464 | INFO | SFEvaluateRange | Artifacts (epoch_2700): ./results/tuning/e11/figures/spatial_analysis_epoch_2700.pdf | ./results/tuning/e11/predictions/embedding_joint_epoch_2700.h5ad
2026-04-03 09:41:28,465 | INFO | SFEvaluateRange | Evaluating epoch 2800 with ckpt_2800.pth
2026-04-03 09:41:41,831 | INFO | SFEvaluateRange | Eval metrics (epoch_2800) | checkpoint=ckpt_2800.pth | epoch=Epoch 2800 | latent_moran=0.4087 | cluster_moran=0.6655
2026-04-03 09:41:41,831 | INFO | SFEvaluateRange | GT metrics (epoch_2800) | checkpoint=ckpt_2800.pth | epoch=Epoch 2800 | ARI=0.4093 | NMI=0.6139 | AMI=0.6069 | HOM=0.6619 | n_valid=2129
2026-04-03 09:41:41,831 | INFO | SFEvaluateRange | Artifacts (epoch_2800): ./results/tuning/e11/figures/spatial_analysis_epoch_2800.pdf | ./results/tuning/e11/predictions/embedding_joint_epoch_2800.h5ad
2026-04-03 09:41:41,832 | INFO | SFEvaluateRange | Evaluating epoch 2900 with ckpt_2900.pth
2026-04-03 09:41:56,991 | INFO | SFEvaluateRange | Eval metrics (epoch_2900) | checkpoint=ckpt_2900.pth | epoch=Epoch 2900 | latent_moran=0.4104 | cluster_moran=0.6625
2026-04-03 09:41:56,991 | INFO | SFEvaluateRange | GT metrics (epoch_2900) | checkpoint=ckpt_2900.pth | epoch=Epoch 2900 | ARI=0.4813 | NMI=0.6189 | AMI=0.6120 | HOM=0.6668 | n_valid=2129
2026-04-03 09:41:56,992 | INFO | SFEvaluateRange | Artifacts (epoch_2900): ./results/tuning/e11/figures/spatial_analysis_epoch_2900.pdf | ./results/tuning/e11/predictions/embedding_joint_epoch_2900.h5ad
2026-04-03 09:41:56,992 | INFO | SFEvaluateRange | Evaluating epoch 3000 with ckpt_3000.pth
2026-04-03 09:42:11,835 | INFO | SFEvaluateRange | Eval metrics (epoch_3000) | checkpoint=ckpt_3000.pth | epoch=Epoch 3000 | latent_moran=0.4103 | cluster_moran=0.6509
2026-04-03 09:42:11,835 | INFO | SFEvaluateRange | GT metrics (epoch_3000) | checkpoint=ckpt_3000.pth | epoch=Epoch 3000 | ARI=0.3625 | NMI=0.5846 | AMI=0.5772 | HOM=0.6357 | n_valid=2129
2026-04-03 09:42:11,836 | INFO | SFEvaluateRange | Artifacts (epoch_3000): ./results/tuning/e11/figures/spatial_analysis_epoch_3000.pdf | ./results/tuning/e11/predictions/embedding_joint_epoch_3000.h5ad
2026-04-03 09:42:11,836 | INFO | SFEvaluateRange | Range evaluation complete. Success=16 | Failed/Skipped=0

========================================================================================
