2026-04-03 12:01:30,667 | INFO | SFPreprocess | [Phase 1] Starting Data Preprocessing...
2026-04-03 12:01:30,667 | INFO | SFPreprocess | Loading raw data...
2026-04-03 12:01:30,667 | INFO | SFPreprocess | Data loader: paired h5ad
2026-04-03 12:02:09,209 | INFO | SFPreprocess | Aligned final cells: RNA=1949, ATAC=1949
2026-04-03 12:02:30,906 | INFO | SFPreprocess | Reduced shapes: RNA=(1949, 512), ATAC=(1949, 512)
2026-04-03 12:02:33,162 | INFO | SFPreprocess | Saving processed tensors...
2026-04-03 12:02:33,188 | INFO | SFPreprocess | Preprocessing complete: data/processed/e15_5_s1/tuning/k9_a0p7/processed_data.pt

========================================================================================
2026-04-03 12:02:39,411 | INFO | SFTrainer | [Phase 2] Starting Model Training...
2026-04-03 12:02:39,411 | INFO | SFTrainer | Loading processed data...
2026-04-03 12:02:39,432 | INFO | SFTrainer | Data ready: RNA=torch.Size([1949, 512]), ATAC=torch.Size([1949, 512]), edges=17541
2026-04-03 12:02:39,432 | INFO | SFTrainer | Initializing model...
2026-04-03 12:02:39,773 | INFO | SFTrainer | Training started.
2026-04-03 12:02:39,773 | INFO | SFTrainer | Training started: epochs=3000
2026-04-03 12:02:41,652 | INFO | SFTrainer | Epoch 010 | total 69.7824 | rec_rna 7.6875 | rec_atac 27.5685 | clip 7.5535 | clip_weight 0.5000 | lr 1.00e-03 | best 69.7824
2026-04-03 12:02:42,749 | INFO | SFTrainer | Epoch 020 | total 65.3662 | rec_rna 7.4898 | rec_atac 24.1942 | clip 7.4463 | clip_weight 0.5000 | lr 1.00e-03 | best 65.3662
2026-04-03 12:02:43,849 | INFO | SFTrainer | Epoch 030 | total 63.3012 | rec_rna 7.3874 | rec_atac 22.7558 | clip 7.2162 | clip_weight 0.5000 | lr 1.00e-03 | best 63.3012
2026-04-03 12:02:44,965 | INFO | SFTrainer | Epoch 040 | total 61.8656 | rec_rna 7.2444 | rec_atac 22.1602 | clip 6.9663 | clip_weight 0.5000 | lr 1.00e-03 | best 61.8656
2026-04-03 12:02:46,106 | INFO | SFTrainer | Epoch 050 | total 59.8446 | rec_rna 7.0727 | rec_atac 21.0889 | clip 6.7841 | clip_weight 0.5000 | lr 1.00e-03 | best 59.8446
2026-04-03 12:02:47,257 | INFO | SFTrainer | Epoch 060 | total 57.6504 | rec_rna 6.9155 | rec_atac 19.7390 | clip 6.6678 | clip_weight 0.5000 | lr 1.00e-03 | best 57.6504
2026-04-03 12:02:48,387 | INFO | SFTrainer | Epoch 070 | total 56.1648 | rec_rna 6.7934 | rec_atac 18.9122 | clip 6.5709 | clip_weight 0.5000 | lr 1.00e-03 | best 56.1648
2026-04-03 12:02:49,556 | INFO | SFTrainer | Epoch 080 | total 55.0587 | rec_rna 6.6983 | rec_atac 18.3118 | clip 6.5111 | clip_weight 0.5000 | lr 1.00e-03 | best 55.0587
2026-04-03 12:02:50,688 | INFO | SFTrainer | Epoch 090 | total 53.9950 | rec_rna 6.6031 | rec_atac 17.7602 | clip 6.4390 | clip_weight 0.5000 | lr 1.00e-03 | best 53.9950
2026-04-03 12:02:51,850 | INFO | SFTrainer | Epoch 100 | total 52.9979 | rec_rna 6.5061 | rec_atac 17.2805 | clip 6.3741 | clip_weight 0.5000 | lr 1.00e-03 | best 52.9979
2026-04-03 12:02:53,030 | INFO | SFTrainer | Epoch 110 | total 52.0682 | rec_rna 6.4016 | rec_atac 16.8919 | clip 6.3364 | clip_weight 0.5000 | lr 1.00e-03 | best 52.0682
2026-04-03 12:02:54,132 | INFO | SFTrainer | Epoch 120 | total 51.0799 | rec_rna 6.2846 | rec_atac 16.5161 | clip 6.2817 | clip_weight 0.5000 | lr 1.00e-03 | best 51.0799
2026-04-03 12:02:55,264 | INFO | SFTrainer | Epoch 130 | total 50.1482 | rec_rna 6.1611 | rec_atac 16.2179 | clip 6.2496 | clip_weight 0.5000 | lr 1.00e-03 | best 50.1482
2026-04-03 12:02:56,387 | INFO | SFTrainer | Epoch 140 | total 49.2250 | rec_rna 6.0354 | rec_atac 15.9330 | clip 6.2303 | clip_weight 0.5000 | lr 1.00e-03 | best 49.2250
2026-04-03 12:02:57,570 | INFO | SFTrainer | Epoch 150 | total 48.3227 | rec_rna 5.9051 | rec_atac 15.7047 | clip 6.1846 | clip_weight 0.5000 | lr 1.00e-03 | best 48.3227
2026-04-03 12:02:58,762 | INFO | SFTrainer | Epoch 160 | total 47.4286 | rec_rna 5.7756 | rec_atac 15.4719 | clip 6.1576 | clip_weight 0.5000 | lr 1.00e-03 | best 47.4286
2026-04-03 12:02:59,893 | INFO | SFTrainer | Epoch 170 | total 46.6218 | rec_rna 5.6567 | rec_atac 15.2726 | clip 6.1314 | clip_weight 0.5000 | lr 1.00e-03 | best 46.6218
2026-04-03 12:03:01,030 | INFO | SFTrainer | Epoch 180 | total 45.8547 | rec_rna 5.5490 | rec_atac 15.0550 | clip 6.1096 | clip_weight 0.5000 | lr 1.00e-03 | best 45.8547
2026-04-03 12:03:02,200 | INFO | SFTrainer | Epoch 190 | total 45.0586 | rec_rna 5.4326 | rec_atac 14.8585 | clip 6.0738 | clip_weight 0.5000 | lr 1.00e-03 | best 45.0455
2026-04-03 12:03:03,352 | INFO | SFTrainer | Epoch 200 | total 44.2363 | rec_rna 5.3131 | rec_atac 14.6549 | clip 6.0319 | clip_weight 0.5000 | lr 1.00e-03 | best 44.2363
2026-04-03 12:03:04,518 | INFO | SFTrainer | Epoch 210 | total 43.5005 | rec_rna 5.2125 | rec_atac 14.4304 | clip 6.0148 | clip_weight 0.5000 | lr 1.00e-03 | best 43.5005
2026-04-03 12:03:05,696 | INFO | SFTrainer | Epoch 220 | total 42.7355 | rec_rna 5.1024 | rec_atac 14.2155 | clip 6.0162 | clip_weight 0.5000 | lr 1.00e-03 | best 42.7355
2026-04-03 12:03:06,830 | INFO | SFTrainer | Epoch 230 | total 41.9729 | rec_rna 5.0014 | rec_atac 13.9779 | clip 5.9759 | clip_weight 0.5000 | lr 1.00e-03 | best 41.9729
2026-04-03 12:03:07,914 | INFO | SFTrainer | Epoch 240 | total 41.3237 | rec_rna 4.9124 | rec_atac 13.7939 | clip 5.9360 | clip_weight 0.5000 | lr 1.00e-03 | best 41.3237
2026-04-03 12:03:08,993 | INFO | SFTrainer | Epoch 250 | total 40.6569 | rec_rna 4.8268 | rec_atac 13.5616 | clip 5.9222 | clip_weight 0.5000 | lr 1.00e-03 | best 40.6569
2026-04-03 12:03:10,050 | INFO | SFTrainer | Epoch 260 | total 40.0095 | rec_rna 4.7455 | rec_atac 13.3330 | clip 5.8983 | clip_weight 0.5000 | lr 1.00e-03 | best 40.0095
2026-04-03 12:03:11,159 | INFO | SFTrainer | Epoch 270 | total 39.3695 | rec_rna 4.6581 | rec_atac 13.1305 | clip 5.8971 | clip_weight 0.5000 | lr 1.00e-03 | best 39.3695
2026-04-03 12:03:12,212 | INFO | SFTrainer | Epoch 280 | total 38.7791 | rec_rna 4.5862 | rec_atac 12.9221 | clip 5.8518 | clip_weight 0.5000 | lr 1.00e-03 | best 38.7791
2026-04-03 12:03:13,318 | INFO | SFTrainer | Epoch 290 | total 38.2198 | rec_rna 4.5168 | rec_atac 12.7187 | clip 5.8337 | clip_weight 0.5000 | lr 1.00e-03 | best 38.2198
2026-04-03 12:03:14,338 | INFO | SFTrainer | Epoch 300 | total 37.6453 | rec_rna 4.4450 | rec_atac 12.5098 | clip 5.8214 | clip_weight 0.5000 | lr 1.00e-03 | best 37.6453
2026-04-03 12:03:15,456 | INFO | SFTrainer | Epoch 310 | total 37.0476 | rec_rna 4.3731 | rec_atac 12.2931 | clip 5.7777 | clip_weight 0.5000 | lr 1.00e-03 | best 37.0476
2026-04-03 12:03:16,460 | INFO | SFTrainer | Epoch 320 | total 36.5703 | rec_rna 4.3162 | rec_atac 12.1081 | clip 5.7620 | clip_weight 0.5000 | lr 1.00e-03 | best 36.5530
2026-04-03 12:03:17,585 | INFO | SFTrainer | Epoch 330 | total 36.0423 | rec_rna 4.2573 | rec_atac 11.8882 | clip 5.7349 | clip_weight 0.5000 | lr 1.00e-03 | best 36.0423
2026-04-03 12:03:18,628 | INFO | SFTrainer | Epoch 340 | total 35.5099 | rec_rna 4.1949 | rec_atac 11.6840 | clip 5.7030 | clip_weight 0.5000 | lr 1.00e-03 | best 35.5099
2026-04-03 12:03:19,727 | INFO | SFTrainer | Epoch 350 | total 35.0281 | rec_rna 4.1323 | rec_atac 11.5300 | clip 5.6727 | clip_weight 0.5000 | lr 1.00e-03 | best 35.0281
2026-04-03 12:03:20,813 | INFO | SFTrainer | Epoch 360 | total 34.6465 | rec_rna 4.0949 | rec_atac 11.3392 | clip 5.6655 | clip_weight 0.5000 | lr 1.00e-03 | best 34.6465
2026-04-03 12:03:21,877 | INFO | SFTrainer | Epoch 370 | total 34.1758 | rec_rna 4.0361 | rec_atac 11.1684 | clip 5.6538 | clip_weight 0.5000 | lr 1.00e-03 | best 34.1758
2026-04-03 12:03:23,128 | INFO | SFTrainer | Epoch 380 | total 33.8404 | rec_rna 4.0089 | rec_atac 10.9879 | clip 5.6162 | clip_weight 0.5000 | lr 1.00e-03 | best 33.7731
2026-04-03 12:03:24,242 | INFO | SFTrainer | Epoch 390 | total 33.3881 | rec_rna 3.9584 | rec_atac 10.8043 | clip 5.5835 | clip_weight 0.5000 | lr 1.00e-03 | best 33.3881
2026-04-03 12:03:25,228 | INFO | SFTrainer | Epoch 400 | total 33.0185 | rec_rna 3.9120 | rec_atac 10.6861 | clip 5.5450 | clip_weight 0.5000 | lr 1.00e-03 | best 32.9689
2026-04-03 12:03:26,269 | INFO | SFTrainer | Epoch 410 | total 32.6262 | rec_rna 3.8664 | rec_atac 10.5310 | clip 5.5265 | clip_weight 0.5000 | lr 1.00e-03 | best 32.6262
2026-04-03 12:03:27,308 | INFO | SFTrainer | Epoch 420 | total 32.2361 | rec_rna 3.8240 | rec_atac 10.3707 | clip 5.4903 | clip_weight 0.5000 | lr 1.00e-03 | best 32.2361
2026-04-03 12:03:28,261 | INFO | SFTrainer | Epoch 430 | total 31.9702 | rec_rna 3.7952 | rec_atac 10.2579 | clip 5.4729 | clip_weight 0.5000 | lr 1.00e-03 | best 31.9458
2026-04-03 12:03:29,283 | INFO | SFTrainer | Epoch 440 | total 31.6281 | rec_rna 3.7570 | rec_atac 10.1110 | clip 5.4641 | clip_weight 0.5000 | lr 1.00e-03 | best 31.6281
2026-04-03 12:03:30,343 | INFO | SFTrainer | Epoch 450 | total 31.1943 | rec_rna 3.7137 | rec_atac 9.9250 | clip 5.4018 | clip_weight 0.5000 | lr 1.00e-03 | best 31.1943
2026-04-03 12:03:31,278 | INFO | SFTrainer | Epoch 460 | total 30.9849 | rec_rna 3.6863 | rec_atac 9.8651 | clip 5.3767 | clip_weight 0.5000 | lr 1.00e-03 | best 30.9849
2026-04-03 12:03:32,204 | INFO | SFTrainer | Epoch 470 | total 30.7101 | rec_rna 3.6573 | rec_atac 9.7437 | clip 5.3599 | clip_weight 0.5000 | lr 1.00e-03 | best 30.7038
2026-04-03 12:03:33,228 | INFO | SFTrainer | Epoch 480 | total 30.4866 | rec_rna 3.6329 | rec_atac 9.6500 | clip 5.3444 | clip_weight 0.5000 | lr 1.00e-03 | best 30.4866
2026-04-03 12:03:34,216 | INFO | SFTrainer | Epoch 490 | total 30.2165 | rec_rna 3.6044 | rec_atac 9.5361 | clip 5.3173 | clip_weight 0.5000 | lr 1.00e-03 | best 30.2165
2026-04-03 12:03:35,146 | INFO | SFTrainer | Epoch 500 | total 29.9473 | rec_rna 3.5806 | rec_atac 9.3945 | clip 5.2993 | clip_weight 0.5000 | lr 1.00e-03 | best 29.9374
2026-04-03 12:03:36,135 | INFO | SFTrainer | Epoch 510 | total 29.7948 | rec_rna 3.5669 | rec_atac 9.3279 | clip 5.2652 | clip_weight 0.5000 | lr 1.00e-03 | best 29.7891
2026-04-03 12:03:37,210 | INFO | SFTrainer | Epoch 520 | total 29.5546 | rec_rna 3.5376 | rec_atac 9.2390 | clip 5.2555 | clip_weight 0.5000 | lr 1.00e-03 | best 29.5546
2026-04-03 12:03:38,239 | INFO | SFTrainer | Epoch 530 | total 29.3098 | rec_rna 3.5157 | rec_atac 9.1265 | clip 5.2096 | clip_weight 0.5000 | lr 1.00e-03 | best 29.2693
2026-04-03 12:03:39,231 | INFO | SFTrainer | Epoch 540 | total 29.0929 | rec_rna 3.4839 | rec_atac 9.0837 | clip 5.1794 | clip_weight 0.5000 | lr 1.00e-03 | best 29.0929
2026-04-03 12:03:40,146 | INFO | SFTrainer | Epoch 550 | total 28.9169 | rec_rna 3.4713 | rec_atac 8.9761 | clip 5.1689 | clip_weight 0.5000 | lr 1.00e-03 | best 28.8520
2026-04-03 12:03:41,154 | INFO | SFTrainer | Epoch 560 | total 28.6855 | rec_rna 3.4468 | rec_atac 8.8936 | clip 5.1157 | clip_weight 0.5000 | lr 1.00e-03 | best 28.6820
2026-04-03 12:03:42,137 | INFO | SFTrainer | Epoch 570 | total 28.5113 | rec_rna 3.4274 | rec_atac 8.8264 | clip 5.0963 | clip_weight 0.5000 | lr 1.00e-03 | best 28.5113
2026-04-03 12:03:43,083 | INFO | SFTrainer | Epoch 580 | total 28.2287 | rec_rna 3.3903 | rec_atac 8.7442 | clip 5.0657 | clip_weight 0.5000 | lr 1.00e-03 | best 28.2278
2026-04-03 12:03:44,091 | INFO | SFTrainer | Epoch 590 | total 28.0612 | rec_rna 3.3776 | rec_atac 8.6579 | clip 5.0306 | clip_weight 0.5000 | lr 1.00e-03 | best 28.0612
2026-04-03 12:03:45,052 | INFO | SFTrainer | Epoch 600 | total 27.9559 | rec_rna 3.3710 | rec_atac 8.5917 | clip 5.0181 | clip_weight 0.5000 | lr 1.00e-03 | best 27.9559
2026-04-03 12:03:46,051 | INFO | SFTrainer | Epoch 610 | total 27.7488 | rec_rna 3.3464 | rec_atac 8.5132 | clip 5.0073 | clip_weight 0.5000 | lr 1.00e-03 | best 27.7488
2026-04-03 12:03:46,934 | INFO | SFTrainer | Epoch 620 | total 27.6386 | rec_rna 3.3405 | rec_atac 8.4696 | clip 4.9327 | clip_weight 0.5000 | lr 1.00e-03 | best 27.6227
2026-04-03 12:03:47,868 | INFO | SFTrainer | Epoch 630 | total 27.4693 | rec_rna 3.3166 | rec_atac 8.4250 | clip 4.9229 | clip_weight 0.5000 | lr 1.00e-03 | best 27.4425
2026-04-03 12:03:48,756 | INFO | SFTrainer | Epoch 640 | total 27.4399 | rec_rna 3.3170 | rec_atac 8.4026 | clip 4.9047 | clip_weight 0.5000 | lr 1.00e-03 | best 27.3239
2026-04-03 12:03:49,675 | INFO | SFTrainer | Epoch 650 | total 27.1420 | rec_rna 3.2805 | rec_atac 8.3060 | clip 4.8674 | clip_weight 0.5000 | lr 1.00e-03 | best 27.1373
2026-04-03 12:03:50,568 | INFO | SFTrainer | Epoch 660 | total 27.0944 | rec_rna 3.2742 | rec_atac 8.3041 | clip 4.8388 | clip_weight 0.5000 | lr 1.00e-03 | best 26.9630
2026-04-03 12:03:51,390 | INFO | SFTrainer | Epoch 670 | total 26.9410 | rec_rna 3.2609 | rec_atac 8.2270 | clip 4.8193 | clip_weight 0.5000 | lr 1.00e-03 | best 26.9203
2026-04-03 12:03:52,326 | INFO | SFTrainer | Epoch 680 | total 26.7536 | rec_rna 3.2389 | rec_atac 8.1648 | clip 4.7887 | clip_weight 0.5000 | lr 1.00e-03 | best 26.7482
2026-04-03 12:03:53,311 | INFO | SFTrainer | Epoch 690 | total 26.6835 | rec_rna 3.2380 | rec_atac 8.1122 | clip 4.7623 | clip_weight 0.5000 | lr 1.00e-03 | best 26.6486
2026-04-03 12:03:54,311 | INFO | SFTrainer | Epoch 700 | total 26.5384 | rec_rna 3.2154 | rec_atac 8.0982 | clip 4.7265 | clip_weight 0.5000 | lr 1.00e-03 | best 26.5384
2026-04-03 12:03:55,266 | INFO | SFTrainer | Epoch 710 | total 26.4413 | rec_rna 3.2091 | rec_atac 8.0349 | clip 4.7220 | clip_weight 0.5000 | lr 1.00e-03 | best 26.3064
2026-04-03 12:03:56,123 | INFO | SFTrainer | Epoch 720 | total 26.2686 | rec_rna 3.1896 | rec_atac 7.9840 | clip 4.6728 | clip_weight 0.5000 | lr 1.00e-03 | best 26.2686
2026-04-03 12:03:57,110 | INFO | SFTrainer | Epoch 730 | total 26.1423 | rec_rna 3.1767 | rec_atac 7.9378 | clip 4.6420 | clip_weight 0.5000 | lr 1.00e-03 | best 26.0587
2026-04-03 12:03:57,968 | INFO | SFTrainer | Epoch 740 | total 26.0679 | rec_rna 3.1684 | rec_atac 7.9117 | clip 4.6289 | clip_weight 0.5000 | lr 1.00e-03 | best 26.0224
2026-04-03 12:03:58,885 | INFO | SFTrainer | Epoch 750 | total 25.9076 | rec_rna 3.1496 | rec_atac 7.8708 | clip 4.5777 | clip_weight 0.5000 | lr 1.00e-03 | best 25.9076
2026-04-03 12:03:59,842 | INFO | SFTrainer | Epoch 760 | total 25.8038 | rec_rna 3.1387 | rec_atac 7.8439 | clip 4.5328 | clip_weight 0.5000 | lr 1.00e-03 | best 25.8038
2026-04-03 12:04:00,790 | INFO | SFTrainer | Epoch 770 | total 25.7186 | rec_rna 3.1369 | rec_atac 7.7749 | clip 4.5187 | clip_weight 0.5000 | lr 1.00e-03 | best 25.6795
2026-04-03 12:04:01,724 | INFO | SFTrainer | Epoch 780 | total 25.5182 | rec_rna 3.1096 | rec_atac 7.7370 | clip 4.4662 | clip_weight 0.5000 | lr 1.00e-03 | best 25.5182
2026-04-03 12:04:02,602 | INFO | SFTrainer | Epoch 790 | total 25.5159 | rec_rna 3.1151 | rec_atac 7.7018 | clip 4.4774 | clip_weight 0.5000 | lr 1.00e-03 | best 25.5103
2026-04-03 12:04:03,499 | INFO | SFTrainer | Epoch 800 | total 25.3953 | rec_rna 3.0963 | rec_atac 7.6947 | clip 4.4385 | clip_weight 0.5000 | lr 1.00e-03 | best 25.3953
2026-04-03 12:04:04,362 | INFO | SFTrainer | Epoch 810 | total 25.4150 | rec_rna 3.1093 | rec_atac 7.6709 | clip 4.3949 | clip_weight 0.5000 | lr 1.00e-03 | best 25.3283
2026-04-03 12:04:05,307 | INFO | SFTrainer | Epoch 820 | total 25.2959 | rec_rna 3.0968 | rec_atac 7.6256 | clip 4.3726 | clip_weight 0.5000 | lr 1.00e-03 | best 25.2067
2026-04-03 12:04:06,167 | INFO | SFTrainer | Epoch 830 | total 25.1742 | rec_rna 3.0797 | rec_atac 7.6018 | clip 4.3479 | clip_weight 0.5000 | lr 1.00e-03 | best 25.1305
2026-04-03 12:04:06,976 | INFO | SFTrainer | Epoch 840 | total 25.1119 | rec_rna 3.0782 | rec_atac 7.5677 | clip 4.3068 | clip_weight 0.5000 | lr 1.00e-03 | best 25.0461
2026-04-03 12:04:07,885 | INFO | SFTrainer | Epoch 850 | total 24.9946 | rec_rna 3.0614 | rec_atac 7.5510 | clip 4.2738 | clip_weight 0.5000 | lr 1.00e-03 | best 24.9586
2026-04-03 12:04:08,838 | INFO | SFTrainer | Epoch 860 | total 24.9664 | rec_rna 3.0559 | rec_atac 7.5590 | clip 4.2561 | clip_weight 0.5000 | lr 1.00e-03 | best 24.8745
2026-04-03 12:04:09,705 | INFO | SFTrainer | Epoch 870 | total 24.8242 | rec_rna 3.0424 | rec_atac 7.5041 | clip 4.2161 | clip_weight 0.5000 | lr 1.00e-03 | best 24.7859
2026-04-03 12:04:10,640 | INFO | SFTrainer | Epoch 880 | total 24.7147 | rec_rna 3.0234 | rec_atac 7.4935 | clip 4.2083 | clip_weight 0.5000 | lr 1.00e-03 | best 24.6861
2026-04-03 12:04:11,494 | INFO | SFTrainer | Epoch 890 | total 24.6175 | rec_rna 3.0216 | rec_atac 7.4441 | clip 4.1310 | clip_weight 0.5000 | lr 1.00e-03 | best 24.5970
2026-04-03 12:04:12,415 | INFO | SFTrainer | Epoch 900 | total 24.5502 | rec_rna 3.0129 | rec_atac 7.4201 | clip 4.1310 | clip_weight 0.5000 | lr 1.00e-03 | best 24.5451
2026-04-03 12:04:13,314 | INFO | SFTrainer | Epoch 910 | total 24.4426 | rec_rna 3.0002 | rec_atac 7.4043 | clip 4.0749 | clip_weight 0.5000 | lr 1.00e-03 | best 24.4266
2026-04-03 12:04:14,193 | INFO | SFTrainer | Epoch 920 | total 24.3512 | rec_rna 2.9962 | rec_atac 7.3584 | clip 4.0234 | clip_weight 0.5000 | lr 1.00e-03 | best 24.3512
2026-04-03 12:04:15,035 | INFO | SFTrainer | Epoch 930 | total 24.3866 | rec_rna 3.0049 | rec_atac 7.3496 | clip 4.0247 | clip_weight 0.5000 | lr 1.00e-03 | best 24.3108
2026-04-03 12:04:15,953 | INFO | SFTrainer | Epoch 940 | total 24.2645 | rec_rna 2.9933 | rec_atac 7.3123 | clip 3.9717 | clip_weight 0.5000 | lr 1.00e-03 | best 24.2305
2026-04-03 12:04:16,859 | INFO | SFTrainer | Epoch 950 | total 24.1867 | rec_rna 2.9909 | rec_atac 7.2811 | clip 3.9018 | clip_weight 0.5000 | lr 1.00e-03 | best 24.1589
2026-04-03 12:04:17,729 | INFO | SFTrainer | Epoch 960 | total 24.1597 | rec_rna 2.9862 | rec_atac 7.2840 | clip 3.8897 | clip_weight 0.5000 | lr 1.00e-03 | best 24.0499
2026-04-03 12:04:18,607 | INFO | SFTrainer | Epoch 970 | total 23.9756 | rec_rna 2.9656 | rec_atac 7.2265 | clip 3.8425 | clip_weight 0.5000 | lr 1.00e-03 | best 23.9756
2026-04-03 12:04:19,489 | INFO | SFTrainer | Epoch 980 | total 24.0038 | rec_rna 2.9681 | rec_atac 7.2442 | clip 3.8383 | clip_weight 0.5000 | lr 1.00e-03 | best 23.9100
2026-04-03 12:04:20,314 | INFO | SFTrainer | Epoch 990 | total 23.8992 | rec_rna 2.9559 | rec_atac 7.2207 | clip 3.7980 | clip_weight 0.5000 | lr 1.00e-03 | best 23.8787
2026-04-03 12:04:21,184 | INFO | SFTrainer | Epoch 1000 | total 23.8274 | rec_rna 2.9551 | rec_atac 7.1740 | clip 3.7555 | clip_weight 0.5000 | lr 1.00e-03 | best 23.7869
2026-04-03 12:04:22,083 | INFO | SFTrainer | Epoch 1010 | total 23.7204 | rec_rna 2.9482 | rec_atac 7.1134 | clip 3.7322 | clip_weight 0.5000 | lr 1.00e-03 | best 23.7155
2026-04-03 12:04:22,893 | INFO | SFTrainer | Epoch 1020 | total 23.6487 | rec_rna 2.9313 | rec_atac 7.1621 | clip 3.6603 | clip_weight 0.5000 | lr 1.00e-03 | best 23.6365
2026-04-03 12:04:23,858 | INFO | SFTrainer | Epoch 1030 | total 23.5632 | rec_rna 2.9221 | rec_atac 7.1357 | clip 3.6340 | clip_weight 0.5000 | lr 1.00e-03 | best 23.5632
2026-04-03 12:04:24,703 | INFO | SFTrainer | Epoch 1040 | total 23.6565 | rec_rna 2.9403 | rec_atac 7.1653 | clip 3.5789 | clip_weight 0.5000 | lr 1.00e-03 | best 23.4935
2026-04-03 12:04:25,606 | INFO | SFTrainer | Epoch 1050 | total 23.4172 | rec_rna 2.9093 | rec_atac 7.0847 | clip 3.5722 | clip_weight 0.5000 | lr 1.00e-03 | best 23.4172
2026-04-03 12:04:26,548 | INFO | SFTrainer | Epoch 1060 | total 23.4600 | rec_rna 2.9235 | rec_atac 7.0710 | clip 3.5430 | clip_weight 0.5000 | lr 1.00e-03 | best 23.3996
2026-04-03 12:04:27,399 | INFO | SFTrainer | Epoch 1070 | total 23.4064 | rec_rna 2.9179 | rec_atac 7.0732 | clip 3.4877 | clip_weight 0.5000 | lr 1.00e-03 | best 23.3381
2026-04-03 12:04:28,304 | INFO | SFTrainer | Epoch 1080 | total 23.2526 | rec_rna 2.8981 | rec_atac 7.0375 | clip 3.4493 | clip_weight 0.5000 | lr 1.00e-03 | best 23.2526
2026-04-03 12:04:29,201 | INFO | SFTrainer | Epoch 1090 | total 23.2317 | rec_rna 2.9001 | rec_atac 7.0294 | clip 3.4033 | clip_weight 0.5000 | lr 1.00e-03 | best 23.2124
2026-04-03 12:04:30,176 | INFO | SFTrainer | Epoch 1100 | total 23.2387 | rec_rna 2.8927 | rec_atac 7.0726 | clip 3.4050 | clip_weight 0.5000 | lr 1.00e-03 | best 23.1115
2026-04-03 12:04:31,035 | INFO | SFTrainer | Epoch 1110 | total 23.1389 | rec_rna 2.8950 | rec_atac 6.9956 | clip 3.3363 | clip_weight 0.5000 | lr 1.00e-03 | best 23.0599
2026-04-03 12:04:31,891 | INFO | SFTrainer | Epoch 1120 | total 23.1746 | rec_rna 2.8971 | rec_atac 7.0320 | clip 3.3141 | clip_weight 0.5000 | lr 1.00e-03 | best 22.9659
2026-04-03 12:04:32,694 | INFO | SFTrainer | Epoch 1130 | total 23.0791 | rec_rna 2.8942 | rec_atac 6.9730 | clip 3.2703 | clip_weight 0.5000 | lr 1.00e-03 | best 22.9659
2026-04-03 12:04:33,526 | INFO | SFTrainer | Epoch 1140 | total 22.9293 | rec_rna 2.8708 | rec_atac 6.9602 | clip 3.2300 | clip_weight 0.5000 | lr 1.00e-03 | best 22.9190
2026-04-03 12:04:34,392 | INFO | SFTrainer | Epoch 1150 | total 22.9278 | rec_rna 2.8732 | rec_atac 6.9525 | clip 3.2188 | clip_weight 0.5000 | lr 1.00e-03 | best 22.8819
2026-04-03 12:04:35,336 | INFO | SFTrainer | Epoch 1160 | total 22.7651 | rec_rna 2.8557 | rec_atac 6.9103 | clip 3.1531 | clip_weight 0.5000 | lr 1.00e-03 | best 22.7651
2026-04-03 12:04:36,185 | INFO | SFTrainer | Epoch 1170 | total 22.8541 | rec_rna 2.8724 | rec_atac 6.9287 | clip 3.1266 | clip_weight 0.5000 | lr 1.00e-03 | best 22.7419
2026-04-03 12:04:37,068 | INFO | SFTrainer | Epoch 1180 | total 22.7230 | rec_rna 2.8592 | rec_atac 6.9062 | clip 3.0420 | clip_weight 0.5000 | lr 1.00e-03 | best 22.7160
2026-04-03 12:04:37,897 | INFO | SFTrainer | Epoch 1190 | total 22.6203 | rec_rna 2.8405 | rec_atac 6.9195 | clip 2.9972 | clip_weight 0.5000 | lr 1.00e-03 | best 22.5554
2026-04-03 12:04:38,688 | INFO | SFTrainer | Epoch 1200 | total 22.6639 | rec_rna 2.8572 | rec_atac 6.8792 | clip 2.9976 | clip_weight 0.5000 | lr 1.00e-03 | best 22.5554
2026-04-03 12:04:39,585 | INFO | SFTrainer | Epoch 1210 | total 22.6215 | rec_rna 2.8510 | rec_atac 6.8788 | clip 2.9751 | clip_weight 0.5000 | lr 1.00e-03 | best 22.5368
2026-04-03 12:04:40,514 | INFO | SFTrainer | Epoch 1220 | total 22.4888 | rec_rna 2.8386 | rec_atac 6.8362 | clip 2.9195 | clip_weight 0.5000 | lr 1.00e-03 | best 22.4888
2026-04-03 12:04:41,453 | INFO | SFTrainer | Epoch 1230 | total 22.3639 | rec_rna 2.8263 | rec_atac 6.8130 | clip 2.8389 | clip_weight 0.5000 | lr 1.00e-03 | best 22.3639
2026-04-03 12:04:42,326 | INFO | SFTrainer | Epoch 1240 | total 22.3747 | rec_rna 2.8304 | rec_atac 6.8059 | clip 2.8332 | clip_weight 0.5000 | lr 1.00e-03 | best 22.3615
2026-04-03 12:04:43,216 | INFO | SFTrainer | Epoch 1250 | total 22.4315 | rec_rna 2.8391 | rec_atac 6.8315 | clip 2.8091 | clip_weight 0.5000 | lr 1.00e-03 | best 22.3247
2026-04-03 12:04:44,182 | INFO | SFTrainer | Epoch 1260 | total 22.3421 | rec_rna 2.8315 | rec_atac 6.8102 | clip 2.7490 | clip_weight 0.5000 | lr 1.00e-03 | best 22.2785
2026-04-03 12:04:45,100 | INFO | SFTrainer | Epoch 1270 | total 22.2589 | rec_rna 2.8174 | rec_atac 6.7915 | clip 2.7607 | clip_weight 0.5000 | lr 1.00e-03 | best 22.2541
2026-04-03 12:04:46,000 | INFO | SFTrainer | Epoch 1280 | total 22.1710 | rec_rna 2.8099 | rec_atac 6.7837 | clip 2.6753 | clip_weight 0.5000 | lr 1.00e-03 | best 22.1710
2026-04-03 12:04:46,854 | INFO | SFTrainer | Epoch 1290 | total 22.2489 | rec_rna 2.8278 | rec_atac 6.7876 | clip 2.6446 | clip_weight 0.5000 | lr 1.00e-03 | best 22.1266
2026-04-03 12:04:47,770 | INFO | SFTrainer | Epoch 1300 | total 22.0725 | rec_rna 2.8101 | rec_atac 6.7214 | clip 2.6012 | clip_weight 0.5000 | lr 1.00e-03 | best 22.0417
2026-04-03 12:04:48,593 | INFO | SFTrainer | Epoch 1310 | total 22.0418 | rec_rna 2.8068 | rec_atac 6.7262 | clip 2.5634 | clip_weight 0.5000 | lr 1.00e-03 | best 22.0417
2026-04-03 12:04:49,426 | INFO | SFTrainer | Epoch 1320 | total 22.0503 | rec_rna 2.8171 | rec_atac 6.7097 | clip 2.5105 | clip_weight 0.5000 | lr 1.00e-03 | best 22.0354
2026-04-03 12:04:50,325 | INFO | SFTrainer | Epoch 1330 | total 21.9841 | rec_rna 2.7993 | rec_atac 6.7353 | clip 2.5046 | clip_weight 0.5000 | lr 1.00e-03 | best 21.9529
2026-04-03 12:04:51,205 | INFO | SFTrainer | Epoch 1340 | total 21.9131 | rec_rna 2.7897 | rec_atac 6.7532 | clip 2.4232 | clip_weight 0.5000 | lr 1.00e-03 | best 21.8769
2026-04-03 12:04:52,089 | INFO | SFTrainer | Epoch 1350 | total 21.8408 | rec_rna 2.7905 | rec_atac 6.7007 | clip 2.3751 | clip_weight 0.5000 | lr 1.00e-03 | best 21.8116
2026-04-03 12:04:52,996 | INFO | SFTrainer | Epoch 1360 | total 21.8281 | rec_rna 2.7875 | rec_atac 6.7143 | clip 2.3522 | clip_weight 0.5000 | lr 1.00e-03 | best 21.8097
2026-04-03 12:04:53,822 | INFO | SFTrainer | Epoch 1370 | total 21.8053 | rec_rna 2.7927 | rec_atac 6.6873 | clip 2.3094 | clip_weight 0.5000 | lr 1.00e-03 | best 21.7976
2026-04-03 12:04:54,713 | INFO | SFTrainer | Epoch 1380 | total 21.7518 | rec_rna 2.7789 | rec_atac 6.7132 | clip 2.2883 | clip_weight 0.5000 | lr 1.00e-03 | best 21.7261
2026-04-03 12:04:55,548 | INFO | SFTrainer | Epoch 1390 | total 21.7235 | rec_rna 2.7796 | rec_atac 6.7090 | clip 2.2327 | clip_weight 0.5000 | lr 1.00e-03 | best 21.6630
2026-04-03 12:04:56,472 | INFO | SFTrainer | Epoch 1400 | total 21.5480 | rec_rna 2.7692 | rec_atac 6.6201 | clip 2.1639 | clip_weight 0.5000 | lr 1.00e-03 | best 21.5480
2026-04-03 12:04:57,296 | INFO | SFTrainer | Epoch 1410 | total 21.6607 | rec_rna 2.7763 | rec_atac 6.6878 | clip 2.1822 | clip_weight 0.5000 | lr 1.00e-03 | best 21.5480
2026-04-03 12:04:58,171 | INFO | SFTrainer | Epoch 1420 | total 21.6530 | rec_rna 2.7846 | rec_atac 6.6574 | clip 2.1452 | clip_weight 0.5000 | lr 1.00e-03 | best 21.5014
2026-04-03 12:04:58,983 | INFO | SFTrainer | Epoch 1430 | total 21.5462 | rec_rna 2.7716 | rec_atac 6.6416 | clip 2.0935 | clip_weight 0.5000 | lr 1.00e-03 | best 21.5014
2026-04-03 12:04:59,844 | INFO | SFTrainer | Epoch 1440 | total 21.4842 | rec_rna 2.7594 | rec_atac 6.6694 | clip 2.0353 | clip_weight 0.5000 | lr 1.00e-03 | best 21.4021
2026-04-03 12:05:00,669 | INFO | SFTrainer | Epoch 1450 | total 21.4500 | rec_rna 2.7654 | rec_atac 6.6237 | clip 1.9986 | clip_weight 0.5000 | lr 1.00e-03 | best 21.4021
2026-04-03 12:05:01,597 | INFO | SFTrainer | Epoch 1460 | total 21.4077 | rec_rna 2.7591 | rec_atac 6.6312 | clip 1.9618 | clip_weight 0.5000 | lr 1.00e-03 | best 21.3628
2026-04-03 12:05:02,458 | INFO | SFTrainer | Epoch 1470 | total 21.3564 | rec_rna 2.7563 | rec_atac 6.6110 | clip 1.9278 | clip_weight 0.5000 | lr 1.00e-03 | best 21.3227
2026-04-03 12:05:03,321 | INFO | SFTrainer | Epoch 1480 | total 21.3310 | rec_rna 2.7539 | rec_atac 6.6124 | clip 1.8983 | clip_weight 0.5000 | lr 1.00e-03 | best 21.2673
2026-04-03 12:05:04,190 | INFO | SFTrainer | Epoch 1490 | total 21.2652 | rec_rna 2.7525 | rec_atac 6.5722 | clip 1.8611 | clip_weight 0.5000 | lr 1.00e-03 | best 21.2296
2026-04-03 12:05:05,031 | INFO | SFTrainer | Epoch 1500 | total 21.2464 | rec_rna 2.7492 | rec_atac 6.5906 | clip 1.8190 | clip_weight 0.5000 | lr 1.00e-03 | best 21.1487
2026-04-03 12:05:05,882 | INFO | SFTrainer | Epoch 1510 | total 21.1669 | rec_rna 2.7403 | rec_atac 6.5707 | clip 1.7891 | clip_weight 0.5000 | lr 1.00e-03 | best 21.1405
2026-04-03 12:05:06,714 | INFO | SFTrainer | Epoch 1520 | total 21.2029 | rec_rna 2.7556 | rec_atac 6.5548 | clip 1.7400 | clip_weight 0.5000 | lr 1.00e-03 | best 21.1164
2026-04-03 12:05:07,644 | INFO | SFTrainer | Epoch 1530 | total 21.1989 | rec_rna 2.7607 | rec_atac 6.5435 | clip 1.7042 | clip_weight 0.5000 | lr 1.00e-03 | best 21.0533
2026-04-03 12:05:08,529 | INFO | SFTrainer | Epoch 1540 | total 21.1292 | rec_rna 2.7427 | rec_atac 6.5649 | clip 1.7016 | clip_weight 0.5000 | lr 1.00e-03 | best 21.0357
2026-04-03 12:05:09,343 | INFO | SFTrainer | Epoch 1550 | total 21.0450 | rec_rna 2.7306 | rec_atac 6.5844 | clip 1.6146 | clip_weight 0.5000 | lr 1.00e-03 | best 21.0357
2026-04-03 12:05:10,248 | INFO | SFTrainer | Epoch 1560 | total 21.0107 | rec_rna 2.7346 | rec_atac 6.5464 | clip 1.5827 | clip_weight 0.5000 | lr 1.00e-03 | best 20.9723
2026-04-03 12:05:11,076 | INFO | SFTrainer | Epoch 1570 | total 20.9701 | rec_rna 2.7342 | rec_atac 6.5296 | clip 1.5387 | clip_weight 0.5000 | lr 1.00e-03 | best 20.9671
2026-04-03 12:05:11,976 | INFO | SFTrainer | Epoch 1580 | total 20.9506 | rec_rna 2.7365 | rec_atac 6.4936 | clip 1.5489 | clip_weight 0.5000 | lr 1.00e-03 | best 20.8578
2026-04-03 12:05:12,834 | INFO | SFTrainer | Epoch 1590 | total 20.8523 | rec_rna 2.7207 | rec_atac 6.5049 | clip 1.4879 | clip_weight 0.5000 | lr 1.00e-03 | best 20.8519
2026-04-03 12:05:13,741 | INFO | SFTrainer | Epoch 1600 | total 20.9104 | rec_rna 2.7237 | rec_atac 6.5389 | clip 1.5059 | clip_weight 0.5000 | lr 1.00e-03 | best 20.8067
2026-04-03 12:05:14,599 | INFO | SFTrainer | Epoch 1610 | total 20.8512 | rec_rna 2.7200 | rec_atac 6.5304 | clip 1.4416 | clip_weight 0.5000 | lr 1.00e-03 | best 20.7901
2026-04-03 12:05:15,439 | INFO | SFTrainer | Epoch 1620 | total 20.7569 | rec_rna 2.7049 | rec_atac 6.5244 | clip 1.4157 | clip_weight 0.5000 | lr 1.00e-03 | best 20.7505
2026-04-03 12:05:16,300 | INFO | SFTrainer | Epoch 1630 | total 20.7227 | rec_rna 2.7088 | rec_atac 6.4821 | clip 1.3937 | clip_weight 0.5000 | lr 1.00e-03 | best 20.7141
2026-04-03 12:05:17,162 | INFO | SFTrainer | Epoch 1640 | total 20.6932 | rec_rna 2.7074 | rec_atac 6.4719 | clip 1.3690 | clip_weight 0.5000 | lr 1.00e-03 | best 20.6481
2026-04-03 12:05:17,981 | INFO | SFTrainer | Epoch 1650 | total 20.7290 | rec_rna 2.7145 | rec_atac 6.4772 | clip 1.3584 | clip_weight 0.5000 | lr 1.00e-03 | best 20.6481
2026-04-03 12:05:18,926 | INFO | SFTrainer | Epoch 1660 | total 20.5877 | rec_rna 2.7016 | rec_atac 6.4371 | clip 1.2853 | clip_weight 0.5000 | lr 1.00e-03 | best 20.5877
2026-04-03 12:05:19,728 | INFO | SFTrainer | Epoch 1670 | total 20.6340 | rec_rna 2.7058 | rec_atac 6.4645 | clip 1.2815 | clip_weight 0.5000 | lr 1.00e-03 | best 20.5877
2026-04-03 12:05:20,566 | INFO | SFTrainer | Epoch 1680 | total 20.6150 | rec_rna 2.7041 | rec_atac 6.4678 | clip 1.2536 | clip_weight 0.5000 | lr 1.00e-03 | best 20.5876
2026-04-03 12:05:21,505 | INFO | SFTrainer | Epoch 1690 | total 20.5165 | rec_rna 2.6929 | rec_atac 6.4421 | clip 1.2195 | clip_weight 0.5000 | lr 1.00e-03 | best 20.4914
2026-04-03 12:05:22,295 | INFO | SFTrainer | Epoch 1700 | total 20.6162 | rec_rna 2.7162 | rec_atac 6.4496 | clip 1.1710 | clip_weight 0.5000 | lr 1.00e-03 | best 20.4914
2026-04-03 12:05:23,172 | INFO | SFTrainer | Epoch 1710 | total 20.5101 | rec_rna 2.7019 | rec_atac 6.4386 | clip 1.1244 | clip_weight 0.5000 | lr 1.00e-03 | best 20.4137
2026-04-03 12:05:24,017 | INFO | SFTrainer | Epoch 1720 | total 20.4925 | rec_rna 2.6989 | rec_atac 6.4341 | clip 1.1277 | clip_weight 0.5000 | lr 1.00e-03 | best 20.4137
2026-04-03 12:05:24,887 | INFO | SFTrainer | Epoch 1730 | total 20.4169 | rec_rna 2.6852 | rec_atac 6.4232 | clip 1.1356 | clip_weight 0.5000 | lr 1.00e-03 | best 20.3899
2026-04-03 12:05:25,733 | INFO | SFTrainer | Epoch 1740 | total 20.3547 | rec_rna 2.6802 | rec_atac 6.3946 | clip 1.1184 | clip_weight 0.5000 | lr 1.00e-03 | best 20.3547
2026-04-03 12:05:26,625 | INFO | SFTrainer | Epoch 1750 | total 20.3964 | rec_rna 2.6857 | rec_atac 6.4115 | clip 1.1130 | clip_weight 0.5000 | lr 1.00e-03 | best 20.3110
2026-04-03 12:05:27,461 | INFO | SFTrainer | Epoch 1760 | total 20.4097 | rec_rna 2.6918 | rec_atac 6.4172 | clip 1.0668 | clip_weight 0.5000 | lr 1.00e-03 | best 20.3110
2026-04-03 12:05:28,253 | INFO | SFTrainer | Epoch 1770 | total 20.3129 | rec_rna 2.6751 | rec_atac 6.4217 | clip 1.0314 | clip_weight 0.5000 | lr 1.00e-03 | best 20.3110
2026-04-03 12:05:29,130 | INFO | SFTrainer | Epoch 1780 | total 20.2936 | rec_rna 2.6786 | rec_atac 6.3779 | clip 1.0451 | clip_weight 0.5000 | lr 1.00e-03 | best 20.2936
2026-04-03 12:05:29,997 | INFO | SFTrainer | Epoch 1790 | total 20.3490 | rec_rna 2.6921 | rec_atac 6.3839 | clip 1.0095 | clip_weight 0.5000 | lr 1.00e-03 | best 20.2220
2026-04-03 12:05:30,882 | INFO | SFTrainer | Epoch 1800 | total 20.2547 | rec_rna 2.6704 | rec_atac 6.3803 | clip 1.0446 | clip_weight 0.5000 | lr 1.00e-03 | best 20.2094
2026-04-03 12:05:31,798 | INFO | SFTrainer | Epoch 1810 | total 20.3064 | rec_rna 2.6830 | rec_atac 6.3955 | clip 0.9921 | clip_weight 0.5000 | lr 1.00e-03 | best 20.1683
2026-04-03 12:05:32,598 | INFO | SFTrainer | Epoch 1820 | total 20.1965 | rec_rna 2.6661 | rec_atac 6.3715 | clip 0.9887 | clip_weight 0.5000 | lr 1.00e-03 | best 20.1683
2026-04-03 12:05:33,492 | INFO | SFTrainer | Epoch 1830 | total 20.1136 | rec_rna 2.6673 | rec_atac 6.3229 | clip 0.9088 | clip_weight 0.5000 | lr 1.00e-03 | best 20.1136
2026-04-03 12:05:34,276 | INFO | SFTrainer | Epoch 1840 | total 20.1685 | rec_rna 2.6660 | rec_atac 6.3472 | clip 0.9829 | clip_weight 0.5000 | lr 1.00e-03 | best 20.1136
2026-04-03 12:05:35,104 | INFO | SFTrainer | Epoch 1850 | total 20.1622 | rec_rna 2.6717 | rec_atac 6.3587 | clip 0.8902 | clip_weight 0.5000 | lr 1.00e-03 | best 20.0482
2026-04-03 12:05:35,908 | INFO | SFTrainer | Epoch 1860 | total 20.1074 | rec_rna 2.6641 | rec_atac 6.3422 | clip 0.8893 | clip_weight 0.5000 | lr 1.00e-03 | best 20.0482
2026-04-03 12:05:36,738 | INFO | SFTrainer | Epoch 1870 | total 20.1252 | rec_rna 2.6691 | rec_atac 6.3339 | clip 0.8921 | clip_weight 0.5000 | lr 1.00e-03 | best 20.0444
2026-04-03 12:05:37,607 | INFO | SFTrainer | Epoch 1880 | total 20.1019 | rec_rna 2.6632 | rec_atac 6.3404 | clip 0.8908 | clip_weight 0.5000 | lr 1.00e-03 | best 20.0150
2026-04-03 12:05:38,427 | INFO | SFTrainer | Epoch 1890 | total 19.9918 | rec_rna 2.6502 | rec_atac 6.3148 | clip 0.8520 | clip_weight 0.5000 | lr 1.00e-03 | best 19.9918
2026-04-03 12:05:39,290 | INFO | SFTrainer | Epoch 1900 | total 20.0527 | rec_rna 2.6638 | rec_atac 6.3187 | clip 0.8295 | clip_weight 0.5000 | lr 1.00e-03 | best 19.8991
2026-04-03 12:05:40,098 | INFO | SFTrainer | Epoch 1910 | total 20.0230 | rec_rna 2.6590 | rec_atac 6.3052 | clip 0.8454 | clip_weight 0.5000 | lr 1.00e-03 | best 19.8991
2026-04-03 12:05:40,875 | INFO | SFTrainer | Epoch 1920 | total 19.9655 | rec_rna 2.6450 | rec_atac 6.3281 | clip 0.8252 | clip_weight 0.5000 | lr 1.00e-03 | best 19.8991
2026-04-03 12:05:41,668 | INFO | SFTrainer | Epoch 1930 | total 20.0425 | rec_rna 2.6569 | rec_atac 6.3466 | clip 0.8227 | clip_weight 0.5000 | lr 1.00e-03 | best 19.8991
2026-04-03 12:05:42,449 | INFO | SFTrainer | Epoch 1940 | total 19.9172 | rec_rna 2.6384 | rec_atac 6.3331 | clip 0.7840 | clip_weight 0.5000 | lr 1.00e-03 | best 19.8991
2026-04-03 12:05:43,301 | INFO | SFTrainer | Epoch 1950 | total 19.9874 | rec_rna 2.6564 | rec_atac 6.3161 | clip 0.7782 | clip_weight 0.5000 | lr 1.00e-03 | best 19.8930
2026-04-03 12:05:44,145 | INFO | SFTrainer | Epoch 1960 | total 19.9236 | rec_rna 2.6478 | rec_atac 6.3061 | clip 0.7567 | clip_weight 0.5000 | lr 1.00e-03 | best 19.8709
2026-04-03 12:05:44,974 | INFO | SFTrainer | Epoch 1970 | total 19.9502 | rec_rna 2.6515 | rec_atac 6.2939 | clip 0.7980 | clip_weight 0.5000 | lr 1.00e-03 | best 19.8283
2026-04-03 12:05:45,787 | INFO | SFTrainer | Epoch 1980 | total 19.9296 | rec_rna 2.6482 | rec_atac 6.3059 | clip 0.7653 | clip_weight 0.5000 | lr 1.00e-03 | best 19.8283
2026-04-03 12:05:46,609 | INFO | SFTrainer | Epoch 1990 | total 19.8373 | rec_rna 2.6351 | rec_atac 6.2856 | clip 0.7523 | clip_weight 0.5000 | lr 1.00e-03 | best 19.7895
2026-04-03 12:05:47,406 | INFO | SFTrainer | Epoch 2000 | total 19.8284 | rec_rna 2.6372 | rec_atac 6.2814 | clip 0.7219 | clip_weight 0.5000 | lr 1.00e-04 | best 19.7895
2026-04-03 12:05:48,256 | INFO | SFTrainer | Epoch 2010 | total 19.7507 | rec_rna 2.6260 | rec_atac 6.2494 | clip 0.7433 | clip_weight 0.4995 | lr 1.00e-04 | best 19.6976
2026-04-03 12:05:49,192 | INFO | SFTrainer | Epoch 2020 | total 19.6549 | rec_rna 2.6218 | rec_atac 6.1977 | clip 0.6991 | clip_weight 0.4980 | lr 1.00e-04 | best 19.5867
2026-04-03 12:05:50,047 | INFO | SFTrainer | Epoch 2030 | total 19.6123 | rec_rna 2.6087 | rec_atac 6.2108 | clip 0.7226 | clip_weight 0.4956 | lr 1.00e-04 | best 19.5287
2026-04-03 12:05:50,910 | INFO | SFTrainer | Epoch 2040 | total 19.5170 | rec_rna 2.5991 | rec_atac 6.1831 | clip 0.6872 | clip_weight 0.4921 | lr 1.00e-04 | best 19.5170
2026-04-03 12:05:51,764 | INFO | SFTrainer | Epoch 2050 | total 19.5296 | rec_rna 2.6071 | rec_atac 6.1651 | clip 0.6748 | clip_weight 0.4878 | lr 1.00e-04 | best 19.3975
2026-04-03 12:05:52,572 | INFO | SFTrainer | Epoch 2060 | total 19.4392 | rec_rna 2.5840 | rec_atac 6.1917 | clip 0.6789 | clip_weight 0.4824 | lr 1.00e-04 | best 19.3975
2026-04-03 12:05:53,351 | INFO | SFTrainer | Epoch 2070 | total 19.4648 | rec_rna 2.5921 | rec_atac 6.1801 | clip 0.6810 | clip_weight 0.4762 | lr 1.00e-04 | best 19.3975
2026-04-03 12:05:54,166 | INFO | SFTrainer | Epoch 2080 | total 19.5236 | rec_rna 2.6001 | rec_atac 6.2072 | clip 0.6731 | clip_weight 0.4691 | lr 1.00e-04 | best 19.3213
2026-04-03 12:05:54,951 | INFO | SFTrainer | Epoch 2090 | total 19.5557 | rec_rna 2.6013 | rec_atac 6.2081 | clip 0.7393 | clip_weight 0.4611 | lr 1.00e-04 | best 19.3213
2026-04-03 12:05:55,738 | INFO | SFTrainer | Epoch 2100 | total 19.3804 | rec_rna 2.5893 | rec_atac 6.1339 | clip 0.6630 | clip_weight 0.4523 | lr 1.00e-04 | best 19.3213
2026-04-03 12:05:56,545 | INFO | SFTrainer | Epoch 2110 | total 19.3745 | rec_rna 2.5850 | rec_atac 6.1333 | clip 0.7143 | clip_weight 0.4426 | lr 1.00e-04 | best 19.3213
2026-04-03 12:05:57,331 | INFO | SFTrainer | Epoch 2120 | total 19.3448 | rec_rna 2.5801 | rec_atac 6.1572 | clip 0.6639 | clip_weight 0.4322 | lr 1.00e-04 | best 19.3213
2026-04-03 12:05:58,197 | INFO | SFTrainer | Epoch 2130 | total 19.3702 | rec_rna 2.5890 | rec_atac 6.1359 | clip 0.6864 | clip_weight 0.4211 | lr 1.00e-04 | best 19.2850
2026-04-03 12:05:58,979 | INFO | SFTrainer | Epoch 2140 | total 19.3440 | rec_rna 2.5862 | rec_atac 6.1442 | clip 0.6561 | clip_weight 0.4094 | lr 1.00e-04 | best 19.2850
2026-04-03 12:05:59,763 | INFO | SFTrainer | Epoch 2150 | total 19.4413 | rec_rna 2.5948 | rec_atac 6.1968 | clip 0.6813 | clip_weight 0.3969 | lr 1.00e-04 | best 19.2850
2026-04-03 12:06:00,567 | INFO | SFTrainer | Epoch 2160 | total 19.2886 | rec_rna 2.5723 | rec_atac 6.1703 | clip 0.6687 | clip_weight 0.3840 | lr 1.00e-04 | best 19.2850
2026-04-03 12:06:01,423 | INFO | SFTrainer | Epoch 2170 | total 19.3202 | rec_rna 2.5810 | rec_atac 6.1729 | clip 0.6542 | clip_weight 0.3704 | lr 1.00e-04 | best 19.2669
2026-04-03 12:06:02,272 | INFO | SFTrainer | Epoch 2180 | total 19.2606 | rec_rna 2.5815 | rec_atac 6.1204 | clip 0.6531 | clip_weight 0.3564 | lr 1.00e-04 | best 19.2085
2026-04-03 12:06:03,083 | INFO | SFTrainer | Epoch 2190 | total 19.2470 | rec_rna 2.5740 | rec_atac 6.1419 | clip 0.6876 | clip_weight 0.3420 | lr 1.00e-04 | best 19.2085
2026-04-03 12:06:03,889 | INFO | SFTrainer | Epoch 2200 | total 19.2467 | rec_rna 2.5772 | rec_atac 6.1358 | clip 0.6866 | clip_weight 0.3273 | lr 1.00e-04 | best 19.2085
2026-04-03 12:06:04,740 | INFO | SFTrainer | Epoch 2210 | total 19.1522 | rec_rna 2.5691 | rec_atac 6.1005 | clip 0.6605 | clip_weight 0.3122 | lr 1.00e-04 | best 19.1522
2026-04-03 12:06:05,547 | INFO | SFTrainer | Epoch 2220 | total 19.2259 | rec_rna 2.5793 | rec_atac 6.1314 | clip 0.6672 | clip_weight 0.2968 | lr 1.00e-04 | best 19.1522
2026-04-03 12:06:06,395 | INFO | SFTrainer | Epoch 2230 | total 19.2188 | rec_rna 2.5753 | rec_atac 6.1502 | clip 0.6831 | clip_weight 0.2813 | lr 1.00e-04 | best 19.1085
2026-04-03 12:06:07,183 | INFO | SFTrainer | Epoch 2240 | total 19.2349 | rec_rna 2.5829 | rec_atac 6.1417 | clip 0.6731 | clip_weight 0.2657 | lr 1.00e-04 | best 19.1085
2026-04-03 12:06:07,982 | INFO | SFTrainer | Epoch 2250 | total 19.2218 | rec_rna 2.5763 | rec_atac 6.1641 | clip 0.7055 | clip_weight 0.2500 | lr 1.00e-04 | best 19.1085
2026-04-03 12:06:08,798 | INFO | SFTrainer | Epoch 2260 | total 19.1505 | rec_rna 2.5722 | rec_atac 6.1376 | clip 0.6474 | clip_weight 0.2343 | lr 1.00e-04 | best 19.1085
2026-04-03 12:06:09,588 | INFO | SFTrainer | Epoch 2270 | total 19.1705 | rec_rna 2.5818 | rec_atac 6.1080 | clip 0.7016 | clip_weight 0.2187 | lr 1.00e-04 | best 19.1085
2026-04-03 12:06:10,428 | INFO | SFTrainer | Epoch 2280 | total 19.1832 | rec_rna 2.5795 | rec_atac 6.1421 | clip 0.7060 | clip_weight 0.2032 | lr 1.00e-04 | best 19.0921
2026-04-03 12:06:11,218 | INFO | SFTrainer | Epoch 2290 | total 19.1866 | rec_rna 2.5800 | rec_atac 6.1592 | clip 0.6774 | clip_weight 0.1878 | lr 1.00e-04 | best 19.0921
2026-04-03 12:06:12,088 | INFO | SFTrainer | Epoch 2300 | total 19.0898 | rec_rna 2.5705 | rec_atac 6.1198 | clip 0.6808 | clip_weight 0.1727 | lr 1.00e-04 | best 19.0898
2026-04-03 12:06:12,974 | INFO | SFTrainer | Epoch 2310 | total 19.1183 | rec_rna 2.5744 | rec_atac 6.1398 | clip 0.6739 | clip_weight 0.1580 | lr 1.00e-04 | best 19.0251
2026-04-03 12:06:13,757 | INFO | SFTrainer | Epoch 2320 | total 19.1021 | rec_rna 2.5706 | rec_atac 6.1475 | clip 0.7067 | clip_weight 0.1436 | lr 1.00e-04 | best 19.0251
2026-04-03 12:06:14,537 | INFO | SFTrainer | Epoch 2330 | total 19.1144 | rec_rna 2.5758 | rec_atac 6.1453 | clip 0.6934 | clip_weight 0.1296 | lr 1.00e-04 | best 19.0251
2026-04-03 12:06:15,326 | INFO | SFTrainer | Epoch 2340 | total 19.1297 | rec_rna 2.5793 | rec_atac 6.1494 | clip 0.7238 | clip_weight 0.1160 | lr 1.00e-04 | best 19.0251
2026-04-03 12:06:16,160 | INFO | SFTrainer | Epoch 2350 | total 19.0810 | rec_rna 2.5742 | rec_atac 6.1365 | clip 0.7115 | clip_weight 0.1031 | lr 1.00e-04 | best 18.9763
2026-04-03 12:06:16,971 | INFO | SFTrainer | Epoch 2360 | total 19.0272 | rec_rna 2.5687 | rec_atac 6.1230 | clip 0.6698 | clip_weight 0.0906 | lr 1.00e-04 | best 18.9763
2026-04-03 12:06:17,821 | INFO | SFTrainer | Epoch 2370 | total 19.1207 | rec_rna 2.5813 | rec_atac 6.1571 | clip 0.7267 | clip_weight 0.0789 | lr 1.00e-04 | best 18.9531
2026-04-03 12:06:18,614 | INFO | SFTrainer | Epoch 2380 | total 19.0390 | rec_rna 2.5783 | rec_atac 6.0996 | clip 0.7033 | clip_weight 0.0678 | lr 1.00e-04 | best 18.9531
2026-04-03 12:06:19,427 | INFO | SFTrainer | Epoch 2390 | total 18.9807 | rec_rna 2.5678 | rec_atac 6.1021 | clip 0.6882 | clip_weight 0.0574 | lr 1.00e-04 | best 18.9531
2026-04-03 12:06:20,217 | INFO | SFTrainer | Epoch 2400 | total 18.9815 | rec_rna 2.5639 | rec_atac 6.1286 | clip 0.7046 | clip_weight 0.0477 | lr 1.00e-04 | best 18.9531
2026-04-03 12:06:21,042 | INFO | SFTrainer | Epoch 2410 | total 19.0167 | rec_rna 2.5767 | rec_atac 6.1059 | clip 0.7040 | clip_weight 0.0389 | lr 1.00e-04 | best 18.9531
2026-04-03 12:06:21,922 | INFO | SFTrainer | Epoch 2420 | total 18.9534 | rec_rna 2.5717 | rec_atac 6.0718 | clip 0.7415 | clip_weight 0.0309 | lr 1.00e-04 | best 18.9188
2026-04-03 12:06:22,746 | INFO | SFTrainer | Epoch 2430 | total 18.9462 | rec_rna 2.5662 | rec_atac 6.0974 | clip 0.7393 | clip_weight 0.0238 | lr 1.00e-04 | best 18.8845
2026-04-03 12:06:23,544 | INFO | SFTrainer | Epoch 2440 | total 18.9389 | rec_rna 2.5646 | rec_atac 6.1029 | clip 0.7422 | clip_weight 0.0176 | lr 1.00e-04 | best 18.8845
2026-04-03 12:06:24,325 | INFO | SFTrainer | Epoch 2450 | total 18.8941 | rec_rna 2.5582 | rec_atac 6.0941 | clip 0.7315 | clip_weight 0.0122 | lr 1.00e-04 | best 18.8845
2026-04-03 12:06:25,174 | INFO | SFTrainer | Epoch 2460 | total 18.9778 | rec_rna 2.5725 | rec_atac 6.1094 | clip 0.7421 | clip_weight 0.0079 | lr 1.00e-04 | best 18.8487
2026-04-03 12:06:25,967 | INFO | SFTrainer | Epoch 2470 | total 18.9787 | rec_rna 2.5706 | rec_atac 6.1224 | clip 0.7578 | clip_weight 0.0044 | lr 1.00e-04 | best 18.8487
2026-04-03 12:06:26,745 | INFO | SFTrainer | Epoch 2480 | total 18.9734 | rec_rna 2.5749 | rec_atac 6.0973 | clip 0.7549 | clip_weight 0.0020 | lr 1.00e-04 | best 18.8487
2026-04-03 12:06:27,526 | INFO | SFTrainer | Epoch 2490 | total 18.8862 | rec_rna 2.5613 | rec_atac 6.0791 | clip 0.7657 | clip_weight 0.0005 | lr 1.00e-04 | best 18.8487
2026-04-03 12:06:28,350 | INFO | SFTrainer | Epoch 2500 | total 18.9888 | rec_rna 2.5677 | rec_atac 6.1503 | clip 0.0000 | clip_weight 0.0000 | lr 1.00e-04 | best 18.8279
2026-04-03 12:06:29,112 | INFO | SFTrainer | Epoch 2510 | total 18.9164 | rec_rna 2.5675 | rec_atac 6.0789 | clip 0.0000 | clip_weight 0.0000 | lr 1.00e-04 | best 18.8279
2026-04-03 12:06:29,860 | INFO | SFTrainer | Epoch 2520 | total 18.9917 | rec_rna 2.5768 | rec_atac 6.1078 | clip 0.0000 | clip_weight 0.0000 | lr 1.00e-04 | best 18.8279
2026-04-03 12:06:30,624 | INFO | SFTrainer | Epoch 2530 | total 18.8857 | rec_rna 2.5638 | rec_atac 6.0667 | clip 0.0000 | clip_weight 0.0000 | lr 1.00e-04 | best 18.8279
2026-04-03 12:06:31,410 | INFO | SFTrainer | Epoch 2540 | total 18.9496 | rec_rna 2.5664 | rec_atac 6.1174 | clip 0.0000 | clip_weight 0.0000 | lr 1.00e-04 | best 18.8252
2026-04-03 12:06:32,160 | INFO | SFTrainer | Epoch 2550 | total 18.8335 | rec_rna 2.5495 | rec_atac 6.0858 | clip 0.0000 | clip_weight 0.0000 | lr 1.00e-04 | best 18.8252
2026-04-03 12:06:32,938 | INFO | SFTrainer | Epoch 2560 | total 18.9850 | rec_rna 2.5749 | rec_atac 6.1104 | clip 0.0000 | clip_weight 0.0000 | lr 1.00e-04 | best 18.8252
2026-04-03 12:06:33,686 | INFO | SFTrainer | Epoch 2570 | total 18.9130 | rec_rna 2.5671 | rec_atac 6.0775 | clip 0.0000 | clip_weight 0.0000 | lr 1.00e-04 | best 18.8252
2026-04-03 12:06:34,482 | INFO | SFTrainer | Epoch 2580 | total 18.8471 | rec_rna 2.5532 | rec_atac 6.0812 | clip 0.0000 | clip_weight 0.0000 | lr 1.00e-04 | best 18.8206
2026-04-03 12:06:35,249 | INFO | SFTrainer | Epoch 2590 | total 18.8652 | rec_rna 2.5706 | rec_atac 6.0124 | clip 0.0000 | clip_weight 0.0000 | lr 1.00e-04 | best 18.8206
2026-04-03 12:06:36,012 | INFO | SFTrainer | Epoch 2600 | total 18.9194 | rec_rna 2.5664 | rec_atac 6.0876 | clip 0.0000 | clip_weight 0.0000 | lr 1.00e-04 | best 18.8206
2026-04-03 12:06:36,829 | INFO | SFTrainer | Epoch 2610 | total 18.8987 | rec_rna 2.5652 | rec_atac 6.0729 | clip 0.0000 | clip_weight 0.0000 | lr 1.00e-04 | best 18.8203
2026-04-03 12:06:37,588 | INFO | SFTrainer | Epoch 2620 | total 18.8458 | rec_rna 2.5510 | rec_atac 6.0909 | clip 0.0000 | clip_weight 0.0000 | lr 1.00e-04 | best 18.8203
2026-04-03 12:06:38,352 | INFO | SFTrainer | Epoch 2630 | total 18.8536 | rec_rna 2.5570 | rec_atac 6.0686 | clip 0.0000 | clip_weight 0.0000 | lr 1.00e-04 | best 18.8203
2026-04-03 12:06:39,119 | INFO | SFTrainer | Epoch 2640 | total 18.8577 | rec_rna 2.5527 | rec_atac 6.0940 | clip 0.0000 | clip_weight 0.0000 | lr 1.00e-04 | best 18.8203
2026-04-03 12:06:39,885 | INFO | SFTrainer | Epoch 2650 | total 18.9187 | rec_rna 2.5649 | rec_atac 6.0942 | clip 0.0000 | clip_weight 0.0000 | lr 1.00e-04 | best 18.8203
2026-04-03 12:06:40,668 | INFO | SFTrainer | Epoch 2660 | total 18.9308 | rec_rna 2.5635 | rec_atac 6.1132 | clip 0.0000 | clip_weight 0.0000 | lr 1.00e-04 | best 18.8203
2026-04-03 12:06:41,438 | INFO | SFTrainer | Epoch 2670 | total 18.9408 | rec_rna 2.5664 | rec_atac 6.1090 | clip 0.0000 | clip_weight 0.0000 | lr 1.00e-04 | best 18.8203
2026-04-03 12:06:42,233 | INFO | SFTrainer | Epoch 2680 | total 18.9668 | rec_rna 2.5675 | rec_atac 6.1292 | clip 0.0000 | clip_weight 0.0000 | lr 1.00e-04 | best 18.8140
2026-04-03 12:06:42,982 | INFO | SFTrainer | Epoch 2690 | total 18.8631 | rec_rna 2.5559 | rec_atac 6.0837 | clip 0.0000 | clip_weight 0.0000 | lr 1.00e-04 | best 18.8140
2026-04-03 12:06:43,730 | INFO | SFTrainer | Epoch 2700 | total 18.8466 | rec_rna 2.5554 | rec_atac 6.0698 | clip 0.0000 | clip_weight 0.0000 | lr 1.00e-04 | best 18.8140
2026-04-03 12:06:44,532 | INFO | SFTrainer | Epoch 2710 | total 18.8811 | rec_rna 2.5572 | rec_atac 6.0950 | clip 0.0000 | clip_weight 0.0000 | lr 1.00e-04 | best 18.8005
2026-04-03 12:06:45,285 | INFO | SFTrainer | Epoch 2720 | total 18.8776 | rec_rna 2.5519 | rec_atac 6.1182 | clip 0.0000 | clip_weight 0.0000 | lr 1.00e-04 | best 18.8005
2026-04-03 12:06:46,079 | INFO | SFTrainer | Epoch 2730 | total 18.8507 | rec_rna 2.5555 | rec_atac 6.0735 | clip 0.0000 | clip_weight 0.0000 | lr 1.00e-04 | best 18.7990
2026-04-03 12:06:46,823 | INFO | SFTrainer | Epoch 2740 | total 18.8860 | rec_rna 2.5602 | rec_atac 6.0849 | clip 0.0000 | clip_weight 0.0000 | lr 1.00e-04 | best 18.7990
2026-04-03 12:06:47,587 | INFO | SFTrainer | Epoch 2750 | total 18.8072 | rec_rna 2.5521 | rec_atac 6.0467 | clip 0.0000 | clip_weight 0.0000 | lr 1.00e-04 | best 18.7990
2026-04-03 12:06:48,359 | INFO | SFTrainer | Epoch 2760 | total 18.8461 | rec_rna 2.5616 | rec_atac 6.0382 | clip 0.0000 | clip_weight 0.0000 | lr 1.00e-04 | best 18.7990
2026-04-03 12:06:49,144 | INFO | SFTrainer | Epoch 2770 | total 18.8061 | rec_rna 2.5416 | rec_atac 6.0979 | clip 0.0000 | clip_weight 0.0000 | lr 1.00e-04 | best 18.7927
2026-04-03 12:06:49,923 | INFO | SFTrainer | Epoch 2780 | total 18.8384 | rec_rna 2.5495 | rec_atac 6.0909 | clip 0.0000 | clip_weight 0.0000 | lr 1.00e-04 | best 18.7709
2026-04-03 12:06:50,681 | INFO | SFTrainer | Epoch 2790 | total 18.8667 | rec_rna 2.5597 | rec_atac 6.0684 | clip 0.0000 | clip_weight 0.0000 | lr 1.00e-04 | best 18.7709
2026-04-03 12:06:51,439 | INFO | SFTrainer | Epoch 2800 | total 18.8129 | rec_rna 2.5520 | rec_atac 6.0527 | clip 0.0000 | clip_weight 0.0000 | lr 1.00e-04 | best 18.7709
2026-04-03 12:06:52,212 | INFO | SFTrainer | Epoch 2810 | total 18.8406 | rec_rna 2.5467 | rec_atac 6.1070 | clip 0.0000 | clip_weight 0.0000 | lr 1.00e-04 | best 18.7709
2026-04-03 12:06:53,009 | INFO | SFTrainer | Epoch 2820 | total 18.8668 | rec_rna 2.5577 | rec_atac 6.0781 | clip 0.0000 | clip_weight 0.0000 | lr 1.00e-04 | best 18.7637
2026-04-03 12:06:53,766 | INFO | SFTrainer | Epoch 2830 | total 18.8787 | rec_rna 2.5574 | rec_atac 6.0916 | clip 0.0000 | clip_weight 0.0000 | lr 1.00e-04 | best 18.7637
2026-04-03 12:06:54,569 | INFO | SFTrainer | Epoch 2840 | total 18.8868 | rec_rna 2.5575 | rec_atac 6.0993 | clip 0.0000 | clip_weight 0.0000 | lr 1.00e-04 | best 18.7534
2026-04-03 12:06:55,381 | INFO | SFTrainer | Epoch 2850 | total 18.8550 | rec_rna 2.5568 | rec_atac 6.0708 | clip 0.0000 | clip_weight 0.0000 | lr 1.00e-04 | best 18.7513
2026-04-03 12:06:56,151 | INFO | SFTrainer | Epoch 2860 | total 18.8139 | rec_rna 2.5528 | rec_atac 6.0498 | clip 0.0000 | clip_weight 0.0000 | lr 1.00e-04 | best 18.7513
2026-04-03 12:06:56,914 | INFO | SFTrainer | Epoch 2870 | total 18.7804 | rec_rna 2.5435 | rec_atac 6.0629 | clip 0.0000 | clip_weight 0.0000 | lr 1.00e-04 | best 18.7513
2026-04-03 12:06:57,722 | INFO | SFTrainer | Epoch 2880 | total 18.8295 | rec_rna 2.5515 | rec_atac 6.0722 | clip 0.0000 | clip_weight 0.0000 | lr 1.00e-04 | best 18.7370
2026-04-03 12:06:58,509 | INFO | SFTrainer | Epoch 2890 | total 18.7891 | rec_rna 2.5489 | rec_atac 6.0448 | clip 0.0000 | clip_weight 0.0000 | lr 1.00e-04 | best 18.7370
2026-04-03 12:06:59,276 | INFO | SFTrainer | Epoch 2900 | total 18.8121 | rec_rna 2.5464 | rec_atac 6.0799 | clip 0.0000 | clip_weight 0.0000 | lr 1.00e-04 | best 18.7370
2026-04-03 12:07:00,056 | INFO | SFTrainer | Epoch 2910 | total 18.8379 | rec_rna 2.5542 | rec_atac 6.0672 | clip 0.0000 | clip_weight 0.0000 | lr 1.00e-04 | best 18.7370
2026-04-03 12:07:00,816 | INFO | SFTrainer | Epoch 2920 | total 18.7827 | rec_rna 2.5470 | rec_atac 6.0476 | clip 0.0000 | clip_weight 0.0000 | lr 1.00e-04 | best 18.7370
2026-04-03 12:07:01,622 | INFO | SFTrainer | Epoch 2930 | total 18.7739 | rec_rna 2.5329 | rec_atac 6.1097 | clip 0.0000 | clip_weight 0.0000 | lr 1.00e-04 | best 18.7265
2026-04-03 12:07:02,428 | INFO | SFTrainer | Epoch 2940 | total 18.8107 | rec_rna 2.5524 | rec_atac 6.0485 | clip 0.0000 | clip_weight 0.0000 | lr 1.00e-04 | best 18.7031
2026-04-03 12:07:03,185 | INFO | SFTrainer | Epoch 2950 | total 18.9009 | rec_rna 2.5581 | rec_atac 6.1106 | clip 0.0000 | clip_weight 0.0000 | lr 1.00e-04 | best 18.7031
2026-04-03 12:07:03,982 | INFO | SFTrainer | Epoch 2960 | total 18.7455 | rec_rna 2.5426 | rec_atac 6.0323 | clip 0.0000 | clip_weight 0.0000 | lr 1.00e-04 | best 18.7031
2026-04-03 12:07:04,741 | INFO | SFTrainer | Epoch 2970 | total 18.7963 | rec_rna 2.5501 | rec_atac 6.0456 | clip 0.0000 | clip_weight 0.0000 | lr 1.00e-04 | best 18.7031
2026-04-03 12:07:05,499 | INFO | SFTrainer | Epoch 2980 | total 18.7609 | rec_rna 2.5456 | rec_atac 6.0330 | clip 0.0000 | clip_weight 0.0000 | lr 1.00e-04 | best 18.7031
2026-04-03 12:07:06,258 | INFO | SFTrainer | Epoch 2990 | total 18.8401 | rec_rna 2.5561 | rec_atac 6.0596 | clip 0.0000 | clip_weight 0.0000 | lr 1.00e-04 | best 18.7031
2026-04-03 12:07:07,009 | INFO | SFTrainer | Epoch 3000 | total 18.8183 | rec_rna 2.5498 | rec_atac 6.0695 | clip 0.0000 | clip_weight 0.0000 | lr 1.00e-04 | best 18.7031
2026-04-03 12:07:07,030 | INFO | SFTrainer | Training finished. Best loss=18.7031
2026-04-03 12:07:07,031 | INFO | SFTrainer | Training run complete.

========================================================================================
2026-04-03 12:07:19,522 | INFO | SFEvaluate | [Phase 3] Evaluation started.
2026-04-03 12:07:19,522 | INFO | SFEvaluate | Loading processed data...
2026-04-03 12:07:19,788 | INFO | SFEvaluate | Initializing model...
2026-04-03 12:07:19,892 | INFO | SFEvaluate | Loading checkpoint: ckpt_best.pth
2026-04-03 12:07:19,939 | INFO | SFEvaluate | Inference running...
2026-04-03 12:07:20,529 | INFO | SFEvaluate | Latent shape: torch.Size([1949, 128])
2026-04-03 12:07:43,688 | INFO | SFEvaluate | Artifacts: ./results/e15_5_s1/tuning/k9_a0p7/figures/spatial_analysis.pdf | ./results/e15_5_s1/tuning/k9_a0p7/predictions/embedding_joint.h5ad
2026-04-03 12:07:43,689 | INFO | SFEvaluate | Eval metrics | checkpoint=ckpt_best.pth | epoch=BEST (Epoch 3000) | latent_moran=0.4532 | cluster_moran=0.7152
2026-04-03 12:07:43,689 | INFO | SFEvaluate | GT metrics | checkpoint=ckpt_best.pth | epoch=BEST (Epoch 3000) | ARI=0.4236 | NMI=0.6053 | AMI=0.5987 | HOM=0.6682 | n_valid=1949
2026-04-03 12:07:43,689 | INFO | SFEvaluate | Evaluation complete.

========================================================================================
2026-04-03 12:07:56,717 | INFO | SFEvaluateRange | [Range Evaluate] Started. epochs=[1500, 1600, 1700, 1800, 1900, 2000, 2100, 2200, 2300, 2400, 2500, 2600, 2700, 2800, 2900, 3000]
2026-04-03 12:07:56,718 | INFO | SFEvaluateRange | Loading processed data...
2026-04-03 12:07:56,967 | INFO | SFEvaluateRange | Initializing model...
2026-04-03 12:07:57,065 | INFO | SFEvaluateRange | Evaluating epoch 1500 with ckpt_1500.pth
2026-04-03 12:08:19,467 | INFO | SFEvaluateRange | Eval metrics (epoch_1500) | checkpoint=ckpt_1500.pth | epoch=Epoch 1500 | latent_moran=0.4441 | cluster_moran=0.6875
2026-04-03 12:08:19,467 | INFO | SFEvaluateRange | GT metrics (epoch_1500) | checkpoint=ckpt_1500.pth | epoch=Epoch 1500 | ARI=0.4826 | NMI=0.6172 | AMI=0.6108 | HOM=0.6751 | n_valid=1949
2026-04-03 12:08:19,468 | INFO | SFEvaluateRange | Artifacts (epoch_1500): ./results/e15_5_s1/tuning/k9_a0p7/figures/spatial_analysis_epoch_1500.pdf | ./results/e15_5_s1/tuning/k9_a0p7/predictions/embedding_joint_epoch_1500.h5ad
2026-04-03 12:08:19,468 | INFO | SFEvaluateRange | Evaluating epoch 1600 with ckpt_1600.pth
2026-04-03 12:08:33,265 | INFO | SFEvaluateRange | Eval metrics (epoch_1600) | checkpoint=ckpt_1600.pth | epoch=Epoch 1600 | latent_moran=0.4454 | cluster_moran=0.6965
2026-04-03 12:08:33,265 | INFO | SFEvaluateRange | GT metrics (epoch_1600) | checkpoint=ckpt_1600.pth | epoch=Epoch 1600 | ARI=0.4589 | NMI=0.6194 | AMI=0.6129 | HOM=0.6739 | n_valid=1949
2026-04-03 12:08:33,266 | INFO | SFEvaluateRange | Artifacts (epoch_1600): ./results/e15_5_s1/tuning/k9_a0p7/figures/spatial_analysis_epoch_1600.pdf | ./results/e15_5_s1/tuning/k9_a0p7/predictions/embedding_joint_epoch_1600.h5ad
2026-04-03 12:08:33,266 | INFO | SFEvaluateRange | Evaluating epoch 1700 with ckpt_1700.pth
2026-04-03 12:08:45,009 | INFO | SFEvaluateRange | Eval metrics (epoch_1700) | checkpoint=ckpt_1700.pth | epoch=Epoch 1700 | latent_moran=0.4445 | cluster_moran=0.6988
2026-04-03 12:08:45,009 | INFO | SFEvaluateRange | GT metrics (epoch_1700) | checkpoint=ckpt_1700.pth | epoch=Epoch 1700 | ARI=0.4779 | NMI=0.6202 | AMI=0.6139 | HOM=0.6810 | n_valid=1949
2026-04-03 12:08:45,010 | INFO | SFEvaluateRange | Artifacts (epoch_1700): ./results/e15_5_s1/tuning/k9_a0p7/figures/spatial_analysis_epoch_1700.pdf | ./results/e15_5_s1/tuning/k9_a0p7/predictions/embedding_joint_epoch_1700.h5ad
2026-04-03 12:08:45,010 | INFO | SFEvaluateRange | Evaluating epoch 1800 with ckpt_1800.pth
2026-04-03 12:08:57,448 | INFO | SFEvaluateRange | Eval metrics (epoch_1800) | checkpoint=ckpt_1800.pth | epoch=Epoch 1800 | latent_moran=0.4458 | cluster_moran=0.6865
2026-04-03 12:08:57,448 | INFO | SFEvaluateRange | GT metrics (epoch_1800) | checkpoint=ckpt_1800.pth | epoch=Epoch 1800 | ARI=0.4449 | NMI=0.5942 | AMI=0.5874 | HOM=0.6528 | n_valid=1949
2026-04-03 12:08:57,448 | INFO | SFEvaluateRange | Artifacts (epoch_1800): ./results/e15_5_s1/tuning/k9_a0p7/figures/spatial_analysis_epoch_1800.pdf | ./results/e15_5_s1/tuning/k9_a0p7/predictions/embedding_joint_epoch_1800.h5ad
2026-04-03 12:08:57,448 | INFO | SFEvaluateRange | Evaluating epoch 1900 with ckpt_1900.pth
2026-04-03 12:09:09,682 | INFO | SFEvaluateRange | Eval metrics (epoch_1900) | checkpoint=ckpt_1900.pth | epoch=Epoch 1900 | latent_moran=0.4457 | cluster_moran=0.6942
2026-04-03 12:09:09,682 | INFO | SFEvaluateRange | GT metrics (epoch_1900) | checkpoint=ckpt_1900.pth | epoch=Epoch 1900 | ARI=0.4635 | NMI=0.6018 | AMI=0.5951 | HOM=0.6564 | n_valid=1949
2026-04-03 12:09:09,682 | INFO | SFEvaluateRange | Artifacts (epoch_1900): ./results/e15_5_s1/tuning/k9_a0p7/figures/spatial_analysis_epoch_1900.pdf | ./results/e15_5_s1/tuning/k9_a0p7/predictions/embedding_joint_epoch_1900.h5ad
2026-04-03 12:09:09,682 | INFO | SFEvaluateRange | Evaluating epoch 2000 with ckpt_best.pth
2026-04-03 12:09:22,751 | INFO | SFEvaluateRange | Eval metrics (epoch_2000_best) | checkpoint=ckpt_best.pth | epoch=Epoch 2000 (BEST) | latent_moran=0.4532 | cluster_moran=0.7152
2026-04-03 12:09:22,751 | INFO | SFEvaluateRange | GT metrics (epoch_2000_best) | checkpoint=ckpt_best.pth | epoch=Epoch 2000 (BEST) | ARI=0.4236 | NMI=0.6053 | AMI=0.5987 | HOM=0.6682 | n_valid=1949
2026-04-03 12:09:22,752 | INFO | SFEvaluateRange | Artifacts (epoch_2000_best): ./results/e15_5_s1/tuning/k9_a0p7/figures/spatial_analysis_epoch_2000_best.pdf | ./results/e15_5_s1/tuning/k9_a0p7/predictions/embedding_joint_epoch_2000_best.h5ad
2026-04-03 12:09:22,752 | INFO | SFEvaluateRange | Evaluating epoch 2100 with ckpt_2100.pth
2026-04-03 12:09:36,047 | INFO | SFEvaluateRange | Eval metrics (epoch_2100) | checkpoint=ckpt_2100.pth | epoch=Epoch 2100 | latent_moran=0.4472 | cluster_moran=0.7038
2026-04-03 12:09:36,047 | INFO | SFEvaluateRange | GT metrics (epoch_2100) | checkpoint=ckpt_2100.pth | epoch=Epoch 2100 | ARI=0.4128 | NMI=0.6036 | AMI=0.5969 | HOM=0.6584 | n_valid=1949
2026-04-03 12:09:36,048 | INFO | SFEvaluateRange | Artifacts (epoch_2100): ./results/e15_5_s1/tuning/k9_a0p7/figures/spatial_analysis_epoch_2100.pdf | ./results/e15_5_s1/tuning/k9_a0p7/predictions/embedding_joint_epoch_2100.h5ad
2026-04-03 12:09:36,048 | INFO | SFEvaluateRange | Evaluating epoch 2200 with ckpt_2200.pth
2026-04-03 12:09:50,578 | INFO | SFEvaluateRange | Eval metrics (epoch_2200) | checkpoint=ckpt_2200.pth | epoch=Epoch 2200 | latent_moran=0.4487 | cluster_moran=0.7072
2026-04-03 12:09:50,578 | INFO | SFEvaluateRange | GT metrics (epoch_2200) | checkpoint=ckpt_2200.pth | epoch=Epoch 2200 | ARI=0.4047 | NMI=0.5986 | AMI=0.5917 | HOM=0.6434 | n_valid=1949
2026-04-03 12:09:50,578 | INFO | SFEvaluateRange | Artifacts (epoch_2200): ./results/e15_5_s1/tuning/k9_a0p7/figures/spatial_analysis_epoch_2200.pdf | ./results/e15_5_s1/tuning/k9_a0p7/predictions/embedding_joint_epoch_2200.h5ad
2026-04-03 12:09:50,578 | INFO | SFEvaluateRange | Evaluating epoch 2300 with ckpt_2300.pth
2026-04-03 12:10:02,843 | INFO | SFEvaluateRange | Eval metrics (epoch_2300) | checkpoint=ckpt_2300.pth | epoch=Epoch 2300 | latent_moran=0.4495 | cluster_moran=0.7051
2026-04-03 12:10:02,843 | INFO | SFEvaluateRange | GT metrics (epoch_2300) | checkpoint=ckpt_2300.pth | epoch=Epoch 2300 | ARI=0.4122 | NMI=0.6051 | AMI=0.5985 | HOM=0.6645 | n_valid=1949
2026-04-03 12:10:02,844 | INFO | SFEvaluateRange | Artifacts (epoch_2300): ./results/e15_5_s1/tuning/k9_a0p7/figures/spatial_analysis_epoch_2300.pdf | ./results/e15_5_s1/tuning/k9_a0p7/predictions/embedding_joint_epoch_2300.h5ad
2026-04-03 12:10:02,844 | INFO | SFEvaluateRange | Evaluating epoch 2400 with ckpt_2400.pth
2026-04-03 12:10:16,550 | INFO | SFEvaluateRange | Eval metrics (epoch_2400) | checkpoint=ckpt_2400.pth | epoch=Epoch 2400 | latent_moran=0.4505 | cluster_moran=0.7028
2026-04-03 12:10:16,550 | INFO | SFEvaluateRange | GT metrics (epoch_2400) | checkpoint=ckpt_2400.pth | epoch=Epoch 2400 | ARI=0.4616 | NMI=0.6231 | AMI=0.6168 | HOM=0.6825 | n_valid=1949
2026-04-03 12:10:16,550 | INFO | SFEvaluateRange | Artifacts (epoch_2400): ./results/e15_5_s1/tuning/k9_a0p7/figures/spatial_analysis_epoch_2400.pdf | ./results/e15_5_s1/tuning/k9_a0p7/predictions/embedding_joint_epoch_2400.h5ad
2026-04-03 12:10:16,550 | INFO | SFEvaluateRange | Evaluating epoch 2500 with ckpt_2500.pth
2026-04-03 12:10:28,639 | INFO | SFEvaluateRange | Eval metrics (epoch_2500) | checkpoint=ckpt_2500.pth | epoch=Epoch 2500 | latent_moran=0.4514 | cluster_moran=0.7129
2026-04-03 12:10:28,639 | INFO | SFEvaluateRange | GT metrics (epoch_2500) | checkpoint=ckpt_2500.pth | epoch=Epoch 2500 | ARI=0.4136 | NMI=0.6072 | AMI=0.6007 | HOM=0.6734 | n_valid=1949
2026-04-03 12:10:28,640 | INFO | SFEvaluateRange | Artifacts (epoch_2500): ./results/e15_5_s1/tuning/k9_a0p7/figures/spatial_analysis_epoch_2500.pdf | ./results/e15_5_s1/tuning/k9_a0p7/predictions/embedding_joint_epoch_2500.h5ad
2026-04-03 12:10:28,640 | INFO | SFEvaluateRange | Evaluating epoch 2600 with ckpt_2600.pth
2026-04-03 12:10:40,442 | INFO | SFEvaluateRange | Eval metrics (epoch_2600) | checkpoint=ckpt_2600.pth | epoch=Epoch 2600 | latent_moran=0.4516 | cluster_moran=0.6867
2026-04-03 12:10:40,442 | INFO | SFEvaluateRange | GT metrics (epoch_2600) | checkpoint=ckpt_2600.pth | epoch=Epoch 2600 | ARI=0.4530 | NMI=0.5961 | AMI=0.5894 | HOM=0.6561 | n_valid=1949
2026-04-03 12:10:40,442 | INFO | SFEvaluateRange | Artifacts (epoch_2600): ./results/e15_5_s1/tuning/k9_a0p7/figures/spatial_analysis_epoch_2600.pdf | ./results/e15_5_s1/tuning/k9_a0p7/predictions/embedding_joint_epoch_2600.h5ad
2026-04-03 12:10:40,442 | INFO | SFEvaluateRange | Evaluating epoch 2700 with ckpt_2700.pth
2026-04-03 12:10:54,031 | INFO | SFEvaluateRange | Eval metrics (epoch_2700) | checkpoint=ckpt_2700.pth | epoch=Epoch 2700 | latent_moran=0.4521 | cluster_moran=0.7123
2026-04-03 12:10:54,031 | INFO | SFEvaluateRange | GT metrics (epoch_2700) | checkpoint=ckpt_2700.pth | epoch=Epoch 2700 | ARI=0.4205 | NMI=0.6072 | AMI=0.6006 | HOM=0.6725 | n_valid=1949
2026-04-03 12:10:54,031 | INFO | SFEvaluateRange | Artifacts (epoch_2700): ./results/e15_5_s1/tuning/k9_a0p7/figures/spatial_analysis_epoch_2700.pdf | ./results/e15_5_s1/tuning/k9_a0p7/predictions/embedding_joint_epoch_2700.h5ad
2026-04-03 12:10:54,032 | INFO | SFEvaluateRange | Evaluating epoch 2800 with ckpt_2800.pth
2026-04-03 12:11:06,334 | INFO | SFEvaluateRange | Eval metrics (epoch_2800) | checkpoint=ckpt_2800.pth | epoch=Epoch 2800 | latent_moran=0.4527 | cluster_moran=0.6979
2026-04-03 12:11:06,334 | INFO | SFEvaluateRange | GT metrics (epoch_2800) | checkpoint=ckpt_2800.pth | epoch=Epoch 2800 | ARI=0.3856 | NMI=0.5868 | AMI=0.5799 | HOM=0.6522 | n_valid=1949
2026-04-03 12:11:06,335 | INFO | SFEvaluateRange | Artifacts (epoch_2800): ./results/e15_5_s1/tuning/k9_a0p7/figures/spatial_analysis_epoch_2800.pdf | ./results/e15_5_s1/tuning/k9_a0p7/predictions/embedding_joint_epoch_2800.h5ad
2026-04-03 12:11:06,335 | INFO | SFEvaluateRange | Evaluating epoch 2900 with ckpt_2900.pth
2026-04-03 12:11:18,639 | INFO | SFEvaluateRange | Eval metrics (epoch_2900) | checkpoint=ckpt_2900.pth | epoch=Epoch 2900 | latent_moran=0.4537 | cluster_moran=0.7166
2026-04-03 12:11:18,639 | INFO | SFEvaluateRange | GT metrics (epoch_2900) | checkpoint=ckpt_2900.pth | epoch=Epoch 2900 | ARI=0.4078 | NMI=0.6062 | AMI=0.5997 | HOM=0.6724 | n_valid=1949
2026-04-03 12:11:18,640 | INFO | SFEvaluateRange | Artifacts (epoch_2900): ./results/e15_5_s1/tuning/k9_a0p7/figures/spatial_analysis_epoch_2900.pdf | ./results/e15_5_s1/tuning/k9_a0p7/predictions/embedding_joint_epoch_2900.h5ad
2026-04-03 12:11:18,640 | INFO | SFEvaluateRange | Evaluating epoch 3000 with ckpt_3000.pth
2026-04-03 12:11:31,131 | INFO | SFEvaluateRange | Eval metrics (epoch_3000) | checkpoint=ckpt_3000.pth | epoch=Epoch 3000 | latent_moran=0.4539 | cluster_moran=0.6988
2026-04-03 12:11:31,131 | INFO | SFEvaluateRange | GT metrics (epoch_3000) | checkpoint=ckpt_3000.pth | epoch=Epoch 3000 | ARI=0.4695 | NMI=0.6079 | AMI=0.6014 | HOM=0.6670 | n_valid=1949
2026-04-03 12:11:31,131 | INFO | SFEvaluateRange | Artifacts (epoch_3000): ./results/e15_5_s1/tuning/k9_a0p7/figures/spatial_analysis_epoch_3000.pdf | ./results/e15_5_s1/tuning/k9_a0p7/predictions/embedding_joint_epoch_3000.h5ad
2026-04-03 12:11:31,131 | INFO | SFEvaluateRange | Range evaluation complete. Success=16 | Failed/Skipped=0

========================================================================================
