2026-04-03 10:07:44,799 | INFO | SFPreprocess | [Phase 1] Starting Data Preprocessing...
2026-04-03 10:07:44,799 | INFO | SFPreprocess | Loading raw data...
2026-04-03 10:07:44,799 | INFO | SFPreprocess | Data loader: paired h5ad
2026-04-03 10:08:21,432 | INFO | SFPreprocess | Aligned final cells: RNA=2129, ATAC=2129
2026-04-03 10:08:41,684 | INFO | SFPreprocess | Reduced shapes: RNA=(2129, 512), ATAC=(2129, 512)
2026-04-03 10:08:44,509 | INFO | SFPreprocess | Saving processed tensors...
2026-04-03 10:08:44,540 | INFO | SFPreprocess | Preprocessing complete: data/processed/tuning/e14/processed_data.pt

========================================================================================
2026-04-03 10:08:50,691 | INFO | SFTrainer | [Phase 2] Starting Model Training...
2026-04-03 10:08:50,692 | INFO | SFTrainer | Loading processed data...
2026-04-03 10:08:50,718 | INFO | SFTrainer | Data ready: RNA=torch.Size([2129, 512]), ATAC=torch.Size([2129, 512]), edges=19161
2026-04-03 10:08:50,718 | INFO | SFTrainer | Initializing model...
2026-04-03 10:08:51,059 | INFO | SFTrainer | Training started.
2026-04-03 10:08:51,060 | INFO | SFTrainer | Training started: epochs=3000
2026-04-03 10:08:53,098 | INFO | SFTrainer | Epoch 010 | total 71.2033 | rec_rna 8.6632 | rec_atac 24.0608 | clip 7.6526 | clip_weight 0.5000 | lr 1.00e-03 | best 71.2033
2026-04-03 10:08:54,304 | INFO | SFTrainer | Epoch 020 | total 67.2789 | rec_rna 8.4528 | rec_atac 21.2102 | clip 7.6094 | clip_weight 0.5000 | lr 1.00e-03 | best 67.2789
2026-04-03 10:08:55,528 | INFO | SFTrainer | Epoch 030 | total 65.8947 | rec_rna 8.3978 | rec_atac 20.1655 | clip 7.4800 | clip_weight 0.5000 | lr 1.00e-03 | best 65.8947
2026-04-03 10:08:56,808 | INFO | SFTrainer | Epoch 040 | total 65.1973 | rec_rna 8.3591 | rec_atac 19.7684 | clip 7.2666 | clip_weight 0.5000 | lr 1.00e-03 | best 65.1973
2026-04-03 10:08:58,094 | INFO | SFTrainer | Epoch 050 | total 63.9999 | rec_rna 8.3146 | rec_atac 18.8872 | clip 7.0796 | clip_weight 0.5000 | lr 1.00e-03 | best 63.9999
2026-04-03 10:08:59,377 | INFO | SFTrainer | Epoch 060 | total 62.5572 | rec_rna 8.2286 | rec_atac 17.9625 | clip 6.9033 | clip_weight 0.5000 | lr 1.00e-03 | best 62.5572
2026-04-03 10:09:00,659 | INFO | SFTrainer | Epoch 070 | total 61.0393 | rec_rna 8.0388 | rec_atac 17.4543 | clip 6.7822 | clip_weight 0.5000 | lr 1.00e-03 | best 61.0393
2026-04-03 10:09:01,938 | INFO | SFTrainer | Epoch 080 | total 59.7247 | rec_rna 7.8809 | rec_atac 16.9807 | clip 6.6793 | clip_weight 0.5000 | lr 1.00e-03 | best 59.7247
2026-04-03 10:09:03,194 | INFO | SFTrainer | Epoch 090 | total 58.6438 | rec_rna 7.7484 | rec_atac 16.6028 | clip 6.5981 | clip_weight 0.5000 | lr 1.00e-03 | best 58.6438
2026-04-03 10:09:04,466 | INFO | SFTrainer | Epoch 100 | total 57.6569 | rec_rna 7.6168 | rec_atac 16.3036 | clip 6.5391 | clip_weight 0.5000 | lr 1.00e-03 | best 57.6569
2026-04-03 10:09:05,744 | INFO | SFTrainer | Epoch 110 | total 56.6821 | rec_rna 7.4753 | rec_atac 16.0613 | clip 6.4884 | clip_weight 0.5000 | lr 1.00e-03 | best 56.6821
2026-04-03 10:09:06,996 | INFO | SFTrainer | Epoch 120 | total 55.7559 | rec_rna 7.3260 | rec_atac 15.8954 | clip 6.4611 | clip_weight 0.5000 | lr 1.00e-03 | best 55.7559
2026-04-03 10:09:08,188 | INFO | SFTrainer | Epoch 130 | total 54.9232 | rec_rna 7.1907 | rec_atac 15.7639 | clip 6.4114 | clip_weight 0.5000 | lr 1.00e-03 | best 54.9232
2026-04-03 10:09:09,429 | INFO | SFTrainer | Epoch 140 | total 53.9628 | rec_rna 7.0452 | rec_atac 15.5477 | clip 6.3784 | clip_weight 0.5000 | lr 1.00e-03 | best 53.9628
2026-04-03 10:09:10,680 | INFO | SFTrainer | Epoch 150 | total 53.0467 | rec_rna 6.8975 | rec_atac 15.3754 | clip 6.3674 | clip_weight 0.5000 | lr 1.00e-03 | best 53.0467
2026-04-03 10:09:11,946 | INFO | SFTrainer | Epoch 160 | total 52.1863 | rec_rna 6.7567 | rec_atac 15.2329 | clip 6.3395 | clip_weight 0.5000 | lr 1.00e-03 | best 52.1863
2026-04-03 10:09:13,144 | INFO | SFTrainer | Epoch 170 | total 51.4236 | rec_rna 6.6406 | rec_atac 15.0671 | clip 6.3070 | clip_weight 0.5000 | lr 1.00e-03 | best 51.4211
2026-04-03 10:09:14,376 | INFO | SFTrainer | Epoch 180 | total 50.5896 | rec_rna 6.5088 | rec_atac 14.9024 | clip 6.2861 | clip_weight 0.5000 | lr 1.00e-03 | best 50.5896
2026-04-03 10:09:15,568 | INFO | SFTrainer | Epoch 190 | total 49.7748 | rec_rna 6.3838 | rec_atac 14.7329 | clip 6.2460 | clip_weight 0.5000 | lr 1.00e-03 | best 49.7748
2026-04-03 10:09:16,844 | INFO | SFTrainer | Epoch 200 | total 49.0339 | rec_rna 6.2667 | rec_atac 14.5780 | clip 6.2450 | clip_weight 0.5000 | lr 1.00e-03 | best 49.0339
2026-04-03 10:09:18,104 | INFO | SFTrainer | Epoch 210 | total 48.2582 | rec_rna 6.1477 | rec_atac 14.4205 | clip 6.1988 | clip_weight 0.5000 | lr 1.00e-03 | best 48.2582
2026-04-03 10:09:19,336 | INFO | SFTrainer | Epoch 220 | total 47.5240 | rec_rna 6.0345 | rec_atac 14.2592 | clip 6.1845 | clip_weight 0.5000 | lr 1.00e-03 | best 47.5240
2026-04-03 10:09:20,627 | INFO | SFTrainer | Epoch 230 | total 46.8445 | rec_rna 5.9374 | rec_atac 14.0776 | clip 6.1602 | clip_weight 0.5000 | lr 1.00e-03 | best 46.8445
2026-04-03 10:09:21,913 | INFO | SFTrainer | Epoch 240 | total 46.1979 | rec_rna 5.8410 | rec_atac 13.9191 | clip 6.1476 | clip_weight 0.5000 | lr 1.00e-03 | best 46.1979
2026-04-03 10:09:23,105 | INFO | SFTrainer | Epoch 250 | total 45.5167 | rec_rna 5.7460 | rec_atac 13.7336 | clip 6.1058 | clip_weight 0.5000 | lr 1.00e-03 | best 45.5040
2026-04-03 10:09:24,392 | INFO | SFTrainer | Epoch 260 | total 44.8304 | rec_rna 5.6486 | rec_atac 13.5398 | clip 6.0954 | clip_weight 0.5000 | lr 1.00e-03 | best 44.8304
2026-04-03 10:09:25,585 | INFO | SFTrainer | Epoch 270 | total 44.2270 | rec_rna 5.5565 | rec_atac 13.4126 | clip 6.0640 | clip_weight 0.5000 | lr 1.00e-03 | best 44.2270
2026-04-03 10:09:26,846 | INFO | SFTrainer | Epoch 280 | total 43.5668 | rec_rna 5.4686 | rec_atac 13.1999 | clip 6.0481 | clip_weight 0.5000 | lr 1.00e-03 | best 43.5668
2026-04-03 10:09:28,094 | INFO | SFTrainer | Epoch 290 | total 43.0190 | rec_rna 5.3967 | rec_atac 13.0254 | clip 6.0199 | clip_weight 0.5000 | lr 1.00e-03 | best 43.0139
2026-04-03 10:09:29,369 | INFO | SFTrainer | Epoch 300 | total 42.3174 | rec_rna 5.2982 | rec_atac 12.8304 | clip 5.9923 | clip_weight 0.5000 | lr 1.00e-03 | best 42.3174
2026-04-03 10:09:30,599 | INFO | SFTrainer | Epoch 310 | total 41.7869 | rec_rna 5.2313 | rec_atac 12.6474 | clip 5.9663 | clip_weight 0.5000 | lr 1.00e-03 | best 41.7869
2026-04-03 10:09:31,823 | INFO | SFTrainer | Epoch 320 | total 41.2075 | rec_rna 5.1585 | rec_atac 12.4427 | clip 5.9450 | clip_weight 0.5000 | lr 1.00e-03 | best 41.2075
2026-04-03 10:09:32,941 | INFO | SFTrainer | Epoch 330 | total 40.7026 | rec_rna 5.0933 | rec_atac 12.2741 | clip 5.9235 | clip_weight 0.5000 | lr 1.00e-03 | best 40.7026
2026-04-03 10:09:34,173 | INFO | SFTrainer | Epoch 340 | total 40.1964 | rec_rna 5.0310 | rec_atac 12.0840 | clip 5.9152 | clip_weight 0.5000 | lr 1.00e-03 | best 40.1964
2026-04-03 10:09:35,291 | INFO | SFTrainer | Epoch 350 | total 39.6244 | rec_rna 4.9591 | rec_atac 11.8885 | clip 5.8804 | clip_weight 0.5000 | lr 1.00e-03 | best 39.6244
2026-04-03 10:09:36,547 | INFO | SFTrainer | Epoch 360 | total 39.1416 | rec_rna 4.9043 | rec_atac 11.6964 | clip 5.8478 | clip_weight 0.5000 | lr 1.00e-03 | best 39.1416
2026-04-03 10:09:37,764 | INFO | SFTrainer | Epoch 370 | total 38.7375 | rec_rna 4.8559 | rec_atac 11.5399 | clip 5.8358 | clip_weight 0.5000 | lr 1.00e-03 | best 38.7178
2026-04-03 10:09:38,946 | INFO | SFTrainer | Epoch 380 | total 38.3417 | rec_rna 4.8084 | rec_atac 11.3925 | clip 5.8141 | clip_weight 0.5000 | lr 1.00e-03 | best 38.3265
2026-04-03 10:09:40,085 | INFO | SFTrainer | Epoch 390 | total 37.8074 | rec_rna 4.7441 | rec_atac 11.1962 | clip 5.7810 | clip_weight 0.5000 | lr 1.00e-03 | best 37.8074
2026-04-03 10:09:41,262 | INFO | SFTrainer | Epoch 400 | total 37.4432 | rec_rna 4.6993 | rec_atac 11.0657 | clip 5.7616 | clip_weight 0.5000 | lr 1.00e-03 | best 37.4075
2026-04-03 10:09:42,425 | INFO | SFTrainer | Epoch 410 | total 36.9748 | rec_rna 4.6462 | rec_atac 10.8778 | clip 5.7324 | clip_weight 0.5000 | lr 1.00e-03 | best 36.9748
2026-04-03 10:09:43,562 | INFO | SFTrainer | Epoch 420 | total 36.5362 | rec_rna 4.5924 | rec_atac 10.7255 | clip 5.6973 | clip_weight 0.5000 | lr 1.00e-03 | best 36.5362
2026-04-03 10:09:44,677 | INFO | SFTrainer | Epoch 430 | total 36.2198 | rec_rna 4.5561 | rec_atac 10.5876 | clip 5.7037 | clip_weight 0.5000 | lr 1.00e-03 | best 36.2057
2026-04-03 10:09:45,756 | INFO | SFTrainer | Epoch 440 | total 35.9506 | rec_rna 4.5250 | rec_atac 10.4922 | clip 5.6671 | clip_weight 0.5000 | lr 1.00e-03 | best 35.8733
2026-04-03 10:09:46,881 | INFO | SFTrainer | Epoch 450 | total 35.4909 | rec_rna 4.4717 | rec_atac 10.3167 | clip 5.6312 | clip_weight 0.5000 | lr 1.00e-03 | best 35.4909
2026-04-03 10:09:48,033 | INFO | SFTrainer | Epoch 460 | total 35.1226 | rec_rna 4.4280 | rec_atac 10.1707 | clip 5.6233 | clip_weight 0.5000 | lr 1.00e-03 | best 35.1226
2026-04-03 10:09:49,024 | INFO | SFTrainer | Epoch 470 | total 34.8359 | rec_rna 4.3962 | rec_atac 10.0597 | clip 5.5900 | clip_weight 0.5000 | lr 1.00e-03 | best 34.8332
2026-04-03 10:09:50,067 | INFO | SFTrainer | Epoch 480 | total 34.6184 | rec_rna 4.3712 | rec_atac 9.9786 | clip 5.5672 | clip_weight 0.5000 | lr 1.00e-03 | best 34.5289
2026-04-03 10:09:51,067 | INFO | SFTrainer | Epoch 490 | total 34.3008 | rec_rna 4.3390 | rec_atac 9.8433 | clip 5.5255 | clip_weight 0.5000 | lr 1.00e-03 | best 34.3008
2026-04-03 10:09:52,239 | INFO | SFTrainer | Epoch 500 | total 33.9074 | rec_rna 4.2943 | rec_atac 9.6837 | clip 5.5043 | clip_weight 0.5000 | lr 1.00e-03 | best 33.9074
2026-04-03 10:09:53,150 | INFO | SFTrainer | Epoch 510 | total 33.7122 | rec_rna 4.2721 | rec_atac 9.6080 | clip 5.4873 | clip_weight 0.5000 | lr 1.00e-03 | best 33.7045
2026-04-03 10:09:54,151 | INFO | SFTrainer | Epoch 520 | total 33.5198 | rec_rna 4.2518 | rec_atac 9.5327 | clip 5.4558 | clip_weight 0.5000 | lr 1.00e-03 | best 33.4357
2026-04-03 10:09:55,176 | INFO | SFTrainer | Epoch 530 | total 33.1731 | rec_rna 4.2091 | rec_atac 9.4160 | clip 5.4234 | clip_weight 0.5000 | lr 1.00e-03 | best 33.1731
2026-04-03 10:09:56,207 | INFO | SFTrainer | Epoch 540 | total 32.9600 | rec_rna 4.1859 | rec_atac 9.3299 | clip 5.4009 | clip_weight 0.5000 | lr 1.00e-03 | best 32.9600
2026-04-03 10:09:57,201 | INFO | SFTrainer | Epoch 550 | total 32.6995 | rec_rna 4.1573 | rec_atac 9.2282 | clip 5.3697 | clip_weight 0.5000 | lr 1.00e-03 | best 32.6995
2026-04-03 10:09:58,241 | INFO | SFTrainer | Epoch 560 | total 32.5621 | rec_rna 4.1442 | rec_atac 9.1670 | clip 5.3485 | clip_weight 0.5000 | lr 1.00e-03 | best 32.4833
2026-04-03 10:09:59,143 | INFO | SFTrainer | Epoch 570 | total 32.3665 | rec_rna 4.1190 | rec_atac 9.1148 | clip 5.3139 | clip_weight 0.5000 | lr 1.00e-03 | best 32.2992
2026-04-03 10:10:00,185 | INFO | SFTrainer | Epoch 580 | total 32.1688 | rec_rna 4.0985 | rec_atac 9.0255 | clip 5.3020 | clip_weight 0.5000 | lr 1.00e-03 | best 32.1688
2026-04-03 10:10:01,218 | INFO | SFTrainer | Epoch 590 | total 31.8851 | rec_rna 4.0623 | rec_atac 8.9343 | clip 5.2784 | clip_weight 0.5000 | lr 1.00e-03 | best 31.8851
2026-04-03 10:10:02,167 | INFO | SFTrainer | Epoch 600 | total 31.7507 | rec_rna 4.0435 | rec_atac 8.9118 | clip 5.2430 | clip_weight 0.5000 | lr 1.00e-03 | best 31.7507
2026-04-03 10:10:03,218 | INFO | SFTrainer | Epoch 610 | total 31.5801 | rec_rna 4.0310 | rec_atac 8.8080 | clip 5.2340 | clip_weight 0.5000 | lr 1.00e-03 | best 31.5270
2026-04-03 10:10:04,185 | INFO | SFTrainer | Epoch 620 | total 31.4505 | rec_rna 4.0162 | rec_atac 8.7700 | clip 5.1988 | clip_weight 0.5000 | lr 1.00e-03 | best 31.3761
2026-04-03 10:10:05,133 | INFO | SFTrainer | Epoch 630 | total 31.1998 | rec_rna 3.9914 | rec_atac 8.6533 | clip 5.1795 | clip_weight 0.5000 | lr 1.00e-03 | best 31.1904
2026-04-03 10:10:06,134 | INFO | SFTrainer | Epoch 640 | total 31.0702 | rec_rna 3.9811 | rec_atac 8.5918 | clip 5.1462 | clip_weight 0.5000 | lr 1.00e-03 | best 31.0702
2026-04-03 10:10:07,156 | INFO | SFTrainer | Epoch 650 | total 30.9116 | rec_rna 3.9576 | rec_atac 8.5667 | clip 5.1139 | clip_weight 0.5000 | lr 1.00e-03 | best 30.9021
2026-04-03 10:10:08,229 | INFO | SFTrainer | Epoch 660 | total 30.7897 | rec_rna 3.9497 | rec_atac 8.5052 | clip 5.0723 | clip_weight 0.5000 | lr 1.00e-03 | best 30.7378
2026-04-03 10:10:09,243 | INFO | SFTrainer | Epoch 670 | total 30.5654 | rec_rna 3.9225 | rec_atac 8.4308 | clip 5.0437 | clip_weight 0.5000 | lr 1.00e-03 | best 30.5529
2026-04-03 10:10:10,117 | INFO | SFTrainer | Epoch 680 | total 30.4883 | rec_rna 3.9126 | rec_atac 8.4114 | clip 5.0281 | clip_weight 0.5000 | lr 1.00e-03 | best 30.4453
2026-04-03 10:10:11,052 | INFO | SFTrainer | Epoch 690 | total 30.3551 | rec_rna 3.9016 | rec_atac 8.3493 | clip 4.9957 | clip_weight 0.5000 | lr 1.00e-03 | best 30.3389
2026-04-03 10:10:11,957 | INFO | SFTrainer | Epoch 700 | total 30.2694 | rec_rna 3.8874 | rec_atac 8.3340 | clip 4.9971 | clip_weight 0.5000 | lr 1.00e-03 | best 30.1387
2026-04-03 10:10:12,892 | INFO | SFTrainer | Epoch 710 | total 30.1436 | rec_rna 3.8674 | rec_atac 8.3373 | clip 4.9382 | clip_weight 0.5000 | lr 1.00e-03 | best 30.0141
2026-04-03 10:10:13,874 | INFO | SFTrainer | Epoch 720 | total 29.8757 | rec_rna 3.8450 | rec_atac 8.1873 | clip 4.9270 | clip_weight 0.5000 | lr 1.00e-03 | best 29.8697
2026-04-03 10:10:14,824 | INFO | SFTrainer | Epoch 730 | total 29.7442 | rec_rna 3.8281 | rec_atac 8.1572 | clip 4.8934 | clip_weight 0.5000 | lr 1.00e-03 | best 29.7442
2026-04-03 10:10:15,693 | INFO | SFTrainer | Epoch 740 | total 29.7225 | rec_rna 3.8281 | rec_atac 8.1385 | clip 4.8871 | clip_weight 0.5000 | lr 1.00e-03 | best 29.6857
2026-04-03 10:10:16,710 | INFO | SFTrainer | Epoch 750 | total 29.4966 | rec_rna 3.7979 | rec_atac 8.0790 | clip 4.8561 | clip_weight 0.5000 | lr 1.00e-03 | best 29.4966
2026-04-03 10:10:17,694 | INFO | SFTrainer | Epoch 760 | total 29.4913 | rec_rna 3.8087 | rec_atac 8.0448 | clip 4.8057 | clip_weight 0.5000 | lr 1.00e-03 | best 29.4356
2026-04-03 10:10:18,669 | INFO | SFTrainer | Epoch 770 | total 29.2612 | rec_rna 3.7777 | rec_atac 7.9856 | clip 4.7740 | clip_weight 0.5000 | lr 1.00e-03 | best 29.2612
2026-04-03 10:10:19,588 | INFO | SFTrainer | Epoch 780 | total 29.2869 | rec_rna 3.7878 | rec_atac 7.9693 | clip 4.7575 | clip_weight 0.5000 | lr 1.00e-03 | best 29.1835
2026-04-03 10:10:20,573 | INFO | SFTrainer | Epoch 790 | total 29.1187 | rec_rna 3.7673 | rec_atac 7.9287 | clip 4.7066 | clip_weight 0.5000 | lr 1.00e-03 | best 29.0507
2026-04-03 10:10:21,583 | INFO | SFTrainer | Epoch 800 | total 28.9405 | rec_rna 3.7443 | rec_atac 7.8757 | clip 4.6862 | clip_weight 0.5000 | lr 1.00e-03 | best 28.9405
2026-04-03 10:10:22,545 | INFO | SFTrainer | Epoch 810 | total 28.9277 | rec_rna 3.7393 | rec_atac 7.8972 | clip 4.6677 | clip_weight 0.5000 | lr 1.00e-03 | best 28.8548
2026-04-03 10:10:23,518 | INFO | SFTrainer | Epoch 820 | total 28.8260 | rec_rna 3.7318 | rec_atac 7.8460 | clip 4.6416 | clip_weight 0.5000 | lr 1.00e-03 | best 28.7417
2026-04-03 10:10:24,424 | INFO | SFTrainer | Epoch 830 | total 28.7234 | rec_rna 3.7202 | rec_atac 7.8169 | clip 4.6109 | clip_weight 0.5000 | lr 1.00e-03 | best 28.6765
2026-04-03 10:10:25,453 | INFO | SFTrainer | Epoch 840 | total 28.6223 | rec_rna 3.7095 | rec_atac 7.7879 | clip 4.5743 | clip_weight 0.5000 | lr 1.00e-03 | best 28.5994
2026-04-03 10:10:26,389 | INFO | SFTrainer | Epoch 850 | total 28.4791 | rec_rna 3.6885 | rec_atac 7.7629 | clip 4.5469 | clip_weight 0.5000 | lr 1.00e-03 | best 28.4422
2026-04-03 10:10:27,381 | INFO | SFTrainer | Epoch 860 | total 28.3671 | rec_rna 3.6763 | rec_atac 7.7215 | clip 4.5283 | clip_weight 0.5000 | lr 1.00e-03 | best 28.3671
2026-04-03 10:10:28,279 | INFO | SFTrainer | Epoch 870 | total 28.3230 | rec_rna 3.6803 | rec_atac 7.6762 | clip 4.4904 | clip_weight 0.5000 | lr 1.00e-03 | best 28.2751
2026-04-03 10:10:29,245 | INFO | SFTrainer | Epoch 880 | total 28.2465 | rec_rna 3.6670 | rec_atac 7.6758 | clip 4.4709 | clip_weight 0.5000 | lr 1.00e-03 | best 28.2229
2026-04-03 10:10:30,234 | INFO | SFTrainer | Epoch 890 | total 28.1447 | rec_rna 3.6642 | rec_atac 7.6193 | clip 4.4084 | clip_weight 0.5000 | lr 1.00e-03 | best 28.1447
2026-04-03 10:10:31,212 | INFO | SFTrainer | Epoch 900 | total 28.1345 | rec_rna 3.6596 | rec_atac 7.6291 | clip 4.4146 | clip_weight 0.5000 | lr 1.00e-03 | best 28.0527
2026-04-03 10:10:32,145 | INFO | SFTrainer | Epoch 910 | total 28.0217 | rec_rna 3.6469 | rec_atac 7.5959 | clip 4.3830 | clip_weight 0.5000 | lr 1.00e-03 | best 27.9473
2026-04-03 10:10:33,090 | INFO | SFTrainer | Epoch 920 | total 27.9601 | rec_rna 3.6522 | rec_atac 7.5300 | clip 4.3387 | clip_weight 0.5000 | lr 1.00e-03 | best 27.8665
2026-04-03 10:10:34,083 | INFO | SFTrainer | Epoch 930 | total 27.9186 | rec_rna 3.6402 | rec_atac 7.5444 | clip 4.3468 | clip_weight 0.5000 | lr 1.00e-03 | best 27.7730
2026-04-03 10:10:34,941 | INFO | SFTrainer | Epoch 940 | total 27.7737 | rec_rna 3.6317 | rec_atac 7.4788 | clip 4.2731 | clip_weight 0.5000 | lr 1.00e-03 | best 27.6733
2026-04-03 10:10:35,857 | INFO | SFTrainer | Epoch 950 | total 27.6515 | rec_rna 3.6057 | rec_atac 7.4822 | clip 4.2818 | clip_weight 0.5000 | lr 1.00e-03 | best 27.6427
2026-04-03 10:10:36,784 | INFO | SFTrainer | Epoch 960 | total 27.5784 | rec_rna 3.6008 | rec_atac 7.4590 | clip 4.2306 | clip_weight 0.5000 | lr 1.00e-03 | best 27.5250
2026-04-03 10:10:37,778 | INFO | SFTrainer | Epoch 970 | total 27.5112 | rec_rna 3.5928 | rec_atac 7.4607 | clip 4.1733 | clip_weight 0.5000 | lr 1.00e-03 | best 27.4225
2026-04-03 10:10:38,655 | INFO | SFTrainer | Epoch 980 | total 27.4799 | rec_rna 3.5983 | rec_atac 7.3991 | clip 4.1786 | clip_weight 0.5000 | lr 1.00e-03 | best 27.4221
2026-04-03 10:10:39,726 | INFO | SFTrainer | Epoch 990 | total 27.3376 | rec_rna 3.5749 | rec_atac 7.3844 | clip 4.1576 | clip_weight 0.5000 | lr 1.00e-03 | best 27.3333
2026-04-03 10:10:40,619 | INFO | SFTrainer | Epoch 1000 | total 27.4194 | rec_rna 3.5918 | rec_atac 7.3949 | clip 4.1312 | clip_weight 0.5000 | lr 1.00e-03 | best 27.2830
2026-04-03 10:10:41,593 | INFO | SFTrainer | Epoch 1010 | total 27.2349 | rec_rna 3.5629 | rec_atac 7.3695 | clip 4.1015 | clip_weight 0.5000 | lr 1.00e-03 | best 27.1657
2026-04-03 10:10:42,507 | INFO | SFTrainer | Epoch 1020 | total 27.2080 | rec_rna 3.5657 | rec_atac 7.3466 | clip 4.0661 | clip_weight 0.5000 | lr 1.00e-03 | best 27.0586
2026-04-03 10:10:43,327 | INFO | SFTrainer | Epoch 1030 | total 27.1122 | rec_rna 3.5549 | rec_atac 7.3303 | clip 4.0144 | clip_weight 0.5000 | lr 1.00e-03 | best 27.0586
2026-04-03 10:10:44,180 | INFO | SFTrainer | Epoch 1040 | total 27.0681 | rec_rna 3.5494 | rec_atac 7.3074 | clip 4.0276 | clip_weight 0.5000 | lr 1.00e-03 | best 27.0330
2026-04-03 10:10:45,122 | INFO | SFTrainer | Epoch 1050 | total 26.8844 | rec_rna 3.5284 | rec_atac 7.2611 | clip 3.9628 | clip_weight 0.5000 | lr 1.00e-03 | best 26.8844
2026-04-03 10:10:46,049 | INFO | SFTrainer | Epoch 1060 | total 26.8516 | rec_rna 3.5255 | rec_atac 7.2766 | clip 3.8955 | clip_weight 0.5000 | lr 1.00e-03 | best 26.8516
2026-04-03 10:10:46,865 | INFO | SFTrainer | Epoch 1070 | total 27.2153 | rec_rna 3.5806 | rec_atac 7.3524 | clip 3.9192 | clip_weight 0.5000 | lr 1.00e-03 | best 26.8516
2026-04-03 10:10:47,675 | INFO | SFTrainer | Epoch 1080 | total 27.0117 | rec_rna 3.5485 | rec_atac 7.3035 | clip 3.9313 | clip_weight 0.5000 | lr 1.00e-03 | best 26.8516
2026-04-03 10:10:48,478 | INFO | SFTrainer | Epoch 1090 | total 26.9742 | rec_rna 3.5471 | rec_atac 7.2813 | clip 3.9143 | clip_weight 0.5000 | lr 1.00e-03 | best 26.8516
2026-04-03 10:10:49,424 | INFO | SFTrainer | Epoch 1100 | total 26.9300 | rec_rna 3.5448 | rec_atac 7.2673 | clip 3.8770 | clip_weight 0.5000 | lr 1.00e-03 | best 26.7950
2026-04-03 10:10:50,388 | INFO | SFTrainer | Epoch 1110 | total 26.6632 | rec_rna 3.5113 | rec_atac 7.2039 | clip 3.8060 | clip_weight 0.5000 | lr 1.00e-03 | best 26.6098
2026-04-03 10:10:51,288 | INFO | SFTrainer | Epoch 1120 | total 26.6878 | rec_rna 3.5201 | rec_atac 7.1950 | clip 3.7848 | clip_weight 0.5000 | lr 1.00e-03 | best 26.5586
2026-04-03 10:10:52,143 | INFO | SFTrainer | Epoch 1130 | total 26.5246 | rec_rna 3.5015 | rec_atac 7.1409 | clip 3.7527 | clip_weight 0.5000 | lr 1.00e-03 | best 26.5139
2026-04-03 10:10:53,073 | INFO | SFTrainer | Epoch 1140 | total 26.4219 | rec_rna 3.4875 | rec_atac 7.1080 | clip 3.7533 | clip_weight 0.5000 | lr 1.00e-03 | best 26.3791
2026-04-03 10:10:53,933 | INFO | SFTrainer | Epoch 1150 | total 26.4010 | rec_rna 3.4911 | rec_atac 7.1000 | clip 3.6911 | clip_weight 0.5000 | lr 1.00e-03 | best 26.3069
2026-04-03 10:10:54,778 | INFO | SFTrainer | Epoch 1160 | total 26.3196 | rec_rna 3.4713 | rec_atac 7.1291 | clip 3.6684 | clip_weight 0.5000 | lr 1.00e-03 | best 26.3069
2026-04-03 10:10:55,750 | INFO | SFTrainer | Epoch 1170 | total 26.2002 | rec_rna 3.4611 | rec_atac 7.0862 | clip 3.6168 | clip_weight 0.5000 | lr 1.00e-03 | best 26.1830
2026-04-03 10:10:56,603 | INFO | SFTrainer | Epoch 1180 | total 26.2979 | rec_rna 3.4727 | rec_atac 7.1330 | clip 3.6029 | clip_weight 0.5000 | lr 1.00e-03 | best 26.1572
2026-04-03 10:10:57,489 | INFO | SFTrainer | Epoch 1190 | total 26.2370 | rec_rna 3.4735 | rec_atac 7.0732 | clip 3.5924 | clip_weight 0.5000 | lr 1.00e-03 | best 26.0922
2026-04-03 10:10:58,380 | INFO | SFTrainer | Epoch 1200 | total 26.1225 | rec_rna 3.4613 | rec_atac 7.0572 | clip 3.5176 | clip_weight 0.5000 | lr 1.00e-03 | best 26.0686
2026-04-03 10:10:59,300 | INFO | SFTrainer | Epoch 1210 | total 26.0882 | rec_rna 3.4550 | rec_atac 7.0503 | clip 3.5259 | clip_weight 0.5000 | lr 1.00e-03 | best 25.9934
2026-04-03 10:11:00,140 | INFO | SFTrainer | Epoch 1220 | total 26.0363 | rec_rna 3.4503 | rec_atac 7.0445 | clip 3.4803 | clip_weight 0.5000 | lr 1.00e-03 | best 25.9516
2026-04-03 10:11:01,030 | INFO | SFTrainer | Epoch 1230 | total 25.9231 | rec_rna 3.4354 | rec_atac 7.0229 | clip 3.4465 | clip_weight 0.5000 | lr 1.00e-03 | best 25.9134
2026-04-03 10:11:01,880 | INFO | SFTrainer | Epoch 1240 | total 26.0198 | rec_rna 3.4528 | rec_atac 7.0525 | clip 3.4061 | clip_weight 0.5000 | lr 1.00e-03 | best 25.9086
2026-04-03 10:11:02,817 | INFO | SFTrainer | Epoch 1250 | total 25.9197 | rec_rna 3.4417 | rec_atac 7.0043 | clip 3.4143 | clip_weight 0.5000 | lr 1.00e-03 | best 25.8306
2026-04-03 10:11:03,748 | INFO | SFTrainer | Epoch 1260 | total 25.8057 | rec_rna 3.4298 | rec_atac 6.9646 | clip 3.3843 | clip_weight 0.5000 | lr 1.00e-03 | best 25.8057
2026-04-03 10:11:04,604 | INFO | SFTrainer | Epoch 1270 | total 25.8360 | rec_rna 3.4415 | rec_atac 6.9615 | clip 3.3338 | clip_weight 0.5000 | lr 1.00e-03 | best 25.7623
2026-04-03 10:11:05,503 | INFO | SFTrainer | Epoch 1280 | total 25.7381 | rec_rna 3.4182 | rec_atac 6.9837 | clip 3.3270 | clip_weight 0.5000 | lr 1.00e-03 | best 25.6027
2026-04-03 10:11:06,310 | INFO | SFTrainer | Epoch 1290 | total 25.7385 | rec_rna 3.4262 | rec_atac 6.9782 | clip 3.2585 | clip_weight 0.5000 | lr 1.00e-03 | best 25.6027
2026-04-03 10:11:07,180 | INFO | SFTrainer | Epoch 1300 | total 25.5929 | rec_rna 3.4075 | rec_atac 6.9165 | clip 3.2777 | clip_weight 0.5000 | lr 1.00e-03 | best 25.5929
2026-04-03 10:11:08,211 | INFO | SFTrainer | Epoch 1310 | total 25.5147 | rec_rna 3.3990 | rec_atac 6.9226 | clip 3.1947 | clip_weight 0.5000 | lr 1.00e-03 | best 25.5147
2026-04-03 10:11:09,105 | INFO | SFTrainer | Epoch 1320 | total 25.5885 | rec_rna 3.4129 | rec_atac 6.9258 | clip 3.1965 | clip_weight 0.5000 | lr 1.00e-03 | best 25.4664
2026-04-03 10:11:09,939 | INFO | SFTrainer | Epoch 1330 | total 25.4798 | rec_rna 3.3975 | rec_atac 6.9231 | clip 3.1383 | clip_weight 0.5000 | lr 1.00e-03 | best 25.4664
2026-04-03 10:11:10,901 | INFO | SFTrainer | Epoch 1340 | total 25.3505 | rec_rna 3.3817 | rec_atac 6.8800 | clip 3.1245 | clip_weight 0.5000 | lr 1.00e-03 | best 25.3505
2026-04-03 10:11:11,773 | INFO | SFTrainer | Epoch 1350 | total 25.3818 | rec_rna 3.3947 | rec_atac 6.8605 | clip 3.0952 | clip_weight 0.5000 | lr 1.00e-03 | best 25.3505
2026-04-03 10:11:12,634 | INFO | SFTrainer | Epoch 1360 | total 25.4041 | rec_rna 3.3953 | rec_atac 6.8886 | clip 3.0774 | clip_weight 0.5000 | lr 1.00e-03 | best 25.3505
2026-04-03 10:11:13,548 | INFO | SFTrainer | Epoch 1370 | total 25.2747 | rec_rna 3.3785 | rec_atac 6.8572 | clip 3.0502 | clip_weight 0.5000 | lr 1.00e-03 | best 25.2082
2026-04-03 10:11:14,372 | INFO | SFTrainer | Epoch 1380 | total 25.2778 | rec_rna 3.3801 | rec_atac 6.8761 | clip 3.0024 | clip_weight 0.5000 | lr 1.00e-03 | best 25.2082
2026-04-03 10:11:15,255 | INFO | SFTrainer | Epoch 1390 | total 25.2060 | rec_rna 3.3803 | rec_atac 6.8319 | clip 2.9454 | clip_weight 0.5000 | lr 1.00e-03 | best 25.2060
2026-04-03 10:11:16,227 | INFO | SFTrainer | Epoch 1400 | total 25.2183 | rec_rna 3.3827 | rec_atac 6.8390 | clip 2.9316 | clip_weight 0.5000 | lr 1.00e-03 | best 25.1772
2026-04-03 10:11:17,170 | INFO | SFTrainer | Epoch 1410 | total 25.2311 | rec_rna 3.3824 | rec_atac 6.8564 | clip 2.9257 | clip_weight 0.5000 | lr 1.00e-03 | best 25.1473
2026-04-03 10:11:18,087 | INFO | SFTrainer | Epoch 1420 | total 25.1888 | rec_rna 3.3793 | rec_atac 6.8615 | clip 2.8613 | clip_weight 0.5000 | lr 1.00e-03 | best 25.0758
2026-04-03 10:11:18,963 | INFO | SFTrainer | Epoch 1430 | total 25.1420 | rec_rna 3.3781 | rec_atac 6.8354 | clip 2.8324 | clip_weight 0.5000 | lr 1.00e-03 | best 25.0505
2026-04-03 10:11:19,856 | INFO | SFTrainer | Epoch 1440 | total 25.0595 | rec_rna 3.3644 | rec_atac 6.8278 | clip 2.8192 | clip_weight 0.5000 | lr 1.00e-03 | best 25.0011
2026-04-03 10:11:20,817 | INFO | SFTrainer | Epoch 1450 | total 25.0563 | rec_rna 3.3632 | rec_atac 6.8368 | clip 2.8069 | clip_weight 0.5000 | lr 1.00e-03 | best 24.9701
2026-04-03 10:11:21,779 | INFO | SFTrainer | Epoch 1460 | total 24.9144 | rec_rna 3.3544 | rec_atac 6.7932 | clip 2.6980 | clip_weight 0.5000 | lr 1.00e-03 | best 24.8615
2026-04-03 10:11:22,700 | INFO | SFTrainer | Epoch 1470 | total 24.8440 | rec_rna 3.3438 | rec_atac 6.7805 | clip 2.6892 | clip_weight 0.5000 | lr 1.00e-03 | best 24.8440
2026-04-03 10:11:23,661 | INFO | SFTrainer | Epoch 1480 | total 24.8039 | rec_rna 3.3388 | rec_atac 6.7888 | clip 2.6426 | clip_weight 0.5000 | lr 1.00e-03 | best 24.7720
2026-04-03 10:11:24,570 | INFO | SFTrainer | Epoch 1490 | total 24.7175 | rec_rna 3.3307 | rec_atac 6.7780 | clip 2.5720 | clip_weight 0.5000 | lr 1.00e-03 | best 24.7175
2026-04-03 10:11:25,457 | INFO | SFTrainer | Epoch 1500 | total 24.8459 | rec_rna 3.3631 | rec_atac 6.7551 | clip 2.5508 | clip_weight 0.5000 | lr 1.00e-03 | best 24.7175
2026-04-03 10:11:26,462 | INFO | SFTrainer | Epoch 1510 | total 24.7492 | rec_rna 3.3452 | rec_atac 6.7459 | clip 2.5549 | clip_weight 0.5000 | lr 1.00e-03 | best 24.6974
2026-04-03 10:11:27,442 | INFO | SFTrainer | Epoch 1520 | total 24.6414 | rec_rna 3.3300 | rec_atac 6.7448 | clip 2.4933 | clip_weight 0.5000 | lr 1.00e-03 | best 24.6191
2026-04-03 10:11:28,408 | INFO | SFTrainer | Epoch 1530 | total 24.7714 | rec_rna 3.3529 | rec_atac 6.7717 | clip 2.4702 | clip_weight 0.5000 | lr 1.00e-03 | best 24.5510
2026-04-03 10:11:29,255 | INFO | SFTrainer | Epoch 1540 | total 24.6427 | rec_rna 3.3406 | rec_atac 6.7216 | clip 2.4363 | clip_weight 0.5000 | lr 1.00e-03 | best 24.5510
2026-04-03 10:11:30,202 | INFO | SFTrainer | Epoch 1550 | total 24.5493 | rec_rna 3.3356 | rec_atac 6.6844 | clip 2.3742 | clip_weight 0.5000 | lr 1.00e-03 | best 24.5282
2026-04-03 10:11:31,161 | INFO | SFTrainer | Epoch 1560 | total 24.5053 | rec_rna 3.3237 | rec_atac 6.6980 | clip 2.3782 | clip_weight 0.5000 | lr 1.00e-03 | best 24.4504
2026-04-03 10:11:32,000 | INFO | SFTrainer | Epoch 1570 | total 24.5274 | rec_rna 3.3297 | rec_atac 6.7193 | clip 2.3193 | clip_weight 0.5000 | lr 1.00e-03 | best 24.4504
2026-04-03 10:11:32,892 | INFO | SFTrainer | Epoch 1580 | total 24.4397 | rec_rna 3.3214 | rec_atac 6.6965 | clip 2.2724 | clip_weight 0.5000 | lr 1.00e-03 | best 24.4004
2026-04-03 10:11:33,793 | INFO | SFTrainer | Epoch 1590 | total 24.5105 | rec_rna 3.3255 | rec_atac 6.7472 | clip 2.2718 | clip_weight 0.5000 | lr 1.00e-03 | best 24.3662
2026-04-03 10:11:34,648 | INFO | SFTrainer | Epoch 1600 | total 24.4066 | rec_rna 3.3216 | rec_atac 6.6914 | clip 2.2142 | clip_weight 0.5000 | lr 1.00e-03 | best 24.3662
2026-04-03 10:11:35,703 | INFO | SFTrainer | Epoch 1610 | total 24.4168 | rec_rna 3.3205 | rec_atac 6.7185 | clip 2.1914 | clip_weight 0.5000 | lr 1.00e-03 | best 24.2013
2026-04-03 10:11:36,549 | INFO | SFTrainer | Epoch 1620 | total 24.2827 | rec_rna 3.3066 | rec_atac 6.6839 | clip 2.1321 | clip_weight 0.5000 | lr 1.00e-03 | best 24.2013
2026-04-03 10:11:37,381 | INFO | SFTrainer | Epoch 1630 | total 24.3356 | rec_rna 3.3248 | rec_atac 6.6503 | clip 2.1232 | clip_weight 0.5000 | lr 1.00e-03 | best 24.2013
2026-04-03 10:11:38,256 | INFO | SFTrainer | Epoch 1640 | total 24.2684 | rec_rna 3.3083 | rec_atac 6.6881 | clip 2.0775 | clip_weight 0.5000 | lr 1.00e-03 | best 24.1674
2026-04-03 10:11:39,182 | INFO | SFTrainer | Epoch 1650 | total 24.1862 | rec_rna 3.3074 | rec_atac 6.6469 | clip 2.0050 | clip_weight 0.5000 | lr 1.00e-03 | best 24.1589
2026-04-03 10:11:40,126 | INFO | SFTrainer | Epoch 1660 | total 24.1160 | rec_rna 3.2988 | rec_atac 6.6316 | clip 1.9803 | clip_weight 0.5000 | lr 1.00e-03 | best 24.1160
2026-04-03 10:11:41,003 | INFO | SFTrainer | Epoch 1670 | total 24.0915 | rec_rna 3.2922 | rec_atac 6.6433 | clip 1.9745 | clip_weight 0.5000 | lr 1.00e-03 | best 24.0915
2026-04-03 10:11:41,916 | INFO | SFTrainer | Epoch 1680 | total 24.1502 | rec_rna 3.3013 | rec_atac 6.6751 | clip 1.9370 | clip_weight 0.5000 | lr 1.00e-03 | best 24.0742
2026-04-03 10:11:42,840 | INFO | SFTrainer | Epoch 1690 | total 24.1152 | rec_rna 3.3042 | rec_atac 6.6470 | clip 1.8945 | clip_weight 0.5000 | lr 1.00e-03 | best 24.0473
2026-04-03 10:11:43,709 | INFO | SFTrainer | Epoch 1700 | total 24.0166 | rec_rna 3.2880 | rec_atac 6.6408 | clip 1.8712 | clip_weight 0.5000 | lr 1.00e-03 | best 23.9879
2026-04-03 10:11:44,624 | INFO | SFTrainer | Epoch 1710 | total 23.9928 | rec_rna 3.2871 | rec_atac 6.6299 | clip 1.8542 | clip_weight 0.5000 | lr 1.00e-03 | best 23.9699
2026-04-03 10:11:45,604 | INFO | SFTrainer | Epoch 1720 | total 23.8874 | rec_rna 3.2733 | rec_atac 6.6182 | clip 1.8054 | clip_weight 0.5000 | lr 1.00e-03 | best 23.8874
2026-04-03 10:11:46,507 | INFO | SFTrainer | Epoch 1730 | total 23.9438 | rec_rna 3.2808 | rec_atac 6.6259 | clip 1.8279 | clip_weight 0.5000 | lr 1.00e-03 | best 23.8658
2026-04-03 10:11:47,433 | INFO | SFTrainer | Epoch 1740 | total 23.8813 | rec_rna 3.2834 | rec_atac 6.6207 | clip 1.6872 | clip_weight 0.5000 | lr 1.00e-03 | best 23.8085
2026-04-03 10:11:48,322 | INFO | SFTrainer | Epoch 1750 | total 23.9631 | rec_rna 3.2972 | rec_atac 6.6071 | clip 1.7402 | clip_weight 0.5000 | lr 1.00e-03 | best 23.8025
2026-04-03 10:11:49,272 | INFO | SFTrainer | Epoch 1760 | total 23.8583 | rec_rna 3.2805 | rec_atac 6.6177 | clip 1.6766 | clip_weight 0.5000 | lr 1.00e-03 | best 23.7791
2026-04-03 10:11:50,165 | INFO | SFTrainer | Epoch 1770 | total 23.8062 | rec_rna 3.2859 | rec_atac 6.5666 | clip 1.6206 | clip_weight 0.5000 | lr 1.00e-03 | best 23.7453
2026-04-03 10:11:51,038 | INFO | SFTrainer | Epoch 1780 | total 23.7598 | rec_rna 3.2756 | rec_atac 6.5872 | clip 1.5894 | clip_weight 0.5000 | lr 1.00e-03 | best 23.7175
2026-04-03 10:11:51,915 | INFO | SFTrainer | Epoch 1790 | total 23.7787 | rec_rna 3.2759 | rec_atac 6.5953 | clip 1.6083 | clip_weight 0.5000 | lr 1.00e-03 | best 23.6814
2026-04-03 10:11:52,748 | INFO | SFTrainer | Epoch 1800 | total 23.7164 | rec_rna 3.2693 | rec_atac 6.5929 | clip 1.5545 | clip_weight 0.5000 | lr 1.00e-03 | best 23.6814
2026-04-03 10:11:53,707 | INFO | SFTrainer | Epoch 1810 | total 23.6601 | rec_rna 3.2682 | rec_atac 6.5695 | clip 1.4988 | clip_weight 0.5000 | lr 1.00e-03 | best 23.5525
2026-04-03 10:11:54,548 | INFO | SFTrainer | Epoch 1820 | total 23.6706 | rec_rna 3.2738 | rec_atac 6.5554 | clip 1.4927 | clip_weight 0.5000 | lr 1.00e-03 | best 23.5525
2026-04-03 10:11:55,389 | INFO | SFTrainer | Epoch 1830 | total 23.6126 | rec_rna 3.2620 | rec_atac 6.5648 | clip 1.4751 | clip_weight 0.5000 | lr 1.00e-03 | best 23.5525
2026-04-03 10:11:56,284 | INFO | SFTrainer | Epoch 1840 | total 23.5860 | rec_rna 3.2599 | rec_atac 6.5633 | clip 1.4465 | clip_weight 0.5000 | lr 1.00e-03 | best 23.5249
2026-04-03 10:11:57,302 | INFO | SFTrainer | Epoch 1850 | total 23.4832 | rec_rna 3.2498 | rec_atac 6.5547 | clip 1.3591 | clip_weight 0.5000 | lr 1.00e-03 | best 23.4832
2026-04-03 10:11:58,168 | INFO | SFTrainer | Epoch 1860 | total 23.6292 | rec_rna 3.2721 | rec_atac 6.5692 | clip 1.3985 | clip_weight 0.5000 | lr 1.00e-03 | best 23.4832
2026-04-03 10:11:59,107 | INFO | SFTrainer | Epoch 1870 | total 23.4880 | rec_rna 3.2508 | rec_atac 6.5439 | clip 1.3805 | clip_weight 0.5000 | lr 1.00e-03 | best 23.4442
2026-04-03 10:11:59,991 | INFO | SFTrainer | Epoch 1880 | total 23.4417 | rec_rna 3.2559 | rec_atac 6.5222 | clip 1.2799 | clip_weight 0.5000 | lr 1.00e-03 | best 23.4417
2026-04-03 10:12:00,905 | INFO | SFTrainer | Epoch 1890 | total 23.4269 | rec_rna 3.2548 | rec_atac 6.4980 | clip 1.3099 | clip_weight 0.5000 | lr 1.00e-03 | best 23.3928
2026-04-03 10:12:01,780 | INFO | SFTrainer | Epoch 1900 | total 23.3971 | rec_rna 3.2526 | rec_atac 6.4989 | clip 1.2705 | clip_weight 0.5000 | lr 1.00e-03 | best 23.3641
2026-04-03 10:12:02,744 | INFO | SFTrainer | Epoch 1910 | total 23.4043 | rec_rna 3.2491 | rec_atac 6.5334 | clip 1.2505 | clip_weight 0.5000 | lr 1.00e-03 | best 23.2606
2026-04-03 10:12:03,594 | INFO | SFTrainer | Epoch 1920 | total 23.3672 | rec_rna 3.2422 | rec_atac 6.5252 | clip 1.2618 | clip_weight 0.5000 | lr 1.00e-03 | best 23.2606
2026-04-03 10:12:04,414 | INFO | SFTrainer | Epoch 1930 | total 23.4002 | rec_rna 3.2475 | rec_atac 6.5484 | clip 1.2290 | clip_weight 0.5000 | lr 1.00e-03 | best 23.2606
2026-04-03 10:12:05,243 | INFO | SFTrainer | Epoch 1940 | total 23.3857 | rec_rna 3.2548 | rec_atac 6.5004 | clip 1.2222 | clip_weight 0.5000 | lr 1.00e-03 | best 23.2606
2026-04-03 10:12:06,201 | INFO | SFTrainer | Epoch 1950 | total 23.3574 | rec_rna 3.2466 | rec_atac 6.5167 | clip 1.2157 | clip_weight 0.5000 | lr 1.00e-03 | best 23.2109
2026-04-03 10:12:07,063 | INFO | SFTrainer | Epoch 1960 | total 23.3229 | rec_rna 3.2419 | rec_atac 6.5108 | clip 1.2054 | clip_weight 0.5000 | lr 1.00e-03 | best 23.2109
2026-04-03 10:12:07,973 | INFO | SFTrainer | Epoch 1970 | total 23.1935 | rec_rna 3.2226 | rec_atac 6.4948 | clip 1.1718 | clip_weight 0.5000 | lr 1.00e-03 | best 23.1935
2026-04-03 10:12:08,802 | INFO | SFTrainer | Epoch 1980 | total 23.2568 | rec_rna 3.2339 | rec_atac 6.5060 | clip 1.1628 | clip_weight 0.5000 | lr 1.00e-03 | best 23.1935
2026-04-03 10:12:09,686 | INFO | SFTrainer | Epoch 1990 | total 23.2257 | rec_rna 3.2333 | rec_atac 6.4872 | clip 1.1439 | clip_weight 0.5000 | lr 1.00e-03 | best 23.1238
2026-04-03 10:12:10,575 | INFO | SFTrainer | Epoch 2000 | total 23.2194 | rec_rna 3.2406 | rec_atac 6.4652 | clip 1.1024 | clip_weight 0.5000 | lr 1.00e-04 | best 23.0843
2026-04-03 10:12:11,562 | INFO | SFTrainer | Epoch 2010 | total 23.1236 | rec_rna 3.2185 | rec_atac 6.4833 | clip 1.0969 | clip_weight 0.4995 | lr 1.00e-04 | best 23.0433
2026-04-03 10:12:12,506 | INFO | SFTrainer | Epoch 2020 | total 22.9741 | rec_rna 3.2041 | rec_atac 6.4115 | clip 1.0882 | clip_weight 0.4980 | lr 1.00e-04 | best 22.8848
2026-04-03 10:12:13,408 | INFO | SFTrainer | Epoch 2030 | total 22.9450 | rec_rna 3.2002 | rec_atac 6.3993 | clip 1.0986 | clip_weight 0.4956 | lr 1.00e-04 | best 22.8594
2026-04-03 10:12:14,355 | INFO | SFTrainer | Epoch 2040 | total 22.8161 | rec_rna 3.1830 | rec_atac 6.3840 | clip 1.0510 | clip_weight 0.4921 | lr 1.00e-04 | best 22.8161
2026-04-03 10:12:15,353 | INFO | SFTrainer | Epoch 2050 | total 22.6942 | rec_rna 3.1582 | rec_atac 6.3986 | clip 1.0341 | clip_weight 0.4878 | lr 1.00e-04 | best 22.6942
2026-04-03 10:12:16,205 | INFO | SFTrainer | Epoch 2060 | total 22.7002 | rec_rna 3.1660 | rec_atac 6.3546 | clip 1.0683 | clip_weight 0.4824 | lr 1.00e-04 | best 22.6942
2026-04-03 10:12:17,079 | INFO | SFTrainer | Epoch 2070 | total 22.9007 | rec_rna 3.1987 | rec_atac 6.3850 | clip 1.0965 | clip_weight 0.4762 | lr 1.00e-04 | best 22.6602
2026-04-03 10:12:17,905 | INFO | SFTrainer | Epoch 2080 | total 22.7453 | rec_rna 3.1731 | rec_atac 6.3968 | clip 1.0293 | clip_weight 0.4691 | lr 1.00e-04 | best 22.6602
2026-04-03 10:12:18,708 | INFO | SFTrainer | Epoch 2090 | total 22.7635 | rec_rna 3.1846 | rec_atac 6.3763 | clip 1.0067 | clip_weight 0.4611 | lr 1.00e-04 | best 22.6602
2026-04-03 10:12:19,608 | INFO | SFTrainer | Epoch 2100 | total 22.6221 | rec_rna 3.1659 | rec_atac 6.3323 | clip 1.0177 | clip_weight 0.4523 | lr 1.00e-04 | best 22.5971
2026-04-03 10:12:20,458 | INFO | SFTrainer | Epoch 2110 | total 22.6779 | rec_rna 3.1729 | rec_atac 6.3645 | clip 1.0144 | clip_weight 0.4426 | lr 1.00e-04 | best 22.5971
2026-04-03 10:12:21,369 | INFO | SFTrainer | Epoch 2120 | total 22.5777 | rec_rna 3.1644 | rec_atac 6.3125 | clip 1.0250 | clip_weight 0.4322 | lr 1.00e-04 | best 22.5777
2026-04-03 10:12:22,179 | INFO | SFTrainer | Epoch 2130 | total 22.6121 | rec_rna 3.1646 | rec_atac 6.3600 | clip 1.0185 | clip_weight 0.4211 | lr 1.00e-04 | best 22.5777
2026-04-03 10:12:22,990 | INFO | SFTrainer | Epoch 2140 | total 22.7253 | rec_rna 3.1917 | rec_atac 6.3547 | clip 1.0066 | clip_weight 0.4094 | lr 1.00e-04 | best 22.5777
2026-04-03 10:12:23,842 | INFO | SFTrainer | Epoch 2150 | total 22.6561 | rec_rna 3.1746 | rec_atac 6.3731 | clip 1.0327 | clip_weight 0.3969 | lr 1.00e-04 | best 22.5742
2026-04-03 10:12:24,711 | INFO | SFTrainer | Epoch 2160 | total 22.5586 | rec_rna 3.1642 | rec_atac 6.3540 | clip 0.9985 | clip_weight 0.3840 | lr 1.00e-04 | best 22.4952
2026-04-03 10:12:25,518 | INFO | SFTrainer | Epoch 2170 | total 22.5871 | rec_rna 3.1666 | rec_atac 6.3724 | clip 1.0301 | clip_weight 0.3704 | lr 1.00e-04 | best 22.4952
2026-04-03 10:12:26,377 | INFO | SFTrainer | Epoch 2180 | total 22.5138 | rec_rna 3.1656 | rec_atac 6.3234 | clip 1.0169 | clip_weight 0.3564 | lr 1.00e-04 | best 22.4256
2026-04-03 10:12:27,237 | INFO | SFTrainer | Epoch 2190 | total 22.4697 | rec_rna 3.1530 | rec_atac 6.3681 | clip 0.9841 | clip_weight 0.3420 | lr 1.00e-04 | best 22.4047
2026-04-03 10:12:28,044 | INFO | SFTrainer | Epoch 2200 | total 22.5458 | rec_rna 3.1690 | rec_atac 6.3635 | clip 1.0308 | clip_weight 0.3273 | lr 1.00e-04 | best 22.4047
2026-04-03 10:12:28,893 | INFO | SFTrainer | Epoch 2210 | total 22.4772 | rec_rna 3.1646 | rec_atac 6.3467 | clip 0.9849 | clip_weight 0.3122 | lr 1.00e-04 | best 22.4047
2026-04-03 10:12:29,714 | INFO | SFTrainer | Epoch 2220 | total 22.4949 | rec_rna 3.1623 | rec_atac 6.3750 | clip 1.0393 | clip_weight 0.2968 | lr 1.00e-04 | best 22.4047
2026-04-03 10:12:30,607 | INFO | SFTrainer | Epoch 2230 | total 22.4492 | rec_rna 3.1532 | rec_atac 6.3953 | clip 1.0231 | clip_weight 0.2813 | lr 1.00e-04 | best 22.3910
2026-04-03 10:12:31,485 | INFO | SFTrainer | Epoch 2240 | total 22.4231 | rec_rna 3.1602 | rec_atac 6.3505 | clip 1.0229 | clip_weight 0.2657 | lr 1.00e-04 | best 22.3364
2026-04-03 10:12:32,309 | INFO | SFTrainer | Epoch 2250 | total 22.3775 | rec_rna 3.1540 | rec_atac 6.3524 | clip 1.0195 | clip_weight 0.2500 | lr 1.00e-04 | best 22.3364
2026-04-03 10:12:33,168 | INFO | SFTrainer | Epoch 2260 | total 22.3580 | rec_rna 3.1547 | rec_atac 6.3507 | clip 0.9978 | clip_weight 0.2343 | lr 1.00e-04 | best 22.3364
2026-04-03 10:12:34,075 | INFO | SFTrainer | Epoch 2270 | total 22.3103 | rec_rna 3.1533 | rec_atac 6.3173 | clip 1.0363 | clip_weight 0.2187 | lr 1.00e-04 | best 22.3103
2026-04-03 10:12:34,938 | INFO | SFTrainer | Epoch 2280 | total 22.3753 | rec_rna 3.1601 | rec_atac 6.3582 | clip 1.0650 | clip_weight 0.2032 | lr 1.00e-04 | best 22.2761
2026-04-03 10:12:35,815 | INFO | SFTrainer | Epoch 2290 | total 22.2751 | rec_rna 3.1584 | rec_atac 6.2928 | clip 1.0134 | clip_weight 0.1878 | lr 1.00e-04 | best 22.2698
2026-04-03 10:12:36,729 | INFO | SFTrainer | Epoch 2300 | total 22.2587 | rec_rna 3.1516 | rec_atac 6.3197 | clip 1.0489 | clip_weight 0.1727 | lr 1.00e-04 | best 22.2324
2026-04-03 10:12:37,619 | INFO | SFTrainer | Epoch 2310 | total 22.3494 | rec_rna 3.1733 | rec_atac 6.3199 | clip 1.0302 | clip_weight 0.1580 | lr 1.00e-04 | best 22.2295
2026-04-03 10:12:38,432 | INFO | SFTrainer | Epoch 2320 | total 22.2515 | rec_rna 3.1510 | rec_atac 6.3440 | clip 1.0621 | clip_weight 0.1436 | lr 1.00e-04 | best 22.2295
2026-04-03 10:12:39,302 | INFO | SFTrainer | Epoch 2330 | total 22.2308 | rec_rna 3.1538 | rec_atac 6.3238 | clip 1.0656 | clip_weight 0.1296 | lr 1.00e-04 | best 22.1701
2026-04-03 10:12:40,163 | INFO | SFTrainer | Epoch 2340 | total 22.2399 | rec_rna 3.1565 | rec_atac 6.3350 | clip 1.0525 | clip_weight 0.1160 | lr 1.00e-04 | best 22.1588
2026-04-03 10:12:41,068 | INFO | SFTrainer | Epoch 2350 | total 22.1447 | rec_rna 3.1398 | rec_atac 6.3399 | clip 1.0288 | clip_weight 0.1031 | lr 1.00e-04 | best 22.1447
2026-04-03 10:12:41,918 | INFO | SFTrainer | Epoch 2360 | total 22.3003 | rec_rna 3.1688 | rec_atac 6.3609 | clip 1.0515 | clip_weight 0.0906 | lr 1.00e-04 | best 22.1447
2026-04-03 10:12:42,836 | INFO | SFTrainer | Epoch 2370 | total 22.1438 | rec_rna 3.1487 | rec_atac 6.3194 | clip 1.0277 | clip_weight 0.0789 | lr 1.00e-04 | best 22.0607
2026-04-03 10:12:43,652 | INFO | SFTrainer | Epoch 2380 | total 22.1421 | rec_rna 3.1533 | rec_atac 6.3031 | clip 1.0710 | clip_weight 0.0678 | lr 1.00e-04 | best 22.0607
2026-04-03 10:12:44,488 | INFO | SFTrainer | Epoch 2390 | total 22.1848 | rec_rna 3.1621 | rec_atac 6.3115 | clip 1.0911 | clip_weight 0.0574 | lr 1.00e-04 | best 22.0607
2026-04-03 10:12:45,310 | INFO | SFTrainer | Epoch 2400 | total 22.1594 | rec_rna 3.1530 | rec_atac 6.3437 | clip 1.0654 | clip_weight 0.0477 | lr 1.00e-04 | best 22.0607
2026-04-03 10:12:46,163 | INFO | SFTrainer | Epoch 2410 | total 22.1136 | rec_rna 3.1497 | rec_atac 6.3234 | clip 1.0767 | clip_weight 0.0389 | lr 1.00e-04 | best 22.0607
2026-04-03 10:12:47,080 | INFO | SFTrainer | Epoch 2420 | total 22.0365 | rec_rna 3.1329 | rec_atac 6.3384 | clip 1.0927 | clip_weight 0.0309 | lr 1.00e-04 | best 22.0276
2026-04-03 10:12:47,911 | INFO | SFTrainer | Epoch 2430 | total 22.1750 | rec_rna 3.1600 | rec_atac 6.3496 | clip 1.0739 | clip_weight 0.0238 | lr 1.00e-04 | best 22.0276
2026-04-03 10:12:48,799 | INFO | SFTrainer | Epoch 2440 | total 22.1016 | rec_rna 3.1523 | rec_atac 6.3208 | clip 1.0996 | clip_weight 0.0176 | lr 1.00e-04 | best 22.0076
2026-04-03 10:12:49,609 | INFO | SFTrainer | Epoch 2450 | total 22.1718 | rec_rna 3.1648 | rec_atac 6.3341 | clip 1.0983 | clip_weight 0.0122 | lr 1.00e-04 | best 22.0076
2026-04-03 10:12:50,494 | INFO | SFTrainer | Epoch 2460 | total 22.0865 | rec_rna 3.1530 | rec_atac 6.3126 | clip 1.1480 | clip_weight 0.0079 | lr 1.00e-04 | best 21.9736
2026-04-03 10:12:51,364 | INFO | SFTrainer | Epoch 2470 | total 21.9672 | rec_rna 3.1331 | rec_atac 6.2969 | clip 1.1078 | clip_weight 0.0044 | lr 1.00e-04 | best 21.9672
2026-04-03 10:12:52,230 | INFO | SFTrainer | Epoch 2480 | total 22.0965 | rec_rna 3.1600 | rec_atac 6.2943 | clip 1.1429 | clip_weight 0.0020 | lr 1.00e-04 | best 21.9596
2026-04-03 10:12:53,067 | INFO | SFTrainer | Epoch 2490 | total 21.9670 | rec_rna 3.1304 | rec_atac 6.3147 | clip 1.1191 | clip_weight 0.0005 | lr 1.00e-04 | best 21.9596
2026-04-03 10:12:53,926 | INFO | SFTrainer | Epoch 2500 | total 22.0487 | rec_rna 3.1465 | rec_atac 6.3163 | clip 0.0000 | clip_weight 0.0000 | lr 1.00e-04 | best 21.9381
2026-04-03 10:12:54,733 | INFO | SFTrainer | Epoch 2510 | total 22.0232 | rec_rna 3.1385 | rec_atac 6.3305 | clip 0.0000 | clip_weight 0.0000 | lr 1.00e-04 | best 21.9381
2026-04-03 10:12:55,519 | INFO | SFTrainer | Epoch 2520 | total 22.0455 | rec_rna 3.1438 | rec_atac 6.3266 | clip 0.0000 | clip_weight 0.0000 | lr 1.00e-04 | best 21.9381
2026-04-03 10:12:56,301 | INFO | SFTrainer | Epoch 2530 | total 22.0851 | rec_rna 3.1469 | rec_atac 6.3505 | clip 0.0000 | clip_weight 0.0000 | lr 1.00e-04 | best 21.9381
2026-04-03 10:12:57,090 | INFO | SFTrainer | Epoch 2540 | total 21.9989 | rec_rna 3.1416 | rec_atac 6.2908 | clip 0.0000 | clip_weight 0.0000 | lr 1.00e-04 | best 21.9381
2026-04-03 10:12:57,862 | INFO | SFTrainer | Epoch 2550 | total 21.9888 | rec_rna 3.1376 | rec_atac 6.3009 | clip 0.0000 | clip_weight 0.0000 | lr 1.00e-04 | best 21.9381
2026-04-03 10:12:58,666 | INFO | SFTrainer | Epoch 2560 | total 22.0613 | rec_rna 3.1455 | rec_atac 6.3339 | clip 0.0000 | clip_weight 0.0000 | lr 1.00e-04 | best 21.9381
2026-04-03 10:12:59,449 | INFO | SFTrainer | Epoch 2570 | total 21.9816 | rec_rna 3.1376 | rec_atac 6.2936 | clip 0.0000 | clip_weight 0.0000 | lr 1.00e-04 | best 21.9381
2026-04-03 10:13:00,269 | INFO | SFTrainer | Epoch 2580 | total 21.9521 | rec_rna 3.1220 | rec_atac 6.3421 | clip 0.0000 | clip_weight 0.0000 | lr 1.00e-04 | best 21.8898
2026-04-03 10:13:01,092 | INFO | SFTrainer | Epoch 2590 | total 21.9062 | rec_rna 3.1203 | rec_atac 6.3049 | clip 0.0000 | clip_weight 0.0000 | lr 1.00e-04 | best 21.8898
2026-04-03 10:13:01,922 | INFO | SFTrainer | Epoch 2600 | total 21.9577 | rec_rna 3.1411 | rec_atac 6.2524 | clip 0.0000 | clip_weight 0.0000 | lr 1.00e-04 | best 21.8898
2026-04-03 10:13:02,748 | INFO | SFTrainer | Epoch 2610 | total 22.0394 | rec_rna 3.1434 | rec_atac 6.3224 | clip 0.0000 | clip_weight 0.0000 | lr 1.00e-04 | best 21.8898
2026-04-03 10:13:03,574 | INFO | SFTrainer | Epoch 2620 | total 22.0053 | rec_rna 3.1450 | rec_atac 6.2803 | clip 0.0000 | clip_weight 0.0000 | lr 1.00e-04 | best 21.8898
2026-04-03 10:13:04,386 | INFO | SFTrainer | Epoch 2630 | total 21.9571 | rec_rna 3.1390 | rec_atac 6.2621 | clip 0.0000 | clip_weight 0.0000 | lr 1.00e-04 | best 21.8898
2026-04-03 10:13:05,206 | INFO | SFTrainer | Epoch 2640 | total 21.9521 | rec_rna 3.1320 | rec_atac 6.2923 | clip 0.0000 | clip_weight 0.0000 | lr 1.00e-04 | best 21.8898
2026-04-03 10:13:06,000 | INFO | SFTrainer | Epoch 2650 | total 22.0079 | rec_rna 3.1388 | rec_atac 6.3141 | clip 0.0000 | clip_weight 0.0000 | lr 1.00e-04 | best 21.8898
2026-04-03 10:13:06,809 | INFO | SFTrainer | Epoch 2660 | total 21.9907 | rec_rna 3.1387 | rec_atac 6.2971 | clip 0.0000 | clip_weight 0.0000 | lr 1.00e-04 | best 21.8898
2026-04-03 10:13:07,609 | INFO | SFTrainer | Epoch 2670 | total 21.9897 | rec_rna 3.1380 | rec_atac 6.2996 | clip 0.0000 | clip_weight 0.0000 | lr 1.00e-04 | best 21.8898
2026-04-03 10:13:08,406 | INFO | SFTrainer | Epoch 2680 | total 22.0244 | rec_rna 3.1406 | rec_atac 6.3213 | clip 0.0000 | clip_weight 0.0000 | lr 1.00e-04 | best 21.8898
2026-04-03 10:13:09,238 | INFO | SFTrainer | Epoch 2690 | total 21.8821 | rec_rna 3.1210 | rec_atac 6.2770 | clip 0.0000 | clip_weight 0.0000 | lr 1.00e-04 | best 21.8821
2026-04-03 10:13:10,027 | INFO | SFTrainer | Epoch 2700 | total 21.9836 | rec_rna 3.1395 | rec_atac 6.2859 | clip 0.0000 | clip_weight 0.0000 | lr 1.00e-04 | best 21.8821
2026-04-03 10:13:10,841 | INFO | SFTrainer | Epoch 2710 | total 21.9748 | rec_rna 3.1351 | rec_atac 6.2991 | clip 0.0000 | clip_weight 0.0000 | lr 1.00e-04 | best 21.8821
2026-04-03 10:13:11,629 | INFO | SFTrainer | Epoch 2720 | total 21.9655 | rec_rna 3.1346 | rec_atac 6.2923 | clip 0.0000 | clip_weight 0.0000 | lr 1.00e-04 | best 21.8821
2026-04-03 10:13:12,428 | INFO | SFTrainer | Epoch 2730 | total 21.9479 | rec_rna 3.1316 | rec_atac 6.2899 | clip 0.0000 | clip_weight 0.0000 | lr 1.00e-04 | best 21.8821
2026-04-03 10:13:13,266 | INFO | SFTrainer | Epoch 2740 | total 21.9748 | rec_rna 3.1374 | rec_atac 6.2879 | clip 0.0000 | clip_weight 0.0000 | lr 1.00e-04 | best 21.8591
2026-04-03 10:13:14,038 | INFO | SFTrainer | Epoch 2750 | total 21.8668 | rec_rna 3.1171 | rec_atac 6.2812 | clip 0.0000 | clip_weight 0.0000 | lr 1.00e-04 | best 21.8591
2026-04-03 10:13:14,841 | INFO | SFTrainer | Epoch 2760 | total 21.9221 | rec_rna 3.1256 | rec_atac 6.2941 | clip 0.0000 | clip_weight 0.0000 | lr 1.00e-04 | best 21.8591
2026-04-03 10:13:15,625 | INFO | SFTrainer | Epoch 2770 | total 21.9078 | rec_rna 3.1321 | rec_atac 6.2474 | clip 0.0000 | clip_weight 0.0000 | lr 1.00e-04 | best 21.8591
2026-04-03 10:13:16,442 | INFO | SFTrainer | Epoch 2780 | total 21.9145 | rec_rna 3.1215 | rec_atac 6.3068 | clip 0.0000 | clip_weight 0.0000 | lr 1.00e-04 | best 21.8354
2026-04-03 10:13:17,226 | INFO | SFTrainer | Epoch 2790 | total 22.0051 | rec_rna 3.1439 | rec_atac 6.2855 | clip 0.0000 | clip_weight 0.0000 | lr 1.00e-04 | best 21.8354
2026-04-03 10:13:18,011 | INFO | SFTrainer | Epoch 2800 | total 22.0457 | rec_rna 3.1485 | rec_atac 6.3030 | clip 0.0000 | clip_weight 0.0000 | lr 1.00e-04 | best 21.8354
2026-04-03 10:13:18,817 | INFO | SFTrainer | Epoch 2810 | total 22.0084 | rec_rna 3.1395 | rec_atac 6.3110 | clip 0.0000 | clip_weight 0.0000 | lr 1.00e-04 | best 21.8354
2026-04-03 10:13:19,656 | INFO | SFTrainer | Epoch 2820 | total 21.8753 | rec_rna 3.1190 | rec_atac 6.2802 | clip 0.0000 | clip_weight 0.0000 | lr 1.00e-04 | best 21.8151
2026-04-03 10:13:20,479 | INFO | SFTrainer | Epoch 2830 | total 21.9319 | rec_rna 3.1311 | rec_atac 6.2762 | clip 0.0000 | clip_weight 0.0000 | lr 1.00e-04 | best 21.8151
2026-04-03 10:13:21,278 | INFO | SFTrainer | Epoch 2840 | total 21.8505 | rec_rna 3.1169 | rec_atac 6.2661 | clip 0.0000 | clip_weight 0.0000 | lr 1.00e-04 | best 21.8151
2026-04-03 10:13:22,073 | INFO | SFTrainer | Epoch 2850 | total 21.9681 | rec_rna 3.1365 | rec_atac 6.2857 | clip 0.0000 | clip_weight 0.0000 | lr 1.00e-04 | best 21.8151
2026-04-03 10:13:22,894 | INFO | SFTrainer | Epoch 2860 | total 21.9411 | rec_rna 3.1283 | rec_atac 6.2998 | clip 0.0000 | clip_weight 0.0000 | lr 1.00e-04 | best 21.8151
2026-04-03 10:13:23,681 | INFO | SFTrainer | Epoch 2870 | total 21.9252 | rec_rna 3.1260 | rec_atac 6.2950 | clip 0.0000 | clip_weight 0.0000 | lr 1.00e-04 | best 21.8151
2026-04-03 10:13:24,465 | INFO | SFTrainer | Epoch 2880 | total 21.9704 | rec_rna 3.1360 | rec_atac 6.2905 | clip 0.0000 | clip_weight 0.0000 | lr 1.00e-04 | best 21.8151
2026-04-03 10:13:25,256 | INFO | SFTrainer | Epoch 2890 | total 21.9818 | rec_rna 3.1404 | rec_atac 6.2797 | clip 0.0000 | clip_weight 0.0000 | lr 1.00e-04 | best 21.8151
2026-04-03 10:13:26,042 | INFO | SFTrainer | Epoch 2900 | total 21.8968 | rec_rna 3.1295 | rec_atac 6.2493 | clip 0.0000 | clip_weight 0.0000 | lr 1.00e-04 | best 21.8151
2026-04-03 10:13:26,832 | INFO | SFTrainer | Epoch 2910 | total 21.8756 | rec_rna 3.1192 | rec_atac 6.2798 | clip 0.0000 | clip_weight 0.0000 | lr 1.00e-04 | best 21.8151
2026-04-03 10:13:27,654 | INFO | SFTrainer | Epoch 2920 | total 21.9024 | rec_rna 3.1282 | rec_atac 6.2614 | clip 0.0000 | clip_weight 0.0000 | lr 1.00e-04 | best 21.8115
2026-04-03 10:13:28,445 | INFO | SFTrainer | Epoch 2930 | total 21.9588 | rec_rna 3.1358 | rec_atac 6.2797 | clip 0.0000 | clip_weight 0.0000 | lr 1.00e-04 | best 21.8115
2026-04-03 10:13:29,218 | INFO | SFTrainer | Epoch 2940 | total 21.9677 | rec_rna 3.1367 | rec_atac 6.2841 | clip 0.0000 | clip_weight 0.0000 | lr 1.00e-04 | best 21.8115
2026-04-03 10:13:29,999 | INFO | SFTrainer | Epoch 2950 | total 21.9275 | rec_rna 3.1292 | rec_atac 6.2814 | clip 0.0000 | clip_weight 0.0000 | lr 1.00e-04 | best 21.8115
2026-04-03 10:13:30,817 | INFO | SFTrainer | Epoch 2960 | total 21.9084 | rec_rna 3.1344 | rec_atac 6.2366 | clip 0.0000 | clip_weight 0.0000 | lr 1.00e-04 | best 21.8115
2026-04-03 10:13:31,647 | INFO | SFTrainer | Epoch 2970 | total 21.9757 | rec_rna 3.1374 | rec_atac 6.2889 | clip 0.0000 | clip_weight 0.0000 | lr 1.00e-04 | best 21.8029
2026-04-03 10:13:32,486 | INFO | SFTrainer | Epoch 2980 | total 21.8017 | rec_rna 3.1098 | rec_atac 6.2526 | clip 0.0000 | clip_weight 0.0000 | lr 1.00e-04 | best 21.8017
2026-04-03 10:13:33,348 | INFO | SFTrainer | Epoch 2990 | total 21.9076 | rec_rna 3.1219 | rec_atac 6.2983 | clip 0.0000 | clip_weight 0.0000 | lr 1.00e-04 | best 21.7688
2026-04-03 10:13:34,137 | INFO | SFTrainer | Epoch 3000 | total 21.8292 | rec_rna 3.1101 | rec_atac 6.2785 | clip 0.0000 | clip_weight 0.0000 | lr 1.00e-04 | best 21.7688
2026-04-03 10:13:34,159 | INFO | SFTrainer | Training finished. Best loss=21.7688
2026-04-03 10:13:34,160 | INFO | SFTrainer | Training run complete.

========================================================================================
2026-04-03 10:13:46,745 | INFO | SFEvaluate | [Phase 3] Evaluation started.
2026-04-03 10:13:46,745 | INFO | SFEvaluate | Loading processed data...
2026-04-03 10:13:47,005 | INFO | SFEvaluate | Initializing model...
2026-04-03 10:13:47,105 | INFO | SFEvaluate | Loading checkpoint: ckpt_best.pth
2026-04-03 10:13:47,149 | INFO | SFEvaluate | Inference running...
2026-04-03 10:13:47,722 | INFO | SFEvaluate | Latent shape: torch.Size([2129, 128])
2026-04-03 10:14:11,200 | INFO | SFEvaluate | Artifacts: ./results/tuning/e14/figures/spatial_analysis.pdf | ./results/tuning/e14/predictions/embedding_joint.h5ad
2026-04-03 10:14:11,200 | INFO | SFEvaluate | Eval metrics | checkpoint=ckpt_best.pth | epoch=BEST (Epoch 3000) | latent_moran=0.4230 | cluster_moran=0.6845
2026-04-03 10:14:11,200 | INFO | SFEvaluate | GT metrics | checkpoint=ckpt_best.pth | epoch=BEST (Epoch 3000) | ARI=0.3874 | NMI=0.5806 | AMI=0.5731 | HOM=0.6356 | n_valid=2129
2026-04-03 10:14:11,200 | INFO | SFEvaluate | Evaluation complete.

========================================================================================
2026-04-03 10:14:24,236 | INFO | SFEvaluateRange | [Range Evaluate] Started. epochs=[1500, 1600, 1700, 1800, 1900, 2000, 2100, 2200, 2300, 2400, 2500, 2600, 2700, 2800, 2900, 3000]
2026-04-03 10:14:24,237 | INFO | SFEvaluateRange | Loading processed data...
2026-04-03 10:14:24,482 | INFO | SFEvaluateRange | Initializing model...
2026-04-03 10:14:24,586 | INFO | SFEvaluateRange | Evaluating epoch 1500 with ckpt_1500.pth
2026-04-03 10:14:47,712 | INFO | SFEvaluateRange | Eval metrics (epoch_1500) | checkpoint=ckpt_1500.pth | epoch=Epoch 1500 | latent_moran=0.4062 | cluster_moran=0.6757
2026-04-03 10:14:47,712 | INFO | SFEvaluateRange | GT metrics (epoch_1500) | checkpoint=ckpt_1500.pth | epoch=Epoch 1500 | ARI=0.5404 | NMI=0.6125 | AMI=0.6054 | HOM=0.6505 | n_valid=2129
2026-04-03 10:14:47,712 | INFO | SFEvaluateRange | Artifacts (epoch_1500): ./results/tuning/e14/figures/spatial_analysis_epoch_1500.pdf | ./results/tuning/e14/predictions/embedding_joint_epoch_1500.h5ad
2026-04-03 10:14:47,712 | INFO | SFEvaluateRange | Evaluating epoch 1600 with ckpt_1600.pth
2026-04-03 10:15:01,251 | INFO | SFEvaluateRange | Eval metrics (epoch_1600) | checkpoint=ckpt_1600.pth | epoch=Epoch 1600 | latent_moran=0.4074 | cluster_moran=0.6565
2026-04-03 10:15:01,251 | INFO | SFEvaluateRange | GT metrics (epoch_1600) | checkpoint=ckpt_1600.pth | epoch=Epoch 1600 | ARI=0.4306 | NMI=0.5994 | AMI=0.5922 | HOM=0.6509 | n_valid=2129
2026-04-03 10:15:01,251 | INFO | SFEvaluateRange | Artifacts (epoch_1600): ./results/tuning/e14/figures/spatial_analysis_epoch_1600.pdf | ./results/tuning/e14/predictions/embedding_joint_epoch_1600.h5ad
2026-04-03 10:15:01,252 | INFO | SFEvaluateRange | Evaluating epoch 1700 with ckpt_1700.pth
2026-04-03 10:15:14,270 | INFO | SFEvaluateRange | Eval metrics (epoch_1700) | checkpoint=ckpt_1700.pth | epoch=Epoch 1700 | latent_moran=0.4085 | cluster_moran=0.6812
2026-04-03 10:15:14,270 | INFO | SFEvaluateRange | GT metrics (epoch_1700) | checkpoint=ckpt_1700.pth | epoch=Epoch 1700 | ARI=0.4012 | NMI=0.5938 | AMI=0.5865 | HOM=0.6412 | n_valid=2129
2026-04-03 10:15:14,270 | INFO | SFEvaluateRange | Artifacts (epoch_1700): ./results/tuning/e14/figures/spatial_analysis_epoch_1700.pdf | ./results/tuning/e14/predictions/embedding_joint_epoch_1700.h5ad
2026-04-03 10:15:14,270 | INFO | SFEvaluateRange | Evaluating epoch 1800 with ckpt_1800.pth
2026-04-03 10:15:29,006 | INFO | SFEvaluateRange | Eval metrics (epoch_1800) | checkpoint=ckpt_1800.pth | epoch=Epoch 1800 | latent_moran=0.4116 | cluster_moran=0.6842
2026-04-03 10:15:29,006 | INFO | SFEvaluateRange | GT metrics (epoch_1800) | checkpoint=ckpt_1800.pth | epoch=Epoch 1800 | ARI=0.5478 | NMI=0.6143 | AMI=0.6072 | HOM=0.6551 | n_valid=2129
2026-04-03 10:15:29,007 | INFO | SFEvaluateRange | Artifacts (epoch_1800): ./results/tuning/e14/figures/spatial_analysis_epoch_1800.pdf | ./results/tuning/e14/predictions/embedding_joint_epoch_1800.h5ad
2026-04-03 10:15:29,007 | INFO | SFEvaluateRange | Evaluating epoch 1900 with ckpt_1900.pth
2026-04-03 10:15:42,637 | INFO | SFEvaluateRange | Eval metrics (epoch_1900) | checkpoint=ckpt_1900.pth | epoch=Epoch 1900 | latent_moran=0.4126 | cluster_moran=0.6845
2026-04-03 10:15:42,638 | INFO | SFEvaluateRange | GT metrics (epoch_1900) | checkpoint=ckpt_1900.pth | epoch=Epoch 1900 | ARI=0.4196 | NMI=0.5907 | AMI=0.5834 | HOM=0.6423 | n_valid=2129
2026-04-03 10:15:42,638 | INFO | SFEvaluateRange | Artifacts (epoch_1900): ./results/tuning/e14/figures/spatial_analysis_epoch_1900.pdf | ./results/tuning/e14/predictions/embedding_joint_epoch_1900.h5ad
2026-04-03 10:15:42,638 | INFO | SFEvaluateRange | Evaluating epoch 2000 with ckpt_best.pth
2026-04-03 10:15:56,276 | INFO | SFEvaluateRange | Eval metrics (epoch_2000_best) | checkpoint=ckpt_best.pth | epoch=Epoch 2000 (BEST) | latent_moran=0.4230 | cluster_moran=0.6845
2026-04-03 10:15:56,276 | INFO | SFEvaluateRange | GT metrics (epoch_2000_best) | checkpoint=ckpt_best.pth | epoch=Epoch 2000 (BEST) | ARI=0.3874 | NMI=0.5806 | AMI=0.5731 | HOM=0.6356 | n_valid=2129
2026-04-03 10:15:56,276 | INFO | SFEvaluateRange | Artifacts (epoch_2000_best): ./results/tuning/e14/figures/spatial_analysis_epoch_2000_best.pdf | ./results/tuning/e14/predictions/embedding_joint_epoch_2000_best.h5ad
2026-04-03 10:15:56,276 | INFO | SFEvaluateRange | Evaluating epoch 2100 with ckpt_2100.pth
2026-04-03 10:16:10,529 | INFO | SFEvaluateRange | Eval metrics (epoch_2100) | checkpoint=ckpt_2100.pth | epoch=Epoch 2100 | latent_moran=0.4150 | cluster_moran=0.6864
2026-04-03 10:16:10,529 | INFO | SFEvaluateRange | GT metrics (epoch_2100) | checkpoint=ckpt_2100.pth | epoch=Epoch 2100 | ARI=0.3747 | NMI=0.5789 | AMI=0.5714 | HOM=0.6350 | n_valid=2129
2026-04-03 10:16:10,530 | INFO | SFEvaluateRange | Artifacts (epoch_2100): ./results/tuning/e14/figures/spatial_analysis_epoch_2100.pdf | ./results/tuning/e14/predictions/embedding_joint_epoch_2100.h5ad
2026-04-03 10:16:10,530 | INFO | SFEvaluateRange | Evaluating epoch 2200 with ckpt_2200.pth
2026-04-03 10:16:27,189 | INFO | SFEvaluateRange | Eval metrics (epoch_2200) | checkpoint=ckpt_2200.pth | epoch=Epoch 2200 | latent_moran=0.4158 | cluster_moran=0.7118
2026-04-03 10:16:27,189 | INFO | SFEvaluateRange | GT metrics (epoch_2200) | checkpoint=ckpt_2200.pth | epoch=Epoch 2200 | ARI=0.3498 | NMI=0.5800 | AMI=0.5725 | HOM=0.6306 | n_valid=2129
2026-04-03 10:16:27,190 | INFO | SFEvaluateRange | Artifacts (epoch_2200): ./results/tuning/e14/figures/spatial_analysis_epoch_2200.pdf | ./results/tuning/e14/predictions/embedding_joint_epoch_2200.h5ad
2026-04-03 10:16:27,190 | INFO | SFEvaluateRange | Evaluating epoch 2300 with ckpt_2300.pth
2026-04-03 10:16:43,087 | INFO | SFEvaluateRange | Eval metrics (epoch_2300) | checkpoint=ckpt_2300.pth | epoch=Epoch 2300 | latent_moran=0.4176 | cluster_moran=0.7070
2026-04-03 10:16:43,087 | INFO | SFEvaluateRange | GT metrics (epoch_2300) | checkpoint=ckpt_2300.pth | epoch=Epoch 2300 | ARI=0.4662 | NMI=0.5951 | AMI=0.5878 | HOM=0.6431 | n_valid=2129
2026-04-03 10:16:43,088 | INFO | SFEvaluateRange | Artifacts (epoch_2300): ./results/tuning/e14/figures/spatial_analysis_epoch_2300.pdf | ./results/tuning/e14/predictions/embedding_joint_epoch_2300.h5ad
2026-04-03 10:16:43,088 | INFO | SFEvaluateRange | Evaluating epoch 2400 with ckpt_2400.pth
2026-04-03 10:16:57,931 | INFO | SFEvaluateRange | Eval metrics (epoch_2400) | checkpoint=ckpt_2400.pth | epoch=Epoch 2400 | latent_moran=0.4185 | cluster_moran=0.6967
2026-04-03 10:16:57,937 | INFO | SFEvaluateRange | GT metrics (epoch_2400) | checkpoint=ckpt_2400.pth | epoch=Epoch 2400 | ARI=0.4677 | NMI=0.5959 | AMI=0.5885 | HOM=0.6368 | n_valid=2129
2026-04-03 10:16:57,938 | INFO | SFEvaluateRange | Artifacts (epoch_2400): ./results/tuning/e14/figures/spatial_analysis_epoch_2400.pdf | ./results/tuning/e14/predictions/embedding_joint_epoch_2400.h5ad
2026-04-03 10:16:57,938 | INFO | SFEvaluateRange | Evaluating epoch 2500 with ckpt_2500.pth
2026-04-03 10:17:10,733 | INFO | SFEvaluateRange | Eval metrics (epoch_2500) | checkpoint=ckpt_2500.pth | epoch=Epoch 2500 | latent_moran=0.4194 | cluster_moran=0.7016
2026-04-03 10:17:10,733 | INFO | SFEvaluateRange | GT metrics (epoch_2500) | checkpoint=ckpt_2500.pth | epoch=Epoch 2500 | ARI=0.5441 | NMI=0.6132 | AMI=0.6061 | HOM=0.6447 | n_valid=2129
2026-04-03 10:17:10,733 | INFO | SFEvaluateRange | Artifacts (epoch_2500): ./results/tuning/e14/figures/spatial_analysis_epoch_2500.pdf | ./results/tuning/e14/predictions/embedding_joint_epoch_2500.h5ad
2026-04-03 10:17:10,733 | INFO | SFEvaluateRange | Evaluating epoch 2600 with ckpt_2600.pth
2026-04-03 10:17:23,715 | INFO | SFEvaluateRange | Eval metrics (epoch_2600) | checkpoint=ckpt_2600.pth | epoch=Epoch 2600 | latent_moran=0.4205 | cluster_moran=0.6882
2026-04-03 10:17:23,715 | INFO | SFEvaluateRange | GT metrics (epoch_2600) | checkpoint=ckpt_2600.pth | epoch=Epoch 2600 | ARI=0.5301 | NMI=0.6036 | AMI=0.5964 | HOM=0.6455 | n_valid=2129
2026-04-03 10:17:23,715 | INFO | SFEvaluateRange | Artifacts (epoch_2600): ./results/tuning/e14/figures/spatial_analysis_epoch_2600.pdf | ./results/tuning/e14/predictions/embedding_joint_epoch_2600.h5ad
2026-04-03 10:17:23,716 | INFO | SFEvaluateRange | Evaluating epoch 2700 with ckpt_2700.pth
2026-04-03 10:17:38,282 | INFO | SFEvaluateRange | Eval metrics (epoch_2700) | checkpoint=ckpt_2700.pth | epoch=Epoch 2700 | latent_moran=0.4207 | cluster_moran=0.7015
2026-04-03 10:17:38,282 | INFO | SFEvaluateRange | GT metrics (epoch_2700) | checkpoint=ckpt_2700.pth | epoch=Epoch 2700 | ARI=0.5206 | NMI=0.6115 | AMI=0.6044 | HOM=0.6461 | n_valid=2129
2026-04-03 10:17:38,283 | INFO | SFEvaluateRange | Artifacts (epoch_2700): ./results/tuning/e14/figures/spatial_analysis_epoch_2700.pdf | ./results/tuning/e14/predictions/embedding_joint_epoch_2700.h5ad
2026-04-03 10:17:38,283 | INFO | SFEvaluateRange | Evaluating epoch 2800 with ckpt_2800.pth
2026-04-03 10:17:52,057 | INFO | SFEvaluateRange | Eval metrics (epoch_2800) | checkpoint=ckpt_2800.pth | epoch=Epoch 2800 | latent_moran=0.4213 | cluster_moran=0.6885
2026-04-03 10:17:52,057 | INFO | SFEvaluateRange | GT metrics (epoch_2800) | checkpoint=ckpt_2800.pth | epoch=Epoch 2800 | ARI=0.4343 | NMI=0.5904 | AMI=0.5830 | HOM=0.6366 | n_valid=2129
2026-04-03 10:17:52,058 | INFO | SFEvaluateRange | Artifacts (epoch_2800): ./results/tuning/e14/figures/spatial_analysis_epoch_2800.pdf | ./results/tuning/e14/predictions/embedding_joint_epoch_2800.h5ad
2026-04-03 10:17:52,058 | INFO | SFEvaluateRange | Evaluating epoch 2900 with ckpt_2900.pth
2026-04-03 10:18:05,150 | INFO | SFEvaluateRange | Eval metrics (epoch_2900) | checkpoint=ckpt_2900.pth | epoch=Epoch 2900 | latent_moran=0.4221 | cluster_moran=0.6951
2026-04-03 10:18:05,150 | INFO | SFEvaluateRange | GT metrics (epoch_2900) | checkpoint=ckpt_2900.pth | epoch=Epoch 2900 | ARI=0.5578 | NMI=0.6147 | AMI=0.6077 | HOM=0.6503 | n_valid=2129
2026-04-03 10:18:05,151 | INFO | SFEvaluateRange | Artifacts (epoch_2900): ./results/tuning/e14/figures/spatial_analysis_epoch_2900.pdf | ./results/tuning/e14/predictions/embedding_joint_epoch_2900.h5ad
2026-04-03 10:18:05,151 | INFO | SFEvaluateRange | Evaluating epoch 3000 with ckpt_3000.pth
2026-04-03 10:18:18,266 | INFO | SFEvaluateRange | Eval metrics (epoch_3000) | checkpoint=ckpt_3000.pth | epoch=Epoch 3000 | latent_moran=0.4231 | cluster_moran=0.6917
2026-04-03 10:18:18,267 | INFO | SFEvaluateRange | GT metrics (epoch_3000) | checkpoint=ckpt_3000.pth | epoch=Epoch 3000 | ARI=0.3932 | NMI=0.5922 | AMI=0.5849 | HOM=0.6416 | n_valid=2129
2026-04-03 10:18:18,267 | INFO | SFEvaluateRange | Artifacts (epoch_3000): ./results/tuning/e14/figures/spatial_analysis_epoch_3000.pdf | ./results/tuning/e14/predictions/embedding_joint_epoch_3000.h5ad
2026-04-03 10:18:18,267 | INFO | SFEvaluateRange | Range evaluation complete. Success=16 | Failed/Skipped=0

========================================================================================
