2026-04-03 11:30:42,718 | INFO | SFPreprocess | [Phase 1] Starting Data Preprocessing...
2026-04-03 11:30:42,718 | INFO | SFPreprocess | Loading raw data...
2026-04-03 11:30:42,718 | INFO | SFPreprocess | Data loader: paired h5ad
2026-04-03 11:31:24,172 | INFO | SFPreprocess | Aligned final cells: RNA=1949, ATAC=1949
2026-04-03 11:31:47,540 | INFO | SFPreprocess | Reduced shapes: RNA=(1949, 512), ATAC=(1949, 512)
2026-04-03 11:31:49,757 | INFO | SFPreprocess | Saving processed tensors...
2026-04-03 11:31:49,784 | INFO | SFPreprocess | Preprocessing complete: data/processed/e15_5_s1/tuning/k8_a0p7/processed_data.pt

========================================================================================
2026-04-03 11:31:56,026 | INFO | SFTrainer | [Phase 2] Starting Model Training...
2026-04-03 11:31:56,026 | INFO | SFTrainer | Loading processed data...
2026-04-03 11:31:56,053 | INFO | SFTrainer | Data ready: RNA=torch.Size([1949, 512]), ATAC=torch.Size([1949, 512]), edges=15592
2026-04-03 11:31:56,053 | INFO | SFTrainer | Initializing model...
2026-04-03 11:31:56,404 | INFO | SFTrainer | Training started.
2026-04-03 11:31:56,404 | INFO | SFTrainer | Training started: epochs=3000
2026-04-03 11:31:58,349 | INFO | SFTrainer | Epoch 010 | total 69.7396 | rec_rna 7.6624 | rec_atac 27.6512 | clip 7.5525 | clip_weight 0.5000 | lr 1.00e-03 | best 69.7396
2026-04-03 11:31:59,526 | INFO | SFTrainer | Epoch 020 | total 65.0536 | rec_rna 7.4292 | rec_atac 24.1877 | clip 7.4397 | clip_weight 0.5000 | lr 1.00e-03 | best 65.0536
2026-04-03 11:32:00,757 | INFO | SFTrainer | Epoch 030 | total 62.6898 | rec_rna 7.2744 | rec_atac 22.7164 | clip 7.2033 | clip_weight 0.5000 | lr 1.00e-03 | best 62.6898
2026-04-03 11:32:01,962 | INFO | SFTrainer | Epoch 040 | total 61.0892 | rec_rna 7.1126 | rec_atac 22.0495 | clip 6.9538 | clip_weight 0.5000 | lr 1.00e-03 | best 61.0892
2026-04-03 11:32:03,197 | INFO | SFTrainer | Epoch 050 | total 59.1464 | rec_rna 6.9831 | rec_atac 20.8373 | clip 6.7875 | clip_weight 0.5000 | lr 1.00e-03 | best 59.1464
2026-04-03 11:32:04,528 | INFO | SFTrainer | Epoch 060 | total 57.1845 | rec_rna 6.8523 | rec_atac 19.5858 | clip 6.6742 | clip_weight 0.5000 | lr 1.00e-03 | best 57.1845
2026-04-03 11:32:05,729 | INFO | SFTrainer | Epoch 070 | total 55.8275 | rec_rna 6.7483 | rec_atac 18.7970 | clip 6.5782 | clip_weight 0.5000 | lr 1.00e-03 | best 55.8275
2026-04-03 11:32:06,902 | INFO | SFTrainer | Epoch 080 | total 54.8230 | rec_rna 6.6642 | rec_atac 18.2428 | clip 6.5187 | clip_weight 0.5000 | lr 1.00e-03 | best 54.8230
2026-04-03 11:32:08,099 | INFO | SFTrainer | Epoch 090 | total 53.8189 | rec_rna 6.5745 | rec_atac 17.7266 | clip 6.4395 | clip_weight 0.5000 | lr 1.00e-03 | best 53.8189
2026-04-03 11:32:09,294 | INFO | SFTrainer | Epoch 100 | total 52.8265 | rec_rna 6.4788 | rec_atac 17.2421 | clip 6.3804 | clip_weight 0.5000 | lr 1.00e-03 | best 52.8265
2026-04-03 11:32:10,535 | INFO | SFTrainer | Epoch 110 | total 51.8935 | rec_rna 6.3739 | rec_atac 16.8512 | clip 6.3460 | clip_weight 0.5000 | lr 1.00e-03 | best 51.8935
2026-04-03 11:32:11,720 | INFO | SFTrainer | Epoch 120 | total 50.9246 | rec_rna 6.2581 | rec_atac 16.4906 | clip 6.2870 | clip_weight 0.5000 | lr 1.00e-03 | best 50.9246
2026-04-03 11:32:12,913 | INFO | SFTrainer | Epoch 130 | total 49.9601 | rec_rna 6.1296 | rec_atac 16.1803 | clip 6.2641 | clip_weight 0.5000 | lr 1.00e-03 | best 49.9601
2026-04-03 11:32:14,106 | INFO | SFTrainer | Epoch 140 | total 49.0409 | rec_rna 6.0006 | rec_atac 15.9151 | clip 6.2460 | clip_weight 0.5000 | lr 1.00e-03 | best 49.0409
2026-04-03 11:32:15,326 | INFO | SFTrainer | Epoch 150 | total 48.1176 | rec_rna 5.8670 | rec_atac 15.6869 | clip 6.1910 | clip_weight 0.5000 | lr 1.00e-03 | best 48.1176
2026-04-03 11:32:16,544 | INFO | SFTrainer | Epoch 160 | total 47.2607 | rec_rna 5.7440 | rec_atac 15.4572 | clip 6.1668 | clip_weight 0.5000 | lr 1.00e-03 | best 47.2607
2026-04-03 11:32:17,781 | INFO | SFTrainer | Epoch 170 | total 46.4539 | rec_rna 5.6216 | rec_atac 15.2832 | clip 6.1252 | clip_weight 0.5000 | lr 1.00e-03 | best 46.4539
2026-04-03 11:32:18,993 | INFO | SFTrainer | Epoch 180 | total 45.5946 | rec_rna 5.5035 | rec_atac 15.0246 | clip 6.1050 | clip_weight 0.5000 | lr 1.00e-03 | best 45.5946
2026-04-03 11:32:20,178 | INFO | SFTrainer | Epoch 190 | total 44.8485 | rec_rna 5.3936 | rec_atac 14.8416 | clip 6.0774 | clip_weight 0.5000 | lr 1.00e-03 | best 44.8485
2026-04-03 11:32:21,396 | INFO | SFTrainer | Epoch 200 | total 44.0395 | rec_rna 5.2750 | rec_atac 14.6470 | clip 6.0347 | clip_weight 0.5000 | lr 1.00e-03 | best 44.0395
2026-04-03 11:32:22,613 | INFO | SFTrainer | Epoch 210 | total 43.2990 | rec_rna 5.1766 | rec_atac 14.4088 | clip 6.0146 | clip_weight 0.5000 | lr 1.00e-03 | best 43.2990
2026-04-03 11:32:23,804 | INFO | SFTrainer | Epoch 220 | total 42.5357 | rec_rna 5.0678 | rec_atac 14.2039 | clip 5.9859 | clip_weight 0.5000 | lr 1.00e-03 | best 42.5357
2026-04-03 11:32:24,981 | INFO | SFTrainer | Epoch 230 | total 41.7720 | rec_rna 4.9641 | rec_atac 13.9758 | clip 5.9513 | clip_weight 0.5000 | lr 1.00e-03 | best 41.7720
2026-04-03 11:32:26,123 | INFO | SFTrainer | Epoch 240 | total 41.1362 | rec_rna 4.8756 | rec_atac 13.7975 | clip 5.9218 | clip_weight 0.5000 | lr 1.00e-03 | best 41.1362
2026-04-03 11:32:27,260 | INFO | SFTrainer | Epoch 250 | total 40.4658 | rec_rna 4.7856 | rec_atac 13.5820 | clip 5.9119 | clip_weight 0.5000 | lr 1.00e-03 | best 40.4658
2026-04-03 11:32:28,464 | INFO | SFTrainer | Epoch 260 | total 39.7776 | rec_rna 4.6991 | rec_atac 13.3434 | clip 5.8771 | clip_weight 0.5000 | lr 1.00e-03 | best 39.7776
2026-04-03 11:32:29,640 | INFO | SFTrainer | Epoch 270 | total 39.1654 | rec_rna 4.6133 | rec_atac 13.1620 | clip 5.8740 | clip_weight 0.5000 | lr 1.00e-03 | best 39.1654
2026-04-03 11:32:30,803 | INFO | SFTrainer | Epoch 280 | total 38.6052 | rec_rna 4.5494 | rec_atac 12.9451 | clip 5.8267 | clip_weight 0.5000 | lr 1.00e-03 | best 38.6052
2026-04-03 11:32:31,973 | INFO | SFTrainer | Epoch 290 | total 38.0417 | rec_rna 4.4811 | rec_atac 12.7320 | clip 5.8088 | clip_weight 0.5000 | lr 1.00e-03 | best 38.0417
2026-04-03 11:32:33,083 | INFO | SFTrainer | Epoch 300 | total 37.4760 | rec_rna 4.4092 | rec_atac 12.5311 | clip 5.7982 | clip_weight 0.5000 | lr 1.00e-03 | best 37.4760
2026-04-03 11:32:34,275 | INFO | SFTrainer | Epoch 310 | total 36.9892 | rec_rna 4.3503 | rec_atac 12.3570 | clip 5.7610 | clip_weight 0.5000 | lr 1.00e-03 | best 36.9750
2026-04-03 11:32:35,499 | INFO | SFTrainer | Epoch 320 | total 36.3879 | rec_rna 4.2748 | rec_atac 12.1369 | clip 5.7541 | clip_weight 0.5000 | lr 1.00e-03 | best 36.3879
2026-04-03 11:32:36,623 | INFO | SFTrainer | Epoch 330 | total 35.8582 | rec_rna 4.2152 | rec_atac 11.9262 | clip 5.7118 | clip_weight 0.5000 | lr 1.00e-03 | best 35.8582
2026-04-03 11:32:37,709 | INFO | SFTrainer | Epoch 340 | total 35.3507 | rec_rna 4.1566 | rec_atac 11.7252 | clip 5.6845 | clip_weight 0.5000 | lr 1.00e-03 | best 35.3507
2026-04-03 11:32:38,914 | INFO | SFTrainer | Epoch 350 | total 34.8623 | rec_rna 4.0974 | rec_atac 11.5425 | clip 5.6656 | clip_weight 0.5000 | lr 1.00e-03 | best 34.8623
2026-04-03 11:32:40,062 | INFO | SFTrainer | Epoch 360 | total 34.5091 | rec_rna 4.0614 | rec_atac 11.3760 | clip 5.6524 | clip_weight 0.5000 | lr 1.00e-03 | best 34.4721
2026-04-03 11:32:41,053 | INFO | SFTrainer | Epoch 370 | total 34.0455 | rec_rna 4.0052 | rec_atac 11.2004 | clip 5.6385 | clip_weight 0.5000 | lr 1.00e-03 | best 34.0455
2026-04-03 11:32:42,108 | INFO | SFTrainer | Epoch 380 | total 33.7097 | rec_rna 3.9749 | rec_atac 11.0276 | clip 5.6154 | clip_weight 0.5000 | lr 1.00e-03 | best 33.6666
2026-04-03 11:32:43,190 | INFO | SFTrainer | Epoch 390 | total 33.3029 | rec_rna 3.9293 | rec_atac 10.8627 | clip 5.5870 | clip_weight 0.5000 | lr 1.00e-03 | best 33.2800
2026-04-03 11:32:44,284 | INFO | SFTrainer | Epoch 400 | total 32.9160 | rec_rna 3.8815 | rec_atac 10.7373 | clip 5.5429 | clip_weight 0.5000 | lr 1.00e-03 | best 32.9120
2026-04-03 11:32:45,418 | INFO | SFTrainer | Epoch 410 | total 32.5152 | rec_rna 3.8413 | rec_atac 10.5535 | clip 5.5102 | clip_weight 0.5000 | lr 1.00e-03 | best 32.5152
2026-04-03 11:32:46,477 | INFO | SFTrainer | Epoch 420 | total 32.0801 | rec_rna 3.7878 | rec_atac 10.3959 | clip 5.4903 | clip_weight 0.5000 | lr 1.00e-03 | best 32.0801
2026-04-03 11:32:47,612 | INFO | SFTrainer | Epoch 430 | total 31.8517 | rec_rna 3.7649 | rec_atac 10.2783 | clip 5.4976 | clip_weight 0.5000 | lr 1.00e-03 | best 31.7604
2026-04-03 11:32:48,607 | INFO | SFTrainer | Epoch 440 | total 31.4646 | rec_rna 3.7193 | rec_atac 10.1434 | clip 5.4499 | clip_weight 0.5000 | lr 1.00e-03 | best 31.4590
2026-04-03 11:32:49,659 | INFO | SFTrainer | Epoch 450 | total 31.1191 | rec_rna 3.6894 | rec_atac 9.9648 | clip 5.4144 | clip_weight 0.5000 | lr 1.00e-03 | best 31.1191
2026-04-03 11:32:50,723 | INFO | SFTrainer | Epoch 460 | total 30.9318 | rec_rna 3.6665 | rec_atac 9.9072 | clip 5.3841 | clip_weight 0.5000 | lr 1.00e-03 | best 30.9318
2026-04-03 11:32:51,776 | INFO | SFTrainer | Epoch 470 | total 30.6310 | rec_rna 3.6343 | rec_atac 9.7713 | clip 5.3762 | clip_weight 0.5000 | lr 1.00e-03 | best 30.6310
2026-04-03 11:32:52,782 | INFO | SFTrainer | Epoch 480 | total 30.3467 | rec_rna 3.6067 | rec_atac 9.6407 | clip 5.3452 | clip_weight 0.5000 | lr 1.00e-03 | best 30.3467
2026-04-03 11:32:53,906 | INFO | SFTrainer | Epoch 490 | total 30.0510 | rec_rna 3.5697 | rec_atac 9.5369 | clip 5.3315 | clip_weight 0.5000 | lr 1.00e-03 | best 30.0510
2026-04-03 11:32:54,961 | INFO | SFTrainer | Epoch 500 | total 29.7828 | rec_rna 3.5442 | rec_atac 9.4141 | clip 5.2950 | clip_weight 0.5000 | lr 1.00e-03 | best 29.7828
2026-04-03 11:32:55,927 | INFO | SFTrainer | Epoch 510 | total 29.6642 | rec_rna 3.5370 | rec_atac 9.3380 | clip 5.2830 | clip_weight 0.5000 | lr 1.00e-03 | best 29.6642
2026-04-03 11:32:56,991 | INFO | SFTrainer | Epoch 520 | total 29.4492 | rec_rna 3.5159 | rec_atac 9.2451 | clip 5.2490 | clip_weight 0.5000 | lr 1.00e-03 | best 29.4267
2026-04-03 11:32:58,027 | INFO | SFTrainer | Epoch 530 | total 29.1886 | rec_rna 3.4858 | rec_atac 9.1471 | clip 5.2254 | clip_weight 0.5000 | lr 1.00e-03 | best 29.1672
2026-04-03 11:32:58,952 | INFO | SFTrainer | Epoch 540 | total 29.0308 | rec_rna 3.4631 | rec_atac 9.1183 | clip 5.1936 | clip_weight 0.5000 | lr 1.00e-03 | best 28.9464
2026-04-03 11:32:59,847 | INFO | SFTrainer | Epoch 550 | total 28.8585 | rec_rna 3.4475 | rec_atac 9.0293 | clip 5.1830 | clip_weight 0.5000 | lr 1.00e-03 | best 28.7229
2026-04-03 11:33:00,895 | INFO | SFTrainer | Epoch 560 | total 28.4865 | rec_rna 3.4085 | rec_atac 8.8808 | clip 5.1267 | clip_weight 0.5000 | lr 1.00e-03 | best 28.4865
2026-04-03 11:33:01,808 | INFO | SFTrainer | Epoch 570 | total 28.4934 | rec_rna 3.4137 | rec_atac 8.8696 | clip 5.1109 | clip_weight 0.5000 | lr 1.00e-03 | best 28.3990
2026-04-03 11:33:02,796 | INFO | SFTrainer | Epoch 580 | total 28.2153 | rec_rna 3.3813 | rec_atac 8.7657 | clip 5.0864 | clip_weight 0.5000 | lr 1.00e-03 | best 28.1602
2026-04-03 11:33:03,806 | INFO | SFTrainer | Epoch 590 | total 27.9769 | rec_rna 3.3536 | rec_atac 8.6871 | clip 5.0431 | clip_weight 0.5000 | lr 1.00e-03 | best 27.9769
2026-04-03 11:33:04,709 | INFO | SFTrainer | Epoch 600 | total 27.8511 | rec_rna 3.3417 | rec_atac 8.6133 | clip 5.0584 | clip_weight 0.5000 | lr 1.00e-03 | best 27.8332
2026-04-03 11:33:05,724 | INFO | SFTrainer | Epoch 610 | total 27.6541 | rec_rna 3.3229 | rec_atac 8.5431 | clip 4.9934 | clip_weight 0.5000 | lr 1.00e-03 | best 27.6257
2026-04-03 11:33:06,737 | INFO | SFTrainer | Epoch 620 | total 27.5166 | rec_rna 3.3085 | rec_atac 8.4925 | clip 4.9635 | clip_weight 0.5000 | lr 1.00e-03 | best 27.5166
2026-04-03 11:33:07,766 | INFO | SFTrainer | Epoch 630 | total 27.3680 | rec_rna 3.2968 | rec_atac 8.4129 | clip 4.9419 | clip_weight 0.5000 | lr 1.00e-03 | best 27.3680
2026-04-03 11:33:08,767 | INFO | SFTrainer | Epoch 640 | total 27.2446 | rec_rna 3.2849 | rec_atac 8.3679 | clip 4.9038 | clip_weight 0.5000 | lr 1.00e-03 | best 27.1867
2026-04-03 11:33:09,747 | INFO | SFTrainer | Epoch 650 | total 27.0083 | rec_rna 3.2560 | rec_atac 8.2877 | clip 4.8815 | clip_weight 0.5000 | lr 1.00e-03 | best 27.0083
2026-04-03 11:33:10,723 | INFO | SFTrainer | Epoch 660 | total 26.9581 | rec_rna 3.2508 | rec_atac 8.2833 | clip 4.8419 | clip_weight 0.5000 | lr 1.00e-03 | best 26.8970
2026-04-03 11:33:11,665 | INFO | SFTrainer | Epoch 670 | total 26.8732 | rec_rna 3.2381 | rec_atac 8.2576 | clip 4.8498 | clip_weight 0.5000 | lr 1.00e-03 | best 26.8236
2026-04-03 11:33:12,617 | INFO | SFTrainer | Epoch 680 | total 26.6420 | rec_rna 3.2178 | rec_atac 8.1565 | clip 4.7927 | clip_weight 0.5000 | lr 1.00e-03 | best 26.6396
2026-04-03 11:33:13,580 | INFO | SFTrainer | Epoch 690 | total 26.4849 | rec_rna 3.2001 | rec_atac 8.1024 | clip 4.7645 | clip_weight 0.5000 | lr 1.00e-03 | best 26.4849
2026-04-03 11:33:14,418 | INFO | SFTrainer | Epoch 700 | total 26.4964 | rec_rna 3.1982 | rec_atac 8.1304 | clip 4.7498 | clip_weight 0.5000 | lr 1.00e-03 | best 26.4139
2026-04-03 11:33:15,423 | INFO | SFTrainer | Epoch 710 | total 26.3318 | rec_rna 3.1855 | rec_atac 8.0464 | clip 4.7155 | clip_weight 0.5000 | lr 1.00e-03 | best 26.2871
2026-04-03 11:33:16,455 | INFO | SFTrainer | Epoch 720 | total 26.1120 | rec_rna 3.1594 | rec_atac 7.9761 | clip 4.6781 | clip_weight 0.5000 | lr 1.00e-03 | best 26.1120
2026-04-03 11:33:17,369 | INFO | SFTrainer | Epoch 730 | total 26.0711 | rec_rna 3.1572 | rec_atac 7.9550 | clip 4.6599 | clip_weight 0.5000 | lr 1.00e-03 | best 25.9625
2026-04-03 11:33:18,278 | INFO | SFTrainer | Epoch 740 | total 25.8843 | rec_rna 3.1391 | rec_atac 7.8752 | clip 4.6273 | clip_weight 0.5000 | lr 1.00e-03 | best 25.8843
2026-04-03 11:33:19,153 | INFO | SFTrainer | Epoch 750 | total 25.9185 | rec_rna 3.1470 | rec_atac 7.8812 | clip 4.6047 | clip_weight 0.5000 | lr 1.00e-03 | best 25.7432
2026-04-03 11:33:20,080 | INFO | SFTrainer | Epoch 760 | total 25.7134 | rec_rna 3.1196 | rec_atac 7.8241 | clip 4.5826 | clip_weight 0.5000 | lr 1.00e-03 | best 25.7134
2026-04-03 11:33:21,028 | INFO | SFTrainer | Epoch 770 | total 25.5803 | rec_rna 3.1047 | rec_atac 7.7849 | clip 4.5436 | clip_weight 0.5000 | lr 1.00e-03 | best 25.5479
2026-04-03 11:33:21,912 | INFO | SFTrainer | Epoch 780 | total 25.5237 | rec_rna 3.0988 | rec_atac 7.7777 | clip 4.5037 | clip_weight 0.5000 | lr 1.00e-03 | best 25.5237
2026-04-03 11:33:22,819 | INFO | SFTrainer | Epoch 790 | total 25.3984 | rec_rna 3.0922 | rec_atac 7.6924 | clip 4.4899 | clip_weight 0.5000 | lr 1.00e-03 | best 25.3984
2026-04-03 11:33:23,821 | INFO | SFTrainer | Epoch 800 | total 25.2714 | rec_rna 3.0732 | rec_atac 7.6859 | clip 4.4395 | clip_weight 0.5000 | lr 1.00e-03 | best 25.2714
2026-04-03 11:33:24,749 | INFO | SFTrainer | Epoch 810 | total 25.2363 | rec_rna 3.0775 | rec_atac 7.6391 | clip 4.4195 | clip_weight 0.5000 | lr 1.00e-03 | best 25.2363
2026-04-03 11:33:25,682 | INFO | SFTrainer | Epoch 820 | total 25.1730 | rec_rna 3.0657 | rec_atac 7.6465 | clip 4.3963 | clip_weight 0.5000 | lr 1.00e-03 | best 25.1091
2026-04-03 11:33:26,590 | INFO | SFTrainer | Epoch 830 | total 25.0726 | rec_rna 3.0630 | rec_atac 7.5760 | clip 4.3635 | clip_weight 0.5000 | lr 1.00e-03 | best 25.0630
2026-04-03 11:33:27,462 | INFO | SFTrainer | Epoch 840 | total 25.0300 | rec_rna 3.0560 | rec_atac 7.5857 | clip 4.3292 | clip_weight 0.5000 | lr 1.00e-03 | best 24.9480
2026-04-03 11:33:28,380 | INFO | SFTrainer | Epoch 850 | total 24.9119 | rec_rna 3.0425 | rec_atac 7.5459 | clip 4.3071 | clip_weight 0.5000 | lr 1.00e-03 | best 24.8636
2026-04-03 11:33:29,328 | INFO | SFTrainer | Epoch 860 | total 24.8174 | rec_rna 3.0363 | rec_atac 7.5039 | clip 4.2638 | clip_weight 0.5000 | lr 1.00e-03 | best 24.8174
2026-04-03 11:33:30,388 | INFO | SFTrainer | Epoch 870 | total 24.7959 | rec_rna 3.0368 | rec_atac 7.4926 | clip 4.2386 | clip_weight 0.5000 | lr 1.00e-03 | best 24.7239
2026-04-03 11:33:31,389 | INFO | SFTrainer | Epoch 880 | total 24.7611 | rec_rna 3.0351 | rec_atac 7.4673 | clip 4.2362 | clip_weight 0.5000 | lr 1.00e-03 | best 24.5897
2026-04-03 11:33:32,269 | INFO | SFTrainer | Epoch 890 | total 24.5383 | rec_rna 3.0096 | rec_atac 7.4097 | clip 4.1611 | clip_weight 0.5000 | lr 1.00e-03 | best 24.5383
2026-04-03 11:33:33,424 | INFO | SFTrainer | Epoch 900 | total 24.4140 | rec_rna 2.9966 | rec_atac 7.3722 | clip 4.1172 | clip_weight 0.5000 | lr 1.00e-03 | best 24.4140
2026-04-03 11:33:34,354 | INFO | SFTrainer | Epoch 910 | total 24.4092 | rec_rna 2.9979 | rec_atac 7.3719 | clip 4.0959 | clip_weight 0.5000 | lr 1.00e-03 | best 24.3359
2026-04-03 11:33:35,260 | INFO | SFTrainer | Epoch 920 | total 24.2388 | rec_rna 2.9726 | rec_atac 7.3425 | clip 4.0668 | clip_weight 0.5000 | lr 1.00e-03 | best 24.2314
2026-04-03 11:33:36,078 | INFO | SFTrainer | Epoch 930 | total 24.2229 | rec_rna 2.9756 | rec_atac 7.3339 | clip 4.0215 | clip_weight 0.5000 | lr 1.00e-03 | best 24.2116
2026-04-03 11:33:36,945 | INFO | SFTrainer | Epoch 940 | total 24.1752 | rec_rna 2.9661 | rec_atac 7.3390 | clip 4.0118 | clip_weight 0.5000 | lr 1.00e-03 | best 24.1549
2026-04-03 11:33:37,945 | INFO | SFTrainer | Epoch 950 | total 24.0239 | rec_rna 2.9583 | rec_atac 7.2618 | clip 3.9413 | clip_weight 0.5000 | lr 1.00e-03 | best 24.0239
2026-04-03 11:33:38,767 | INFO | SFTrainer | Epoch 960 | total 24.0654 | rec_rna 2.9680 | rec_atac 7.2733 | clip 3.9045 | clip_weight 0.5000 | lr 1.00e-03 | best 24.0239
2026-04-03 11:33:39,753 | INFO | SFTrainer | Epoch 970 | total 23.9361 | rec_rna 2.9480 | rec_atac 7.2342 | clip 3.9235 | clip_weight 0.5000 | lr 1.00e-03 | best 23.9361
2026-04-03 11:33:40,577 | INFO | SFTrainer | Epoch 980 | total 23.9405 | rec_rna 2.9588 | rec_atac 7.2117 | clip 3.8698 | clip_weight 0.5000 | lr 1.00e-03 | best 23.8319
2026-04-03 11:33:41,518 | INFO | SFTrainer | Epoch 990 | total 23.8333 | rec_rna 2.9493 | rec_atac 7.1595 | clip 3.8548 | clip_weight 0.5000 | lr 1.00e-03 | best 23.7485
2026-04-03 11:33:42,408 | INFO | SFTrainer | Epoch 1000 | total 23.7002 | rec_rna 2.9283 | rec_atac 7.1614 | clip 3.7947 | clip_weight 0.5000 | lr 1.00e-03 | best 23.7002
2026-04-03 11:33:43,349 | INFO | SFTrainer | Epoch 1010 | total 23.6140 | rec_rna 2.9223 | rec_atac 7.1229 | clip 3.7588 | clip_weight 0.5000 | lr 1.00e-03 | best 23.6140
2026-04-03 11:33:44,275 | INFO | SFTrainer | Epoch 1020 | total 23.6452 | rec_rna 2.9260 | rec_atac 7.1475 | clip 3.7354 | clip_weight 0.5000 | lr 1.00e-03 | best 23.5809
2026-04-03 11:33:45,177 | INFO | SFTrainer | Epoch 1030 | total 23.4890 | rec_rna 2.9105 | rec_atac 7.0979 | clip 3.6776 | clip_weight 0.5000 | lr 1.00e-03 | best 23.4890
2026-04-03 11:33:46,016 | INFO | SFTrainer | Epoch 1040 | total 23.5246 | rec_rna 2.9153 | rec_atac 7.1237 | clip 3.6492 | clip_weight 0.5000 | lr 1.00e-03 | best 23.3626
2026-04-03 11:33:46,832 | INFO | SFTrainer | Epoch 1050 | total 23.3053 | rec_rna 2.8875 | rec_atac 7.0786 | clip 3.5783 | clip_weight 0.5000 | lr 1.00e-03 | best 23.3053
2026-04-03 11:33:47,660 | INFO | SFTrainer | Epoch 1060 | total 23.3596 | rec_rna 2.8946 | rec_atac 7.0969 | clip 3.5798 | clip_weight 0.5000 | lr 1.00e-03 | best 23.3053
2026-04-03 11:33:48,534 | INFO | SFTrainer | Epoch 1070 | total 23.3755 | rec_rna 2.9050 | rec_atac 7.0717 | clip 3.5578 | clip_weight 0.5000 | lr 1.00e-03 | best 23.2668
2026-04-03 11:33:49,539 | INFO | SFTrainer | Epoch 1080 | total 23.2247 | rec_rna 2.8937 | rec_atac 7.0229 | clip 3.4664 | clip_weight 0.5000 | lr 1.00e-03 | best 23.2247
2026-04-03 11:33:50,503 | INFO | SFTrainer | Epoch 1090 | total 23.1271 | rec_rna 2.8759 | rec_atac 7.0292 | clip 3.4364 | clip_weight 0.5000 | lr 1.00e-03 | best 23.0955
2026-04-03 11:33:51,403 | INFO | SFTrainer | Epoch 1100 | total 23.1410 | rec_rna 2.8850 | rec_atac 7.0016 | clip 3.4284 | clip_weight 0.5000 | lr 1.00e-03 | best 23.0851
2026-04-03 11:33:52,275 | INFO | SFTrainer | Epoch 1110 | total 23.1148 | rec_rna 2.8854 | rec_atac 6.9929 | clip 3.3900 | clip_weight 0.5000 | lr 1.00e-03 | best 23.0337
2026-04-03 11:33:53,264 | INFO | SFTrainer | Epoch 1120 | total 23.0195 | rec_rna 2.8727 | rec_atac 6.9770 | clip 3.3585 | clip_weight 0.5000 | lr 1.00e-03 | best 22.9195
2026-04-03 11:33:54,073 | INFO | SFTrainer | Epoch 1130 | total 22.9853 | rec_rna 2.8782 | rec_atac 6.9352 | clip 3.3183 | clip_weight 0.5000 | lr 1.00e-03 | best 22.9195
2026-04-03 11:33:55,091 | INFO | SFTrainer | Epoch 1140 | total 22.8527 | rec_rna 2.8582 | rec_atac 6.9247 | clip 3.2737 | clip_weight 0.5000 | lr 1.00e-03 | best 22.8527
2026-04-03 11:33:56,010 | INFO | SFTrainer | Epoch 1150 | total 22.7851 | rec_rna 2.8508 | rec_atac 6.9162 | clip 3.2300 | clip_weight 0.5000 | lr 1.00e-03 | best 22.7851
2026-04-03 11:33:57,017 | INFO | SFTrainer | Epoch 1160 | total 22.7444 | rec_rna 2.8465 | rec_atac 6.9165 | clip 3.1910 | clip_weight 0.5000 | lr 1.00e-03 | best 22.6782
2026-04-03 11:33:57,853 | INFO | SFTrainer | Epoch 1170 | total 22.7142 | rec_rna 2.8413 | rec_atac 6.9162 | clip 3.1832 | clip_weight 0.5000 | lr 1.00e-03 | best 22.6729
2026-04-03 11:33:58,678 | INFO | SFTrainer | Epoch 1180 | total 22.7146 | rec_rna 2.8527 | rec_atac 6.9019 | clip 3.0981 | clip_weight 0.5000 | lr 1.00e-03 | best 22.6680
2026-04-03 11:33:59,549 | INFO | SFTrainer | Epoch 1190 | total 22.6253 | rec_rna 2.8350 | rec_atac 6.9175 | clip 3.0655 | clip_weight 0.5000 | lr 1.00e-03 | best 22.5603
2026-04-03 11:34:00,352 | INFO | SFTrainer | Epoch 1200 | total 22.7725 | rec_rna 2.8598 | rec_atac 6.9426 | clip 3.0615 | clip_weight 0.5000 | lr 1.00e-03 | best 22.5603
2026-04-03 11:34:01,207 | INFO | SFTrainer | Epoch 1210 | total 22.7928 | rec_rna 2.8710 | rec_atac 6.9108 | clip 3.0543 | clip_weight 0.5000 | lr 1.00e-03 | best 22.5603
2026-04-03 11:34:01,979 | INFO | SFTrainer | Epoch 1220 | total 22.6097 | rec_rna 2.8464 | rec_atac 6.8839 | clip 2.9876 | clip_weight 0.5000 | lr 1.00e-03 | best 22.5603
2026-04-03 11:34:02,951 | INFO | SFTrainer | Epoch 1230 | total 22.3902 | rec_rna 2.8219 | rec_atac 6.8279 | clip 2.9059 | clip_weight 0.5000 | lr 1.00e-03 | best 22.3902
2026-04-03 11:34:03,864 | INFO | SFTrainer | Epoch 1240 | total 22.3503 | rec_rna 2.8248 | rec_atac 6.7829 | clip 2.8874 | clip_weight 0.5000 | lr 1.00e-03 | best 22.3298
2026-04-03 11:34:04,726 | INFO | SFTrainer | Epoch 1250 | total 22.3705 | rec_rna 2.8216 | rec_atac 6.8345 | clip 2.8559 | clip_weight 0.5000 | lr 1.00e-03 | best 22.1833
2026-04-03 11:34:05,557 | INFO | SFTrainer | Epoch 1260 | total 22.2293 | rec_rna 2.8035 | rec_atac 6.8243 | clip 2.7749 | clip_weight 0.5000 | lr 1.00e-03 | best 22.1833
2026-04-03 11:34:06,367 | INFO | SFTrainer | Epoch 1270 | total 22.2323 | rec_rna 2.8118 | rec_atac 6.8007 | clip 2.7456 | clip_weight 0.5000 | lr 1.00e-03 | best 22.1833
2026-04-03 11:34:07,249 | INFO | SFTrainer | Epoch 1280 | total 22.1981 | rec_rna 2.8105 | rec_atac 6.8008 | clip 2.6892 | clip_weight 0.5000 | lr 1.00e-03 | best 22.1255
2026-04-03 11:34:08,113 | INFO | SFTrainer | Epoch 1290 | total 22.1317 | rec_rna 2.8101 | rec_atac 6.7669 | clip 2.6282 | clip_weight 0.5000 | lr 1.00e-03 | best 22.0242
2026-04-03 11:34:08,981 | INFO | SFTrainer | Epoch 1300 | total 22.0640 | rec_rna 2.8002 | rec_atac 6.7679 | clip 2.5905 | clip_weight 0.5000 | lr 1.00e-03 | best 22.0196
2026-04-03 11:34:09,885 | INFO | SFTrainer | Epoch 1310 | total 21.9801 | rec_rna 2.7920 | rec_atac 6.7409 | clip 2.5581 | clip_weight 0.5000 | lr 1.00e-03 | best 21.9744
2026-04-03 11:34:10,750 | INFO | SFTrainer | Epoch 1320 | total 22.0455 | rec_rna 2.8012 | rec_atac 6.7630 | clip 2.5528 | clip_weight 0.5000 | lr 1.00e-03 | best 21.9151
2026-04-03 11:34:11,566 | INFO | SFTrainer | Epoch 1330 | total 21.8993 | rec_rna 2.7941 | rec_atac 6.6986 | clip 2.4609 | clip_weight 0.5000 | lr 1.00e-03 | best 21.8801
2026-04-03 11:34:12,440 | INFO | SFTrainer | Epoch 1340 | total 21.7829 | rec_rna 2.7702 | rec_atac 6.7247 | clip 2.4147 | clip_weight 0.5000 | lr 1.00e-03 | best 21.7812
2026-04-03 11:34:13,266 | INFO | SFTrainer | Epoch 1350 | total 21.7082 | rec_rna 2.7684 | rec_atac 6.6913 | clip 2.3502 | clip_weight 0.5000 | lr 1.00e-03 | best 21.7082
2026-04-03 11:34:14,102 | INFO | SFTrainer | Epoch 1360 | total 21.7997 | rec_rna 2.7951 | rec_atac 6.6685 | clip 2.3117 | clip_weight 0.5000 | lr 1.00e-03 | best 21.7031
2026-04-03 11:34:14,985 | INFO | SFTrainer | Epoch 1370 | total 21.6531 | rec_rna 2.7701 | rec_atac 6.6806 | clip 2.2441 | clip_weight 0.5000 | lr 1.00e-03 | best 21.6531
2026-04-03 11:34:15,859 | INFO | SFTrainer | Epoch 1380 | total 21.6723 | rec_rna 2.7728 | rec_atac 6.6892 | clip 2.2387 | clip_weight 0.5000 | lr 1.00e-03 | best 21.6081
2026-04-03 11:34:16,676 | INFO | SFTrainer | Epoch 1390 | total 21.6453 | rec_rna 2.7742 | rec_atac 6.6860 | clip 2.1766 | clip_weight 0.5000 | lr 1.00e-03 | best 21.5490
2026-04-03 11:34:17,481 | INFO | SFTrainer | Epoch 1400 | total 21.5438 | rec_rna 2.7624 | rec_atac 6.6716 | clip 2.1208 | clip_weight 0.5000 | lr 1.00e-03 | best 21.5424
2026-04-03 11:34:18,303 | INFO | SFTrainer | Epoch 1410 | total 21.5235 | rec_rna 2.7640 | rec_atac 6.6446 | clip 2.1178 | clip_weight 0.5000 | lr 1.00e-03 | best 21.4280
2026-04-03 11:34:19,116 | INFO | SFTrainer | Epoch 1420 | total 21.5858 | rec_rna 2.7739 | rec_atac 6.6790 | clip 2.0750 | clip_weight 0.5000 | lr 1.00e-03 | best 21.3942
2026-04-03 11:34:19,987 | INFO | SFTrainer | Epoch 1430 | total 21.4175 | rec_rna 2.7524 | rec_atac 6.6269 | clip 2.0567 | clip_weight 0.5000 | lr 1.00e-03 | best 21.3731
2026-04-03 11:34:20,797 | INFO | SFTrainer | Epoch 1440 | total 21.3780 | rec_rna 2.7498 | rec_atac 6.6547 | clip 1.9483 | clip_weight 0.5000 | lr 1.00e-03 | best 21.3504
2026-04-03 11:34:21,711 | INFO | SFTrainer | Epoch 1450 | total 21.2862 | rec_rna 2.7450 | rec_atac 6.5946 | clip 1.9335 | clip_weight 0.5000 | lr 1.00e-03 | best 21.2862
2026-04-03 11:34:22,577 | INFO | SFTrainer | Epoch 1460 | total 21.2547 | rec_rna 2.7326 | rec_atac 6.6402 | clip 1.9027 | clip_weight 0.5000 | lr 1.00e-03 | best 21.2111
2026-04-03 11:34:23,394 | INFO | SFTrainer | Epoch 1470 | total 21.2276 | rec_rna 2.7392 | rec_atac 6.6022 | clip 1.8592 | clip_weight 0.5000 | lr 1.00e-03 | best 21.2092
2026-04-03 11:34:24,297 | INFO | SFTrainer | Epoch 1480 | total 21.2560 | rec_rna 2.7468 | rec_atac 6.6111 | clip 1.8222 | clip_weight 0.5000 | lr 1.00e-03 | best 21.1527
2026-04-03 11:34:25,149 | INFO | SFTrainer | Epoch 1490 | total 21.1493 | rec_rna 2.7363 | rec_atac 6.5944 | clip 1.7472 | clip_weight 0.5000 | lr 1.00e-03 | best 21.0801
2026-04-03 11:34:25,967 | INFO | SFTrainer | Epoch 1500 | total 21.1722 | rec_rna 2.7429 | rec_atac 6.5939 | clip 1.7272 | clip_weight 0.5000 | lr 1.00e-03 | best 21.0379
2026-04-03 11:34:26,836 | INFO | SFTrainer | Epoch 1510 | total 20.9941 | rec_rna 2.7198 | rec_atac 6.5488 | clip 1.6926 | clip_weight 0.5000 | lr 1.00e-03 | best 20.9941
2026-04-03 11:34:27,687 | INFO | SFTrainer | Epoch 1520 | total 21.0604 | rec_rna 2.7335 | rec_atac 6.5704 | clip 1.6448 | clip_weight 0.5000 | lr 1.00e-03 | best 20.9743
2026-04-03 11:34:28,459 | INFO | SFTrainer | Epoch 1530 | total 21.0176 | rec_rna 2.7312 | rec_atac 6.5344 | clip 1.6541 | clip_weight 0.5000 | lr 1.00e-03 | best 20.9743
2026-04-03 11:34:29,266 | INFO | SFTrainer | Epoch 1540 | total 20.9426 | rec_rna 2.7221 | rec_atac 6.5582 | clip 1.5476 | clip_weight 0.5000 | lr 1.00e-03 | best 20.9344
2026-04-03 11:34:30,120 | INFO | SFTrainer | Epoch 1550 | total 20.8596 | rec_rna 2.7103 | rec_atac 6.5434 | clip 1.5293 | clip_weight 0.5000 | lr 1.00e-03 | best 20.8596
2026-04-03 11:34:30,967 | INFO | SFTrainer | Epoch 1560 | total 20.9406 | rec_rna 2.7209 | rec_atac 6.5727 | clip 1.5272 | clip_weight 0.5000 | lr 1.00e-03 | best 20.7953
2026-04-03 11:34:31,740 | INFO | SFTrainer | Epoch 1570 | total 20.8262 | rec_rna 2.7140 | rec_atac 6.5363 | clip 1.4395 | clip_weight 0.5000 | lr 1.00e-03 | best 20.7953
2026-04-03 11:34:32,606 | INFO | SFTrainer | Epoch 1580 | total 20.7695 | rec_rna 2.7098 | rec_atac 6.5019 | clip 1.4376 | clip_weight 0.5000 | lr 1.00e-03 | best 20.7695
2026-04-03 11:34:33,493 | INFO | SFTrainer | Epoch 1590 | total 20.7452 | rec_rna 2.7045 | rec_atac 6.5392 | clip 1.3672 | clip_weight 0.5000 | lr 1.00e-03 | best 20.7452
2026-04-03 11:34:34,374 | INFO | SFTrainer | Epoch 1600 | total 20.7098 | rec_rna 2.7057 | rec_atac 6.4787 | clip 1.4049 | clip_weight 0.5000 | lr 1.00e-03 | best 20.6779
2026-04-03 11:34:35,243 | INFO | SFTrainer | Epoch 1610 | total 20.6393 | rec_rna 2.6957 | rec_atac 6.4786 | clip 1.3646 | clip_weight 0.5000 | lr 1.00e-03 | best 20.6393
2026-04-03 11:34:36,047 | INFO | SFTrainer | Epoch 1620 | total 20.6122 | rec_rna 2.6910 | rec_atac 6.4868 | clip 1.3406 | clip_weight 0.5000 | lr 1.00e-03 | best 20.6122
2026-04-03 11:34:36,862 | INFO | SFTrainer | Epoch 1630 | total 20.6342 | rec_rna 2.7012 | rec_atac 6.4714 | clip 1.3133 | clip_weight 0.5000 | lr 1.00e-03 | best 20.5931
2026-04-03 11:34:37,678 | INFO | SFTrainer | Epoch 1640 | total 20.6863 | rec_rna 2.7127 | rec_atac 6.4731 | clip 1.2999 | clip_weight 0.5000 | lr 1.00e-03 | best 20.5912
2026-04-03 11:34:38,485 | INFO | SFTrainer | Epoch 1650 | total 20.5944 | rec_rna 2.7009 | rec_atac 6.4571 | clip 1.2654 | clip_weight 0.5000 | lr 1.00e-03 | best 20.5347
2026-04-03 11:34:39,321 | INFO | SFTrainer | Epoch 1660 | total 20.5306 | rec_rna 2.6946 | rec_atac 6.4543 | clip 1.2065 | clip_weight 0.5000 | lr 1.00e-03 | best 20.4902
2026-04-03 11:34:40,245 | INFO | SFTrainer | Epoch 1670 | total 20.5134 | rec_rna 2.6906 | rec_atac 6.4713 | clip 1.1785 | clip_weight 0.5000 | lr 1.00e-03 | best 20.4437
2026-04-03 11:34:41,030 | INFO | SFTrainer | Epoch 1680 | total 20.4899 | rec_rna 2.6959 | rec_atac 6.4296 | clip 1.1619 | clip_weight 0.5000 | lr 1.00e-03 | best 20.4437
2026-04-03 11:34:41,885 | INFO | SFTrainer | Epoch 1690 | total 20.5853 | rec_rna 2.7048 | rec_atac 6.4885 | clip 1.1456 | clip_weight 0.5000 | lr 1.00e-03 | best 20.3665
2026-04-03 11:34:42,747 | INFO | SFTrainer | Epoch 1700 | total 20.4477 | rec_rna 2.6912 | rec_atac 6.4282 | clip 1.1270 | clip_weight 0.5000 | lr 1.00e-03 | best 20.3665
2026-04-03 11:34:43,582 | INFO | SFTrainer | Epoch 1710 | total 20.4573 | rec_rna 2.6970 | rec_atac 6.4134 | clip 1.1184 | clip_weight 0.5000 | lr 1.00e-03 | best 20.3660
2026-04-03 11:34:44,408 | INFO | SFTrainer | Epoch 1720 | total 20.4260 | rec_rna 2.6844 | rec_atac 6.4460 | clip 1.1156 | clip_weight 0.5000 | lr 1.00e-03 | best 20.3426
2026-04-03 11:34:45,208 | INFO | SFTrainer | Epoch 1730 | total 20.3673 | rec_rna 2.6869 | rec_atac 6.3989 | clip 1.0673 | clip_weight 0.5000 | lr 1.00e-03 | best 20.2741
2026-04-03 11:34:46,059 | INFO | SFTrainer | Epoch 1740 | total 20.2350 | rec_rna 2.6695 | rec_atac 6.3774 | clip 1.0207 | clip_weight 0.5000 | lr 1.00e-03 | best 20.2350
2026-04-03 11:34:46,821 | INFO | SFTrainer | Epoch 1750 | total 20.3314 | rec_rna 2.6859 | rec_atac 6.3876 | clip 1.0284 | clip_weight 0.5000 | lr 1.00e-03 | best 20.2350
2026-04-03 11:34:47,597 | INFO | SFTrainer | Epoch 1760 | total 20.2599 | rec_rna 2.6716 | rec_atac 6.3969 | clip 1.0096 | clip_weight 0.5000 | lr 1.00e-03 | best 20.2350
2026-04-03 11:34:48,494 | INFO | SFTrainer | Epoch 1770 | total 20.1544 | rec_rna 2.6588 | rec_atac 6.3828 | clip 0.9549 | clip_weight 0.5000 | lr 1.00e-03 | best 20.1544
2026-04-03 11:34:49,259 | INFO | SFTrainer | Epoch 1780 | total 20.2112 | rec_rna 2.6660 | rec_atac 6.3960 | clip 0.9703 | clip_weight 0.5000 | lr 1.00e-03 | best 20.1544
2026-04-03 11:34:50,068 | INFO | SFTrainer | Epoch 1790 | total 20.1990 | rec_rna 2.6718 | rec_atac 6.3797 | clip 0.9206 | clip_weight 0.5000 | lr 1.00e-03 | best 20.1463
2026-04-03 11:34:50,976 | INFO | SFTrainer | Epoch 1800 | total 20.2366 | rec_rna 2.6740 | rec_atac 6.3993 | clip 0.9341 | clip_weight 0.5000 | lr 1.00e-03 | best 20.0793
2026-04-03 11:34:51,815 | INFO | SFTrainer | Epoch 1810 | total 20.0823 | rec_rna 2.6515 | rec_atac 6.3596 | clip 0.9307 | clip_weight 0.5000 | lr 1.00e-03 | best 20.0506
2026-04-03 11:34:52,587 | INFO | SFTrainer | Epoch 1820 | total 20.0960 | rec_rna 2.6553 | rec_atac 6.3502 | clip 0.9391 | clip_weight 0.5000 | lr 1.00e-03 | best 20.0506
2026-04-03 11:34:53,390 | INFO | SFTrainer | Epoch 1830 | total 20.0737 | rec_rna 2.6545 | rec_atac 6.3621 | clip 0.8784 | clip_weight 0.5000 | lr 1.00e-03 | best 20.0118
2026-04-03 11:34:54,194 | INFO | SFTrainer | Epoch 1840 | total 20.0689 | rec_rna 2.6570 | rec_atac 6.3296 | clip 0.9085 | clip_weight 0.5000 | lr 1.00e-03 | best 20.0089
2026-04-03 11:34:55,033 | INFO | SFTrainer | Epoch 1850 | total 19.9772 | rec_rna 2.6512 | rec_atac 6.3042 | clip 0.8341 | clip_weight 0.5000 | lr 1.00e-03 | best 19.9772
2026-04-03 11:34:55,839 | INFO | SFTrainer | Epoch 1860 | total 20.0103 | rec_rna 2.6546 | rec_atac 6.3150 | clip 0.8449 | clip_weight 0.5000 | lr 1.00e-03 | best 19.9772
2026-04-03 11:34:56,763 | INFO | SFTrainer | Epoch 1870 | total 20.0218 | rec_rna 2.6559 | rec_atac 6.3303 | clip 0.8236 | clip_weight 0.5000 | lr 1.00e-03 | best 19.9189
2026-04-03 11:34:57,539 | INFO | SFTrainer | Epoch 1880 | total 19.9712 | rec_rna 2.6445 | rec_atac 6.3395 | clip 0.8187 | clip_weight 0.5000 | lr 1.00e-03 | best 19.9189
2026-04-03 11:34:58,342 | INFO | SFTrainer | Epoch 1890 | total 19.9777 | rec_rna 2.6494 | rec_atac 6.3349 | clip 0.7913 | clip_weight 0.5000 | lr 1.00e-03 | best 19.9189
2026-04-03 11:34:59,212 | INFO | SFTrainer | Epoch 1900 | total 19.9147 | rec_rna 2.6431 | rec_atac 6.3176 | clip 0.7636 | clip_weight 0.5000 | lr 1.00e-03 | best 19.9147
2026-04-03 11:35:00,123 | INFO | SFTrainer | Epoch 1910 | total 20.0019 | rec_rna 2.6551 | rec_atac 6.3318 | clip 0.7897 | clip_weight 0.5000 | lr 1.00e-03 | best 19.8602
2026-04-03 11:35:00,902 | INFO | SFTrainer | Epoch 1920 | total 19.8981 | rec_rna 2.6404 | rec_atac 6.3180 | clip 0.7561 | clip_weight 0.5000 | lr 1.00e-03 | best 19.8602
2026-04-03 11:35:01,784 | INFO | SFTrainer | Epoch 1930 | total 19.8532 | rec_rna 2.6339 | rec_atac 6.3000 | clip 0.7670 | clip_weight 0.5000 | lr 1.00e-03 | best 19.7411
2026-04-03 11:35:02,564 | INFO | SFTrainer | Epoch 1940 | total 19.7915 | rec_rna 2.6294 | rec_atac 6.2871 | clip 0.7146 | clip_weight 0.5000 | lr 1.00e-03 | best 19.7411
2026-04-03 11:35:03,352 | INFO | SFTrainer | Epoch 1950 | total 19.8470 | rec_rna 2.6381 | rec_atac 6.2905 | clip 0.7325 | clip_weight 0.5000 | lr 1.00e-03 | best 19.7411
2026-04-03 11:35:04,150 | INFO | SFTrainer | Epoch 1960 | total 19.7928 | rec_rna 2.6309 | rec_atac 6.2815 | clip 0.7132 | clip_weight 0.5000 | lr 1.00e-03 | best 19.7411
2026-04-03 11:35:05,041 | INFO | SFTrainer | Epoch 1970 | total 19.9372 | rec_rna 2.6482 | rec_atac 6.3515 | clip 0.6896 | clip_weight 0.5000 | lr 1.00e-03 | best 19.7029
2026-04-03 11:35:05,830 | INFO | SFTrainer | Epoch 1980 | total 19.9310 | rec_rna 2.6464 | rec_atac 6.3508 | clip 0.6961 | clip_weight 0.5000 | lr 1.00e-03 | best 19.7029
2026-04-03 11:35:06,601 | INFO | SFTrainer | Epoch 1990 | total 19.7881 | rec_rna 2.6373 | rec_atac 6.2553 | clip 0.6926 | clip_weight 0.5000 | lr 1.00e-03 | best 19.7029
2026-04-03 11:35:07,379 | INFO | SFTrainer | Epoch 2000 | total 19.7615 | rec_rna 2.6247 | rec_atac 6.3064 | clip 0.6634 | clip_weight 0.5000 | lr 1.00e-04 | best 19.7029
2026-04-03 11:35:08,298 | INFO | SFTrainer | Epoch 2010 | total 19.6490 | rec_rna 2.6085 | rec_atac 6.2708 | clip 0.6725 | clip_weight 0.4995 | lr 1.00e-04 | best 19.6307
2026-04-03 11:35:09,285 | INFO | SFTrainer | Epoch 2020 | total 19.4429 | rec_rna 2.5856 | rec_atac 6.1988 | clip 0.6347 | clip_weight 0.4980 | lr 1.00e-04 | best 19.4429
2026-04-03 11:35:10,133 | INFO | SFTrainer | Epoch 2030 | total 19.4948 | rec_rna 2.5917 | rec_atac 6.1969 | clip 0.6849 | clip_weight 0.4956 | lr 1.00e-04 | best 19.4366
2026-04-03 11:35:10,961 | INFO | SFTrainer | Epoch 2040 | total 19.5016 | rec_rna 2.5937 | rec_atac 6.2097 | clip 0.6569 | clip_weight 0.4921 | lr 1.00e-04 | best 19.4144
2026-04-03 11:35:11,842 | INFO | SFTrainer | Epoch 2050 | total 19.4942 | rec_rna 2.5969 | rec_atac 6.1940 | clip 0.6473 | clip_weight 0.4878 | lr 1.00e-04 | best 19.3124
2026-04-03 11:35:12,737 | INFO | SFTrainer | Epoch 2060 | total 19.4010 | rec_rna 2.5813 | rec_atac 6.1829 | clip 0.6457 | clip_weight 0.4824 | lr 1.00e-04 | best 19.2578
2026-04-03 11:35:13,515 | INFO | SFTrainer | Epoch 2070 | total 19.4317 | rec_rna 2.5853 | rec_atac 6.1904 | clip 0.6613 | clip_weight 0.4762 | lr 1.00e-04 | best 19.2578
2026-04-03 11:35:14,302 | INFO | SFTrainer | Epoch 2080 | total 19.4273 | rec_rna 2.5907 | rec_atac 6.1735 | clip 0.6406 | clip_weight 0.4691 | lr 1.00e-04 | best 19.2578
2026-04-03 11:35:15,080 | INFO | SFTrainer | Epoch 2090 | total 19.4455 | rec_rna 2.5814 | rec_atac 6.2167 | clip 0.6986 | clip_weight 0.4611 | lr 1.00e-04 | best 19.2578
2026-04-03 11:35:15,921 | INFO | SFTrainer | Epoch 2100 | total 19.3521 | rec_rna 2.5836 | rec_atac 6.1363 | clip 0.6582 | clip_weight 0.4523 | lr 1.00e-04 | best 19.2504
2026-04-03 11:35:16,718 | INFO | SFTrainer | Epoch 2110 | total 19.2625 | rec_rna 2.5668 | rec_atac 6.1471 | clip 0.6354 | clip_weight 0.4426 | lr 1.00e-04 | best 19.2504
2026-04-03 11:35:17,487 | INFO | SFTrainer | Epoch 2120 | total 19.3427 | rec_rna 2.5791 | rec_atac 6.1654 | clip 0.6520 | clip_weight 0.4322 | lr 1.00e-04 | best 19.2504
2026-04-03 11:35:18,246 | INFO | SFTrainer | Epoch 2130 | total 19.2790 | rec_rna 2.5721 | rec_atac 6.1492 | clip 0.6398 | clip_weight 0.4211 | lr 1.00e-04 | best 19.2504
2026-04-03 11:35:19,141 | INFO | SFTrainer | Epoch 2140 | total 19.3008 | rec_rna 2.5766 | rec_atac 6.1615 | clip 0.6267 | clip_weight 0.4094 | lr 1.00e-04 | best 19.1889
2026-04-03 11:35:19,924 | INFO | SFTrainer | Epoch 2150 | total 19.3405 | rec_rna 2.5852 | rec_atac 6.1639 | clip 0.6308 | clip_weight 0.3969 | lr 1.00e-04 | best 19.1889
2026-04-03 11:35:20,819 | INFO | SFTrainer | Epoch 2160 | total 19.2354 | rec_rna 2.5713 | rec_atac 6.1415 | clip 0.6188 | clip_weight 0.3840 | lr 1.00e-04 | best 19.0984
2026-04-03 11:35:21,619 | INFO | SFTrainer | Epoch 2170 | total 19.2394 | rec_rna 2.5784 | rec_atac 6.1132 | clip 0.6319 | clip_weight 0.3704 | lr 1.00e-04 | best 19.0984
2026-04-03 11:35:22,384 | INFO | SFTrainer | Epoch 2180 | total 19.2628 | rec_rna 2.5743 | rec_atac 6.1621 | clip 0.6426 | clip_weight 0.3564 | lr 1.00e-04 | best 19.0984
2026-04-03 11:35:23,170 | INFO | SFTrainer | Epoch 2190 | total 19.2428 | rec_rna 2.5739 | rec_atac 6.1509 | clip 0.6506 | clip_weight 0.3420 | lr 1.00e-04 | best 19.0984
2026-04-03 11:35:23,986 | INFO | SFTrainer | Epoch 2200 | total 19.0876 | rec_rna 2.5636 | rec_atac 6.0701 | clip 0.6104 | clip_weight 0.3273 | lr 1.00e-04 | best 19.0876
2026-04-03 11:35:24,771 | INFO | SFTrainer | Epoch 2210 | total 19.1653 | rec_rna 2.5689 | rec_atac 6.1218 | clip 0.6383 | clip_weight 0.3122 | lr 1.00e-04 | best 19.0876
2026-04-03 11:35:25,613 | INFO | SFTrainer | Epoch 2220 | total 19.1840 | rec_rna 2.5764 | rec_atac 6.1137 | clip 0.6349 | clip_weight 0.2968 | lr 1.00e-04 | best 19.0687
2026-04-03 11:35:26,421 | INFO | SFTrainer | Epoch 2230 | total 19.1244 | rec_rna 2.5709 | rec_atac 6.0984 | clip 0.6103 | clip_weight 0.2813 | lr 1.00e-04 | best 19.0585
2026-04-03 11:35:27,185 | INFO | SFTrainer | Epoch 2240 | total 19.0776 | rec_rna 2.5639 | rec_atac 6.0936 | clip 0.6196 | clip_weight 0.2657 | lr 1.00e-04 | best 19.0585
2026-04-03 11:35:28,046 | INFO | SFTrainer | Epoch 2250 | total 19.0509 | rec_rna 2.5569 | rec_atac 6.1059 | clip 0.6410 | clip_weight 0.2500 | lr 1.00e-04 | best 19.0509
2026-04-03 11:35:28,922 | INFO | SFTrainer | Epoch 2260 | total 19.0722 | rec_rna 2.5611 | rec_atac 6.1153 | clip 0.6452 | clip_weight 0.2343 | lr 1.00e-04 | best 19.0220
2026-04-03 11:35:29,738 | INFO | SFTrainer | Epoch 2270 | total 19.0832 | rec_rna 2.5653 | rec_atac 6.1088 | clip 0.6763 | clip_weight 0.2187 | lr 1.00e-04 | best 19.0186
2026-04-03 11:35:30,515 | INFO | SFTrainer | Epoch 2280 | total 19.0556 | rec_rna 2.5624 | rec_atac 6.1173 | clip 0.6220 | clip_weight 0.2032 | lr 1.00e-04 | best 19.0186
2026-04-03 11:35:31,323 | INFO | SFTrainer | Epoch 2290 | total 19.1012 | rec_rna 2.5756 | rec_atac 6.0990 | clip 0.6615 | clip_weight 0.1878 | lr 1.00e-04 | best 19.0186
2026-04-03 11:35:32,231 | INFO | SFTrainer | Epoch 2300 | total 19.0821 | rec_rna 2.5645 | rec_atac 6.1516 | clip 0.6246 | clip_weight 0.1727 | lr 1.00e-04 | best 18.9991
2026-04-03 11:35:33,185 | INFO | SFTrainer | Epoch 2310 | total 19.0817 | rec_rna 2.5627 | rec_atac 6.1644 | clip 0.6564 | clip_weight 0.1580 | lr 1.00e-04 | best 18.9789
2026-04-03 11:35:34,005 | INFO | SFTrainer | Epoch 2320 | total 19.0644 | rec_rna 2.5711 | rec_atac 6.1168 | clip 0.6422 | clip_weight 0.1436 | lr 1.00e-04 | best 18.9516
2026-04-03 11:35:34,821 | INFO | SFTrainer | Epoch 2330 | total 19.0223 | rec_rna 2.5624 | rec_atac 6.1231 | clip 0.6716 | clip_weight 0.1296 | lr 1.00e-04 | best 18.9512
2026-04-03 11:35:35,717 | INFO | SFTrainer | Epoch 2340 | total 18.9727 | rec_rna 2.5561 | rec_atac 6.1183 | clip 0.6360 | clip_weight 0.1160 | lr 1.00e-04 | best 18.9282
2026-04-03 11:35:36,497 | INFO | SFTrainer | Epoch 2350 | total 19.0266 | rec_rna 2.5648 | rec_atac 6.1369 | clip 0.6387 | clip_weight 0.1031 | lr 1.00e-04 | best 18.9282
2026-04-03 11:35:37,340 | INFO | SFTrainer | Epoch 2360 | total 18.9581 | rec_rna 2.5562 | rec_atac 6.1163 | clip 0.6724 | clip_weight 0.0906 | lr 1.00e-04 | best 18.8703
2026-04-03 11:35:38,126 | INFO | SFTrainer | Epoch 2370 | total 18.9663 | rec_rna 2.5582 | rec_atac 6.1237 | clip 0.6542 | clip_weight 0.0789 | lr 1.00e-04 | best 18.8703
2026-04-03 11:35:38,957 | INFO | SFTrainer | Epoch 2380 | total 18.9798 | rec_rna 2.5637 | rec_atac 6.1158 | clip 0.6737 | clip_weight 0.0678 | lr 1.00e-04 | best 18.8703
2026-04-03 11:35:39,838 | INFO | SFTrainer | Epoch 2390 | total 18.9665 | rec_rna 2.5613 | rec_atac 6.1225 | clip 0.6553 | clip_weight 0.0574 | lr 1.00e-04 | best 18.8306
2026-04-03 11:35:40,634 | INFO | SFTrainer | Epoch 2400 | total 18.8997 | rec_rna 2.5545 | rec_atac 6.0960 | clip 0.6561 | clip_weight 0.0477 | lr 1.00e-04 | best 18.8306
2026-04-03 11:35:41,488 | INFO | SFTrainer | Epoch 2410 | total 18.8570 | rec_rna 2.5533 | rec_atac 6.0644 | clip 0.6739 | clip_weight 0.0389 | lr 1.00e-04 | best 18.8306
2026-04-03 11:35:42,344 | INFO | SFTrainer | Epoch 2420 | total 18.8776 | rec_rna 2.5522 | rec_atac 6.0978 | clip 0.6055 | clip_weight 0.0309 | lr 1.00e-04 | best 18.8306
2026-04-03 11:35:43,176 | INFO | SFTrainer | Epoch 2430 | total 18.9059 | rec_rna 2.5596 | rec_atac 6.0911 | clip 0.7035 | clip_weight 0.0238 | lr 1.00e-04 | best 18.8105
2026-04-03 11:35:43,969 | INFO | SFTrainer | Epoch 2440 | total 18.9230 | rec_rna 2.5514 | rec_atac 6.1537 | clip 0.6964 | clip_weight 0.0176 | lr 1.00e-04 | best 18.8105
2026-04-03 11:35:44,781 | INFO | SFTrainer | Epoch 2450 | total 18.9047 | rec_rna 2.5639 | rec_atac 6.0769 | clip 0.6835 | clip_weight 0.0122 | lr 1.00e-04 | best 18.8105
2026-04-03 11:35:45,588 | INFO | SFTrainer | Epoch 2460 | total 18.8328 | rec_rna 2.5538 | rec_atac 6.0586 | clip 0.6926 | clip_weight 0.0079 | lr 1.00e-04 | best 18.8105
2026-04-03 11:35:46,430 | INFO | SFTrainer | Epoch 2470 | total 18.9735 | rec_rna 2.5715 | rec_atac 6.1130 | clip 0.7078 | clip_weight 0.0044 | lr 1.00e-04 | best 18.8078
2026-04-03 11:35:47,220 | INFO | SFTrainer | Epoch 2480 | total 18.8767 | rec_rna 2.5558 | rec_atac 6.0963 | clip 0.6902 | clip_weight 0.0020 | lr 1.00e-04 | best 18.8078
2026-04-03 11:35:48,023 | INFO | SFTrainer | Epoch 2490 | total 18.8758 | rec_rna 2.5529 | rec_atac 6.1109 | clip 0.7022 | clip_weight 0.0005 | lr 1.00e-04 | best 18.8078
2026-04-03 11:35:48,928 | INFO | SFTrainer | Epoch 2500 | total 18.8901 | rec_rna 2.5561 | rec_atac 6.1095 | clip 0.0000 | clip_weight 0.0000 | lr 1.00e-04 | best 18.7610
2026-04-03 11:35:49,707 | INFO | SFTrainer | Epoch 2510 | total 18.8722 | rec_rna 2.5547 | rec_atac 6.0989 | clip 0.0000 | clip_weight 0.0000 | lr 1.00e-04 | best 18.7610
2026-04-03 11:35:50,463 | INFO | SFTrainer | Epoch 2520 | total 18.8863 | rec_rna 2.5670 | rec_atac 6.0515 | clip 0.0000 | clip_weight 0.0000 | lr 1.00e-04 | best 18.7610
2026-04-03 11:35:51,231 | INFO | SFTrainer | Epoch 2530 | total 18.8214 | rec_rna 2.5432 | rec_atac 6.1052 | clip 0.0000 | clip_weight 0.0000 | lr 1.00e-04 | best 18.7610
2026-04-03 11:35:52,000 | INFO | SFTrainer | Epoch 2540 | total 18.8312 | rec_rna 2.5472 | rec_atac 6.0950 | clip 0.0000 | clip_weight 0.0000 | lr 1.00e-04 | best 18.7610
2026-04-03 11:35:52,782 | INFO | SFTrainer | Epoch 2550 | total 18.8430 | rec_rna 2.5532 | rec_atac 6.0772 | clip 0.0000 | clip_weight 0.0000 | lr 1.00e-04 | best 18.7610
2026-04-03 11:35:53,547 | INFO | SFTrainer | Epoch 2560 | total 18.9153 | rec_rna 2.5590 | rec_atac 6.1201 | clip 0.0000 | clip_weight 0.0000 | lr 1.00e-04 | best 18.7610
2026-04-03 11:35:54,290 | INFO | SFTrainer | Epoch 2570 | total 18.8726 | rec_rna 2.5571 | rec_atac 6.0870 | clip 0.0000 | clip_weight 0.0000 | lr 1.00e-04 | best 18.7610
2026-04-03 11:35:55,056 | INFO | SFTrainer | Epoch 2580 | total 18.7990 | rec_rna 2.5504 | rec_atac 6.0469 | clip 0.0000 | clip_weight 0.0000 | lr 1.00e-04 | best 18.7610
2026-04-03 11:35:55,806 | INFO | SFTrainer | Epoch 2590 | total 18.7889 | rec_rna 2.5486 | rec_atac 6.0458 | clip 0.0000 | clip_weight 0.0000 | lr 1.00e-04 | best 18.7610
2026-04-03 11:35:56,562 | INFO | SFTrainer | Epoch 2600 | total 18.8191 | rec_rna 2.5484 | rec_atac 6.0771 | clip 0.0000 | clip_weight 0.0000 | lr 1.00e-04 | best 18.7610
2026-04-03 11:35:57,324 | INFO | SFTrainer | Epoch 2610 | total 18.8687 | rec_rna 2.5487 | rec_atac 6.1250 | clip 0.0000 | clip_weight 0.0000 | lr 1.00e-04 | best 18.7610
2026-04-03 11:35:58,146 | INFO | SFTrainer | Epoch 2620 | total 18.7260 | rec_rna 2.5352 | rec_atac 6.0501 | clip 0.0000 | clip_weight 0.0000 | lr 1.00e-04 | best 18.7260
2026-04-03 11:35:58,904 | INFO | SFTrainer | Epoch 2630 | total 18.8214 | rec_rna 2.5467 | rec_atac 6.0878 | clip 0.0000 | clip_weight 0.0000 | lr 1.00e-04 | best 18.7260
2026-04-03 11:35:59,648 | INFO | SFTrainer | Epoch 2640 | total 18.8087 | rec_rna 2.5468 | rec_atac 6.0748 | clip 0.0000 | clip_weight 0.0000 | lr 1.00e-04 | best 18.7260
2026-04-03 11:36:00,396 | INFO | SFTrainer | Epoch 2650 | total 18.8092 | rec_rna 2.5415 | rec_atac 6.1016 | clip 0.0000 | clip_weight 0.0000 | lr 1.00e-04 | best 18.7260
2026-04-03 11:36:01,167 | INFO | SFTrainer | Epoch 2660 | total 18.9379 | rec_rna 2.5682 | rec_atac 6.0968 | clip 0.0000 | clip_weight 0.0000 | lr 1.00e-04 | best 18.7260
2026-04-03 11:36:01,924 | INFO | SFTrainer | Epoch 2670 | total 18.8377 | rec_rna 2.5518 | rec_atac 6.0787 | clip 0.0000 | clip_weight 0.0000 | lr 1.00e-04 | best 18.7260
2026-04-03 11:36:02,771 | INFO | SFTrainer | Epoch 2680 | total 18.8704 | rec_rna 2.5522 | rec_atac 6.1091 | clip 0.0000 | clip_weight 0.0000 | lr 1.00e-04 | best 18.7260
2026-04-03 11:36:03,518 | INFO | SFTrainer | Epoch 2690 | total 18.7936 | rec_rna 2.5463 | rec_atac 6.0621 | clip 0.0000 | clip_weight 0.0000 | lr 1.00e-04 | best 18.7260
2026-04-03 11:36:04,261 | INFO | SFTrainer | Epoch 2700 | total 18.8512 | rec_rna 2.5585 | rec_atac 6.0587 | clip 0.0000 | clip_weight 0.0000 | lr 1.00e-04 | best 18.7260
2026-04-03 11:36:05,026 | INFO | SFTrainer | Epoch 2710 | total 18.7787 | rec_rna 2.5444 | rec_atac 6.0567 | clip 0.0000 | clip_weight 0.0000 | lr 1.00e-04 | best 18.7260
2026-04-03 11:36:05,784 | INFO | SFTrainer | Epoch 2720 | total 18.8391 | rec_rna 2.5468 | rec_atac 6.1049 | clip 0.0000 | clip_weight 0.0000 | lr 1.00e-04 | best 18.7260
2026-04-03 11:36:06,523 | INFO | SFTrainer | Epoch 2730 | total 18.7330 | rec_rna 2.5396 | rec_atac 6.0350 | clip 0.0000 | clip_weight 0.0000 | lr 1.00e-04 | best 18.7260
2026-04-03 11:36:07,265 | INFO | SFTrainer | Epoch 2740 | total 18.8648 | rec_rna 2.5573 | rec_atac 6.0780 | clip 0.0000 | clip_weight 0.0000 | lr 1.00e-04 | best 18.7260
2026-04-03 11:36:08,067 | INFO | SFTrainer | Epoch 2750 | total 18.7113 | rec_rna 2.5267 | rec_atac 6.0778 | clip 0.0000 | clip_weight 0.0000 | lr 1.00e-04 | best 18.7113
2026-04-03 11:36:08,837 | INFO | SFTrainer | Epoch 2760 | total 18.7556 | rec_rna 2.5400 | rec_atac 6.0555 | clip 0.0000 | clip_weight 0.0000 | lr 1.00e-04 | best 18.7113
2026-04-03 11:36:09,584 | INFO | SFTrainer | Epoch 2770 | total 18.7544 | rec_rna 2.5386 | rec_atac 6.0614 | clip 0.0000 | clip_weight 0.0000 | lr 1.00e-04 | best 18.7113
2026-04-03 11:36:10,343 | INFO | SFTrainer | Epoch 2780 | total 18.8375 | rec_rna 2.5527 | rec_atac 6.0742 | clip 0.0000 | clip_weight 0.0000 | lr 1.00e-04 | best 18.7113
2026-04-03 11:36:11,100 | INFO | SFTrainer | Epoch 2790 | total 18.7986 | rec_rna 2.5430 | rec_atac 6.0837 | clip 0.0000 | clip_weight 0.0000 | lr 1.00e-04 | best 18.7113
2026-04-03 11:36:11,889 | INFO | SFTrainer | Epoch 2800 | total 18.6913 | rec_rna 2.5301 | rec_atac 6.0408 | clip 0.0000 | clip_weight 0.0000 | lr 1.00e-04 | best 18.6913
2026-04-03 11:36:12,666 | INFO | SFTrainer | Epoch 2810 | total 18.8561 | rec_rna 2.5530 | rec_atac 6.0910 | clip 0.0000 | clip_weight 0.0000 | lr 1.00e-04 | best 18.6913
2026-04-03 11:36:13,406 | INFO | SFTrainer | Epoch 2820 | total 18.7501 | rec_rna 2.5401 | rec_atac 6.0494 | clip 0.0000 | clip_weight 0.0000 | lr 1.00e-04 | best 18.6913
2026-04-03 11:36:14,144 | INFO | SFTrainer | Epoch 2830 | total 18.8685 | rec_rna 2.5617 | rec_atac 6.0601 | clip 0.0000 | clip_weight 0.0000 | lr 1.00e-04 | best 18.6913
2026-04-03 11:36:14,934 | INFO | SFTrainer | Epoch 2840 | total 18.7209 | rec_rna 2.5357 | rec_atac 6.0425 | clip 0.0000 | clip_weight 0.0000 | lr 1.00e-04 | best 18.6892
2026-04-03 11:36:15,684 | INFO | SFTrainer | Epoch 2850 | total 18.7361 | rec_rna 2.5425 | rec_atac 6.0237 | clip 0.0000 | clip_weight 0.0000 | lr 1.00e-04 | best 18.6892
2026-04-03 11:36:16,451 | INFO | SFTrainer | Epoch 2860 | total 18.8424 | rec_rna 2.5499 | rec_atac 6.0930 | clip 0.0000 | clip_weight 0.0000 | lr 1.00e-04 | best 18.6892
2026-04-03 11:36:17,234 | INFO | SFTrainer | Epoch 2870 | total 18.7298 | rec_rna 2.5275 | rec_atac 6.0925 | clip 0.0000 | clip_weight 0.0000 | lr 1.00e-04 | best 18.6892
2026-04-03 11:36:17,986 | INFO | SFTrainer | Epoch 2880 | total 18.8085 | rec_rna 2.5510 | rec_atac 6.0535 | clip 0.0000 | clip_weight 0.0000 | lr 1.00e-04 | best 18.6892
2026-04-03 11:36:18,719 | INFO | SFTrainer | Epoch 2890 | total 18.7046 | rec_rna 2.5312 | rec_atac 6.0489 | clip 0.0000 | clip_weight 0.0000 | lr 1.00e-04 | best 18.6892
2026-04-03 11:36:19,478 | INFO | SFTrainer | Epoch 2900 | total 18.7982 | rec_rna 2.5423 | rec_atac 6.0865 | clip 0.0000 | clip_weight 0.0000 | lr 1.00e-04 | best 18.6892
2026-04-03 11:36:20,289 | INFO | SFTrainer | Epoch 2910 | total 18.7639 | rec_rna 2.5374 | rec_atac 6.0769 | clip 0.0000 | clip_weight 0.0000 | lr 1.00e-04 | best 18.6794
2026-04-03 11:36:21,078 | INFO | SFTrainer | Epoch 2920 | total 18.6767 | rec_rna 2.5272 | rec_atac 6.0409 | clip 0.0000 | clip_weight 0.0000 | lr 1.00e-04 | best 18.6767
2026-04-03 11:36:21,816 | INFO | SFTrainer | Epoch 2930 | total 18.8465 | rec_rna 2.5455 | rec_atac 6.1189 | clip 0.0000 | clip_weight 0.0000 | lr 1.00e-04 | best 18.6767
2026-04-03 11:36:22,604 | INFO | SFTrainer | Epoch 2940 | total 18.7032 | rec_rna 2.5353 | rec_atac 6.0266 | clip 0.0000 | clip_weight 0.0000 | lr 1.00e-04 | best 18.6666
2026-04-03 11:36:23,352 | INFO | SFTrainer | Epoch 2950 | total 18.7236 | rec_rna 2.5299 | rec_atac 6.0740 | clip 0.0000 | clip_weight 0.0000 | lr 1.00e-04 | best 18.6666
2026-04-03 11:36:24,144 | INFO | SFTrainer | Epoch 2960 | total 18.6939 | rec_rna 2.5292 | rec_atac 6.0479 | clip 0.0000 | clip_weight 0.0000 | lr 1.00e-04 | best 18.6666
2026-04-03 11:36:24,955 | INFO | SFTrainer | Epoch 2970 | total 18.6577 | rec_rna 2.5243 | rec_atac 6.0361 | clip 0.0000 | clip_weight 0.0000 | lr 1.00e-04 | best 18.6577
2026-04-03 11:36:25,717 | INFO | SFTrainer | Epoch 2980 | total 18.6833 | rec_rna 2.5301 | rec_atac 6.0326 | clip 0.0000 | clip_weight 0.0000 | lr 1.00e-04 | best 18.6577
2026-04-03 11:36:26,467 | INFO | SFTrainer | Epoch 2990 | total 18.7746 | rec_rna 2.5428 | rec_atac 6.0604 | clip 0.0000 | clip_weight 0.0000 | lr 1.00e-04 | best 18.6577
2026-04-03 11:36:27,216 | INFO | SFTrainer | Epoch 3000 | total 18.7496 | rec_rna 2.5420 | rec_atac 6.0397 | clip 0.0000 | clip_weight 0.0000 | lr 1.00e-04 | best 18.6577
2026-04-03 11:36:27,238 | INFO | SFTrainer | Training finished. Best loss=18.6577
2026-04-03 11:36:27,239 | INFO | SFTrainer | Training run complete.

========================================================================================
2026-04-03 11:36:40,064 | INFO | SFEvaluate | [Phase 3] Evaluation started.
2026-04-03 11:36:40,064 | INFO | SFEvaluate | Loading processed data...
2026-04-03 11:36:40,301 | INFO | SFEvaluate | Initializing model...
2026-04-03 11:36:40,399 | INFO | SFEvaluate | Loading checkpoint: ckpt_best.pth
2026-04-03 11:36:40,446 | INFO | SFEvaluate | Inference running...
2026-04-03 11:36:41,001 | INFO | SFEvaluate | Latent shape: torch.Size([1949, 128])
2026-04-03 11:37:03,627 | INFO | SFEvaluate | Artifacts: ./results/e15_5_s1/tuning/k8_a0p7/figures/spatial_analysis.pdf | ./results/e15_5_s1/tuning/k8_a0p7/predictions/embedding_joint.h5ad
2026-04-03 11:37:03,627 | INFO | SFEvaluate | Eval metrics | checkpoint=ckpt_best.pth | epoch=BEST (Epoch 3000) | latent_moran=0.4592 | cluster_moran=0.6894
2026-04-03 11:37:03,627 | INFO | SFEvaluate | GT metrics | checkpoint=ckpt_best.pth | epoch=BEST (Epoch 3000) | ARI=0.4347 | NMI=0.6030 | AMI=0.5963 | HOM=0.6634 | n_valid=1949
2026-04-03 11:37:03,627 | INFO | SFEvaluate | Evaluation complete.

========================================================================================
2026-04-03 11:37:16,527 | INFO | SFEvaluateRange | [Range Evaluate] Started. epochs=[1500, 1600, 1700, 1800, 1900, 2000, 2100, 2200, 2300, 2400, 2500, 2600, 2700, 2800, 2900, 3000]
2026-04-03 11:37:16,527 | INFO | SFEvaluateRange | Loading processed data...
2026-04-03 11:37:16,755 | INFO | SFEvaluateRange | Initializing model...
2026-04-03 11:37:16,854 | INFO | SFEvaluateRange | Evaluating epoch 1500 with ckpt_1500.pth
2026-04-03 11:37:40,167 | INFO | SFEvaluateRange | Eval metrics (epoch_1500) | checkpoint=ckpt_1500.pth | epoch=Epoch 1500 | latent_moran=0.4481 | cluster_moran=0.6722
2026-04-03 11:37:40,167 | INFO | SFEvaluateRange | GT metrics (epoch_1500) | checkpoint=ckpt_1500.pth | epoch=Epoch 1500 | ARI=0.4919 | NMI=0.6228 | AMI=0.6165 | HOM=0.6844 | n_valid=1949
2026-04-03 11:37:40,168 | INFO | SFEvaluateRange | Artifacts (epoch_1500): ./results/e15_5_s1/tuning/k8_a0p7/figures/spatial_analysis_epoch_1500.pdf | ./results/e15_5_s1/tuning/k8_a0p7/predictions/embedding_joint_epoch_1500.h5ad
2026-04-03 11:37:40,168 | INFO | SFEvaluateRange | Evaluating epoch 1600 with ckpt_1600.pth
2026-04-03 11:37:53,432 | INFO | SFEvaluateRange | Eval metrics (epoch_1600) | checkpoint=ckpt_1600.pth | epoch=Epoch 1600 | latent_moran=0.4490 | cluster_moran=0.6805
2026-04-03 11:37:53,432 | INFO | SFEvaluateRange | GT metrics (epoch_1600) | checkpoint=ckpt_1600.pth | epoch=Epoch 1600 | ARI=0.4807 | NMI=0.6256 | AMI=0.6194 | HOM=0.6883 | n_valid=1949
2026-04-03 11:37:53,432 | INFO | SFEvaluateRange | Artifacts (epoch_1600): ./results/e15_5_s1/tuning/k8_a0p7/figures/spatial_analysis_epoch_1600.pdf | ./results/e15_5_s1/tuning/k8_a0p7/predictions/embedding_joint_epoch_1600.h5ad
2026-04-03 11:37:53,432 | INFO | SFEvaluateRange | Evaluating epoch 1700 with ckpt_1700.pth
2026-04-03 11:38:07,146 | INFO | SFEvaluateRange | Eval metrics (epoch_1700) | checkpoint=ckpt_1700.pth | epoch=Epoch 1700 | latent_moran=0.4490 | cluster_moran=0.6854
2026-04-03 11:38:07,146 | INFO | SFEvaluateRange | GT metrics (epoch_1700) | checkpoint=ckpt_1700.pth | epoch=Epoch 1700 | ARI=0.4351 | NMI=0.6042 | AMI=0.5976 | HOM=0.6643 | n_valid=1949
2026-04-03 11:38:07,147 | INFO | SFEvaluateRange | Artifacts (epoch_1700): ./results/e15_5_s1/tuning/k8_a0p7/figures/spatial_analysis_epoch_1700.pdf | ./results/e15_5_s1/tuning/k8_a0p7/predictions/embedding_joint_epoch_1700.h5ad
2026-04-03 11:38:07,147 | INFO | SFEvaluateRange | Evaluating epoch 1800 with ckpt_1800.pth
2026-04-03 11:38:20,964 | INFO | SFEvaluateRange | Eval metrics (epoch_1800) | checkpoint=ckpt_1800.pth | epoch=Epoch 1800 | latent_moran=0.4500 | cluster_moran=0.6878
2026-04-03 11:38:20,965 | INFO | SFEvaluateRange | GT metrics (epoch_1800) | checkpoint=ckpt_1800.pth | epoch=Epoch 1800 | ARI=0.4868 | NMI=0.6092 | AMI=0.6026 | HOM=0.6682 | n_valid=1949
2026-04-03 11:38:20,965 | INFO | SFEvaluateRange | Artifacts (epoch_1800): ./results/e15_5_s1/tuning/k8_a0p7/figures/spatial_analysis_epoch_1800.pdf | ./results/e15_5_s1/tuning/k8_a0p7/predictions/embedding_joint_epoch_1800.h5ad
2026-04-03 11:38:20,965 | INFO | SFEvaluateRange | Evaluating epoch 1900 with ckpt_1900.pth
2026-04-03 11:38:33,785 | INFO | SFEvaluateRange | Eval metrics (epoch_1900) | checkpoint=ckpt_1900.pth | epoch=Epoch 1900 | latent_moran=0.4504 | cluster_moran=0.6756
2026-04-03 11:38:33,785 | INFO | SFEvaluateRange | GT metrics (epoch_1900) | checkpoint=ckpt_1900.pth | epoch=Epoch 1900 | ARI=0.4620 | NMI=0.6150 | AMI=0.6085 | HOM=0.6692 | n_valid=1949
2026-04-03 11:38:33,786 | INFO | SFEvaluateRange | Artifacts (epoch_1900): ./results/e15_5_s1/tuning/k8_a0p7/figures/spatial_analysis_epoch_1900.pdf | ./results/e15_5_s1/tuning/k8_a0p7/predictions/embedding_joint_epoch_1900.h5ad
2026-04-03 11:38:33,786 | INFO | SFEvaluateRange | Evaluating epoch 2000 with ckpt_best.pth
2026-04-03 11:38:46,655 | INFO | SFEvaluateRange | Eval metrics (epoch_2000_best) | checkpoint=ckpt_best.pth | epoch=Epoch 2000 (BEST) | latent_moran=0.4592 | cluster_moran=0.6894
2026-04-03 11:38:46,656 | INFO | SFEvaluateRange | GT metrics (epoch_2000_best) | checkpoint=ckpt_best.pth | epoch=Epoch 2000 (BEST) | ARI=0.4347 | NMI=0.6030 | AMI=0.5963 | HOM=0.6634 | n_valid=1949
2026-04-03 11:38:46,656 | INFO | SFEvaluateRange | Artifacts (epoch_2000_best): ./results/e15_5_s1/tuning/k8_a0p7/figures/spatial_analysis_epoch_2000_best.pdf | ./results/e15_5_s1/tuning/k8_a0p7/predictions/embedding_joint_epoch_2000_best.h5ad
2026-04-03 11:38:46,656 | INFO | SFEvaluateRange | Evaluating epoch 2100 with ckpt_2100.pth
2026-04-03 11:39:01,231 | INFO | SFEvaluateRange | Eval metrics (epoch_2100) | checkpoint=ckpt_2100.pth | epoch=Epoch 2100 | latent_moran=0.4529 | cluster_moran=0.6872
2026-04-03 11:39:01,231 | INFO | SFEvaluateRange | GT metrics (epoch_2100) | checkpoint=ckpt_2100.pth | epoch=Epoch 2100 | ARI=0.4565 | NMI=0.6104 | AMI=0.6038 | HOM=0.6669 | n_valid=1949
2026-04-03 11:39:01,232 | INFO | SFEvaluateRange | Artifacts (epoch_2100): ./results/e15_5_s1/tuning/k8_a0p7/figures/spatial_analysis_epoch_2100.pdf | ./results/e15_5_s1/tuning/k8_a0p7/predictions/embedding_joint_epoch_2100.h5ad
2026-04-03 11:39:01,232 | INFO | SFEvaluateRange | Evaluating epoch 2200 with ckpt_2200.pth
2026-04-03 11:39:12,935 | INFO | SFEvaluateRange | Eval metrics (epoch_2200) | checkpoint=ckpt_2200.pth | epoch=Epoch 2200 | latent_moran=0.4544 | cluster_moran=0.7011
2026-04-03 11:39:12,935 | INFO | SFEvaluateRange | GT metrics (epoch_2200) | checkpoint=ckpt_2200.pth | epoch=Epoch 2200 | ARI=0.4605 | NMI=0.6176 | AMI=0.6112 | HOM=0.6768 | n_valid=1949
2026-04-03 11:39:12,936 | INFO | SFEvaluateRange | Artifacts (epoch_2200): ./results/e15_5_s1/tuning/k8_a0p7/figures/spatial_analysis_epoch_2200.pdf | ./results/e15_5_s1/tuning/k8_a0p7/predictions/embedding_joint_epoch_2200.h5ad
2026-04-03 11:39:12,936 | INFO | SFEvaluateRange | Evaluating epoch 2300 with ckpt_2300.pth
2026-04-03 11:39:25,584 | INFO | SFEvaluateRange | Eval metrics (epoch_2300) | checkpoint=ckpt_2300.pth | epoch=Epoch 2300 | latent_moran=0.4551 | cluster_moran=0.6884
2026-04-03 11:39:25,584 | INFO | SFEvaluateRange | GT metrics (epoch_2300) | checkpoint=ckpt_2300.pth | epoch=Epoch 2300 | ARI=0.4738 | NMI=0.6183 | AMI=0.6119 | HOM=0.6805 | n_valid=1949
2026-04-03 11:39:25,585 | INFO | SFEvaluateRange | Artifacts (epoch_2300): ./results/e15_5_s1/tuning/k8_a0p7/figures/spatial_analysis_epoch_2300.pdf | ./results/e15_5_s1/tuning/k8_a0p7/predictions/embedding_joint_epoch_2300.h5ad
2026-04-03 11:39:25,585 | INFO | SFEvaluateRange | Evaluating epoch 2400 with ckpt_2400.pth
2026-04-03 11:39:37,641 | INFO | SFEvaluateRange | Eval metrics (epoch_2400) | checkpoint=ckpt_2400.pth | epoch=Epoch 2400 | latent_moran=0.4557 | cluster_moran=0.6914
2026-04-03 11:39:37,641 | INFO | SFEvaluateRange | GT metrics (epoch_2400) | checkpoint=ckpt_2400.pth | epoch=Epoch 2400 | ARI=0.4641 | NMI=0.6067 | AMI=0.6001 | HOM=0.6673 | n_valid=1949
2026-04-03 11:39:37,641 | INFO | SFEvaluateRange | Artifacts (epoch_2400): ./results/e15_5_s1/tuning/k8_a0p7/figures/spatial_analysis_epoch_2400.pdf | ./results/e15_5_s1/tuning/k8_a0p7/predictions/embedding_joint_epoch_2400.h5ad
2026-04-03 11:39:37,642 | INFO | SFEvaluateRange | Evaluating epoch 2500 with ckpt_2500.pth
2026-04-03 11:39:51,301 | INFO | SFEvaluateRange | Eval metrics (epoch_2500) | checkpoint=ckpt_2500.pth | epoch=Epoch 2500 | latent_moran=0.4568 | cluster_moran=0.6889
2026-04-03 11:39:51,301 | INFO | SFEvaluateRange | GT metrics (epoch_2500) | checkpoint=ckpt_2500.pth | epoch=Epoch 2500 | ARI=0.4360 | NMI=0.6043 | AMI=0.5976 | HOM=0.6648 | n_valid=1949
2026-04-03 11:39:51,302 | INFO | SFEvaluateRange | Artifacts (epoch_2500): ./results/e15_5_s1/tuning/k8_a0p7/figures/spatial_analysis_epoch_2500.pdf | ./results/e15_5_s1/tuning/k8_a0p7/predictions/embedding_joint_epoch_2500.h5ad
2026-04-03 11:39:51,302 | INFO | SFEvaluateRange | Evaluating epoch 2600 with ckpt_2600.pth
2026-04-03 11:40:06,464 | INFO | SFEvaluateRange | Eval metrics (epoch_2600) | checkpoint=ckpt_2600.pth | epoch=Epoch 2600 | latent_moran=0.4570 | cluster_moran=0.6890
2026-04-03 11:40:06,464 | INFO | SFEvaluateRange | GT metrics (epoch_2600) | checkpoint=ckpt_2600.pth | epoch=Epoch 2600 | ARI=0.4367 | NMI=0.6050 | AMI=0.5984 | HOM=0.6654 | n_valid=1949
2026-04-03 11:40:06,464 | INFO | SFEvaluateRange | Artifacts (epoch_2600): ./results/e15_5_s1/tuning/k8_a0p7/figures/spatial_analysis_epoch_2600.pdf | ./results/e15_5_s1/tuning/k8_a0p7/predictions/embedding_joint_epoch_2600.h5ad
2026-04-03 11:40:06,464 | INFO | SFEvaluateRange | Evaluating epoch 2700 with ckpt_2700.pth
2026-04-03 11:40:19,877 | INFO | SFEvaluateRange | Eval metrics (epoch_2700) | checkpoint=ckpt_2700.pth | epoch=Epoch 2700 | latent_moran=0.4579 | cluster_moran=0.6797
2026-04-03 11:40:19,877 | INFO | SFEvaluateRange | GT metrics (epoch_2700) | checkpoint=ckpt_2700.pth | epoch=Epoch 2700 | ARI=0.4213 | NMI=0.5934 | AMI=0.5866 | HOM=0.6504 | n_valid=1949
2026-04-03 11:40:19,877 | INFO | SFEvaluateRange | Artifacts (epoch_2700): ./results/e15_5_s1/tuning/k8_a0p7/figures/spatial_analysis_epoch_2700.pdf | ./results/e15_5_s1/tuning/k8_a0p7/predictions/embedding_joint_epoch_2700.h5ad
2026-04-03 11:40:19,877 | INFO | SFEvaluateRange | Evaluating epoch 2800 with ckpt_2800.pth
2026-04-03 11:40:32,528 | INFO | SFEvaluateRange | Eval metrics (epoch_2800) | checkpoint=ckpt_2800.pth | epoch=Epoch 2800 | latent_moran=0.4585 | cluster_moran=0.7021
2026-04-03 11:40:32,528 | INFO | SFEvaluateRange | GT metrics (epoch_2800) | checkpoint=ckpt_2800.pth | epoch=Epoch 2800 | ARI=0.4500 | NMI=0.6047 | AMI=0.5981 | HOM=0.6618 | n_valid=1949
2026-04-03 11:40:32,529 | INFO | SFEvaluateRange | Artifacts (epoch_2800): ./results/e15_5_s1/tuning/k8_a0p7/figures/spatial_analysis_epoch_2800.pdf | ./results/e15_5_s1/tuning/k8_a0p7/predictions/embedding_joint_epoch_2800.h5ad
2026-04-03 11:40:32,529 | INFO | SFEvaluateRange | Evaluating epoch 2900 with ckpt_2900.pth
2026-04-03 11:40:45,699 | INFO | SFEvaluateRange | Eval metrics (epoch_2900) | checkpoint=ckpt_2900.pth | epoch=Epoch 2900 | latent_moran=0.4587 | cluster_moran=0.6899
2026-04-03 11:40:45,699 | INFO | SFEvaluateRange | GT metrics (epoch_2900) | checkpoint=ckpt_2900.pth | epoch=Epoch 2900 | ARI=0.4688 | NMI=0.6152 | AMI=0.6088 | HOM=0.6772 | n_valid=1949
2026-04-03 11:40:45,700 | INFO | SFEvaluateRange | Artifacts (epoch_2900): ./results/e15_5_s1/tuning/k8_a0p7/figures/spatial_analysis_epoch_2900.pdf | ./results/e15_5_s1/tuning/k8_a0p7/predictions/embedding_joint_epoch_2900.h5ad
2026-04-03 11:40:45,700 | INFO | SFEvaluateRange | Evaluating epoch 3000 with ckpt_3000.pth
2026-04-03 11:40:57,800 | INFO | SFEvaluateRange | Eval metrics (epoch_3000) | checkpoint=ckpt_3000.pth | epoch=Epoch 3000 | latent_moran=0.4596 | cluster_moran=0.6987
2026-04-03 11:40:57,800 | INFO | SFEvaluateRange | GT metrics (epoch_3000) | checkpoint=ckpt_3000.pth | epoch=Epoch 3000 | ARI=0.4304 | NMI=0.6013 | AMI=0.5946 | HOM=0.6604 | n_valid=1949
2026-04-03 11:40:57,801 | INFO | SFEvaluateRange | Artifacts (epoch_3000): ./results/e15_5_s1/tuning/k8_a0p7/figures/spatial_analysis_epoch_3000.pdf | ./results/e15_5_s1/tuning/k8_a0p7/predictions/embedding_joint_epoch_3000.h5ad
2026-04-03 11:40:57,801 | INFO | SFEvaluateRange | Range evaluation complete. Success=16 | Failed/Skipped=0

========================================================================================
